nohup: ignoring input
/home/yons/.conda/envs/geo-aware/lib/python3.9/site-packages/odise/model_zoo/model_zoo.py:20: UserWarning: pkg_resources is deprecated as an API. See https://setuptools.pypa.io/en/latest/pkg_resources.html. The pkg_resources package is slated for removal as early as 2025-11-30. Refrain from using this package or pin to Setuptools<81.
  import pkg_resources
A matching Triton is not available, some optimizations will not be enabled.
Error caught was: No module named 'triton'
/home/yons/.conda/envs/geo-aware/lib/python3.9/site-packages/huggingface_hub/file_download.py:942: FutureWarning: `resume_download` is deprecated and will be removed in version 1.0.0. Downloads always resume when possible. If you want to force a new download, use `force_download=True`.
  warnings.warn(
The checkpoint state_dict contains keys that are not used by the model:
  model_ema.{decay, num_updates}
WARNING:fvcore.common.checkpoint:Keys with prefix are removed from state_dict:
backbone.feature_extractor.,category_head.clip.clip.,clip_head.clip.clip.
WARNING:fvcore.common.checkpoint:Removed 2483 ignored_state_dict keys from missing_keys
WARNING:fvcore.common.checkpoint:Skip loading parameter 'backbone.feature_projections.2.0.shortcut.weight' to the model due to incompatible shapes: (512, 2560, 1, 1) in the checkpoint but (512, 1280, 1, 1) in the model! You might want to double check if this is expected.
WARNING:fvcore.common.checkpoint:Skip loading parameter 'backbone.feature_projections.2.0.conv1.weight' to the model due to incompatible shapes: (128, 2560, 1, 1) in the checkpoint but (128, 1280, 1, 1) in the model! You might want to double check if this is expected.
WARNING:fvcore.common.checkpoint:Skip loading parameter 'backbone.feature_projections.3.0.shortcut.weight' to the model due to incompatible shapes: (512, 1920, 1, 1) in the checkpoint but (512, 1280, 1, 1) in the model! You might want to double check if this is expected.
WARNING:fvcore.common.checkpoint:Skip loading parameter 'backbone.feature_projections.3.0.conv1.weight' to the model due to incompatible shapes: (128, 1920, 1, 1) in the checkpoint but (128, 1280, 1, 1) in the model! You might want to double check if this is expected.
WARNING:fvcore.common.checkpoint:Skip loading parameter 'backbone.feature_projections.4.0.shortcut.weight' to the model due to incompatible shapes: (512, 960, 1, 1) in the checkpoint but (512, 640, 1, 1) in the model! You might want to double check if this is expected.
WARNING:fvcore.common.checkpoint:Skip loading parameter 'backbone.feature_projections.4.0.conv1.weight' to the model due to incompatible shapes: (128, 960, 1, 1) in the checkpoint but (128, 640, 1, 1) in the model! You might want to double check if this is expected.
WARNING:fvcore.common.checkpoint:Skip loading parameter 'backbone.feature_projections.5.0.shortcut.weight' to the model due to incompatible shapes: (512, 640, 1, 1) in the checkpoint but (512, 320, 1, 1) in the model! You might want to double check if this is expected.
WARNING:fvcore.common.checkpoint:Skip loading parameter 'backbone.feature_projections.5.0.conv1.weight' to the model due to incompatible shapes: (128, 640, 1, 1) in the checkpoint but (128, 320, 1, 1) in the model! You might want to double check if this is expected.
WARNING:fvcore.common.checkpoint:Some model parameters or buffers are not found in the checkpoint:
backbone.feature_projections.2.0.conv1.weight
backbone.feature_projections.2.0.shortcut.weight
backbone.feature_projections.3.0.conv1.weight
backbone.feature_projections.3.0.shortcut.weight
backbone.feature_projections.4.0.conv1.weight
backbone.feature_projections.4.0.shortcut.weight
backbone.feature_projections.5.0.conv1.weight
backbone.feature_projections.5.0.shortcut.weight
/home/yons/.cache/torch/hub/facebookresearch_dinov2_main/dinov2/layers/swiglu_ffn.py:43: UserWarning: xFormers is available (SwiGLU)
  warnings.warn("xFormers is available (SwiGLU)")
/home/yons/.cache/torch/hub/facebookresearch_dinov2_main/dinov2/layers/attention.py:27: UserWarning: xFormers is available (Attention)
  warnings.warn("xFormers is available (Attention)")
/home/yons/.cache/torch/hub/facebookresearch_dinov2_main/dinov2/layers/block.py:40: UserWarning: xFormers is not available (Block)
  warnings.warn("xFormers is not available (Block)")
找到 900 张图像

初始化多尺度特征提取器...
[MultiScaleFeatureExtractor] 加载模型...
LatentDiffusion: Running in eps-prediction mode
Setting up MemoryEfficientCrossAttention. Query dim is 320, context_dim is None and using 8 heads.
Setting up MemoryEfficientCrossAttention. Query dim is 320, context_dim is 768 and using 8 heads.
Setting up MemoryEfficientCrossAttention. Query dim is 320, context_dim is None and using 8 heads.
Setting up MemoryEfficientCrossAttention. Query dim is 320, context_dim is 768 and using 8 heads.
Setting up MemoryEfficientCrossAttention. Query dim is 640, context_dim is None and using 8 heads.
Setting up MemoryEfficientCrossAttention. Query dim is 640, context_dim is 768 and using 8 heads.
Setting up MemoryEfficientCrossAttention. Query dim is 640, context_dim is None and using 8 heads.
Setting up MemoryEfficientCrossAttention. Query dim is 640, context_dim is 768 and using 8 heads.
Setting up MemoryEfficientCrossAttention. Query dim is 1280, context_dim is None and using 8 heads.
Setting up MemoryEfficientCrossAttention. Query dim is 1280, context_dim is 768 and using 8 heads.
Setting up MemoryEfficientCrossAttention. Query dim is 1280, context_dim is None and using 8 heads.
Setting up MemoryEfficientCrossAttention. Query dim is 1280, context_dim is 768 and using 8 heads.
Setting up MemoryEfficientCrossAttention. Query dim is 1280, context_dim is None and using 8 heads.
Setting up MemoryEfficientCrossAttention. Query dim is 1280, context_dim is 768 and using 8 heads.
Setting up MemoryEfficientCrossAttention. Query dim is 1280, context_dim is None and using 8 heads.
Setting up MemoryEfficientCrossAttention. Query dim is 1280, context_dim is 768 and using 8 heads.
Setting up MemoryEfficientCrossAttention. Query dim is 1280, context_dim is None and using 8 heads.
Setting up MemoryEfficientCrossAttention. Query dim is 1280, context_dim is 768 and using 8 heads.
Setting up MemoryEfficientCrossAttention. Query dim is 1280, context_dim is None and using 8 heads.
Setting up MemoryEfficientCrossAttention. Query dim is 1280, context_dim is 768 and using 8 heads.
Setting up MemoryEfficientCrossAttention. Query dim is 640, context_dim is None and using 8 heads.
Setting up MemoryEfficientCrossAttention. Query dim is 640, context_dim is 768 and using 8 heads.
Setting up MemoryEfficientCrossAttention. Query dim is 640, context_dim is None and using 8 heads.
Setting up MemoryEfficientCrossAttention. Query dim is 640, context_dim is 768 and using 8 heads.
Setting up MemoryEfficientCrossAttention. Query dim is 640, context_dim is None and using 8 heads.
Setting up MemoryEfficientCrossAttention. Query dim is 640, context_dim is 768 and using 8 heads.
Setting up MemoryEfficientCrossAttention. Query dim is 320, context_dim is None and using 8 heads.
Setting up MemoryEfficientCrossAttention. Query dim is 320, context_dim is 768 and using 8 heads.
Setting up MemoryEfficientCrossAttention. Query dim is 320, context_dim is None and using 8 heads.
Setting up MemoryEfficientCrossAttention. Query dim is 320, context_dim is 768 and using 8 heads.
Setting up MemoryEfficientCrossAttention. Query dim is 320, context_dim is None and using 8 heads.
Setting up MemoryEfficientCrossAttention. Query dim is 320, context_dim is 768 and using 8 heads.
DiffusionWrapper has 859.52 M params.
making attention of type 'vanilla-xformers' with 512 in_channels
building MemoryEfficientAttnBlock with 512 in_channels...
Working with z of shape (1, 4, 32, 32) = 4096 dimensions.
making attention of type 'vanilla-xformers' with 512 in_channels
building MemoryEfficientAttnBlock with 512 in_channels...
  ✓ Stable Diffusion 模型加载完成
  ✓ DINOv2 模型加载完成
[MultiScaleFeatureExtractor] 模型加载完成


开始提取多尺度特征...
提取特征:   0%|          | 0/900 [00:00<?, ?it/s]提取特征:   0%|          | 0/900 [00:03<?, ?it/s]
Traceback (most recent call last):
  File "/home/yons/Projects/ICLPose/scripts/extract_multiscale_features.py", line 195, in <module>
    main()
  File "/home/yons/Projects/ICLPose/scripts/extract_multiscale_features.py", line 166, in main
    visualize_multiscale_pca(
  File "/home/yons/Projects/ICLPose/scripts/extract_multiscale_features.py", line 88, in visualize_multiscale_pca
    axes[idx + 1].imshow(np.clip(pca_up, 0, 1))
IndexError: index 4 is out of bounds for axis 0 with size 4
