=== Multi-seed ensemble training ===
Config: SPP(1,2,4), both+sum, hidden=[1024,512,256], 3000 epochs
Seeds: 42 123 456 789 2024 7777

=== Training seed 42 -> exp14k_seed42 ===
======================================================================
Rotation  (median): 2.23deg
Translation (median): 1545mm

  R@5deg_1m: 26.9%  (rot_pass=86.8%, trans_pass=28.0%)
  R@10deg_2m: 58.8%  (rot_pass=99.5%, trans_pass=58.8%)
  R@15deg_5m: 91.2%  (rot_pass=100.0%, trans_pass=91.2%)
  R@25deg_5m: 91.2%  (rot_pass=100.0%, trans_pass=91.2%)

======================================================================
EVALUATION RESULTS (Retrieval Mode)
======================================================================
Retrieval median: 11.61deg / 2746mm
  R@5deg_1m: 1.6%  (rot=3.8%, trans=16.5%)
  R@10deg_2m: 17.6%  (rot=39.6%, trans=38.5%)
  R@15deg_5m: 50.5%  (rot=64.3%, trans=85.2%)
  R@25deg_5m: 81.3%  (rot=96.2%, trans=85.2%)
======================================================================

Done!

--- Seed 42 done ---

=== Training seed 123 -> exp14k_seed123 ===
======================================================================
Rotation  (median): 2.00deg
Translation (median): 1518mm

  R@5deg_1m: 28.0%  (rot_pass=87.4%, trans_pass=28.6%)
  R@10deg_2m: 62.6%  (rot_pass=99.5%, trans_pass=63.2%)
  R@15deg_5m: 87.4%  (rot_pass=100.0%, trans_pass=87.4%)
  R@25deg_5m: 87.4%  (rot_pass=100.0%, trans_pass=87.4%)

======================================================================
EVALUATION RESULTS (Retrieval Mode)
======================================================================
Retrieval median: 11.87deg / 2813mm
  R@5deg_1m: 2.7%  (rot=4.9%, trans=19.2%)
  R@10deg_2m: 17.6%  (rot=39.6%, trans=41.2%)
  R@15deg_5m: 53.3%  (rot=68.1%, trans=82.4%)
  R@25deg_5m: 79.7%  (rot=95.1%, trans=82.4%)
======================================================================

Done!

--- Seed 123 done ---

=== Training seed 456 -> exp14k_seed456 ===
======================================================================
Rotation  (median): 2.18deg
Translation (median): 1484mm

  R@5deg_1m: 30.2%  (rot_pass=89.0%, trans_pass=30.8%)
  R@10deg_2m: 65.4%  (rot_pass=99.5%, trans_pass=65.9%)
  R@15deg_5m: 91.2%  (rot_pass=100.0%, trans_pass=91.2%)
  R@25deg_5m: 91.2%  (rot_pass=100.0%, trans_pass=91.2%)

======================================================================
EVALUATION RESULTS (Retrieval Mode)
======================================================================
Retrieval median: 12.02deg / 2488mm
  R@5deg_1m: 2.7%  (rot=4.9%, trans=20.9%)
  R@10deg_2m: 18.1%  (rot=39.6%, trans=42.9%)
  R@15deg_5m: 52.7%  (rot=65.4%, trans=87.4%)
  R@25deg_5m: 81.9%  (rot=94.5%, trans=87.4%)
======================================================================

Done!

--- Seed 456 done ---

=== Training seed 789 -> exp14k_seed789 ===
======================================================================
Rotation  (median): 2.16deg
Translation (median): 1449mm

  R@5deg_1m: 28.6%  (rot_pass=87.9%, trans_pass=30.2%)
  R@10deg_2m: 65.9%  (rot_pass=99.5%, trans_pass=65.9%)
  R@15deg_5m: 91.8%  (rot_pass=100.0%, trans_pass=91.8%)
  R@25deg_5m: 91.8%  (rot_pass=100.0%, trans_pass=91.8%)

======================================================================
EVALUATION RESULTS (Retrieval Mode)
======================================================================
Retrieval median: 11.29deg / 2408mm
  R@5deg_1m: 2.2%  (rot=4.4%, trans=20.3%)
  R@10deg_2m: 18.7%  (rot=41.8%, trans=42.9%)
  R@15deg_5m: 57.7%  (rot=70.9%, trans=86.3%)
  R@25deg_5m: 83.0%  (rot=96.7%, trans=86.3%)
======================================================================

Done!

--- Seed 789 done ---

=== Training seed 2024 -> exp14k_seed2024 ===
======================================================================
Rotation  (median): 2.12deg
Translation (median): 1455mm

  R@5deg_1m: 29.7%  (rot_pass=86.8%, trans_pass=30.2%)
  R@10deg_2m: 65.9%  (rot_pass=99.5%, trans_pass=66.5%)
  R@15deg_5m: 91.8%  (rot_pass=100.0%, trans_pass=91.8%)
  R@25deg_5m: 91.8%  (rot_pass=100.0%, trans_pass=91.8%)

======================================================================
EVALUATION RESULTS (Retrieval Mode)
======================================================================
Retrieval median: 11.61deg / 2693mm
  R@5deg_1m: 2.2%  (rot=5.5%, trans=18.7%)
  R@10deg_2m: 19.2%  (rot=39.6%, trans=41.2%)
  R@15deg_5m: 54.9%  (rot=67.0%, trans=87.9%)
  R@25deg_5m: 82.4%  (rot=94.5%, trans=87.9%)
======================================================================

Done!

--- Seed 2024 done ---

=== Training seed 7777 -> exp14k_seed7777 ===
======================================================================
Rotation  (median): 2.20deg
Translation (median): 1446mm

  R@5deg_1m: 28.0%  (rot_pass=87.4%, trans_pass=28.6%)
  R@10deg_2m: 64.8%  (rot_pass=99.5%, trans_pass=64.8%)
  R@15deg_5m: 92.9%  (rot_pass=100.0%, trans_pass=92.9%)
  R@25deg_5m: 92.9%  (rot_pass=100.0%, trans_pass=92.9%)

======================================================================
EVALUATION RESULTS (Retrieval Mode)
======================================================================
Retrieval median: 11.46deg / 2712mm
  R@5deg_1m: 2.2%  (rot=3.8%, trans=19.8%)
  R@10deg_2m: 18.1%  (rot=41.8%, trans=40.7%)
  R@15deg_5m: 52.7%  (rot=65.9%, trans=86.8%)
  R@25deg_5m: 81.3%  (rot=94.5%, trans=86.8%)
======================================================================

Done!

--- Seed 7777 done ---

=== Smaller MLP (512,256,128) training ===
=== Training small MLP seed 42 -> exp14l_small_seed42 ===
======================================================================
Rotation  (median): 2.40deg
Translation (median): 1523mm

  R@5deg_1m: 29.7%  (rot_pass=84.6%, trans_pass=30.2%)
  R@10deg_2m: 60.4%  (rot_pass=98.9%, trans_pass=61.0%)
  R@15deg_5m: 89.6%  (rot_pass=100.0%, trans_pass=89.6%)
  R@25deg_5m: 89.6%  (rot_pass=100.0%, trans_pass=89.6%)

======================================================================
EVALUATION RESULTS (Retrieval Mode)
======================================================================
Retrieval median: 11.50deg / 2624mm
  R@5deg_1m: 2.2%  (rot=4.4%, trans=19.8%)
  R@10deg_2m: 18.7%  (rot=40.7%, trans=40.7%)
  R@15deg_5m: 52.7%  (rot=67.0%, trans=83.5%)
  R@25deg_5m: 79.7%  (rot=95.6%, trans=83.5%)
======================================================================

Done!

--- Small MLP seed 42 done ---

=== Training small MLP seed 123 -> exp14l_small_seed123 ===
======================================================================
Rotation  (median): 2.28deg
Translation (median): 1465mm

  R@5deg_1m: 28.0%  (rot_pass=85.2%, trans_pass=28.6%)
  R@10deg_2m: 61.0%  (rot_pass=99.5%, trans_pass=61.0%)
  R@15deg_5m: 92.3%  (rot_pass=100.0%, trans_pass=92.3%)
  R@25deg_5m: 92.3%  (rot_pass=100.0%, trans_pass=92.3%)

======================================================================
EVALUATION RESULTS (Retrieval Mode)
======================================================================
Retrieval median: 11.77deg / 2680mm
  R@5deg_1m: 2.2%  (rot=4.4%, trans=20.3%)
  R@10deg_2m: 17.0%  (rot=40.1%, trans=39.6%)
  R@15deg_5m: 56.6%  (rot=68.7%, trans=86.8%)
  R@25deg_5m: 81.9%  (rot=94.0%, trans=86.8%)
======================================================================

Done!

--- Small MLP seed 123 done ---

=== All training complete! ===
Models saved to output/feature_retrieval/pose_regression/exp14k_seed* and exp14l_small_seed*
