  Loaded summary: torch.Size([895, 2560])
  [train] 895 samples loaded
  Loaded summary: torch.Size([182, 2560])
  [test] 182 samples loaded
  Loaded fine_geo: torch.Size([895, 128, 68, 120])
  Loaded coarse_sem: torch.Size([895, 128, 68, 120])
  Loaded summary: torch.Size([895, 2560])
  [train] 895 samples loaded
  Loaded fine_geo: torch.Size([182, 128, 68, 120])
  Loaded coarse_sem: torch.Size([182, 128, 68, 120])
  Loaded summary: torch.Size([182, 2560])
  [test] 182 samples loaded
  Feature dim after pooling: 3584
  Loaded fine_geo: torch.Size([182, 128, 68, 120])
  Loaded coarse_sem: torch.Size([182, 128, 68, 120])
  Loaded summary: torch.Size([182, 2560])
  [test] 182 samples loaded
  Pre-computed pooled features: torch.Size([182, 3584]) (2.6 MB)
  Loaded e123
  Loaded fine_geo: torch.Size([895, 128, 68, 120])
  Loaded coarse_sem: torch.Size([895, 128, 68, 120])
  Loaded summary: torch.Size([895, 2560])
  [train] 895 samples loaded
  Loaded fine_geo: torch.Size([182, 128, 68, 120])
  Loaded coarse_sem: torch.Size([182, 128, 68, 120])
  Loaded summary: torch.Size([182, 2560])
  [test] 182 samples loaded
  Feature dim after pooling: 3584
  Loaded fine_geo: torch.Size([182, 128, 68, 120])
  Loaded coarse_sem: torch.Size([182, 128, 68, 120])
  Loaded summary: torch.Size([182, 2560])
  [test] 182 samples loaded
  Pre-computed pooled features: torch.Size([182, 3584]) (2.6 MB)
  Loaded e24
  Loaded fine_geo: torch.Size([895, 128, 68, 120])
  Loaded coarse_sem: torch.Size([895, 128, 68, 120])
  Loaded summary: torch.Size([895, 2560])
  [train] 895 samples loaded
  Loaded fine_geo: torch.Size([182, 128, 68, 120])
  Loaded coarse_sem: torch.Size([182, 128, 68, 120])
  Loaded summary: torch.Size([182, 2560])
  [test] 182 samples loaded
  Feature dim after pooling: 3584
  Loaded fine_geo: torch.Size([182, 128, 68, 120])
  Loaded coarse_sem: torch.Size([182, 128, 68, 120])
  Loaded summary: torch.Size([182, 2560])
  [test] 182 samples loaded
  Pre-computed pooled features: torch.Size([182, 3584]) (2.6 MB)
  Loaded e38
  Loaded fine_geo: torch.Size([895, 128, 68, 120])
  Loaded coarse_sem: torch.Size([895, 128, 68, 120])
  Loaded summary: torch.Size([895, 2560])
  [train] 895 samples loaded
  Loaded fine_geo: torch.Size([182, 128, 68, 120])
  Loaded coarse_sem: torch.Size([182, 128, 68, 120])
  Loaded summary: torch.Size([182, 2560])
  [test] 182 samples loaded
  Feature dim after pooling: 3584
  Loaded fine_geo: torch.Size([182, 128, 68, 120])
  Loaded coarse_sem: torch.Size([182, 128, 68, 120])
  Loaded summary: torch.Size([182, 2560])
  [test] 182 samples loaded
  Pre-computed pooled features: torch.Size([182, 3584]) (2.6 MB)
  Loaded e26
  Loaded fine_geo: torch.Size([895, 128, 68, 120])
  Loaded coarse_sem: torch.Size([895, 128, 68, 120])
  Loaded summary: torch.Size([895, 2560])
  [train] 895 samples loaded
  Loaded fine_geo: torch.Size([182, 128, 68, 120])
  Loaded coarse_sem: torch.Size([182, 128, 68, 120])
  Loaded summary: torch.Size([182, 2560])
  [test] 182 samples loaded
  Feature dim after pooling: 3584
  Loaded fine_geo: torch.Size([182, 128, 68, 120])
  Loaded coarse_sem: torch.Size([182, 128, 68, 120])
  Loaded summary: torch.Size([182, 2560])
  [test] 182 samples loaded
  Pre-computed pooled features: torch.Size([182, 3584]) (2.6 MB)
  Loaded e37
  Loaded fine_geo: torch.Size([895, 128, 68, 120])
  Loaded coarse_sem: torch.Size([895, 128, 68, 120])
  Loaded summary: torch.Size([895, 2560])
  [train] 895 samples loaded
  Loaded fine_geo: torch.Size([182, 128, 68, 120])
  Loaded coarse_sem: torch.Size([182, 128, 68, 120])
  Loaded summary: torch.Size([182, 2560])
  [test] 182 samples loaded
  Feature dim after pooling: 3584
  Loaded fine_geo: torch.Size([182, 128, 68, 120])
  Loaded coarse_sem: torch.Size([182, 128, 68, 120])
  Loaded summary: torch.Size([182, 2560])
  [test] 182 samples loaded
  Pre-computed pooled features: torch.Size([182, 3584]) (2.6 MB)
  Loaded e456
  Loaded fine_geo: torch.Size([895, 128, 68, 120])
  Loaded coarse_sem: torch.Size([895, 128, 68, 120])
  Loaded summary: torch.Size([895, 2560])
  [train] 895 samples loaded
  Loaded fine_geo: torch.Size([182, 128, 68, 120])
  Loaded coarse_sem: torch.Size([182, 128, 68, 120])
  Loaded summary: torch.Size([182, 2560])
  [test] 182 samples loaded
  Feature dim after pooling: 3584
  Loaded fine_geo: torch.Size([182, 128, 68, 120])
  Loaded coarse_sem: torch.Size([182, 128, 68, 120])
  Loaded summary: torch.Size([182, 2560])
  [test] 182 samples loaded
  Pre-computed pooled features: torch.Size([182, 3584]) (2.6 MB)
  Loaded e314
  Loaded fine_geo: torch.Size([895, 128, 68, 120])
  Loaded coarse_sem: torch.Size([895, 128, 68, 120])
  Loaded summary: torch.Size([895, 2560])
  [train] 895 samples loaded
  Loaded fine_geo: torch.Size([182, 128, 68, 120])
  Loaded coarse_sem: torch.Size([182, 128, 68, 120])
  Loaded summary: torch.Size([182, 2560])
  [test] 182 samples loaded
  Feature dim after pooling: 3584
  Loaded fine_geo: torch.Size([182, 128, 68, 120])
  Loaded coarse_sem: torch.Size([182, 128, 68, 120])
  Loaded summary: torch.Size([182, 2560])
  [test] 182 samples loaded
  Pre-computed pooled features: torch.Size([182, 3584]) (2.6 MB)
  Loaded a123
  Loaded fine_geo: torch.Size([895, 128, 68, 120])
  Loaded coarse_sem: torch.Size([895, 128, 68, 120])
  Loaded summary: torch.Size([895, 2560])
  [train] 895 samples loaded
  Loaded fine_geo: torch.Size([182, 128, 68, 120])
  Loaded coarse_sem: torch.Size([182, 128, 68, 120])
  Loaded summary: torch.Size([182, 2560])
  [test] 182 samples loaded
  Feature dim after pooling: 3584
  Loaded fine_geo: torch.Size([182, 128, 68, 120])
  Loaded coarse_sem: torch.Size([182, 128, 68, 120])
  Loaded summary: torch.Size([182, 2560])
  [test] 182 samples loaded
  Pre-computed pooled features: torch.Size([182, 3584]) (2.6 MB)
  Loaded a314
  Loaded fine_geo: torch.Size([895, 128, 68, 120])
  Loaded coarse_sem: torch.Size([895, 128, 68, 120])
  Loaded summary: torch.Size([895, 2560])
  [train] 895 samples loaded
  Loaded fine_geo: torch.Size([182, 128, 68, 120])
  Loaded coarse_sem: torch.Size([182, 128, 68, 120])
  Loaded summary: torch.Size([182, 2560])
  [test] 182 samples loaded
  Feature dim after pooling: 6656
  Loaded fine_geo: torch.Size([182, 128, 68, 120])
  Loaded coarse_sem: torch.Size([182, 128, 68, 120])
  Loaded summary: torch.Size([182, 2560])
  [test] 182 samples loaded
  Pre-computed pooled features: torch.Size([182, 6656]) (4.8 MB)
  Loaded c7
  Loaded fine_geo: torch.Size([895, 128, 68, 120])
  Loaded coarse_sem: torch.Size([895, 128, 68, 120])
  Loaded summary: torch.Size([895, 2560])
  [train] 895 samples loaded
  Loaded fine_geo: torch.Size([182, 128, 68, 120])
  Loaded coarse_sem: torch.Size([182, 128, 68, 120])
  Loaded summary: torch.Size([182, 2560])
  [test] 182 samples loaded
  Feature dim after pooling: 6656
  Loaded fine_geo: torch.Size([182, 128, 68, 120])
  Loaded coarse_sem: torch.Size([182, 128, 68, 120])
  Loaded summary: torch.Size([182, 2560])
  [test] 182 samples loaded
  Pre-computed pooled features: torch.Size([182, 6656]) (4.8 MB)
  Loaded c314
  Loaded fine_geo: torch.Size([895, 128, 68, 120])
  Loaded coarse_sem: torch.Size([895, 128, 68, 120])
  Loaded summary: torch.Size([895, 2560])
  [train] 895 samples loaded
  Loaded fine_geo: torch.Size([182, 128, 68, 120])
  Loaded coarse_sem: torch.Size([182, 128, 68, 120])
  Loaded summary: torch.Size([182, 2560])
  [test] 182 samples loaded
  Feature dim after pooling: 7936
  Loaded s314
  Loaded fine_geo: torch.Size([895, 128, 68, 120])
  Loaded coarse_sem: torch.Size([895, 128, 68, 120])
  Loaded summary: torch.Size([895, 2560])
  [train] 895 samples loaded
  Loaded fine_geo: torch.Size([182, 128, 68, 120])
  Loaded coarse_sem: torch.Size([182, 128, 68, 120])
  Loaded summary: torch.Size([182, 2560])
  [test] 182 samples loaded
  Feature dim after pooling: 7936
  Loaded n123
  Loaded fine_geo: torch.Size([895, 128, 68, 120])
  Loaded coarse_sem: torch.Size([895, 128, 68, 120])
  Loaded summary: torch.Size([895, 2560])
  [train] 895 samples loaded
  Loaded fine_geo: torch.Size([182, 128, 68, 120])
  Loaded coarse_sem: torch.Size([182, 128, 68, 120])
  Loaded summary: torch.Size([182, 2560])
  [test] 182 samples loaded
  Feature dim after pooling: 7936
  Loaded p123

======================================================================
TOP ATTENTION-E ENSEMBLES (same architecture, different seeds)
======================================================================
  2-model e123+e24             R@10= 75.8% R@5= 39.6%
  2-model e123+e38             R@10= 79.1% R@5= 42.3%

  3-model e123+e24+e38                   R@10= 77.5% R@5= 41.8%

  5-model ALL TOP-5: R@10=76.4%, R@5=42.9%
  5-model w=3:2:1:1:1: R@10=75.8%, R@5=42.3%
  5-model w=5:3:2:1:1: R@10=77.5%, R@5=41.2%
  5-model w=4:2:2:1:1: R@10=77.5%, R@5=41.2%

======================================================================
CROSS-CONFIG ATTENTION ENSEMBLES (e + a + c)
======================================================================
  2-model e123+a123                                R@10= 74.2% R@5= 36.3%
  2-model e123+a314                                R@10= 75.3% R@5= 40.1%

======================================================================
MIXED SPP + TOP ATTENTION
======================================================================
  Best mixed R@10: ('s314+e123 w=1:2', 74.17582417582418, 41.75824175824176)
  Best mixed R@5:  ('n123+e123 w=1:2', 73.62637362637363, 43.40659340659341)
  3-mix ['s314', 'e123', 'e24'] w=(1, 1, 1): R@10=74.7% R@5=40.1%
  3-mix ['s314', 'e123', 'e38'] w=(1, 1, 1): R@10=75.8% R@5=41.8%
  3-mix ['s314', 'e123', 'e38'] w=(1, 2, 2): R@10=76.4% R@5=41.2%

======================================================================
GREEDY FORWARD SELECTION (maximize R@10)
======================================================================
  Step 1: Add e123     → Ensemble (1): R@10=75.3%, R@5=42.9%
  Step 2: Add e38      → Ensemble (2): R@10=79.1%, R@5=42.3%
  Step 3: Add e24      → Ensemble (3): R@10=77.5%, R@5=41.8%
  Step 4: Add c7       → Ensemble (4): R@10=76.9%, R@5=42.3%
  Step 5: Add e26      → Ensemble (5): R@10=76.9%, R@5=44.0%
  Step 6: Add a123     → Ensemble (6): R@10=76.4%, R@5=44.0%
  Step 7: Add e456     → Ensemble (7): R@10=75.8%, R@5=44.0%
  Step 8: Add n123     → Ensemble (8): R@10=75.3%, R@5=42.3%
  → Ensemble not improving over single best, stopping

  Final selection: ['e123', 'e38', 'e24', 'c7', 'e26', 'a123', 'e456', 'n123']
