=== exp24e_attn_h4_wider_seed34 on GPU 5 ===
======================================================================
Experiment: exp24e_attn_h4_wider_seed34
Pool: attn, Features: both+sum
======================================================================
Random seed: 34
Using device: cuda:5

Loading data (fine=True, coarse=True, summary=True)...
  Loaded fine_geo: torch.Size([895, 128, 68, 120])
  Loaded coarse_sem: torch.Size([895, 128, 68, 120])
  Loaded summary: torch.Size([895, 2560])
  [train] 895 samples loaded
  Loaded fine_geo: torch.Size([182, 128, 68, 120])
  Loaded coarse_sem: torch.Size([182, 128, 68, 120])
  Loaded summary: torch.Size([182, 2560])
  [test] 182 samples loaded
Translation norm: mean=[13.19548    -0.64731836 23.103329  ], std=[10.827089    0.94348246  9.766839  ]
  Feature dim after pooling: 3584
Model parameters: 10,001,042
Model parameters: 10,001,042
[    1/10000] loss=2.6565 (t=0.6180 r=2.0384 beta=1.00) | val: 40.34deg/32626mm | 0.5s
[  100/10000] loss=0.1063 (t=0.0365 r=0.0756 beta=0.92) | val: 4.63deg/3355mm | 4.1s
[  200/10000] loss=0.0650 (t=0.0235 r=0.0471 beta=0.88) | val: 2.98deg/1603mm | 7.1s
[  300/10000] loss=0.0535 (t=0.0157 r=0.0446 beta=0.85) | val: 2.62deg/1672mm | 9.3s
[  400/10000] loss=0.0441 (t=0.0133 r=0.0378 beta=0.82) | val: 2.52deg/1460mm | 11.5s
[  500/10000] loss=0.0384 (t=0.0124 r=0.0332 beta=0.79) | val: 2.32deg/1544mm | 13.4s
[  600/10000] loss=0.0302 (t=0.0087 r=0.0284 beta=0.76) | val: 2.21deg/1615mm | 15.4s
[  700/10000] loss=0.0287 (t=0.0079 r=0.0284 beta=0.73) | val: 2.55deg/1343mm | 17.6s
[  800/10000] loss=0.0265 (t=0.0059 r=0.0292 beta=0.70) | val: 2.21deg/1427mm | 19.4s
[  900/10000] loss=0.0215 (t=0.0050 r=0.0244 beta=0.68) | val: 1.91deg/1318mm | 21.2s
[ 1000/10000] loss=0.0221 (t=0.0057 r=0.0251 beta=0.66) | val: 2.11deg/1673mm | 23.3s
[ 1100/10000] loss=0.0199 (t=0.0047 r=0.0239 beta=0.63) | val: 2.26deg/1421mm | 25.1s
[ 1200/10000] loss=0.0185 (t=0.0043 r=0.0233 beta=0.61) | val: 2.06deg/1296mm | 27.2s
[ 1300/10000] loss=0.0169 (t=0.0034 r=0.0229 beta=0.59) | val: 2.17deg/1394mm | 29.1s
[ 1400/10000] loss=0.0181 (t=0.0045 r=0.0239 beta=0.57) | val: 2.23deg/1364mm | 31.0s
[ 1500/10000] loss=0.0162 (t=0.0043 r=0.0215 beta=0.55) | val: 2.33deg/1425mm | 32.9s
[ 1600/10000] loss=0.0166 (t=0.0033 r=0.0251 beta=0.53) | val: 2.04deg/1418mm | 34.7s
[ 1700/10000] loss=0.0143 (t=0.0033 r=0.0214 beta=0.51) | val: 2.08deg/1470mm | 36.5s
[ 1800/10000] loss=0.0135 (t=0.0027 r=0.0217 beta=0.50) | val: 2.03deg/1433mm | 38.4s
[ 1900/10000] loss=0.0138 (t=0.0031 r=0.0223 beta=0.48) | val: 1.79deg/1450mm | 40.2s
[ 2000/10000] loss=0.0115 (t=0.0030 r=0.0183 beta=0.46) | val: 2.38deg/1537mm | 42.0s
[ 2100/10000] loss=0.0117 (t=0.0027 r=0.0201 beta=0.45) | val: 2.26deg/1576mm | 43.9s
[ 2200/10000] loss=0.0105 (t=0.0025 r=0.0186 beta=0.43) | val: 1.92deg/1472mm | 45.9s
[ 2300/10000] loss=0.0110 (t=0.0031 r=0.0187 beta=0.42) | val: 2.06deg/1365mm | 47.8s
[ 2400/10000] loss=0.0097 (t=0.0024 r=0.0180 beta=0.41) | val: 2.02deg/1517mm | 49.6s
[ 2500/10000] loss=0.0101 (t=0.0026 r=0.0191 beta=0.39) | val: 2.12deg/1515mm | 51.4s
[ 2600/10000] loss=0.0108 (t=0.0028 r=0.0210 beta=0.38) | val: 2.04deg/1519mm | 53.3s
[ 2700/10000] loss=0.0097 (t=0.0024 r=0.0198 beta=0.37) | val: 2.26deg/1735mm | 55.1s
[ 2800/10000] loss=0.0092 (t=0.0023 r=0.0193 beta=0.36) | val: 2.02deg/1430mm | 56.9s
[ 2900/10000] loss=0.0087 (t=0.0024 r=0.0182 beta=0.35) | val: 2.14deg/1396mm | 58.8s
[ 3000/10000] loss=0.0088 (t=0.0022 r=0.0198 beta=0.34) | val: 2.17deg/1594mm | 60.6s
[ 3100/10000] loss=0.0085 (t=0.0024 r=0.0186 beta=0.33) | val: 2.04deg/1459mm | 62.4s
[ 3200/10000] loss=0.0087 (t=0.0025 r=0.0197 beta=0.32) | val: 2.09deg/1466mm | 64.3s
[ 3300/10000] loss=0.0076 (t=0.0019 r=0.0185 beta=0.31) | val: 2.08deg/1483mm | 66.1s
[ 3400/10000] loss=0.0071 (t=0.0021 r=0.0169 beta=0.30) | val: 2.04deg/1539mm | 67.9s
[ 3500/10000] loss=0.0073 (t=0.0021 r=0.0181 beta=0.29) | val: 2.03deg/1403mm | 69.8s
[ 3600/10000] loss=0.0074 (t=0.0024 r=0.0180 beta=0.28) | val: 2.18deg/1360mm | 71.6s
[ 3700/10000] loss=0.0068 (t=0.0020 r=0.0178 beta=0.27) | val: 2.15deg/1572mm | 73.5s
[ 3800/10000] loss=0.0072 (t=0.0023 r=0.0187 beta=0.27) | val: 2.07deg/1617mm | 75.3s
[ 3900/10000] loss=0.0062 (t=0.0020 r=0.0166 beta=0.26) | val: 2.25deg/1507mm | 77.2s
[ 4000/10000] loss=0.0066 (t=0.0023 r=0.0173 beta=0.25) | val: 2.16deg/1471mm | 79.0s
[ 4100/10000] loss=0.0062 (t=0.0021 r=0.0167 beta=0.24) | val: 2.13deg/1459mm | 80.8s
[ 4200/10000] loss=0.0061 (t=0.0018 r=0.0180 beta=0.24) | val: 2.25deg/1550mm | 82.7s
[ 4300/10000] loss=0.0061 (t=0.0018 r=0.0186 beta=0.23) | val: 2.19deg/1522mm | 84.5s
[ 4400/10000] loss=0.0060 (t=0.0021 r=0.0176 beta=0.23) | val: 2.02deg/1504mm | 86.3s
[ 4500/10000] loss=0.0056 (t=0.0018 r=0.0172 beta=0.22) | val: 2.22deg/1571mm | 88.2s
[ 4600/10000] loss=0.0056 (t=0.0021 r=0.0162 beta=0.21) | val: 2.10deg/1485mm | 90.0s
[ 4700/10000] loss=0.0055 (t=0.0020 r=0.0169 beta=0.21) | val: 2.13deg/1319mm | 91.9s
[ 4800/10000] loss=0.0057 (t=0.0021 r=0.0175 beta=0.20) | val: 2.10deg/1456mm | 93.7s
[ 4900/10000] loss=0.0050 (t=0.0015 r=0.0172 beta=0.20) | val: 2.03deg/1535mm | 95.5s
[ 5000/10000] loss=0.0048 (t=0.0017 r=0.0160 beta=0.19) | val: 2.18deg/1408mm | 97.4s
[ 5100/10000] loss=0.0046 (t=0.0015 r=0.0162 beta=0.19) | val: 2.06deg/1417mm | 99.2s
[ 5200/10000] loss=0.0050 (t=0.0020 r=0.0159 beta=0.19) | val: 2.10deg/1498mm | 101.1s
[ 5300/10000] loss=0.0045 (t=0.0017 r=0.0158 beta=0.18) | val: 2.06deg/1573mm | 102.9s
[ 5400/10000] loss=0.0050 (t=0.0019 r=0.0176 beta=0.18) | val: 2.13deg/1488mm | 104.7s
[ 5500/10000] loss=0.0042 (t=0.0014 r=0.0161 beta=0.17) | val: 2.15deg/1642mm | 106.6s
[ 5600/10000] loss=0.0045 (t=0.0017 r=0.0166 beta=0.17) | val: 2.12deg/1605mm | 108.4s
[ 5700/10000] loss=0.0044 (t=0.0017 r=0.0161 beta=0.17) | val: 2.15deg/1630mm | 110.2s
[ 5800/10000] loss=0.0041 (t=0.0017 r=0.0149 beta=0.16) | val: 2.03deg/1512mm | 112.1s
[ 5900/10000] loss=0.0045 (t=0.0019 r=0.0161 beta=0.16) | val: 2.19deg/1502mm | 113.9s
[ 6000/10000] loss=0.0039 (t=0.0016 r=0.0151 beta=0.16) | val: 2.19deg/1527mm | 115.8s
[ 6100/10000] loss=0.0036 (t=0.0013 r=0.0149 beta=0.15) | val: 2.10deg/1511mm | 117.6s
[ 6200/10000] loss=0.0040 (t=0.0016 r=0.0159 beta=0.15) | val: 2.14deg/1497mm | 119.4s
[ 6300/10000] loss=0.0043 (t=0.0018 r=0.0169 beta=0.15) | val: 2.08deg/1604mm | 121.3s
[ 6400/10000] loss=0.0039 (t=0.0015 r=0.0164 beta=0.15) | val: 2.15deg/1460mm | 123.1s
[ 6500/10000] loss=0.0041 (t=0.0017 r=0.0167 beta=0.14) | val: 2.14deg/1495mm | 125.0s
[ 6600/10000] loss=0.0037 (t=0.0015 r=0.0154 beta=0.14) | val: 2.18deg/1504mm | 126.8s
[ 6700/10000] loss=0.0036 (t=0.0014 r=0.0156 beta=0.14) | val: 2.19deg/1583mm | 128.7s
[ 6800/10000] loss=0.0035 (t=0.0013 r=0.0156 beta=0.14) | val: 2.26deg/1577mm | 130.5s
[ 6900/10000] loss=0.0033 (t=0.0013 r=0.0144 beta=0.14) | val: 2.15deg/1606mm | 132.3s
[ 7000/10000] loss=0.0034 (t=0.0014 r=0.0154 beta=0.13) | val: 2.21deg/1564mm | 134.2s
[ 7100/10000] loss=0.0033 (t=0.0014 r=0.0145 beta=0.13) | val: 2.21deg/1418mm | 136.0s
[ 7200/10000] loss=0.0033 (t=0.0013 r=0.0152 beta=0.13) | val: 2.12deg/1625mm | 137.9s
[ 7300/10000] loss=0.0034 (t=0.0013 r=0.0157 beta=0.13) | val: 2.11deg/1488mm | 139.7s
[ 7400/10000] loss=0.0032 (t=0.0012 r=0.0162 beta=0.13) | val: 2.23deg/1426mm | 141.5s
[ 7500/10000] loss=0.0035 (t=0.0014 r=0.0165 beta=0.13) | val: 2.14deg/1540mm | 143.4s
[ 7600/10000] loss=0.0032 (t=0.0013 r=0.0152 beta=0.13) | val: 2.13deg/1490mm | 145.2s
[ 7700/10000] loss=0.0029 (t=0.0011 r=0.0150 beta=0.12) | val: 2.08deg/1587mm | 147.1s
[ 7800/10000] loss=0.0030 (t=0.0012 r=0.0144 beta=0.12) | val: 2.23deg/1604mm | 148.9s
[ 7900/10000] loss=0.0034 (t=0.0016 r=0.0152 beta=0.12) | val: 2.28deg/1453mm | 150.7s
[ 8000/10000] loss=0.0030 (t=0.0011 r=0.0156 beta=0.12) | val: 2.13deg/1494mm | 152.6s
[ 8100/10000] loss=0.0031 (t=0.0012 r=0.0158 beta=0.12) | val: 2.18deg/1470mm | 154.4s
[ 8200/10000] loss=0.0030 (t=0.0012 r=0.0151 beta=0.12) | val: 2.20deg/1492mm | 156.3s
[ 8300/10000] loss=0.0031 (t=0.0013 r=0.0149 beta=0.12) | val: 2.08deg/1548mm | 158.1s
[ 8400/10000] loss=0.0029 (t=0.0013 r=0.0136 beta=0.12) | val: 2.20deg/1507mm | 159.9s
[ 8500/10000] loss=0.0030 (t=0.0011 r=0.0157 beta=0.12) | val: 2.18deg/1484mm | 161.8s
[ 8600/10000] loss=0.0031 (t=0.0014 r=0.0145 beta=0.12) | val: 2.19deg/1571mm | 163.6s
[ 8700/10000] loss=0.0034 (t=0.0014 r=0.0166 beta=0.12) | val: 2.20deg/1555mm | 165.5s
[ 8800/10000] loss=0.0028 (t=0.0011 r=0.0149 beta=0.12) | val: 2.19deg/1606mm | 167.3s
[ 8900/10000] loss=0.0029 (t=0.0011 r=0.0151 beta=0.12) | val: 2.17deg/1476mm | 169.1s
[ 9000/10000] loss=0.0029 (t=0.0013 r=0.0139 beta=0.12) | val: 2.17deg/1466mm | 171.0s
[ 9100/10000] loss=0.0029 (t=0.0011 r=0.0159 beta=0.12) | val: 2.15deg/1474mm | 172.8s
[ 9200/10000] loss=0.0029 (t=0.0011 r=0.0153 beta=0.12) | val: 2.15deg/1522mm | 174.7s
[ 9300/10000] loss=0.0028 (t=0.0011 r=0.0140 beta=0.12) | val: 2.09deg/1494mm | 176.5s
[ 9400/10000] loss=0.0030 (t=0.0014 r=0.0138 beta=0.12) | val: 2.20deg/1514mm | 178.3s
[ 9500/10000] loss=0.0029 (t=0.0012 r=0.0155 beta=0.12) | val: 2.16deg/1524mm | 180.2s
[ 9600/10000] loss=0.0031 (t=0.0014 r=0.0152 beta=0.12) | val: 2.12deg/1498mm | 182.0s
[ 9700/10000] loss=0.0032 (t=0.0014 r=0.0153 beta=0.12) | val: 2.14deg/1520mm | 183.9s
[ 9800/10000] loss=0.0031 (t=0.0012 r=0.0164 beta=0.12) | val: 2.13deg/1496mm | 185.7s
[ 9900/10000] loss=0.0027 (t=0.0009 r=0.0152 beta=0.12) | val: 2.17deg/1509mm | 187.6s
[10000/10000] loss=0.0030 (t=0.0013 r=0.0152 beta=0.12) | val: 2.16deg/1507mm | 189.4s

Training done. Best epoch: 2190, score: 1.3986

Loaded best model from epoch 2190

======================================================================
EVALUATION RESULTS (Direct Regression)
======================================================================
Rotation  (median): 2.05deg
Translation (median): 1194mm

  R@5deg_1m: 38.5%  (rot_pass=96.7%, trans_pass=38.5%)
  R@10deg_2m: 67.0%  (rot_pass=100.0%, trans_pass=67.0%)
  R@15deg_5m: 91.2%  (rot_pass=100.0%, trans_pass=91.2%)
  R@25deg_5m: 91.2%  (rot_pass=100.0%, trans_pass=91.2%)

======================================================================
EVALUATION RESULTS (Retrieval Mode)
======================================================================
Retrieval median: 11.11deg / 2338mm
  R@5deg_1m: 3.3%  (rot=4.4%, trans=20.3%)
  R@10deg_2m: 17.6%  (rot=42.9%, trans=45.6%)
  R@15deg_5m: 54.9%  (rot=68.7%, trans=84.6%)
  R@25deg_5m: 81.9%  (rot=97.3%, trans=84.6%)
======================================================================

Done!
--- seed34 done ---
=== exp24e_attn_h4_wider_seed35 on GPU 5 ===
======================================================================
Experiment: exp24e_attn_h4_wider_seed35
Pool: attn, Features: both+sum
======================================================================
Random seed: 35
Using device: cuda:5

Loading data (fine=True, coarse=True, summary=True)...
  Loaded fine_geo: torch.Size([895, 128, 68, 120])
  Loaded coarse_sem: torch.Size([895, 128, 68, 120])
  Loaded summary: torch.Size([895, 2560])
  [train] 895 samples loaded
  Loaded fine_geo: torch.Size([182, 128, 68, 120])
  Loaded coarse_sem: torch.Size([182, 128, 68, 120])
  Loaded summary: torch.Size([182, 2560])
  [test] 182 samples loaded
Translation norm: mean=[13.19548    -0.64731836 23.103329  ], std=[10.827089    0.94348246  9.766839  ]
  Feature dim after pooling: 3584
Model parameters: 10,001,042
Model parameters: 10,001,042
[    1/10000] loss=2.4052 (t=0.5197 r=1.8855 beta=1.00) | val: 83.06deg/15626mm | 0.4s
[  100/10000] loss=0.1130 (t=0.0383 r=0.0804 beta=0.93) | val: 5.12deg/3390mm | 3.4s
[  200/10000] loss=0.0740 (t=0.0253 r=0.0549 beta=0.89) | val: 3.75deg/2266mm | 6.0s
[  300/10000] loss=0.0540 (t=0.0168 r=0.0437 beta=0.85) | val: 3.13deg/1912mm | 8.0s
[  400/10000] loss=0.0448 (t=0.0150 r=0.0365 beta=0.82) | val: 2.77deg/1828mm | 10.0s
[  500/10000] loss=0.0379 (t=0.0120 r=0.0328 beta=0.79) | val: 2.33deg/1738mm | 12.3s
[  600/10000] loss=0.0336 (t=0.0105 r=0.0304 beta=0.76) | val: 2.52deg/1430mm | 14.3s
[  700/10000] loss=0.0254 (t=0.0069 r=0.0253 beta=0.73) | val: 2.51deg/1693mm | 16.1s
[  800/10000] loss=0.0254 (t=0.0069 r=0.0261 beta=0.71) | val: 2.47deg/1649mm | 17.9s
[  900/10000] loss=0.0230 (t=0.0059 r=0.0251 beta=0.68) | val: 2.10deg/1556mm | 19.8s
[ 1000/10000] loss=0.0200 (t=0.0041 r=0.0242 beta=0.66) | val: 2.23deg/1448mm | 21.6s
[ 1100/10000] loss=0.0202 (t=0.0055 r=0.0231 beta=0.63) | val: 2.04deg/1542mm | 23.5s
[ 1200/10000] loss=0.0206 (t=0.0045 r=0.0263 beta=0.61) | val: 2.14deg/1502mm | 25.3s
[ 1300/10000] loss=0.0172 (t=0.0042 r=0.0220 beta=0.59) | val: 2.10deg/1680mm | 27.1s
[ 1400/10000] loss=0.0159 (t=0.0033 r=0.0221 beta=0.57) | val: 2.13deg/1545mm | 29.0s
[ 1500/10000] loss=0.0161 (t=0.0038 r=0.0222 beta=0.55) | val: 2.15deg/1465mm | 30.8s
[ 1600/10000] loss=0.0158 (t=0.0038 r=0.0225 beta=0.53) | val: 2.12deg/1629mm | 32.7s
[ 1700/10000] loss=0.0153 (t=0.0042 r=0.0214 beta=0.52) | val: 2.10deg/1658mm | 34.5s
[ 1800/10000] loss=0.0134 (t=0.0033 r=0.0202 beta=0.50) | val: 2.28deg/1533mm | 36.3s
[ 1900/10000] loss=0.0144 (t=0.0042 r=0.0212 beta=0.48) | val: 2.30deg/1602mm | 38.2s
[ 2000/10000] loss=0.0128 (t=0.0033 r=0.0204 beta=0.47) | val: 2.10deg/1404mm | 40.0s
[ 2100/10000] loss=0.0126 (t=0.0029 r=0.0214 beta=0.45) | val: 2.10deg/1700mm | 41.9s
[ 2200/10000] loss=0.0120 (t=0.0030 r=0.0207 beta=0.44) | val: 2.10deg/1642mm | 43.7s
[ 2300/10000] loss=0.0112 (t=0.0030 r=0.0195 beta=0.42) | val: 2.22deg/1642mm | 45.5s
[ 2400/10000] loss=0.0117 (t=0.0032 r=0.0209 beta=0.41) | val: 2.09deg/1639mm | 47.4s
[ 2500/10000] loss=0.0105 (t=0.0026 r=0.0199 beta=0.40) | val: 2.17deg/1324mm | 49.2s
[ 2600/10000] loss=0.0101 (t=0.0023 r=0.0206 beta=0.38) | val: 2.19deg/1712mm | 51.1s
[ 2700/10000] loss=0.0093 (t=0.0023 r=0.0189 beta=0.37) | val: 2.00deg/1485mm | 52.9s
[ 2800/10000] loss=0.0102 (t=0.0028 r=0.0207 beta=0.36) | val: 2.17deg/1579mm | 54.8s
[ 2900/10000] loss=0.0088 (t=0.0020 r=0.0193 beta=0.35) | val: 2.03deg/1614mm | 56.6s
[ 3000/10000] loss=0.0086 (t=0.0024 r=0.0187 beta=0.34) | val: 2.10deg/1498mm | 58.4s
[ 3100/10000] loss=0.0084 (t=0.0025 r=0.0180 beta=0.33) | val: 2.14deg/1617mm | 60.3s
[ 3200/10000] loss=0.0089 (t=0.0027 r=0.0198 beta=0.32) | val: 2.23deg/1875mm | 62.1s
[ 3300/10000] loss=0.0085 (t=0.0026 r=0.0190 beta=0.31) | val: 2.27deg/1696mm | 64.0s
[ 3400/10000] loss=0.0073 (t=0.0021 r=0.0173 beta=0.30) | val: 2.27deg/1907mm | 65.8s
[ 3500/10000] loss=0.0080 (t=0.0024 r=0.0193 beta=0.29) | val: 2.24deg/1841mm | 67.7s
[ 3600/10000] loss=0.0077 (t=0.0024 r=0.0189 beta=0.28) | val: 2.27deg/1667mm | 69.5s
[ 3700/10000] loss=0.0067 (t=0.0017 r=0.0184 beta=0.27) | val: 2.23deg/1873mm | 71.3s
[ 3800/10000] loss=0.0079 (t=0.0024 r=0.0209 beta=0.27) | val: 2.23deg/1795mm | 73.2s
[ 3900/10000] loss=0.0072 (t=0.0023 r=0.0187 beta=0.26) | val: 2.17deg/1518mm | 75.0s
[ 4000/10000] loss=0.0066 (t=0.0022 r=0.0172 beta=0.25) | val: 2.23deg/1717mm | 76.9s
[ 4100/10000] loss=0.0064 (t=0.0018 r=0.0187 beta=0.24) | val: 2.18deg/1740mm | 78.7s
[ 4200/10000] loss=0.0062 (t=0.0021 r=0.0173 beta=0.24) | val: 2.40deg/1837mm | 80.5s
[ 4300/10000] loss=0.0055 (t=0.0017 r=0.0163 beta=0.23) | val: 2.20deg/1756mm | 82.4s
[ 4400/10000] loss=0.0059 (t=0.0020 r=0.0174 beta=0.23) | val: 2.27deg/1584mm | 84.2s
[ 4500/10000] loss=0.0059 (t=0.0019 r=0.0181 beta=0.22) | val: 2.15deg/1932mm | 86.1s
[ 4600/10000] loss=0.0050 (t=0.0015 r=0.0163 beta=0.21) | val: 2.15deg/1664mm | 87.9s
[ 4700/10000] loss=0.0056 (t=0.0018 r=0.0179 beta=0.21) | val: 2.29deg/1826mm | 89.8s
[ 4800/10000] loss=0.0053 (t=0.0017 r=0.0174 beta=0.20) | val: 2.36deg/1934mm | 91.6s
[ 4900/10000] loss=0.0045 (t=0.0015 r=0.0152 beta=0.20) | val: 2.29deg/1992mm | 93.4s
[ 5000/10000] loss=0.0049 (t=0.0015 r=0.0177 beta=0.19) | val: 2.41deg/1761mm | 95.3s
[ 5100/10000] loss=0.0048 (t=0.0018 r=0.0160 beta=0.19) | val: 2.37deg/1725mm | 97.1s
[ 5200/10000] loss=0.0057 (t=0.0021 r=0.0194 beta=0.19) | val: 2.22deg/1732mm | 99.0s
[ 5300/10000] loss=0.0048 (t=0.0017 r=0.0175 beta=0.18) | val: 2.19deg/1830mm | 100.8s
[ 5400/10000] loss=0.0048 (t=0.0017 r=0.0173 beta=0.18) | val: 2.33deg/1830mm | 102.7s
[ 5500/10000] loss=0.0046 (t=0.0016 r=0.0171 beta=0.17) | val: 2.29deg/1846mm | 104.5s
[ 5600/10000] loss=0.0046 (t=0.0017 r=0.0168 beta=0.17) | val: 2.43deg/1783mm | 106.3s
[ 5700/10000] loss=0.0044 (t=0.0014 r=0.0177 beta=0.17) | val: 2.37deg/1844mm | 108.2s
[ 5800/10000] loss=0.0049 (t=0.0023 r=0.0162 beta=0.16) | val: 2.34deg/1713mm | 110.0s
[ 5900/10000] loss=0.0043 (t=0.0016 r=0.0165 beta=0.16) | val: 2.33deg/1897mm | 111.9s
[ 6000/10000] loss=0.0041 (t=0.0016 r=0.0158 beta=0.16) | val: 2.30deg/1827mm | 113.7s
[ 6100/10000] loss=0.0043 (t=0.0017 r=0.0168 beta=0.15) | val: 2.51deg/1903mm | 115.6s
[ 6200/10000] loss=0.0040 (t=0.0016 r=0.0159 beta=0.15) | val: 2.40deg/1818mm | 117.4s
[ 6300/10000] loss=0.0037 (t=0.0013 r=0.0158 beta=0.15) | val: 2.32deg/1781mm | 119.2s
[ 6400/10000] loss=0.0038 (t=0.0014 r=0.0163 beta=0.15) | val: 2.33deg/1880mm | 121.1s
[ 6500/10000] loss=0.0036 (t=0.0014 r=0.0153 beta=0.14) | val: 2.34deg/1876mm | 122.9s
[ 6600/10000] loss=0.0036 (t=0.0014 r=0.0159 beta=0.14) | val: 2.31deg/1737mm | 124.8s
[ 6700/10000] loss=0.0037 (t=0.0014 r=0.0167 beta=0.14) | val: 2.40deg/1772mm | 126.6s
[ 6800/10000] loss=0.0040 (t=0.0016 r=0.0171 beta=0.14) | val: 2.33deg/1920mm | 128.4s
[ 6900/10000] loss=0.0035 (t=0.0015 r=0.0146 beta=0.14) | val: 2.46deg/1876mm | 130.3s
[ 7000/10000] loss=0.0037 (t=0.0014 r=0.0166 beta=0.13) | val: 2.33deg/1858mm | 132.1s
[ 7100/10000] loss=0.0035 (t=0.0014 r=0.0160 beta=0.13) | val: 2.37deg/1849mm | 134.0s
[ 7200/10000] loss=0.0040 (t=0.0016 r=0.0178 beta=0.13) | val: 2.35deg/1827mm | 135.8s
[ 7300/10000] loss=0.0031 (t=0.0012 r=0.0146 beta=0.13) | val: 2.35deg/1958mm | 137.6s
[ 7400/10000] loss=0.0036 (t=0.0015 r=0.0166 beta=0.13) | val: 2.36deg/1889mm | 139.5s
[ 7500/10000] loss=0.0034 (t=0.0015 r=0.0149 beta=0.13) | val: 2.35deg/1788mm | 141.3s
[ 7600/10000] loss=0.0035 (t=0.0015 r=0.0158 beta=0.13) | val: 2.42deg/1831mm | 143.2s
[ 7700/10000] loss=0.0033 (t=0.0014 r=0.0147 beta=0.12) | val: 2.37deg/1798mm | 145.0s
[ 7800/10000] loss=0.0032 (t=0.0013 r=0.0158 beta=0.12) | val: 2.42deg/1763mm | 146.8s
[ 7900/10000] loss=0.0033 (t=0.0013 r=0.0162 beta=0.12) | val: 2.40deg/1830mm | 148.7s
[ 8000/10000] loss=0.0031 (t=0.0012 r=0.0154 beta=0.12) | val: 2.47deg/1869mm | 150.5s
[ 8100/10000] loss=0.0033 (t=0.0013 r=0.0165 beta=0.12) | val: 2.51deg/1838mm | 152.4s
[ 8200/10000] loss=0.0029 (t=0.0012 r=0.0142 beta=0.12) | val: 2.36deg/1858mm | 154.2s
[ 8300/10000] loss=0.0030 (t=0.0013 r=0.0145 beta=0.12) | val: 2.40deg/1806mm | 156.1s
[ 8400/10000] loss=0.0033 (t=0.0013 r=0.0165 beta=0.12) | val: 2.41deg/1877mm | 157.9s
[ 8500/10000] loss=0.0030 (t=0.0012 r=0.0146 beta=0.12) | val: 2.37deg/1886mm | 159.8s
[ 8600/10000] loss=0.0032 (t=0.0013 r=0.0159 beta=0.12) | val: 2.38deg/1790mm | 161.6s
[ 8700/10000] loss=0.0029 (t=0.0012 r=0.0146 beta=0.12) | val: 2.42deg/1858mm | 163.4s
[ 8800/10000] loss=0.0030 (t=0.0012 r=0.0150 beta=0.12) | val: 2.40deg/1787mm | 165.3s
[ 8900/10000] loss=0.0028 (t=0.0011 r=0.0149 beta=0.12) | val: 2.44deg/1829mm | 167.1s
[ 9000/10000] loss=0.0034 (t=0.0016 r=0.0153 beta=0.12) | val: 2.36deg/1863mm | 169.0s
[ 9100/10000] loss=0.0029 (t=0.0013 r=0.0140 beta=0.12) | val: 2.40deg/1947mm | 170.8s
[ 9200/10000] loss=0.0031 (t=0.0013 r=0.0153 beta=0.12) | val: 2.39deg/1896mm | 172.7s
[ 9300/10000] loss=0.0030 (t=0.0013 r=0.0146 beta=0.12) | val: 2.39deg/1912mm | 174.5s
[ 9400/10000] loss=0.0027 (t=0.0011 r=0.0145 beta=0.12) | val: 2.36deg/1893mm | 176.4s
[ 9500/10000] loss=0.0029 (t=0.0012 r=0.0145 beta=0.12) | val: 2.38deg/1902mm | 178.2s
[ 9600/10000] loss=0.0030 (t=0.0012 r=0.0161 beta=0.12) | val: 2.35deg/1910mm | 180.0s
[ 9700/10000] loss=0.0027 (t=0.0011 r=0.0141 beta=0.12) | val: 2.34deg/1915mm | 181.9s
[ 9800/10000] loss=0.0029 (t=0.0011 r=0.0153 beta=0.12) | val: 2.33deg/1926mm | 183.7s
[ 9900/10000] loss=0.0029 (t=0.0012 r=0.0149 beta=0.12) | val: 2.36deg/1911mm | 185.6s
[10000/10000] loss=0.0031 (t=0.0014 r=0.0149 beta=0.12) | val: 2.36deg/1919mm | 187.4s

Training done. Best epoch: 570, score: 1.4969

Loaded best model from epoch 570

======================================================================
EVALUATION RESULTS (Direct Regression)
======================================================================
Rotation  (median): 2.21deg
Translation (median): 1281mm

  R@5deg_1m: 40.1%  (rot_pass=95.1%, trans_pass=40.7%)
  R@10deg_2m: 68.1%  (rot_pass=99.5%, trans_pass=68.1%)
  R@15deg_5m: 95.6%  (rot_pass=100.0%, trans_pass=95.6%)
  R@25deg_5m: 95.6%  (rot_pass=100.0%, trans_pass=95.6%)

======================================================================
EVALUATION RESULTS (Retrieval Mode)
======================================================================
Retrieval median: 10.70deg / 2381mm
  R@5deg_1m: 4.4%  (rot=8.2%, trans=18.7%)
  R@10deg_2m: 21.4%  (rot=45.6%, trans=41.8%)
  R@15deg_5m: 62.1%  (rot=72.0%, trans=89.6%)
  R@25deg_5m: 86.8%  (rot=97.3%, trans=89.6%)
======================================================================

Done!
--- seed35 done ---
=== exp24e_attn_h4_wider_seed36 on GPU 5 ===
======================================================================
Experiment: exp24e_attn_h4_wider_seed36
Pool: attn, Features: both+sum
======================================================================
Random seed: 36
Using device: cuda:5

Loading data (fine=True, coarse=True, summary=True)...
  Loaded fine_geo: torch.Size([895, 128, 68, 120])
  Loaded coarse_sem: torch.Size([895, 128, 68, 120])
  Loaded summary: torch.Size([895, 2560])
  [train] 895 samples loaded
  Loaded fine_geo: torch.Size([182, 128, 68, 120])
  Loaded coarse_sem: torch.Size([182, 128, 68, 120])
  Loaded summary: torch.Size([182, 2560])
  [test] 182 samples loaded
Translation norm: mean=[13.19548    -0.64731836 23.103329  ], std=[10.827089    0.94348246  9.766839  ]
  Feature dim after pooling: 3584
Model parameters: 10,001,042
Model parameters: 10,001,042
[    1/10000] loss=2.9056 (t=0.5490 r=2.3566 beta=1.00) | val: 76.47deg/20928mm | 0.5s
[  100/10000] loss=0.1178 (t=0.0391 r=0.0845 beta=0.93) | val: 4.69deg/2708mm | 4.0s
[  200/10000] loss=0.0747 (t=0.0273 r=0.0535 beta=0.89) | val: 3.65deg/2350mm | 6.8s
[  300/10000] loss=0.0503 (t=0.0162 r=0.0402 beta=0.85) | val: 2.63deg/1695mm | 8.9s
[  400/10000] loss=0.0406 (t=0.0146 r=0.0318 beta=0.82) | val: 2.72deg/1716mm | 11.1s
[  500/10000] loss=0.0403 (t=0.0145 r=0.0327 beta=0.79) | val: 2.32deg/1709mm | 13.1s
[  600/10000] loss=0.0338 (t=0.0106 r=0.0307 beta=0.76) | val: 2.21deg/1400mm | 15.1s
[  700/10000] loss=0.0266 (t=0.0074 r=0.0263 beta=0.73) | val: 1.88deg/1437mm | 17.1s
[  800/10000] loss=0.0279 (t=0.0066 r=0.0303 beta=0.70) | val: 2.06deg/1426mm | 19.2s
[  900/10000] loss=0.0228 (t=0.0060 r=0.0248 beta=0.68) | val: 2.26deg/1554mm | 21.2s
[ 1000/10000] loss=0.0211 (t=0.0060 r=0.0231 beta=0.65) | val: 1.93deg/1487mm | 23.0s
[ 1100/10000] loss=0.0201 (t=0.0040 r=0.0256 beta=0.63) | val: 2.23deg/1690mm | 24.8s
[ 1200/10000] loss=0.0180 (t=0.0043 r=0.0225 beta=0.61) | val: 2.01deg/1593mm | 26.8s
[ 1300/10000] loss=0.0170 (t=0.0038 r=0.0225 beta=0.59) | val: 2.03deg/1666mm | 28.7s
[ 1400/10000] loss=0.0174 (t=0.0035 r=0.0246 beta=0.56) | val: 2.09deg/1365mm | 30.7s
[ 1500/10000] loss=0.0204 (t=0.0051 r=0.0280 beta=0.55) | val: 2.16deg/1542mm | 32.5s
[ 1600/10000] loss=0.0147 (t=0.0038 r=0.0207 beta=0.53) | val: 1.97deg/1380mm | 34.3s
[ 1700/10000] loss=0.0153 (t=0.0043 r=0.0217 beta=0.51) | val: 1.80deg/1499mm | 36.2s
[ 1800/10000] loss=0.0149 (t=0.0041 r=0.0221 beta=0.49) | val: 1.99deg/1500mm | 38.0s
[ 1900/10000] loss=0.0137 (t=0.0031 r=0.0224 beta=0.47) | val: 2.00deg/1403mm | 39.9s
[ 2000/10000] loss=0.0130 (t=0.0037 r=0.0203 beta=0.46) | val: 1.95deg/1473mm | 41.7s
[ 2100/10000] loss=0.0131 (t=0.0034 r=0.0219 beta=0.44) | val: 2.09deg/1508mm | 43.6s
[ 2200/10000] loss=0.0116 (t=0.0030 r=0.0202 beta=0.43) | val: 1.95deg/1507mm | 45.5s
[ 2300/10000] loss=0.0109 (t=0.0028 r=0.0197 beta=0.41) | val: 2.00deg/1504mm | 47.3s
[ 2400/10000] loss=0.0111 (t=0.0030 r=0.0202 beta=0.40) | val: 2.06deg/1586mm | 49.2s
[ 2500/10000] loss=0.0101 (t=0.0027 r=0.0189 beta=0.39) | val: 1.94deg/1700mm | 51.0s
[ 2600/10000] loss=0.0100 (t=0.0032 r=0.0181 beta=0.38) | val: 2.07deg/1439mm | 53.0s
[ 2700/10000] loss=0.0090 (t=0.0021 r=0.0189 beta=0.36) | val: 2.03deg/1523mm | 54.8s
[ 2800/10000] loss=0.0092 (t=0.0025 r=0.0191 beta=0.35) | val: 2.03deg/1556mm | 56.7s
[ 2900/10000] loss=0.0089 (t=0.0024 r=0.0189 beta=0.34) | val: 1.88deg/1547mm | 58.5s
[ 3000/10000] loss=0.0085 (t=0.0027 r=0.0177 beta=0.33) | val: 1.91deg/1551mm | 60.3s
[ 3100/10000] loss=0.0079 (t=0.0022 r=0.0178 beta=0.32) | val: 1.90deg/1562mm | 62.2s
[ 3200/10000] loss=0.0089 (t=0.0024 r=0.0208 beta=0.31) | val: 2.01deg/1550mm | 64.0s
[ 3300/10000] loss=0.0076 (t=0.0023 r=0.0174 beta=0.30) | val: 1.87deg/1493mm | 65.9s
[ 3400/10000] loss=0.0083 (t=0.0026 r=0.0196 beta=0.29) | val: 1.98deg/1603mm | 67.8s
[ 3500/10000] loss=0.0070 (t=0.0019 r=0.0177 beta=0.28) | val: 1.85deg/1492mm | 69.6s
[ 3600/10000] loss=0.0071 (t=0.0023 r=0.0172 beta=0.28) | val: 1.92deg/1350mm | 71.5s
[ 3700/10000] loss=0.0068 (t=0.0018 r=0.0187 beta=0.27) | val: 1.97deg/1484mm | 73.3s
[ 3800/10000] loss=0.0068 (t=0.0021 r=0.0183 beta=0.26) | val: 1.98deg/1393mm | 75.2s
[ 3900/10000] loss=0.0058 (t=0.0018 r=0.0160 beta=0.25) | val: 1.75deg/1433mm | 77.0s
[ 4000/10000] loss=0.0060 (t=0.0020 r=0.0164 beta=0.25) | val: 1.77deg/1473mm | 78.9s
[ 4100/10000] loss=0.0061 (t=0.0018 r=0.0176 beta=0.24) | val: 1.86deg/1674mm | 80.7s
[ 4200/10000] loss=0.0058 (t=0.0020 r=0.0165 beta=0.23) | val: 1.99deg/1292mm | 82.5s
[ 4300/10000] loss=0.0062 (t=0.0020 r=0.0184 beta=0.23) | val: 2.08deg/1511mm | 84.6s
[ 4400/10000] loss=0.0055 (t=0.0018 r=0.0167 beta=0.22) | val: 2.05deg/1543mm | 86.4s
[ 4500/10000] loss=0.0061 (t=0.0021 r=0.0185 beta=0.22) | val: 1.88deg/1520mm | 88.3s
[ 4600/10000] loss=0.0049 (t=0.0015 r=0.0162 beta=0.21) | val: 1.87deg/1551mm | 90.1s
[ 4700/10000] loss=0.0057 (t=0.0022 r=0.0170 beta=0.21) | val: 1.98deg/1575mm | 91.9s
[ 4800/10000] loss=0.0053 (t=0.0018 r=0.0174 beta=0.20) | val: 2.00deg/1446mm | 93.8s
[ 4900/10000] loss=0.0050 (t=0.0015 r=0.0177 beta=0.20) | val: 1.99deg/1526mm | 95.6s
[ 5000/10000] loss=0.0051 (t=0.0019 r=0.0167 beta=0.19) | val: 1.86deg/1386mm | 97.5s
[ 5100/10000] loss=0.0048 (t=0.0018 r=0.0162 beta=0.19) | val: 1.99deg/1580mm | 99.4s
[ 5200/10000] loss=0.0045 (t=0.0015 r=0.0165 beta=0.18) | val: 1.90deg/1487mm | 101.2s
[ 5300/10000] loss=0.0051 (t=0.0023 r=0.0161 beta=0.18) | val: 1.97deg/1365mm | 103.1s
[ 5400/10000] loss=0.0046 (t=0.0016 r=0.0172 beta=0.17) | val: 1.89deg/1646mm | 104.9s
[ 5500/10000] loss=0.0043 (t=0.0015 r=0.0164 beta=0.17) | val: 1.96deg/1449mm | 106.8s
[ 5600/10000] loss=0.0050 (t=0.0021 r=0.0175 beta=0.17) | val: 1.96deg/1596mm | 108.6s
[ 5700/10000] loss=0.0039 (t=0.0014 r=0.0152 beta=0.16) | val: 1.91deg/1421mm | 110.4s
[ 5800/10000] loss=0.0042 (t=0.0016 r=0.0165 beta=0.16) | val: 1.88deg/1504mm | 112.3s
[ 5900/10000] loss=0.0039 (t=0.0014 r=0.0153 beta=0.16) | val: 1.98deg/1527mm | 114.1s
[ 6000/10000] loss=0.0041 (t=0.0014 r=0.0173 beta=0.15) | val: 2.04deg/1525mm | 116.0s
[ 6100/10000] loss=0.0042 (t=0.0016 r=0.0175 beta=0.15) | val: 2.09deg/1503mm | 117.8s
[ 6200/10000] loss=0.0043 (t=0.0017 r=0.0173 beta=0.15) | val: 1.90deg/1444mm | 119.7s
[ 6300/10000] loss=0.0038 (t=0.0014 r=0.0166 beta=0.15) | val: 1.98deg/1602mm | 121.5s
[ 6400/10000] loss=0.0038 (t=0.0015 r=0.0157 beta=0.14) | val: 2.02deg/1527mm | 123.4s
[ 6500/10000] loss=0.0038 (t=0.0014 r=0.0166 beta=0.14) | val: 1.92deg/1512mm | 125.2s
[ 6600/10000] loss=0.0036 (t=0.0015 r=0.0151 beta=0.14) | val: 1.94deg/1494mm | 127.0s
[ 6700/10000] loss=0.0036 (t=0.0014 r=0.0162 beta=0.14) | val: 1.93deg/1453mm | 128.9s
[ 6800/10000] loss=0.0036 (t=0.0013 r=0.0171 beta=0.14) | val: 2.03deg/1567mm | 130.7s
[ 6900/10000] loss=0.0034 (t=0.0014 r=0.0153 beta=0.13) | val: 1.89deg/1355mm | 132.6s
[ 7000/10000] loss=0.0035 (t=0.0014 r=0.0163 beta=0.13) | val: 1.92deg/1547mm | 134.4s
[ 7100/10000] loss=0.0033 (t=0.0013 r=0.0153 beta=0.13) | val: 2.00deg/1552mm | 136.3s
[ 7200/10000] loss=0.0033 (t=0.0012 r=0.0163 beta=0.13) | val: 1.96deg/1503mm | 138.1s
[ 7300/10000] loss=0.0032 (t=0.0011 r=0.0165 beta=0.13) | val: 1.94deg/1469mm | 139.9s
[ 7400/10000] loss=0.0037 (t=0.0017 r=0.0162 beta=0.13) | val: 2.02deg/1493mm | 141.8s
[ 7500/10000] loss=0.0037 (t=0.0015 r=0.0173 beta=0.12) | val: 2.08deg/1493mm | 143.7s
[ 7600/10000] loss=0.0035 (t=0.0013 r=0.0171 beta=0.12) | val: 1.96deg/1504mm | 145.5s
[ 7700/10000] loss=0.0032 (t=0.0012 r=0.0159 beta=0.12) | val: 2.00deg/1519mm | 147.4s
[ 7800/10000] loss=0.0034 (t=0.0015 r=0.0163 beta=0.12) | val: 1.90deg/1430mm | 149.2s
[ 7900/10000] loss=0.0034 (t=0.0014 r=0.0164 beta=0.12) | val: 2.00deg/1490mm | 151.0s
[ 8000/10000] loss=0.0032 (t=0.0013 r=0.0162 beta=0.12) | val: 1.98deg/1485mm | 152.9s
[ 8100/10000] loss=0.0033 (t=0.0015 r=0.0155 beta=0.12) | val: 1.95deg/1503mm | 154.7s
[ 8200/10000] loss=0.0033 (t=0.0014 r=0.0155 beta=0.12) | val: 1.94deg/1483mm | 156.6s
[ 8300/10000] loss=0.0030 (t=0.0012 r=0.0147 beta=0.12) | val: 2.02deg/1469mm | 158.4s
[ 8400/10000] loss=0.0029 (t=0.0011 r=0.0152 beta=0.12) | val: 1.93deg/1472mm | 160.3s
[ 8500/10000] loss=0.0032 (t=0.0013 r=0.0163 beta=0.12) | val: 1.94deg/1491mm | 162.1s
[ 8600/10000] loss=0.0031 (t=0.0013 r=0.0153 beta=0.12) | val: 1.93deg/1463mm | 163.9s
[ 8700/10000] loss=0.0028 (t=0.0011 r=0.0144 beta=0.12) | val: 2.00deg/1468mm | 165.8s
[ 8800/10000] loss=0.0030 (t=0.0013 r=0.0149 beta=0.12) | val: 1.96deg/1449mm | 167.6s
[ 8900/10000] loss=0.0030 (t=0.0012 r=0.0150 beta=0.11) | val: 2.01deg/1485mm | 169.5s
[ 9000/10000] loss=0.0033 (t=0.0015 r=0.0153 beta=0.11) | val: 1.98deg/1431mm | 171.3s
[ 9100/10000] loss=0.0029 (t=0.0011 r=0.0163 beta=0.11) | val: 1.96deg/1488mm | 173.2s
[ 9200/10000] loss=0.0030 (t=0.0012 r=0.0159 beta=0.11) | val: 1.98deg/1431mm | 175.0s
[ 9300/10000] loss=0.0028 (t=0.0011 r=0.0152 beta=0.11) | val: 1.98deg/1479mm | 176.9s
[ 9400/10000] loss=0.0027 (t=0.0011 r=0.0147 beta=0.11) | val: 1.96deg/1481mm | 178.7s
[ 9500/10000] loss=0.0026 (t=0.0009 r=0.0152 beta=0.11) | val: 1.98deg/1487mm | 180.5s
[ 9600/10000] loss=0.0028 (t=0.0012 r=0.0142 beta=0.11) | val: 1.99deg/1468mm | 182.4s
[ 9700/10000] loss=0.0027 (t=0.0011 r=0.0141 beta=0.11) | val: 1.98deg/1490mm | 184.2s
[ 9800/10000] loss=0.0030 (t=0.0012 r=0.0157 beta=0.11) | val: 1.98deg/1469mm | 186.1s
[ 9900/10000] loss=0.0028 (t=0.0012 r=0.0146 beta=0.11) | val: 1.97deg/1461mm | 187.9s
[10000/10000] loss=0.0029 (t=0.0012 r=0.0148 beta=0.11) | val: 1.98deg/1464mm | 189.7s

Training done. Best epoch: 4200, score: 1.4908

Loaded best model from epoch 4200

======================================================================
EVALUATION RESULTS (Direct Regression)
======================================================================
Rotation  (median): 1.99deg
Translation (median): 1294mm

  R@5deg_1m: 35.2%  (rot_pass=90.1%, trans_pass=36.3%)
  R@10deg_2m: 62.6%  (rot_pass=99.5%, trans_pass=62.6%)
  R@15deg_5m: 86.3%  (rot_pass=100.0%, trans_pass=86.3%)
  R@25deg_5m: 86.3%  (rot_pass=100.0%, trans_pass=86.3%)

======================================================================
EVALUATION RESULTS (Retrieval Mode)
======================================================================
Retrieval median: 12.03deg / 2543mm
  R@5deg_1m: 1.6%  (rot=4.4%, trans=19.8%)
  R@10deg_2m: 17.6%  (rot=41.8%, trans=42.9%)
  R@15deg_5m: 50.0%  (rot=66.5%, trans=79.7%)
  R@25deg_5m: 78.6%  (rot=98.4%, trans=79.7%)
======================================================================

Done!
--- seed36 done ---
=== exp24e_attn_h4_wider_seed37 on GPU 5 ===
======================================================================
Experiment: exp24e_attn_h4_wider_seed37
Pool: attn, Features: both+sum
======================================================================
Random seed: 37
Using device: cuda:5

Loading data (fine=True, coarse=True, summary=True)...
  Loaded fine_geo: torch.Size([895, 128, 68, 120])
  Loaded coarse_sem: torch.Size([895, 128, 68, 120])
  Loaded summary: torch.Size([895, 2560])
  [train] 895 samples loaded
  Loaded fine_geo: torch.Size([182, 128, 68, 120])
  Loaded coarse_sem: torch.Size([182, 128, 68, 120])
  Loaded summary: torch.Size([182, 2560])
  [test] 182 samples loaded
Translation norm: mean=[13.19548    -0.64731836 23.103329  ], std=[10.827089    0.94348246  9.766839  ]
  Feature dim after pooling: 3584
Model parameters: 10,001,042
Model parameters: 10,001,042
[    1/10000] loss=3.0314 (t=0.6349 r=2.3965 beta=1.00) | val: 73.50deg/19652mm | 0.4s
[  100/10000] loss=0.1038 (t=0.0329 r=0.0763 beta=0.93) | val: 5.64deg/3055mm | 3.1s
[  200/10000] loss=0.0712 (t=0.0248 r=0.0523 beta=0.89) | val: 3.96deg/2237mm | 5.7s
[  300/10000] loss=0.0558 (t=0.0193 r=0.0429 beta=0.85) | val: 2.37deg/1780mm | 8.3s
[  400/10000] loss=0.0442 (t=0.0160 r=0.0342 beta=0.82) | val: 2.40deg/1812mm | 10.6s
[  500/10000] loss=0.0380 (t=0.0129 r=0.0316 beta=0.79) | val: 1.94deg/1692mm | 12.6s
[  600/10000] loss=0.0331 (t=0.0097 r=0.0306 beta=0.77) | val: 2.43deg/1527mm | 14.6s
[  700/10000] loss=0.0257 (t=0.0061 r=0.0266 beta=0.74) | val: 2.18deg/1468mm | 16.6s
[  800/10000] loss=0.0245 (t=0.0062 r=0.0257 beta=0.71) | val: 2.04deg/1526mm | 18.7s
[  900/10000] loss=0.0270 (t=0.0065 r=0.0298 beta=0.69) | val: 2.14deg/1728mm | 20.5s
[ 1000/10000] loss=0.0215 (t=0.0047 r=0.0253 beta=0.66) | val: 1.91deg/1634mm | 22.4s
[ 1100/10000] loss=0.0184 (t=0.0043 r=0.0220 beta=0.64) | val: 2.06deg/1761mm | 24.4s
[ 1200/10000] loss=0.0193 (t=0.0047 r=0.0235 beta=0.62) | val: 2.02deg/1510mm | 26.3s
[ 1300/10000] loss=0.0195 (t=0.0045 r=0.0251 beta=0.60) | val: 1.94deg/1439mm | 28.3s
[ 1400/10000] loss=0.0185 (t=0.0040 r=0.0252 beta=0.58) | val: 2.15deg/1571mm | 30.2s
[ 1500/10000] loss=0.0165 (t=0.0033 r=0.0236 beta=0.56) | val: 1.97deg/1543mm | 32.0s
[ 1600/10000] loss=0.0159 (t=0.0037 r=0.0226 beta=0.54) | val: 1.90deg/1616mm | 33.8s
[ 1700/10000] loss=0.0154 (t=0.0040 r=0.0220 beta=0.52) | val: 1.80deg/1682mm | 35.7s
[ 1800/10000] loss=0.0147 (t=0.0046 r=0.0200 beta=0.50) | val: 1.86deg/1632mm | 37.7s
[ 1900/10000] loss=0.0134 (t=0.0029 r=0.0218 beta=0.49) | val: 2.02deg/1398mm | 39.7s
[ 2000/10000] loss=0.0129 (t=0.0032 r=0.0207 beta=0.47) | val: 1.97deg/1473mm | 41.5s
[ 2100/10000] loss=0.0123 (t=0.0028 r=0.0209 beta=0.45) | val: 1.93deg/1530mm | 43.4s
[ 2200/10000] loss=0.0115 (t=0.0025 r=0.0205 beta=0.44) | val: 2.00deg/1673mm | 45.4s
[ 2300/10000] loss=0.0123 (t=0.0028 r=0.0225 beta=0.43) | val: 2.33deg/1651mm | 47.2s
[ 2400/10000] loss=0.0111 (t=0.0031 r=0.0194 beta=0.41) | val: 2.32deg/1822mm | 49.1s
[ 2500/10000] loss=0.0106 (t=0.0032 r=0.0184 beta=0.40) | val: 2.09deg/1470mm | 50.9s
[ 2600/10000] loss=0.0102 (t=0.0026 r=0.0196 beta=0.39) | val: 2.14deg/1464mm | 52.8s
[ 2700/10000] loss=0.0097 (t=0.0024 r=0.0195 beta=0.37) | val: 2.04deg/1529mm | 54.6s
[ 2800/10000] loss=0.0095 (t=0.0029 r=0.0182 beta=0.36) | val: 1.98deg/1549mm | 56.4s
[ 2900/10000] loss=0.0085 (t=0.0023 r=0.0179 beta=0.35) | val: 2.20deg/1536mm | 58.3s
[ 3000/10000] loss=0.0088 (t=0.0025 r=0.0185 beta=0.34) | val: 2.13deg/1552mm | 60.1s
[ 3100/10000] loss=0.0090 (t=0.0025 r=0.0195 beta=0.33) | val: 2.14deg/1578mm | 62.0s
[ 3200/10000] loss=0.0086 (t=0.0026 r=0.0188 beta=0.32) | val: 2.01deg/1473mm | 63.8s
[ 3300/10000] loss=0.0080 (t=0.0022 r=0.0185 beta=0.31) | val: 2.17deg/1418mm | 65.7s
[ 3400/10000] loss=0.0077 (t=0.0020 r=0.0189 beta=0.30) | val: 2.16deg/1530mm | 67.5s
[ 3500/10000] loss=0.0077 (t=0.0024 r=0.0182 beta=0.29) | val: 2.12deg/1563mm | 69.4s
[ 3600/10000] loss=0.0074 (t=0.0019 r=0.0193 beta=0.28) | val: 2.05deg/1552mm | 71.2s
[ 3700/10000] loss=0.0077 (t=0.0021 r=0.0201 beta=0.28) | val: 2.05deg/1486mm | 73.0s
[ 3800/10000] loss=0.0062 (t=0.0016 r=0.0174 beta=0.27) | val: 2.16deg/1480mm | 74.9s
[ 3900/10000] loss=0.0072 (t=0.0022 r=0.0192 beta=0.26) | val: 1.96deg/1679mm | 76.7s
[ 4000/10000] loss=0.0066 (t=0.0019 r=0.0185 beta=0.25) | val: 2.14deg/1473mm | 78.6s
[ 4100/10000] loss=0.0068 (t=0.0020 r=0.0193 beta=0.25) | val: 2.14deg/1634mm | 80.4s
[ 4200/10000] loss=0.0065 (t=0.0024 r=0.0174 beta=0.24) | val: 2.15deg/1573mm | 82.2s
[ 4300/10000] loss=0.0058 (t=0.0019 r=0.0165 beta=0.23) | val: 2.14deg/1478mm | 84.1s
[ 4400/10000] loss=0.0067 (t=0.0028 r=0.0172 beta=0.23) | val: 2.21deg/1459mm | 85.9s
[ 4500/10000] loss=0.0060 (t=0.0018 r=0.0188 beta=0.22) | val: 2.19deg/1692mm | 87.8s
[ 4600/10000] loss=0.0056 (t=0.0018 r=0.0171 beta=0.22) | val: 2.27deg/1631mm | 89.6s
[ 4700/10000] loss=0.0059 (t=0.0019 r=0.0188 beta=0.21) | val: 2.20deg/1582mm | 91.5s
[ 4800/10000] loss=0.0056 (t=0.0018 r=0.0183 beta=0.21) | val: 2.15deg/1547mm | 93.3s
[ 4900/10000] loss=0.0051 (t=0.0017 r=0.0171 beta=0.20) | val: 2.11deg/1577mm | 95.1s
[ 5000/10000] loss=0.0051 (t=0.0018 r=0.0168 beta=0.20) | val: 2.17deg/1409mm | 97.0s
[ 5100/10000] loss=0.0051 (t=0.0017 r=0.0175 beta=0.19) | val: 2.31deg/1562mm | 98.8s
[ 5200/10000] loss=0.0048 (t=0.0016 r=0.0170 beta=0.19) | val: 2.37deg/1588mm | 100.7s
[ 5300/10000] loss=0.0050 (t=0.0020 r=0.0162 beta=0.18) | val: 2.27deg/1509mm | 102.5s
[ 5400/10000] loss=0.0042 (t=0.0014 r=0.0157 beta=0.18) | val: 2.19deg/1646mm | 104.4s
[ 5500/10000] loss=0.0045 (t=0.0016 r=0.0165 beta=0.18) | val: 2.26deg/1455mm | 106.2s
[ 5600/10000] loss=0.0043 (t=0.0015 r=0.0160 beta=0.17) | val: 2.33deg/1561mm | 108.0s
[ 5700/10000] loss=0.0046 (t=0.0017 r=0.0169 beta=0.17) | val: 2.23deg/1598mm | 109.9s
[ 5800/10000] loss=0.0048 (t=0.0018 r=0.0181 beta=0.17) | val: 2.22deg/1509mm | 111.7s
[ 5900/10000] loss=0.0042 (t=0.0016 r=0.0165 beta=0.16) | val: 2.20deg/1571mm | 113.6s
[ 6000/10000] loss=0.0043 (t=0.0018 r=0.0160 beta=0.16) | val: 2.31deg/1554mm | 115.4s
[ 6100/10000] loss=0.0042 (t=0.0015 r=0.0177 beta=0.16) | val: 2.22deg/1669mm | 117.3s
[ 6200/10000] loss=0.0042 (t=0.0017 r=0.0162 beta=0.15) | val: 2.27deg/1426mm | 119.1s
[ 6300/10000] loss=0.0046 (t=0.0019 r=0.0178 beta=0.15) | val: 2.25deg/1572mm | 120.9s
[ 6400/10000] loss=0.0037 (t=0.0014 r=0.0158 beta=0.15) | val: 2.23deg/1563mm | 122.8s
[ 6500/10000] loss=0.0040 (t=0.0016 r=0.0162 beta=0.15) | val: 2.31deg/1627mm | 124.6s
[ 6600/10000] loss=0.0036 (t=0.0013 r=0.0159 beta=0.14) | val: 2.33deg/1447mm | 126.5s
[ 6700/10000] loss=0.0037 (t=0.0015 r=0.0154 beta=0.14) | val: 2.27deg/1558mm | 128.3s
[ 6800/10000] loss=0.0035 (t=0.0013 r=0.0158 beta=0.14) | val: 2.28deg/1628mm | 130.2s
[ 6900/10000] loss=0.0037 (t=0.0016 r=0.0154 beta=0.14) | val: 2.29deg/1550mm | 132.0s
[ 7000/10000] loss=0.0035 (t=0.0014 r=0.0158 beta=0.14) | val: 2.19deg/1545mm | 133.9s
[ 7100/10000] loss=0.0033 (t=0.0012 r=0.0155 beta=0.13) | val: 2.20deg/1603mm | 135.7s
[ 7200/10000] loss=0.0038 (t=0.0014 r=0.0176 beta=0.13) | val: 2.29deg/1489mm | 137.5s
[ 7300/10000] loss=0.0036 (t=0.0016 r=0.0155 beta=0.13) | val: 2.32deg/1465mm | 139.4s
[ 7400/10000] loss=0.0036 (t=0.0014 r=0.0166 beta=0.13) | val: 2.35deg/1575mm | 141.2s
[ 7500/10000] loss=0.0033 (t=0.0012 r=0.0160 beta=0.13) | val: 2.31deg/1548mm | 143.1s
[ 7600/10000] loss=0.0032 (t=0.0013 r=0.0154 beta=0.13) | val: 2.25deg/1555mm | 144.9s
[ 7700/10000] loss=0.0033 (t=0.0014 r=0.0150 beta=0.13) | val: 2.24deg/1518mm | 146.8s
[ 7800/10000] loss=0.0038 (t=0.0018 r=0.0159 beta=0.13) | val: 2.27deg/1526mm | 148.6s
[ 7900/10000] loss=0.0036 (t=0.0016 r=0.0160 beta=0.12) | val: 2.26deg/1483mm | 150.4s
[ 8000/10000] loss=0.0033 (t=0.0014 r=0.0152 beta=0.12) | val: 2.30deg/1550mm | 152.3s
[ 8100/10000] loss=0.0031 (t=0.0011 r=0.0160 beta=0.12) | val: 2.27deg/1534mm | 154.1s
[ 8200/10000] loss=0.0031 (t=0.0013 r=0.0146 beta=0.12) | val: 2.28deg/1482mm | 156.0s
[ 8300/10000] loss=0.0029 (t=0.0010 r=0.0158 beta=0.12) | val: 2.25deg/1513mm | 157.8s
[ 8400/10000] loss=0.0030 (t=0.0012 r=0.0148 beta=0.12) | val: 2.27deg/1497mm | 159.6s
[ 8500/10000] loss=0.0031 (t=0.0013 r=0.0153 beta=0.12) | val: 2.27deg/1533mm | 161.5s
[ 8600/10000] loss=0.0032 (t=0.0014 r=0.0152 beta=0.12) | val: 2.28deg/1594mm | 163.3s
[ 8700/10000] loss=0.0033 (t=0.0014 r=0.0159 beta=0.12) | val: 2.31deg/1544mm | 165.2s
[ 8800/10000] loss=0.0032 (t=0.0014 r=0.0154 beta=0.12) | val: 2.26deg/1533mm | 167.0s
[ 8900/10000] loss=0.0030 (t=0.0013 r=0.0143 beta=0.12) | val: 2.27deg/1564mm | 168.8s
[ 9000/10000] loss=0.0029 (t=0.0011 r=0.0151 beta=0.12) | val: 2.27deg/1530mm | 170.7s
[ 9100/10000] loss=0.0030 (t=0.0012 r=0.0150 beta=0.12) | val: 2.25deg/1472mm | 172.5s
[ 9200/10000] loss=0.0028 (t=0.0010 r=0.0157 beta=0.12) | val: 2.30deg/1535mm | 174.4s
[ 9300/10000] loss=0.0031 (t=0.0013 r=0.0157 beta=0.12) | val: 2.24deg/1552mm | 176.2s
[ 9400/10000] loss=0.0034 (t=0.0014 r=0.0173 beta=0.12) | val: 2.27deg/1544mm | 178.1s
[ 9500/10000] loss=0.0029 (t=0.0011 r=0.0152 beta=0.12) | val: 2.28deg/1508mm | 179.9s
[ 9600/10000] loss=0.0028 (t=0.0011 r=0.0147 beta=0.12) | val: 2.26deg/1515mm | 181.8s
[ 9700/10000] loss=0.0030 (t=0.0012 r=0.0149 beta=0.12) | val: 2.27deg/1532mm | 183.6s
[ 9800/10000] loss=0.0031 (t=0.0013 r=0.0153 beta=0.12) | val: 2.27deg/1514mm | 185.4s
[ 9900/10000] loss=0.0029 (t=0.0011 r=0.0152 beta=0.12) | val: 2.27deg/1524mm | 187.3s
[10000/10000] loss=0.0028 (t=0.0011 r=0.0147 beta=0.12) | val: 2.28deg/1508mm | 189.2s

Training done. Best epoch: 2120, score: 1.4767

Loaded best model from epoch 2120

======================================================================
EVALUATION RESULTS (Direct Regression)
======================================================================
Rotation  (median): 1.93deg
Translation (median): 1308mm

  R@5deg_1m: 35.7%  (rot_pass=94.0%, trans_pass=37.9%)
  R@10deg_2m: 71.4%  (rot_pass=100.0%, trans_pass=71.4%)
  R@15deg_5m: 93.4%  (rot_pass=100.0%, trans_pass=93.4%)
  R@25deg_5m: 93.4%  (rot_pass=100.0%, trans_pass=93.4%)

======================================================================
EVALUATION RESULTS (Retrieval Mode)
======================================================================
Retrieval median: 11.61deg / 2257mm
  R@5deg_1m: 1.1%  (rot=4.9%, trans=20.3%)
  R@10deg_2m: 18.7%  (rot=41.2%, trans=44.5%)
  R@15deg_5m: 56.0%  (rot=70.3%, trans=84.1%)
  R@25deg_5m: 82.4%  (rot=98.4%, trans=84.1%)
======================================================================

Done!
--- seed37 done ---
=== exp24e_attn_h4_wider_seed38 on GPU 5 ===
======================================================================
Experiment: exp24e_attn_h4_wider_seed38
Pool: attn, Features: both+sum
======================================================================
Random seed: 38
Using device: cuda:5

Loading data (fine=True, coarse=True, summary=True)...
  Loaded fine_geo: torch.Size([895, 128, 68, 120])
  Loaded coarse_sem: torch.Size([895, 128, 68, 120])
  Loaded summary: torch.Size([895, 2560])
  [train] 895 samples loaded
  Loaded fine_geo: torch.Size([182, 128, 68, 120])
  Loaded coarse_sem: torch.Size([182, 128, 68, 120])
  Loaded summary: torch.Size([182, 2560])
  [test] 182 samples loaded
Translation norm: mean=[13.19548    -0.64731836 23.103329  ], std=[10.827089    0.94348246  9.766839  ]
  Feature dim after pooling: 3584
Model parameters: 10,001,042
Model parameters: 10,001,042
[    1/10000] loss=2.8249 (t=0.5742 r=2.2507 beta=1.00) | val: 52.71deg/34202mm | 0.7s
[  100/10000] loss=0.1130 (t=0.0350 r=0.0843 beta=0.93) | val: 4.28deg/2981mm | 3.7s
[  200/10000] loss=0.0682 (t=0.0227 r=0.0521 beta=0.87) | val: 4.77deg/2305mm | 6.1s
[  300/10000] loss=0.0571 (t=0.0188 r=0.0461 beta=0.83) | val: 2.57deg/1481mm | 8.4s
[  400/10000] loss=0.0392 (t=0.0128 r=0.0332 beta=0.79) | val: 2.59deg/1435mm | 10.7s
[  500/10000] loss=0.0334 (t=0.0104 r=0.0302 beta=0.76) | val: 2.62deg/1836mm | 12.9s
[  600/10000] loss=0.0290 (t=0.0087 r=0.0278 beta=0.73) | val: 2.13deg/1347mm | 14.8s
[  700/10000] loss=0.0273 (t=0.0072 r=0.0288 beta=0.70) | val: 1.82deg/1551mm | 16.6s
[  800/10000] loss=0.0234 (t=0.0053 r=0.0269 beta=0.67) | val: 2.10deg/1509mm | 18.5s
[  900/10000] loss=0.0223 (t=0.0054 r=0.0260 beta=0.65) | val: 1.81deg/1522mm | 20.3s
[ 1000/10000] loss=0.0216 (t=0.0054 r=0.0260 beta=0.62) | val: 2.02deg/1415mm | 22.2s
[ 1100/10000] loss=0.0196 (t=0.0047 r=0.0249 beta=0.60) | val: 1.96deg/1453mm | 24.4s
[ 1200/10000] loss=0.0182 (t=0.0050 r=0.0230 beta=0.58) | val: 1.92deg/1346mm | 26.2s
[ 1300/10000] loss=0.0186 (t=0.0043 r=0.0257 beta=0.56) | val: 1.92deg/1344mm | 28.1s
[ 1400/10000] loss=0.0159 (t=0.0042 r=0.0219 beta=0.54) | val: 1.98deg/1608mm | 29.9s
[ 1500/10000] loss=0.0158 (t=0.0038 r=0.0233 beta=0.52) | val: 1.90deg/1424mm | 31.8s
[ 1600/10000] loss=0.0142 (t=0.0033 r=0.0218 beta=0.50) | val: 2.12deg/1417mm | 33.6s
[ 1700/10000] loss=0.0151 (t=0.0043 r=0.0224 beta=0.48) | val: 2.19deg/1684mm | 35.5s
[ 1800/10000] loss=0.0124 (t=0.0032 r=0.0199 beta=0.46) | val: 2.00deg/1498mm | 37.3s
[ 1900/10000] loss=0.0123 (t=0.0028 r=0.0212 beta=0.45) | val: 1.95deg/1449mm | 39.1s
[ 2000/10000] loss=0.0128 (t=0.0035 r=0.0218 beta=0.43) | val: 1.89deg/1625mm | 41.0s
[ 2100/10000] loss=0.0118 (t=0.0031 r=0.0211 beta=0.42) | val: 2.22deg/1587mm | 42.8s
[ 2200/10000] loss=0.0114 (t=0.0034 r=0.0201 beta=0.40) | val: 2.28deg/1577mm | 44.7s
[ 2300/10000] loss=0.0101 (t=0.0026 r=0.0193 beta=0.39) | val: 1.97deg/1626mm | 46.5s
[ 2400/10000] loss=0.0094 (t=0.0024 r=0.0187 beta=0.37) | val: 2.04deg/1408mm | 48.4s
[ 2500/10000] loss=0.0096 (t=0.0024 r=0.0199 beta=0.36) | val: 2.40deg/1781mm | 50.2s
[ 2600/10000] loss=0.0094 (t=0.0024 r=0.0198 beta=0.35) | val: 1.83deg/1624mm | 52.0s
[ 2700/10000] loss=0.0090 (t=0.0022 r=0.0199 beta=0.34) | val: 1.88deg/1711mm | 53.9s
[ 2800/10000] loss=0.0084 (t=0.0025 r=0.0181 beta=0.33) | val: 2.06deg/1701mm | 55.7s
[ 2900/10000] loss=0.0085 (t=0.0021 r=0.0199 beta=0.32) | val: 2.07deg/1451mm | 57.6s
[ 3000/10000] loss=0.0077 (t=0.0019 r=0.0186 beta=0.31) | val: 1.93deg/1544mm | 59.4s
[ 3100/10000] loss=0.0081 (t=0.0027 r=0.0182 beta=0.30) | val: 2.15deg/1457mm | 61.2s
[ 3200/10000] loss=0.0077 (t=0.0022 r=0.0191 beta=0.29) | val: 2.23deg/1548mm | 63.1s
[ 3300/10000] loss=0.0078 (t=0.0023 r=0.0197 beta=0.28) | val: 2.13deg/1606mm | 64.9s
[ 3400/10000] loss=0.0075 (t=0.0023 r=0.0189 beta=0.27) | val: 1.94deg/1474mm | 66.8s
[ 3500/10000] loss=0.0072 (t=0.0021 r=0.0192 beta=0.26) | val: 1.93deg/1577mm | 68.6s
[ 3600/10000] loss=0.0070 (t=0.0023 r=0.0184 beta=0.26) | val: 1.86deg/1498mm | 70.5s
[ 3700/10000] loss=0.0069 (t=0.0022 r=0.0188 beta=0.25) | val: 2.08deg/1629mm | 72.3s
[ 3800/10000] loss=0.0062 (t=0.0019 r=0.0179 beta=0.24) | val: 1.97deg/1523mm | 74.2s
[ 3900/10000] loss=0.0059 (t=0.0017 r=0.0179 beta=0.23) | val: 1.96deg/1552mm | 76.0s
[ 4000/10000] loss=0.0066 (t=0.0023 r=0.0190 beta=0.23) | val: 1.94deg/1471mm | 77.9s
[ 4100/10000] loss=0.0058 (t=0.0020 r=0.0170 beta=0.22) | val: 2.14deg/1473mm | 79.7s
[ 4200/10000] loss=0.0057 (t=0.0020 r=0.0168 beta=0.22) | val: 1.99deg/1561mm | 81.6s
[ 4300/10000] loss=0.0055 (t=0.0017 r=0.0184 beta=0.21) | val: 1.97deg/1468mm | 83.4s
[ 4400/10000] loss=0.0052 (t=0.0017 r=0.0171 beta=0.20) | val: 1.90deg/1548mm | 85.3s
[ 4500/10000] loss=0.0047 (t=0.0016 r=0.0155 beta=0.20) | val: 1.98deg/1486mm | 87.1s
[ 4600/10000] loss=0.0052 (t=0.0017 r=0.0180 beta=0.19) | val: 2.02deg/1444mm | 89.0s
[ 4700/10000] loss=0.0059 (t=0.0022 r=0.0197 beta=0.19) | val: 1.95deg/1463mm | 90.8s
[ 4800/10000] loss=0.0049 (t=0.0016 r=0.0178 beta=0.18) | val: 1.96deg/1530mm | 92.6s
[ 4900/10000] loss=0.0051 (t=0.0016 r=0.0193 beta=0.18) | val: 2.15deg/1703mm | 94.5s
[ 5000/10000] loss=0.0045 (t=0.0017 r=0.0160 beta=0.18) | val: 1.98deg/1488mm | 96.3s
[ 5100/10000] loss=0.0051 (t=0.0019 r=0.0189 beta=0.17) | val: 2.05deg/1562mm | 98.2s
[ 5200/10000] loss=0.0051 (t=0.0020 r=0.0185 beta=0.17) | val: 1.99deg/1525mm | 100.0s
[ 5300/10000] loss=0.0045 (t=0.0019 r=0.0165 beta=0.16) | val: 2.04deg/1418mm | 101.9s
[ 5400/10000] loss=0.0049 (t=0.0019 r=0.0188 beta=0.16) | val: 2.02deg/1417mm | 103.7s
[ 5500/10000] loss=0.0044 (t=0.0017 r=0.0167 beta=0.16) | val: 2.02deg/1527mm | 105.6s
[ 5600/10000] loss=0.0040 (t=0.0016 r=0.0157 beta=0.15) | val: 2.00deg/1504mm | 107.4s
[ 5700/10000] loss=0.0040 (t=0.0015 r=0.0161 beta=0.15) | val: 1.91deg/1506mm | 109.3s
[ 5800/10000] loss=0.0041 (t=0.0018 r=0.0159 beta=0.15) | val: 1.99deg/1457mm | 111.1s
[ 5900/10000] loss=0.0038 (t=0.0012 r=0.0175 beta=0.14) | val: 2.02deg/1527mm | 113.0s
[ 6000/10000] loss=0.0039 (t=0.0016 r=0.0162 beta=0.14) | val: 2.03deg/1558mm | 114.8s
[ 6100/10000] loss=0.0036 (t=0.0014 r=0.0163 beta=0.14) | val: 2.02deg/1569mm | 116.7s
[ 6200/10000] loss=0.0041 (t=0.0017 r=0.0179 beta=0.14) | val: 1.99deg/1529mm | 118.5s
[ 6300/10000] loss=0.0036 (t=0.0014 r=0.0166 beta=0.13) | val: 2.08deg/1567mm | 120.4s
[ 6400/10000] loss=0.0037 (t=0.0016 r=0.0162 beta=0.13) | val: 2.00deg/1564mm | 122.2s
[ 6500/10000] loss=0.0039 (t=0.0019 r=0.0156 beta=0.13) | val: 1.96deg/1471mm | 124.0s
[ 6600/10000] loss=0.0035 (t=0.0015 r=0.0150 beta=0.13) | val: 2.05deg/1437mm | 125.9s
[ 6700/10000] loss=0.0034 (t=0.0015 r=0.0155 beta=0.13) | val: 1.95deg/1390mm | 127.7s
[ 6800/10000] loss=0.0033 (t=0.0013 r=0.0168 beta=0.12) | val: 2.01deg/1321mm | 129.6s
[ 6900/10000] loss=0.0034 (t=0.0015 r=0.0152 beta=0.12) | val: 2.01deg/1480mm | 131.4s
[ 7000/10000] loss=0.0031 (t=0.0012 r=0.0150 beta=0.12) | val: 2.02deg/1564mm | 133.3s
[ 7100/10000] loss=0.0034 (t=0.0015 r=0.0158 beta=0.12) | val: 1.92deg/1470mm | 135.1s
[ 7200/10000] loss=0.0031 (t=0.0011 r=0.0164 beta=0.12) | val: 2.06deg/1500mm | 136.9s
[ 7300/10000] loss=0.0032 (t=0.0014 r=0.0152 beta=0.12) | val: 1.92deg/1503mm | 138.8s
[ 7400/10000] loss=0.0032 (t=0.0013 r=0.0164 beta=0.12) | val: 2.08deg/1468mm | 140.6s
[ 7500/10000] loss=0.0033 (t=0.0012 r=0.0179 beta=0.11) | val: 1.99deg/1454mm | 142.5s
[ 7600/10000] loss=0.0032 (t=0.0014 r=0.0162 beta=0.11) | val: 2.00deg/1483mm | 144.3s
[ 7700/10000] loss=0.0033 (t=0.0015 r=0.0153 beta=0.11) | val: 1.92deg/1509mm | 146.1s
[ 7800/10000] loss=0.0030 (t=0.0012 r=0.0156 beta=0.11) | val: 1.96deg/1543mm | 148.0s
[ 7900/10000] loss=0.0027 (t=0.0011 r=0.0145 beta=0.11) | val: 1.99deg/1537mm | 149.8s
[ 8000/10000] loss=0.0029 (t=0.0012 r=0.0158 beta=0.11) | val: 1.97deg/1543mm | 151.7s
[ 8100/10000] loss=0.0031 (t=0.0013 r=0.0165 beta=0.11) | val: 1.96deg/1474mm | 153.5s
[ 8200/10000] loss=0.0028 (t=0.0011 r=0.0164 beta=0.11) | val: 2.00deg/1493mm | 155.4s
[ 8300/10000] loss=0.0029 (t=0.0012 r=0.0157 beta=0.11) | val: 1.99deg/1488mm | 157.2s
[ 8400/10000] loss=0.0028 (t=0.0011 r=0.0159 beta=0.11) | val: 1.95deg/1470mm | 159.1s
[ 8500/10000] loss=0.0029 (t=0.0013 r=0.0152 beta=0.11) | val: 1.94deg/1529mm | 160.9s
[ 8600/10000] loss=0.0027 (t=0.0010 r=0.0157 beta=0.11) | val: 1.99deg/1465mm | 162.8s
[ 8700/10000] loss=0.0026 (t=0.0010 r=0.0147 beta=0.11) | val: 2.03deg/1535mm | 164.6s
[ 8800/10000] loss=0.0026 (t=0.0011 r=0.0142 beta=0.11) | val: 1.97deg/1512mm | 166.4s
[ 8900/10000] loss=0.0029 (t=0.0012 r=0.0161 beta=0.10) | val: 1.99deg/1512mm | 168.3s
[ 9000/10000] loss=0.0029 (t=0.0014 r=0.0147 beta=0.10) | val: 2.01deg/1515mm | 170.1s
[ 9100/10000] loss=0.0028 (t=0.0011 r=0.0163 beta=0.10) | val: 2.00deg/1508mm | 172.0s
[ 9200/10000] loss=0.0028 (t=0.0012 r=0.0148 beta=0.10) | val: 1.96deg/1484mm | 173.8s
[ 9300/10000] loss=0.0027 (t=0.0011 r=0.0159 beta=0.10) | val: 1.98deg/1505mm | 175.7s
[ 9400/10000] loss=0.0031 (t=0.0015 r=0.0154 beta=0.10) | val: 2.01deg/1502mm | 177.5s
[ 9500/10000] loss=0.0027 (t=0.0010 r=0.0157 beta=0.10) | val: 1.99deg/1516mm | 179.3s
[ 9600/10000] loss=0.0026 (t=0.0010 r=0.0155 beta=0.10) | val: 2.00deg/1494mm | 181.2s
[ 9700/10000] loss=0.0029 (t=0.0013 r=0.0150 beta=0.10) | val: 1.99deg/1511mm | 183.0s
[ 9800/10000] loss=0.0028 (t=0.0012 r=0.0150 beta=0.10) | val: 2.00deg/1498mm | 184.9s
[ 9900/10000] loss=0.0027 (t=0.0012 r=0.0145 beta=0.10) | val: 1.99deg/1504mm | 186.7s
[10000/10000] loss=0.0028 (t=0.0012 r=0.0154 beta=0.10) | val: 1.98deg/1498mm | 188.6s

Training done. Best epoch: 1080, score: 1.4118

Loaded best model from epoch 1080

======================================================================
EVALUATION RESULTS (Direct Regression)
======================================================================
Rotation  (median): 1.92deg
Translation (median): 1226mm

  R@5deg_1m: 34.1%  (rot_pass=94.0%, trans_pass=34.6%)
  R@10deg_2m: 72.0%  (rot_pass=100.0%, trans_pass=72.0%)
  R@15deg_5m: 94.5%  (rot_pass=100.0%, trans_pass=94.5%)
  R@25deg_5m: 94.5%  (rot_pass=100.0%, trans_pass=94.5%)

======================================================================
EVALUATION RESULTS (Retrieval Mode)
======================================================================
Retrieval median: 11.08deg / 2170mm
  R@5deg_1m: 1.6%  (rot=3.3%, trans=18.7%)
  R@10deg_2m: 20.3%  (rot=44.0%, trans=45.6%)
  R@15deg_5m: 59.9%  (rot=72.0%, trans=85.7%)
  R@25deg_5m: 83.0%  (rot=97.3%, trans=85.7%)
======================================================================

Done!
--- seed38 done ---
=== exp24e_attn_h4_wider_seed39 on GPU 5 ===
======================================================================
Experiment: exp24e_attn_h4_wider_seed39
Pool: attn, Features: both+sum
======================================================================
Random seed: 39
Using device: cuda:5

Loading data (fine=True, coarse=True, summary=True)...
  Loaded fine_geo: torch.Size([895, 128, 68, 120])
  Loaded coarse_sem: torch.Size([895, 128, 68, 120])
  Loaded summary: torch.Size([895, 2560])
  [train] 895 samples loaded
  Loaded fine_geo: torch.Size([182, 128, 68, 120])
  Loaded coarse_sem: torch.Size([182, 128, 68, 120])
  Loaded summary: torch.Size([182, 2560])
  [test] 182 samples loaded
Translation norm: mean=[13.19548    -0.64731836 23.103329  ], std=[10.827089    0.94348246  9.766839  ]
  Feature dim after pooling: 3584
Model parameters: 10,001,042
Model parameters: 10,001,042
[    1/10000] loss=3.2295 (t=0.7096 r=2.5199 beta=1.00) | val: 56.94deg/20186mm | 0.5s
[  100/10000] loss=0.1123 (t=0.0429 r=0.0752 beta=0.92) | val: 5.03deg/3528mm | 3.5s
[  200/10000] loss=0.0694 (t=0.0261 r=0.0494 beta=0.88) | val: 3.48deg/2636mm | 5.9s
[  300/10000] loss=0.0471 (t=0.0142 r=0.0392 beta=0.84) | val: 2.66deg/1586mm | 8.2s
[  400/10000] loss=0.0433 (t=0.0146 r=0.0357 beta=0.80) | val: 1.99deg/1784mm | 10.3s
[  500/10000] loss=0.0382 (t=0.0118 r=0.0342 beta=0.77) | val: 2.65deg/2110mm | 12.3s
[  600/10000] loss=0.0321 (t=0.0096 r=0.0304 beta=0.74) | val: 2.23deg/1597mm | 14.3s
[  700/10000] loss=0.0286 (t=0.0070 r=0.0304 beta=0.71) | val: 2.26deg/1640mm | 16.3s
[  800/10000] loss=0.0235 (t=0.0062 r=0.0253 beta=0.68) | val: 2.33deg/1630mm | 18.1s
[  900/10000] loss=0.0228 (t=0.0057 r=0.0259 beta=0.66) | val: 2.14deg/1660mm | 20.0s
[ 1000/10000] loss=0.0218 (t=0.0051 r=0.0265 beta=0.63) | val: 2.14deg/1524mm | 21.8s
[ 1100/10000] loss=0.0200 (t=0.0060 r=0.0230 beta=0.61) | val: 2.06deg/1669mm | 23.8s
[ 1200/10000] loss=0.0177 (t=0.0045 r=0.0224 beta=0.59) | val: 2.43deg/1672mm | 25.6s
[ 1300/10000] loss=0.0163 (t=0.0038 r=0.0222 beta=0.56) | val: 2.21deg/1267mm | 27.5s
[ 1400/10000] loss=0.0168 (t=0.0046 r=0.0225 beta=0.54) | val: 2.16deg/1506mm | 29.5s
[ 1500/10000] loss=0.0143 (t=0.0031 r=0.0213 beta=0.52) | val: 2.15deg/1859mm | 31.3s
[ 1600/10000] loss=0.0159 (t=0.0042 r=0.0232 beta=0.51) | val: 2.07deg/1514mm | 33.1s
[ 1700/10000] loss=0.0172 (t=0.0039 r=0.0273 beta=0.49) | val: 2.05deg/1695mm | 35.0s
[ 1800/10000] loss=0.0152 (t=0.0037 r=0.0245 beta=0.47) | val: 2.01deg/1927mm | 36.8s
[ 1900/10000] loss=0.0131 (t=0.0030 r=0.0223 beta=0.45) | val: 1.89deg/1717mm | 38.7s
[ 2000/10000] loss=0.0115 (t=0.0029 r=0.0196 beta=0.44) | val: 1.95deg/1397mm | 40.5s
[ 2100/10000] loss=0.0121 (t=0.0028 r=0.0219 beta=0.42) | val: 1.89deg/1610mm | 42.4s
[ 2200/10000] loss=0.0114 (t=0.0031 r=0.0204 beta=0.41) | val: 2.13deg/1968mm | 44.2s
[ 2300/10000] loss=0.0111 (t=0.0029 r=0.0208 beta=0.40) | val: 1.96deg/1657mm | 46.1s
[ 2400/10000] loss=0.0106 (t=0.0027 r=0.0206 beta=0.38) | val: 2.14deg/1535mm | 47.9s
[ 2500/10000] loss=0.0089 (t=0.0023 r=0.0176 beta=0.37) | val: 1.96deg/1684mm | 49.7s
[ 2600/10000] loss=0.0090 (t=0.0026 r=0.0179 beta=0.36) | val: 2.04deg/1436mm | 51.7s
[ 2700/10000] loss=0.0094 (t=0.0025 r=0.0199 beta=0.35) | val: 2.18deg/1846mm | 53.5s
[ 2800/10000] loss=0.0087 (t=0.0027 r=0.0180 beta=0.33) | val: 1.99deg/1663mm | 55.3s
[ 2900/10000] loss=0.0079 (t=0.0022 r=0.0174 beta=0.32) | val: 2.02deg/1609mm | 57.2s
[ 3000/10000] loss=0.0085 (t=0.0027 r=0.0184 beta=0.31) | val: 2.03deg/1707mm | 59.0s
[ 3100/10000] loss=0.0076 (t=0.0021 r=0.0179 beta=0.30) | val: 1.96deg/1411mm | 60.9s
[ 3200/10000] loss=0.0080 (t=0.0023 r=0.0192 beta=0.29) | val: 1.99deg/1408mm | 62.7s
[ 3300/10000] loss=0.0080 (t=0.0025 r=0.0193 beta=0.29) | val: 1.91deg/1682mm | 64.5s
[ 3400/10000] loss=0.0072 (t=0.0021 r=0.0181 beta=0.28) | val: 2.07deg/1834mm | 66.4s
[ 3500/10000] loss=0.0090 (t=0.0028 r=0.0231 beta=0.27) | val: 2.02deg/1506mm | 68.2s
[ 3600/10000] loss=0.0072 (t=0.0026 r=0.0173 beta=0.26) | val: 2.10deg/1707mm | 70.1s
[ 3700/10000] loss=0.0069 (t=0.0020 r=0.0196 beta=0.25) | val: 2.02deg/1593mm | 71.9s
[ 3800/10000] loss=0.0062 (t=0.0017 r=0.0184 beta=0.25) | val: 2.11deg/1611mm | 73.8s
[ 3900/10000] loss=0.0059 (t=0.0016 r=0.0177 beta=0.24) | val: 2.14deg/1510mm | 75.6s
[ 4000/10000] loss=0.0064 (t=0.0023 r=0.0178 beta=0.23) | val: 2.11deg/1629mm | 77.5s
[ 4100/10000] loss=0.0065 (t=0.0026 r=0.0174 beta=0.23) | val: 2.05deg/1630mm | 79.3s
[ 4200/10000] loss=0.0062 (t=0.0025 r=0.0170 beta=0.22) | val: 2.06deg/1522mm | 81.1s
[ 4300/10000] loss=0.0057 (t=0.0020 r=0.0174 beta=0.21) | val: 1.93deg/1509mm | 83.0s
[ 4400/10000] loss=0.0056 (t=0.0020 r=0.0173 beta=0.21) | val: 2.03deg/1773mm | 84.8s
[ 4500/10000] loss=0.0052 (t=0.0019 r=0.0162 beta=0.20) | val: 2.13deg/1821mm | 86.7s
[ 4600/10000] loss=0.0048 (t=0.0016 r=0.0159 beta=0.20) | val: 1.91deg/1836mm | 88.5s
[ 4700/10000] loss=0.0050 (t=0.0017 r=0.0174 beta=0.19) | val: 2.17deg/1871mm | 90.4s
[ 4800/10000] loss=0.0047 (t=0.0016 r=0.0160 beta=0.19) | val: 2.03deg/1730mm | 92.2s
[ 4900/10000] loss=0.0051 (t=0.0019 r=0.0172 beta=0.18) | val: 2.08deg/1785mm | 94.1s
[ 5000/10000] loss=0.0055 (t=0.0022 r=0.0183 beta=0.18) | val: 2.10deg/1441mm | 95.9s
[ 5100/10000] loss=0.0041 (t=0.0015 r=0.0149 beta=0.18) | val: 2.15deg/1695mm | 97.7s
[ 5200/10000] loss=0.0044 (t=0.0015 r=0.0171 beta=0.17) | val: 2.01deg/1827mm | 99.6s
[ 5300/10000] loss=0.0044 (t=0.0015 r=0.0170 beta=0.17) | val: 2.07deg/1612mm | 101.4s
[ 5400/10000] loss=0.0043 (t=0.0016 r=0.0165 beta=0.16) | val: 2.03deg/1913mm | 103.3s
[ 5500/10000] loss=0.0045 (t=0.0016 r=0.0176 beta=0.16) | val: 2.13deg/1752mm | 105.1s
[ 5600/10000] loss=0.0047 (t=0.0021 r=0.0169 beta=0.16) | val: 2.30deg/1777mm | 107.0s
[ 5700/10000] loss=0.0044 (t=0.0017 r=0.0175 beta=0.15) | val: 1.98deg/1948mm | 108.8s
[ 5800/10000] loss=0.0038 (t=0.0015 r=0.0151 beta=0.15) | val: 2.10deg/1767mm | 110.6s
[ 5900/10000] loss=0.0040 (t=0.0015 r=0.0172 beta=0.15) | val: 2.07deg/1814mm | 112.5s
[ 6000/10000] loss=0.0040 (t=0.0016 r=0.0170 beta=0.15) | val: 2.03deg/1598mm | 114.3s
[ 6100/10000] loss=0.0040 (t=0.0015 r=0.0173 beta=0.14) | val: 2.12deg/1728mm | 116.2s
[ 6200/10000] loss=0.0041 (t=0.0019 r=0.0156 beta=0.14) | val: 2.07deg/1786mm | 118.0s
[ 6300/10000] loss=0.0039 (t=0.0016 r=0.0168 beta=0.14) | val: 2.15deg/1672mm | 119.8s
[ 6400/10000] loss=0.0035 (t=0.0014 r=0.0150 beta=0.14) | val: 2.04deg/1867mm | 121.7s
[ 6500/10000] loss=0.0037 (t=0.0016 r=0.0160 beta=0.13) | val: 2.08deg/1665mm | 123.5s
[ 6600/10000] loss=0.0037 (t=0.0015 r=0.0166 beta=0.13) | val: 2.08deg/1710mm | 125.4s
[ 6700/10000] loss=0.0035 (t=0.0014 r=0.0166 beta=0.13) | val: 2.10deg/1763mm | 127.2s
[ 6800/10000] loss=0.0032 (t=0.0013 r=0.0154 beta=0.13) | val: 2.05deg/1707mm | 129.0s
[ 6900/10000] loss=0.0039 (t=0.0018 r=0.0169 beta=0.13) | val: 2.07deg/1566mm | 130.9s
[ 7000/10000] loss=0.0035 (t=0.0014 r=0.0170 beta=0.12) | val: 1.97deg/1880mm | 132.7s
[ 7100/10000] loss=0.0032 (t=0.0013 r=0.0155 beta=0.12) | val: 2.08deg/1683mm | 134.6s
[ 7200/10000] loss=0.0034 (t=0.0014 r=0.0166 beta=0.12) | val: 2.03deg/1771mm | 136.4s
[ 7300/10000] loss=0.0032 (t=0.0013 r=0.0161 beta=0.12) | val: 2.12deg/1675mm | 138.3s
[ 7400/10000] loss=0.0032 (t=0.0014 r=0.0154 beta=0.12) | val: 2.09deg/1712mm | 140.1s
[ 7500/10000] loss=0.0032 (t=0.0014 r=0.0158 beta=0.12) | val: 2.02deg/1729mm | 141.9s
[ 7600/10000] loss=0.0033 (t=0.0014 r=0.0161 beta=0.12) | val: 2.02deg/1783mm | 143.8s
[ 7700/10000] loss=0.0032 (t=0.0015 r=0.0148 beta=0.12) | val: 2.02deg/1797mm | 145.6s
[ 7800/10000] loss=0.0031 (t=0.0012 r=0.0159 beta=0.11) | val: 2.04deg/1747mm | 147.5s
[ 7900/10000] loss=0.0031 (t=0.0014 r=0.0150 beta=0.11) | val: 1.96deg/1709mm | 149.3s
[ 8000/10000] loss=0.0030 (t=0.0013 r=0.0157 beta=0.11) | val: 2.06deg/1853mm | 151.2s
[ 8100/10000] loss=0.0029 (t=0.0013 r=0.0146 beta=0.11) | val: 2.02deg/1753mm | 153.0s
[ 8200/10000] loss=0.0032 (t=0.0013 r=0.0165 beta=0.11) | val: 1.99deg/1758mm | 154.8s
[ 8300/10000] loss=0.0030 (t=0.0013 r=0.0155 beta=0.11) | val: 2.02deg/1841mm | 156.7s
[ 8400/10000] loss=0.0029 (t=0.0012 r=0.0151 beta=0.11) | val: 2.08deg/1743mm | 158.6s
[ 8500/10000] loss=0.0031 (t=0.0013 r=0.0165 beta=0.11) | val: 1.98deg/1799mm | 160.4s
[ 8600/10000] loss=0.0026 (t=0.0009 r=0.0151 beta=0.11) | val: 2.03deg/1838mm | 162.2s
[ 8700/10000] loss=0.0028 (t=0.0011 r=0.0158 beta=0.11) | val: 2.01deg/1760mm | 164.1s
[ 8800/10000] loss=0.0031 (t=0.0014 r=0.0161 beta=0.11) | val: 2.04deg/1800mm | 165.9s
[ 8900/10000] loss=0.0030 (t=0.0013 r=0.0163 beta=0.11) | val: 2.03deg/1721mm | 167.8s
[ 9000/10000] loss=0.0027 (t=0.0010 r=0.0155 beta=0.11) | val: 2.03deg/1716mm | 169.6s
[ 9100/10000] loss=0.0029 (t=0.0012 r=0.0157 beta=0.11) | val: 2.00deg/1769mm | 171.4s
[ 9200/10000] loss=0.0030 (t=0.0013 r=0.0161 beta=0.11) | val: 1.99deg/1714mm | 173.3s
[ 9300/10000] loss=0.0029 (t=0.0014 r=0.0147 beta=0.11) | val: 2.06deg/1748mm | 175.1s
[ 9400/10000] loss=0.0031 (t=0.0014 r=0.0160 beta=0.11) | val: 2.06deg/1800mm | 177.0s
[ 9500/10000] loss=0.0028 (t=0.0013 r=0.0145 beta=0.11) | val: 2.01deg/1758mm | 178.8s
[ 9600/10000] loss=0.0030 (t=0.0014 r=0.0155 beta=0.11) | val: 2.03deg/1780mm | 180.6s
[ 9700/10000] loss=0.0028 (t=0.0012 r=0.0154 beta=0.11) | val: 2.04deg/1779mm | 182.5s
[ 9800/10000] loss=0.0030 (t=0.0013 r=0.0161 beta=0.11) | val: 2.04deg/1769mm | 184.3s
[ 9900/10000] loss=0.0027 (t=0.0011 r=0.0151 beta=0.11) | val: 2.03deg/1767mm | 186.2s
[10000/10000] loss=0.0027 (t=0.0012 r=0.0147 beta=0.11) | val: 2.04deg/1758mm | 188.0s

Training done. Best epoch: 1300, score: 1.4877

Loaded best model from epoch 1300

======================================================================
EVALUATION RESULTS (Direct Regression)
======================================================================
Rotation  (median): 2.22deg
Translation (median): 1295mm

  R@5deg_1m: 35.7%  (rot_pass=88.5%, trans_pass=36.3%)
  R@10deg_2m: 67.0%  (rot_pass=99.5%, trans_pass=67.0%)
  R@15deg_5m: 90.7%  (rot_pass=100.0%, trans_pass=90.7%)
  R@25deg_5m: 90.7%  (rot_pass=100.0%, trans_pass=90.7%)

======================================================================
EVALUATION RESULTS (Retrieval Mode)
======================================================================
Retrieval median: 12.00deg / 2486mm
  R@5deg_1m: 1.6%  (rot=3.8%, trans=18.1%)
  R@10deg_2m: 17.0%  (rot=39.6%, trans=41.2%)
  R@15deg_5m: 53.8%  (rot=65.9%, trans=86.3%)
  R@25deg_5m: 83.5%  (rot=96.2%, trans=86.3%)
======================================================================

Done!
--- seed39 done ---
=== GPU5 ALL DONE ===
