=== exp24e_attn_h4_wider_seed10 on GPU 0 ===
======================================================================
Experiment: exp24e_attn_h4_wider_seed10
Pool: attn, Features: both+sum
======================================================================
Random seed: 10
Using device: cuda:0

Loading data (fine=True, coarse=True, summary=True)...
  Loaded fine_geo: torch.Size([895, 128, 68, 120])
  Loaded coarse_sem: torch.Size([895, 128, 68, 120])
  Loaded summary: torch.Size([895, 2560])
  [train] 895 samples loaded
  Loaded fine_geo: torch.Size([182, 128, 68, 120])
  Loaded coarse_sem: torch.Size([182, 128, 68, 120])
  Loaded summary: torch.Size([182, 2560])
  [test] 182 samples loaded
Translation norm: mean=[13.19548    -0.64731836 23.103329  ], std=[10.827089    0.94348246  9.766839  ]
  Feature dim after pooling: 3584
Model parameters: 10,001,042
Model parameters: 10,001,042
[    1/10000] loss=3.0773 (t=0.7259 r=2.3514 beta=1.00) | val: 55.21deg/18954mm | 0.8s
[  100/10000] loss=0.1065 (t=0.0370 r=0.0751 beta=0.92) | val: 4.95deg/3266mm | 3.8s
[  200/10000] loss=0.0808 (t=0.0286 r=0.0594 beta=0.88) | val: 3.57deg/1833mm | 6.3s
[  300/10000] loss=0.0574 (t=0.0207 r=0.0436 beta=0.84) | val: 2.28deg/2368mm | 8.5s
[  400/10000] loss=0.0449 (t=0.0145 r=0.0376 beta=0.81) | val: 2.42deg/1530mm | 10.6s
[  500/10000] loss=0.0399 (t=0.0137 r=0.0338 beta=0.78) | val: 2.09deg/1648mm | 12.6s
[  600/10000] loss=0.0284 (t=0.0077 r=0.0277 beta=0.75) | val: 2.17deg/1498mm | 14.4s
[  700/10000] loss=0.0281 (t=0.0077 r=0.0284 beta=0.72) | val: 2.03deg/1689mm | 16.4s
[  800/10000] loss=0.0281 (t=0.0077 r=0.0294 beta=0.69) | val: 2.10deg/1764mm | 18.4s
[  900/10000] loss=0.0239 (t=0.0053 r=0.0279 beta=0.67) | val: 1.92deg/1403mm | 20.3s
[ 1000/10000] loss=0.0215 (t=0.0067 r=0.0230 beta=0.64) | val: 1.74deg/1584mm | 22.4s
[ 1100/10000] loss=0.0214 (t=0.0054 r=0.0257 beta=0.62) | val: 1.88deg/1394mm | 24.2s
[ 1200/10000] loss=0.0198 (t=0.0042 r=0.0261 beta=0.60) | val: 1.89deg/1523mm | 26.0s
[ 1300/10000] loss=0.0190 (t=0.0058 r=0.0229 beta=0.58) | val: 1.87deg/1409mm | 28.0s
[ 1400/10000] loss=0.0155 (t=0.0035 r=0.0215 beta=0.56) | val: 1.90deg/1460mm | 29.9s
[ 1500/10000] loss=0.0156 (t=0.0040 r=0.0215 beta=0.54) | val: 1.65deg/1567mm | 31.9s
[ 1600/10000] loss=0.0157 (t=0.0038 r=0.0229 beta=0.52) | val: 1.85deg/1406mm | 33.8s
[ 1700/10000] loss=0.0140 (t=0.0034 r=0.0211 beta=0.50) | val: 1.84deg/1401mm | 35.7s
[ 1800/10000] loss=0.0136 (t=0.0034 r=0.0212 beta=0.49) | val: 1.74deg/1403mm | 37.5s
[ 1900/10000] loss=0.0121 (t=0.0031 r=0.0192 beta=0.47) | val: 1.84deg/1411mm | 39.3s
[ 2000/10000] loss=0.0132 (t=0.0036 r=0.0211 beta=0.45) | val: 1.75deg/1336mm | 41.2s
[ 2100/10000] loss=0.0124 (t=0.0026 r=0.0222 beta=0.44) | val: 1.77deg/1347mm | 43.2s
[ 2200/10000] loss=0.0124 (t=0.0028 r=0.0225 beta=0.42) | val: 1.90deg/1353mm | 45.0s
[ 2300/10000] loss=0.0107 (t=0.0024 r=0.0202 beta=0.41) | val: 1.93deg/1542mm | 47.0s
[ 2400/10000] loss=0.0105 (t=0.0024 r=0.0206 beta=0.40) | val: 1.95deg/1381mm | 48.8s
[ 2500/10000] loss=0.0110 (t=0.0028 r=0.0214 beta=0.38) | val: 1.82deg/1408mm | 50.7s
[ 2600/10000] loss=0.0098 (t=0.0029 r=0.0185 beta=0.37) | val: 1.90deg/1492mm | 52.6s
[ 2700/10000] loss=0.0092 (t=0.0027 r=0.0182 beta=0.36) | val: 1.82deg/1417mm | 54.5s
[ 2800/10000] loss=0.0091 (t=0.0022 r=0.0199 beta=0.35) | val: 1.82deg/1558mm | 56.5s
[ 2900/10000] loss=0.0082 (t=0.0022 r=0.0177 beta=0.34) | val: 1.75deg/1535mm | 58.3s
[ 3000/10000] loss=0.0081 (t=0.0022 r=0.0182 beta=0.33) | val: 1.90deg/1418mm | 60.2s
[ 3100/10000] loss=0.0091 (t=0.0027 r=0.0203 beta=0.32) | val: 1.81deg/1354mm | 62.0s
[ 3200/10000] loss=0.0078 (t=0.0020 r=0.0187 beta=0.31) | val: 1.82deg/1531mm | 63.8s
[ 3300/10000] loss=0.0072 (t=0.0021 r=0.0169 beta=0.30) | val: 1.83deg/1620mm | 65.7s
[ 3400/10000] loss=0.0073 (t=0.0019 r=0.0186 beta=0.29) | val: 1.82deg/1481mm | 67.5s
[ 3500/10000] loss=0.0074 (t=0.0023 r=0.0181 beta=0.28) | val: 1.80deg/1463mm | 69.3s
[ 3600/10000] loss=0.0076 (t=0.0025 r=0.0191 beta=0.27) | val: 1.81deg/1491mm | 71.2s
[ 3700/10000] loss=0.0069 (t=0.0021 r=0.0181 beta=0.26) | val: 1.75deg/1599mm | 73.0s
[ 3800/10000] loss=0.0066 (t=0.0020 r=0.0181 beta=0.26) | val: 1.82deg/1351mm | 74.9s
[ 3900/10000] loss=0.0066 (t=0.0021 r=0.0178 beta=0.25) | val: 1.80deg/1664mm | 76.7s
[ 4000/10000] loss=0.0066 (t=0.0023 r=0.0179 beta=0.24) | val: 1.73deg/1498mm | 78.6s
[ 4100/10000] loss=0.0062 (t=0.0017 r=0.0189 beta=0.24) | val: 1.76deg/1440mm | 80.4s
[ 4200/10000] loss=0.0059 (t=0.0020 r=0.0173 beta=0.23) | val: 1.90deg/1553mm | 82.3s
[ 4300/10000] loss=0.0056 (t=0.0017 r=0.0177 beta=0.22) | val: 1.75deg/1464mm | 84.1s
[ 4400/10000] loss=0.0061 (t=0.0019 r=0.0191 beta=0.22) | val: 1.75deg/1520mm | 85.9s
[ 4500/10000] loss=0.0051 (t=0.0015 r=0.0170 beta=0.21) | val: 1.81deg/1390mm | 87.8s
[ 4600/10000] loss=0.0051 (t=0.0015 r=0.0172 beta=0.21) | val: 1.82deg/1561mm | 89.6s
[ 4700/10000] loss=0.0052 (t=0.0015 r=0.0180 beta=0.20) | val: 1.84deg/1491mm | 91.5s
[ 4800/10000] loss=0.0048 (t=0.0016 r=0.0160 beta=0.20) | val: 1.78deg/1405mm | 93.3s
[ 4900/10000] loss=0.0053 (t=0.0017 r=0.0183 beta=0.19) | val: 1.91deg/1426mm | 95.1s
[ 5000/10000] loss=0.0050 (t=0.0016 r=0.0179 beta=0.19) | val: 1.94deg/1474mm | 97.0s
[ 5100/10000] loss=0.0052 (t=0.0018 r=0.0189 beta=0.18) | val: 1.87deg/1591mm | 98.8s
[ 5200/10000] loss=0.0043 (t=0.0015 r=0.0159 beta=0.18) | val: 1.77deg/1442mm | 100.7s
[ 5300/10000] loss=0.0047 (t=0.0016 r=0.0172 beta=0.17) | val: 1.87deg/1597mm | 102.5s
[ 5400/10000] loss=0.0047 (t=0.0018 r=0.0171 beta=0.17) | val: 1.79deg/1450mm | 104.3s
[ 5500/10000] loss=0.0042 (t=0.0015 r=0.0162 beta=0.17) | val: 1.93deg/1444mm | 106.2s
[ 5600/10000] loss=0.0041 (t=0.0015 r=0.0162 beta=0.16) | val: 1.86deg/1400mm | 108.0s
[ 5700/10000] loss=0.0047 (t=0.0018 r=0.0178 beta=0.16) | val: 1.75deg/1504mm | 109.9s
[ 5800/10000] loss=0.0043 (t=0.0016 r=0.0169 beta=0.16) | val: 1.79deg/1562mm | 111.7s
[ 5900/10000] loss=0.0043 (t=0.0017 r=0.0167 beta=0.15) | val: 1.80deg/1470mm | 113.6s
[ 6000/10000] loss=0.0038 (t=0.0014 r=0.0159 beta=0.15) | val: 1.86deg/1510mm | 115.5s
[ 6100/10000] loss=0.0042 (t=0.0017 r=0.0166 beta=0.15) | val: 1.96deg/1525mm | 117.3s
[ 6200/10000] loss=0.0038 (t=0.0013 r=0.0171 beta=0.15) | val: 1.82deg/1497mm | 119.1s
[ 6300/10000] loss=0.0038 (t=0.0015 r=0.0155 beta=0.14) | val: 1.90deg/1407mm | 121.0s
[ 6400/10000] loss=0.0042 (t=0.0016 r=0.0186 beta=0.14) | val: 1.90deg/1592mm | 122.8s
[ 6500/10000] loss=0.0035 (t=0.0011 r=0.0172 beta=0.14) | val: 2.01deg/1506mm | 124.7s
[ 6600/10000] loss=0.0038 (t=0.0015 r=0.0168 beta=0.14) | val: 1.82deg/1503mm | 126.5s
[ 6700/10000] loss=0.0040 (t=0.0018 r=0.0164 beta=0.13) | val: 1.80deg/1529mm | 128.4s
[ 6800/10000] loss=0.0035 (t=0.0013 r=0.0162 beta=0.13) | val: 1.87deg/1521mm | 130.2s
[ 6900/10000] loss=0.0034 (t=0.0013 r=0.0156 beta=0.13) | val: 1.85deg/1436mm | 132.0s
[ 7000/10000] loss=0.0034 (t=0.0013 r=0.0161 beta=0.13) | val: 1.98deg/1518mm | 133.9s
[ 7100/10000] loss=0.0035 (t=0.0015 r=0.0159 beta=0.13) | val: 1.86deg/1514mm | 135.7s
[ 7200/10000] loss=0.0034 (t=0.0015 r=0.0151 beta=0.13) | val: 1.85deg/1492mm | 137.6s
[ 7300/10000] loss=0.0031 (t=0.0013 r=0.0142 beta=0.12) | val: 1.79deg/1467mm | 139.4s
[ 7400/10000] loss=0.0033 (t=0.0013 r=0.0159 beta=0.12) | val: 1.90deg/1420mm | 141.3s
[ 7500/10000] loss=0.0032 (t=0.0013 r=0.0155 beta=0.12) | val: 1.89deg/1500mm | 143.1s
[ 7600/10000] loss=0.0030 (t=0.0011 r=0.0151 beta=0.12) | val: 1.88deg/1467mm | 145.0s
[ 7700/10000] loss=0.0032 (t=0.0012 r=0.0170 beta=0.12) | val: 1.84deg/1491mm | 146.8s
[ 7800/10000] loss=0.0036 (t=0.0016 r=0.0165 beta=0.12) | val: 1.81deg/1501mm | 148.7s
[ 7900/10000] loss=0.0031 (t=0.0012 r=0.0160 beta=0.12) | val: 1.88deg/1505mm | 150.5s
[ 8000/10000] loss=0.0029 (t=0.0011 r=0.0153 beta=0.12) | val: 1.86deg/1455mm | 152.3s
[ 8100/10000] loss=0.0032 (t=0.0013 r=0.0161 beta=0.12) | val: 1.90deg/1494mm | 154.2s
[ 8200/10000] loss=0.0028 (t=0.0012 r=0.0138 beta=0.12) | val: 1.86deg/1448mm | 156.0s
[ 8300/10000] loss=0.0031 (t=0.0012 r=0.0165 beta=0.12) | val: 1.86deg/1465mm | 157.9s
[ 8400/10000] loss=0.0030 (t=0.0012 r=0.0163 beta=0.11) | val: 1.81deg/1472mm | 159.7s
[ 8500/10000] loss=0.0030 (t=0.0011 r=0.0162 beta=0.11) | val: 1.85deg/1449mm | 161.6s
[ 8600/10000] loss=0.0030 (t=0.0013 r=0.0148 beta=0.11) | val: 1.80deg/1473mm | 163.4s
[ 8700/10000] loss=0.0028 (t=0.0011 r=0.0146 beta=0.11) | val: 1.87deg/1485mm | 165.3s
[ 8800/10000] loss=0.0029 (t=0.0012 r=0.0148 beta=0.11) | val: 1.83deg/1491mm | 167.1s
[ 8900/10000] loss=0.0031 (t=0.0014 r=0.0157 beta=0.11) | val: 1.84deg/1488mm | 169.0s
[ 9000/10000] loss=0.0029 (t=0.0013 r=0.0142 beta=0.11) | val: 1.81deg/1447mm | 170.8s
[ 9100/10000] loss=0.0030 (t=0.0013 r=0.0154 beta=0.11) | val: 1.83deg/1444mm | 172.6s
[ 9200/10000] loss=0.0028 (t=0.0011 r=0.0150 beta=0.11) | val: 1.85deg/1436mm | 174.5s
[ 9300/10000] loss=0.0032 (t=0.0013 r=0.0166 beta=0.11) | val: 1.84deg/1461mm | 176.3s
[ 9400/10000] loss=0.0030 (t=0.0012 r=0.0157 beta=0.11) | val: 1.86deg/1466mm | 178.2s
[ 9500/10000] loss=0.0030 (t=0.0012 r=0.0160 beta=0.11) | val: 1.82deg/1453mm | 180.0s
[ 9600/10000] loss=0.0029 (t=0.0011 r=0.0162 beta=0.11) | val: 1.81deg/1465mm | 181.9s
[ 9700/10000] loss=0.0029 (t=0.0012 r=0.0155 beta=0.11) | val: 1.79deg/1450mm | 183.7s
[ 9800/10000] loss=0.0032 (t=0.0013 r=0.0163 beta=0.11) | val: 1.82deg/1458mm | 185.5s
[ 9900/10000] loss=0.0029 (t=0.0011 r=0.0159 beta=0.11) | val: 1.82deg/1459mm | 187.4s
[10000/10000] loss=0.0028 (t=0.0011 r=0.0147 beta=0.11) | val: 1.82deg/1456mm | 189.3s

Training done. Best epoch: 2730, score: 1.4447

Loaded best model from epoch 2730

======================================================================
EVALUATION RESULTS (Direct Regression)
======================================================================
Rotation  (median): 1.90deg
Translation (median): 1273mm

  R@5deg_1m: 31.3%  (rot_pass=93.4%, trans_pass=32.4%)
  R@10deg_2m: 65.9%  (rot_pass=100.0%, trans_pass=65.9%)
  R@15deg_5m: 90.7%  (rot_pass=100.0%, trans_pass=90.7%)
  R@25deg_5m: 90.7%  (rot_pass=100.0%, trans_pass=90.7%)

======================================================================
EVALUATION RESULTS (Retrieval Mode)
======================================================================
Retrieval median: 10.58deg / 2417mm
  R@5deg_1m: 3.3%  (rot=7.1%, trans=17.6%)
  R@10deg_2m: 20.3%  (rot=47.3%, trans=44.5%)
  R@15deg_5m: 56.6%  (rot=73.6%, trans=80.8%)
  R@25deg_5m: 79.7%  (rot=98.9%, trans=80.8%)
======================================================================

Done!
--- seed10 done ---
=== exp24e_attn_h4_wider_seed11 on GPU 0 ===
======================================================================
Experiment: exp24e_attn_h4_wider_seed11
Pool: attn, Features: both+sum
======================================================================
Random seed: 11
Using device: cuda:0

Loading data (fine=True, coarse=True, summary=True)...
  Loaded fine_geo: torch.Size([895, 128, 68, 120])
  Loaded coarse_sem: torch.Size([895, 128, 68, 120])
  Loaded summary: torch.Size([895, 2560])
  [train] 895 samples loaded
  Loaded fine_geo: torch.Size([182, 128, 68, 120])
  Loaded coarse_sem: torch.Size([182, 128, 68, 120])
  Loaded summary: torch.Size([182, 2560])
  [test] 182 samples loaded
Translation norm: mean=[13.19548    -0.64731836 23.103329  ], std=[10.827089    0.94348246  9.766839  ]
  Feature dim after pooling: 3584
Model parameters: 10,001,042
Model parameters: 10,001,042
[    1/10000] loss=2.3592 (t=0.5886 r=1.7706 beta=1.00) | val: 49.18deg/18563mm | 1.0s
[  100/10000] loss=0.0927 (t=0.0291 r=0.0690 beta=0.92) | val: 4.05deg/2873mm | 3.7s
[  200/10000] loss=0.0655 (t=0.0234 r=0.0482 beta=0.87) | val: 3.34deg/2545mm | 6.4s
[  300/10000] loss=0.0545 (t=0.0211 r=0.0400 beta=0.83) | val: 2.65deg/1848mm | 8.7s
[  400/10000] loss=0.0447 (t=0.0170 r=0.0348 beta=0.80) | val: 2.35deg/1478mm | 10.7s
[  500/10000] loss=0.0328 (t=0.0093 r=0.0307 beta=0.76) | val: 2.17deg/1471mm | 12.5s
[  600/10000] loss=0.0315 (t=0.0098 r=0.0296 beta=0.73) | val: 2.21deg/1633mm | 14.7s
[  700/10000] loss=0.0289 (t=0.0081 r=0.0297 beta=0.70) | val: 2.19deg/1635mm | 16.5s
[  800/10000] loss=0.0275 (t=0.0067 r=0.0309 beta=0.67) | val: 2.00deg/1607mm | 18.3s
[  900/10000] loss=0.0210 (t=0.0051 r=0.0245 beta=0.65) | val: 2.03deg/1430mm | 20.5s
[ 1000/10000] loss=0.0201 (t=0.0054 r=0.0237 beta=0.62) | val: 1.89deg/1604mm | 22.3s
[ 1100/10000] loss=0.0208 (t=0.0055 r=0.0255 beta=0.60) | val: 2.14deg/1512mm | 24.2s
[ 1200/10000] loss=0.0180 (t=0.0043 r=0.0238 beta=0.58) | val: 2.28deg/1877mm | 26.0s
[ 1300/10000] loss=0.0156 (t=0.0039 r=0.0212 beta=0.55) | val: 1.99deg/1476mm | 28.0s
[ 1400/10000] loss=0.0167 (t=0.0045 r=0.0228 beta=0.53) | val: 1.98deg/1415mm | 30.0s
[ 1500/10000] loss=0.0164 (t=0.0040 r=0.0241 beta=0.51) | val: 2.22deg/1320mm | 31.8s
[ 1600/10000] loss=0.0151 (t=0.0033 r=0.0237 beta=0.50) | val: 2.58deg/1452mm | 33.7s
[ 1700/10000] loss=0.0135 (t=0.0035 r=0.0208 beta=0.48) | val: 1.97deg/1615mm | 35.5s
[ 1800/10000] loss=0.0126 (t=0.0031 r=0.0206 beta=0.46) | val: 2.04deg/1519mm | 37.4s
[ 1900/10000] loss=0.0135 (t=0.0034 r=0.0227 beta=0.44) | val: 2.00deg/1583mm | 39.2s
[ 2000/10000] loss=0.0107 (t=0.0029 r=0.0182 beta=0.43) | val: 2.13deg/1467mm | 41.0s
[ 2100/10000] loss=0.0112 (t=0.0029 r=0.0202 beta=0.41) | val: 1.82deg/1354mm | 42.9s
[ 2200/10000] loss=0.0133 (t=0.0035 r=0.0244 beta=0.40) | val: 1.90deg/1548mm | 44.7s
[ 2300/10000] loss=0.0110 (t=0.0027 r=0.0215 beta=0.39) | val: 2.03deg/1627mm | 46.6s
[ 2400/10000] loss=0.0108 (t=0.0030 r=0.0210 beta=0.37) | val: 1.83deg/1398mm | 48.4s
[ 2500/10000] loss=0.0097 (t=0.0027 r=0.0194 beta=0.36) | val: 2.27deg/1406mm | 50.3s
[ 2600/10000] loss=0.0091 (t=0.0028 r=0.0182 beta=0.35) | val: 2.11deg/1727mm | 52.2s
[ 2700/10000] loss=0.0095 (t=0.0028 r=0.0200 beta=0.34) | val: 1.99deg/1307mm | 54.0s
[ 2800/10000] loss=0.0088 (t=0.0026 r=0.0191 beta=0.33) | val: 2.13deg/1455mm | 55.9s
[ 2900/10000] loss=0.0085 (t=0.0024 r=0.0194 beta=0.32) | val: 1.93deg/1513mm | 57.7s
[ 3000/10000] loss=0.0079 (t=0.0024 r=0.0180 beta=0.30) | val: 1.91deg/1484mm | 59.5s
[ 3100/10000] loss=0.0084 (t=0.0025 r=0.0198 beta=0.30) | val: 1.84deg/1365mm | 61.4s
[ 3200/10000] loss=0.0073 (t=0.0018 r=0.0190 beta=0.29) | val: 2.12deg/1413mm | 63.2s
[ 3300/10000] loss=0.0074 (t=0.0020 r=0.0192 beta=0.28) | val: 2.49deg/1542mm | 65.1s
[ 3400/10000] loss=0.0069 (t=0.0022 r=0.0174 beta=0.27) | val: 1.94deg/1437mm | 66.9s
[ 3500/10000] loss=0.0068 (t=0.0021 r=0.0182 beta=0.26) | val: 1.96deg/1464mm | 68.8s
[ 3600/10000] loss=0.0070 (t=0.0022 r=0.0191 beta=0.25) | val: 1.86deg/1385mm | 70.6s
[ 3700/10000] loss=0.0057 (t=0.0018 r=0.0161 beta=0.25) | val: 2.09deg/1487mm | 72.5s
[ 3800/10000] loss=0.0065 (t=0.0019 r=0.0190 beta=0.24) | val: 2.05deg/1546mm | 74.3s
[ 3900/10000] loss=0.0060 (t=0.0019 r=0.0176 beta=0.23) | val: 1.93deg/1431mm | 76.3s
[ 4000/10000] loss=0.0057 (t=0.0017 r=0.0180 beta=0.22) | val: 2.18deg/1420mm | 78.1s
[ 4100/10000] loss=0.0063 (t=0.0022 r=0.0187 beta=0.22) | val: 2.20deg/1508mm | 80.0s
[ 4200/10000] loss=0.0053 (t=0.0016 r=0.0175 beta=0.21) | val: 2.05deg/1442mm | 81.8s
[ 4300/10000] loss=0.0057 (t=0.0018 r=0.0188 beta=0.21) | val: 2.07deg/1518mm | 83.7s
[ 4400/10000] loss=0.0053 (t=0.0020 r=0.0165 beta=0.20) | val: 1.88deg/1466mm | 85.5s
[ 4500/10000] loss=0.0053 (t=0.0018 r=0.0181 beta=0.20) | val: 2.15deg/1611mm | 87.4s
[ 4600/10000] loss=0.0052 (t=0.0019 r=0.0174 beta=0.19) | val: 1.91deg/1418mm | 89.2s
[ 4700/10000] loss=0.0045 (t=0.0014 r=0.0168 beta=0.19) | val: 2.06deg/1516mm | 91.1s
[ 4800/10000] loss=0.0046 (t=0.0014 r=0.0174 beta=0.18) | val: 2.09deg/1470mm | 92.9s
[ 4900/10000] loss=0.0053 (t=0.0019 r=0.0192 beta=0.18) | val: 2.06deg/1618mm | 94.8s
[ 5000/10000] loss=0.0044 (t=0.0015 r=0.0167 beta=0.17) | val: 2.15deg/1492mm | 96.6s
[ 5100/10000] loss=0.0049 (t=0.0020 r=0.0174 beta=0.17) | val: 2.11deg/1491mm | 98.5s
[ 5200/10000] loss=0.0042 (t=0.0019 r=0.0141 beta=0.17) | val: 2.20deg/1432mm | 100.3s
[ 5300/10000] loss=0.0049 (t=0.0016 r=0.0199 beta=0.16) | val: 1.94deg/1398mm | 102.1s
[ 5400/10000] loss=0.0042 (t=0.0016 r=0.0163 beta=0.16) | val: 2.04deg/1491mm | 104.0s
[ 5500/10000] loss=0.0041 (t=0.0014 r=0.0173 beta=0.15) | val: 2.07deg/1461mm | 105.8s
[ 5600/10000] loss=0.0042 (t=0.0016 r=0.0171 beta=0.15) | val: 2.04deg/1523mm | 107.7s
[ 5700/10000] loss=0.0040 (t=0.0016 r=0.0161 beta=0.15) | val: 2.12deg/1499mm | 109.5s
[ 5800/10000] loss=0.0038 (t=0.0014 r=0.0164 beta=0.15) | val: 2.20deg/1408mm | 111.4s
[ 5900/10000] loss=0.0036 (t=0.0014 r=0.0157 beta=0.14) | val: 2.20deg/1490mm | 113.2s
[ 6000/10000] loss=0.0045 (t=0.0018 r=0.0194 beta=0.14) | val: 2.34deg/1536mm | 115.1s
[ 6100/10000] loss=0.0040 (t=0.0017 r=0.0166 beta=0.14) | val: 1.99deg/1568mm | 116.9s
[ 6200/10000] loss=0.0040 (t=0.0016 r=0.0177 beta=0.13) | val: 2.01deg/1438mm | 118.7s
[ 6300/10000] loss=0.0035 (t=0.0015 r=0.0158 beta=0.13) | val: 2.13deg/1458mm | 120.6s
[ 6400/10000] loss=0.0038 (t=0.0016 r=0.0169 beta=0.13) | val: 2.25deg/1479mm | 122.4s
[ 6500/10000] loss=0.0034 (t=0.0013 r=0.0163 beta=0.13) | val: 2.38deg/1438mm | 124.3s
[ 6600/10000] loss=0.0035 (t=0.0014 r=0.0162 beta=0.13) | val: 2.20deg/1474mm | 126.1s
[ 6700/10000] loss=0.0035 (t=0.0015 r=0.0160 beta=0.12) | val: 2.15deg/1447mm | 128.0s
[ 6800/10000] loss=0.0035 (t=0.0015 r=0.0167 beta=0.12) | val: 2.15deg/1379mm | 129.8s
[ 6900/10000] loss=0.0036 (t=0.0014 r=0.0177 beta=0.12) | val: 1.98deg/1454mm | 131.7s
[ 7000/10000] loss=0.0034 (t=0.0014 r=0.0166 beta=0.12) | val: 2.20deg/1394mm | 133.5s
[ 7100/10000] loss=0.0032 (t=0.0014 r=0.0154 beta=0.12) | val: 2.09deg/1455mm | 135.4s
[ 7200/10000] loss=0.0035 (t=0.0016 r=0.0166 beta=0.12) | val: 2.18deg/1465mm | 137.2s
[ 7300/10000] loss=0.0032 (t=0.0012 r=0.0168 beta=0.11) | val: 2.12deg/1453mm | 139.0s
[ 7400/10000] loss=0.0033 (t=0.0015 r=0.0163 beta=0.11) | val: 2.17deg/1366mm | 140.9s
[ 7500/10000] loss=0.0028 (t=0.0012 r=0.0142 beta=0.11) | val: 2.25deg/1444mm | 142.8s
[ 7600/10000] loss=0.0032 (t=0.0014 r=0.0169 beta=0.11) | val: 2.04deg/1355mm | 144.6s
[ 7700/10000] loss=0.0029 (t=0.0012 r=0.0157 beta=0.11) | val: 2.00deg/1435mm | 146.4s
[ 7800/10000] loss=0.0030 (t=0.0013 r=0.0149 beta=0.11) | val: 2.12deg/1427mm | 148.3s
[ 7900/10000] loss=0.0028 (t=0.0012 r=0.0152 beta=0.11) | val: 2.18deg/1437mm | 150.1s
[ 8000/10000] loss=0.0027 (t=0.0011 r=0.0151 beta=0.11) | val: 2.25deg/1423mm | 152.0s
[ 8100/10000] loss=0.0028 (t=0.0011 r=0.0159 beta=0.11) | val: 2.13deg/1437mm | 153.8s
[ 8200/10000] loss=0.0030 (t=0.0013 r=0.0157 beta=0.11) | val: 2.12deg/1416mm | 155.7s
[ 8300/10000] loss=0.0029 (t=0.0013 r=0.0155 beta=0.11) | val: 2.24deg/1463mm | 157.5s
[ 8400/10000] loss=0.0028 (t=0.0012 r=0.0154 beta=0.11) | val: 2.22deg/1393mm | 159.4s
[ 8500/10000] loss=0.0029 (t=0.0013 r=0.0148 beta=0.10) | val: 2.12deg/1414mm | 161.2s
[ 8600/10000] loss=0.0029 (t=0.0013 r=0.0159 beta=0.10) | val: 2.22deg/1433mm | 163.0s
[ 8700/10000] loss=0.0027 (t=0.0011 r=0.0153 beta=0.10) | val: 2.25deg/1359mm | 164.9s
[ 8800/10000] loss=0.0027 (t=0.0011 r=0.0153 beta=0.10) | val: 2.19deg/1393mm | 166.7s
[ 8900/10000] loss=0.0030 (t=0.0013 r=0.0159 beta=0.10) | val: 2.15deg/1414mm | 168.6s
[ 9000/10000] loss=0.0028 (t=0.0013 r=0.0150 beta=0.10) | val: 2.15deg/1396mm | 170.4s
[ 9100/10000] loss=0.0028 (t=0.0012 r=0.0156 beta=0.10) | val: 2.16deg/1420mm | 172.3s
[ 9200/10000] loss=0.0027 (t=0.0012 r=0.0147 beta=0.10) | val: 2.28deg/1411mm | 174.1s
[ 9300/10000] loss=0.0028 (t=0.0013 r=0.0153 beta=0.10) | val: 2.24deg/1404mm | 175.9s
[ 9400/10000] loss=0.0028 (t=0.0012 r=0.0152 beta=0.10) | val: 2.16deg/1441mm | 177.8s
[ 9500/10000] loss=0.0029 (t=0.0012 r=0.0157 beta=0.10) | val: 2.21deg/1410mm | 179.6s
[ 9600/10000] loss=0.0029 (t=0.0012 r=0.0169 beta=0.10) | val: 2.21deg/1429mm | 181.5s
[ 9700/10000] loss=0.0028 (t=0.0011 r=0.0166 beta=0.10) | val: 2.20deg/1441mm | 183.3s
[ 9800/10000] loss=0.0027 (t=0.0012 r=0.0147 beta=0.10) | val: 2.20deg/1420mm | 185.2s
[ 9900/10000] loss=0.0030 (t=0.0014 r=0.0156 beta=0.10) | val: 2.23deg/1437mm | 187.0s
[10000/10000] loss=0.0029 (t=0.0012 r=0.0167 beta=0.10) | val: 2.18deg/1421mm | 188.9s

Training done. Best epoch: 3810, score: 1.4642

Loaded best model from epoch 3810

======================================================================
EVALUATION RESULTS (Direct Regression)
======================================================================
Rotation  (median): 1.97deg
Translation (median): 1303mm

  R@5deg_1m: 36.3%  (rot_pass=93.4%, trans_pass=36.8%)
  R@10deg_2m: 65.4%  (rot_pass=100.0%, trans_pass=65.4%)
  R@15deg_5m: 84.1%  (rot_pass=100.0%, trans_pass=84.1%)
  R@25deg_5m: 84.1%  (rot_pass=100.0%, trans_pass=84.1%)

======================================================================
EVALUATION RESULTS (Retrieval Mode)
======================================================================
Retrieval median: 10.28deg / 2573mm
  R@5deg_1m: 1.1%  (rot=3.8%, trans=19.2%)
  R@10deg_2m: 15.9%  (rot=47.3%, trans=40.7%)
  R@15deg_5m: 54.9%  (rot=76.9%, trans=75.3%)
  R@25deg_5m: 74.7%  (rot=99.5%, trans=75.3%)
======================================================================

Done!
--- seed11 done ---
=== exp24e_attn_h4_wider_seed12 on GPU 0 ===
======================================================================
Experiment: exp24e_attn_h4_wider_seed12
Pool: attn, Features: both+sum
======================================================================
Random seed: 12
Using device: cuda:0

Loading data (fine=True, coarse=True, summary=True)...
  Loaded fine_geo: torch.Size([895, 128, 68, 120])
  Loaded coarse_sem: torch.Size([895, 128, 68, 120])
  Loaded summary: torch.Size([895, 2560])
  [train] 895 samples loaded
  Loaded fine_geo: torch.Size([182, 128, 68, 120])
  Loaded coarse_sem: torch.Size([182, 128, 68, 120])
  Loaded summary: torch.Size([182, 2560])
  [test] 182 samples loaded
Translation norm: mean=[13.19548    -0.64731836 23.103329  ], std=[10.827089    0.94348246  9.766839  ]
  Feature dim after pooling: 3584
Model parameters: 10,001,042
Model parameters: 10,001,042
[    1/10000] loss=2.7500 (t=0.5224 r=2.2277 beta=1.00) | val: 71.06deg/23515mm | 0.5s
[  100/10000] loss=0.1058 (t=0.0376 r=0.0739 beta=0.92) | val: 5.43deg/3935mm | 3.6s
[  200/10000] loss=0.0694 (t=0.0238 r=0.0523 beta=0.87) | val: 3.47deg/2161mm | 6.2s
[  300/10000] loss=0.0574 (t=0.0216 r=0.0429 beta=0.83) | val: 2.15deg/2064mm | 8.2s
[  400/10000] loss=0.0428 (t=0.0138 r=0.0362 beta=0.80) | val: 2.14deg/1630mm | 10.3s
[  500/10000] loss=0.0346 (t=0.0099 r=0.0323 beta=0.77) | val: 2.24deg/1749mm | 12.6s
[  600/10000] loss=0.0313 (t=0.0096 r=0.0294 beta=0.73) | val: 2.30deg/2047mm | 14.5s
[  700/10000] loss=0.0253 (t=0.0075 r=0.0252 beta=0.71) | val: 1.86deg/1653mm | 16.5s
[  800/10000] loss=0.0268 (t=0.0061 r=0.0305 beta=0.68) | val: 1.87deg/1719mm | 18.5s
[  900/10000] loss=0.0216 (t=0.0060 r=0.0239 beta=0.65) | val: 1.83deg/1710mm | 20.4s
[ 1000/10000] loss=0.0215 (t=0.0056 r=0.0254 beta=0.63) | val: 1.79deg/1707mm | 22.3s
[ 1100/10000] loss=0.0203 (t=0.0050 r=0.0254 beta=0.60) | val: 1.78deg/1675mm | 24.1s
[ 1200/10000] loss=0.0183 (t=0.0040 r=0.0247 beta=0.58) | val: 1.75deg/1600mm | 26.0s
[ 1300/10000] loss=0.0182 (t=0.0049 r=0.0238 beta=0.56) | val: 1.87deg/1755mm | 27.8s
[ 1400/10000] loss=0.0164 (t=0.0035 r=0.0239 beta=0.54) | val: 1.77deg/1598mm | 29.7s
[ 1500/10000] loss=0.0135 (t=0.0032 r=0.0198 beta=0.52) | val: 1.76deg/1644mm | 31.5s
[ 1600/10000] loss=0.0152 (t=0.0036 r=0.0233 beta=0.50) | val: 1.99deg/1500mm | 33.3s
[ 1700/10000] loss=0.0145 (t=0.0029 r=0.0242 beta=0.48) | val: 1.79deg/1624mm | 35.2s
[ 1800/10000] loss=0.0137 (t=0.0033 r=0.0225 beta=0.46) | val: 1.98deg/1439mm | 37.0s
[ 1900/10000] loss=0.0126 (t=0.0035 r=0.0203 beta=0.45) | val: 1.57deg/1652mm | 38.9s
[ 2000/10000] loss=0.0125 (t=0.0033 r=0.0212 beta=0.43) | val: 1.79deg/1498mm | 40.7s
[ 2100/10000] loss=0.0111 (t=0.0030 r=0.0193 beta=0.42) | val: 1.77deg/1713mm | 42.7s
[ 2200/10000] loss=0.0103 (t=0.0027 r=0.0188 beta=0.40) | val: 1.72deg/1491mm | 44.6s
[ 2300/10000] loss=0.0107 (t=0.0023 r=0.0216 beta=0.39) | val: 1.94deg/1643mm | 46.5s
[ 2400/10000] loss=0.0099 (t=0.0027 r=0.0191 beta=0.38) | val: 1.76deg/1497mm | 48.3s
[ 2500/10000] loss=0.0105 (t=0.0029 r=0.0207 beta=0.36) | val: 1.79deg/1552mm | 50.1s
[ 2600/10000] loss=0.0090 (t=0.0024 r=0.0185 beta=0.35) | val: 1.86deg/1514mm | 52.0s
[ 2700/10000] loss=0.0084 (t=0.0021 r=0.0185 beta=0.34) | val: 1.75deg/1643mm | 53.8s
[ 2800/10000] loss=0.0089 (t=0.0021 r=0.0205 beta=0.33) | val: 1.77deg/1465mm | 55.7s
[ 2900/10000] loss=0.0083 (t=0.0022 r=0.0193 beta=0.32) | val: 1.72deg/1559mm | 57.5s
[ 3000/10000] loss=0.0090 (t=0.0024 r=0.0215 beta=0.31) | val: 1.94deg/1648mm | 59.4s
[ 3100/10000] loss=0.0080 (t=0.0025 r=0.0182 beta=0.30) | val: 1.75deg/1563mm | 61.2s
[ 3200/10000] loss=0.0079 (t=0.0023 r=0.0193 beta=0.29) | val: 1.80deg/1741mm | 63.1s
[ 3300/10000] loss=0.0074 (t=0.0025 r=0.0176 beta=0.28) | val: 1.86deg/1610mm | 65.0s
[ 3400/10000] loss=0.0074 (t=0.0024 r=0.0183 beta=0.27) | val: 1.84deg/1634mm | 66.8s
[ 3500/10000] loss=0.0077 (t=0.0024 r=0.0198 beta=0.26) | val: 1.91deg/1573mm | 68.7s
[ 3600/10000] loss=0.0069 (t=0.0024 r=0.0178 beta=0.26) | val: 1.74deg/1624mm | 70.5s
[ 3700/10000] loss=0.0064 (t=0.0019 r=0.0181 beta=0.25) | val: 1.72deg/1555mm | 72.3s
[ 3800/10000] loss=0.0068 (t=0.0022 r=0.0192 beta=0.24) | val: 1.88deg/1761mm | 74.2s
[ 3900/10000] loss=0.0062 (t=0.0020 r=0.0178 beta=0.24) | val: 1.85deg/1716mm | 76.0s
[ 4000/10000] loss=0.0061 (t=0.0018 r=0.0186 beta=0.23) | val: 1.78deg/1616mm | 77.9s
[ 4100/10000] loss=0.0058 (t=0.0019 r=0.0175 beta=0.22) | val: 1.89deg/1701mm | 79.7s
[ 4200/10000] loss=0.0060 (t=0.0020 r=0.0186 beta=0.22) | val: 1.77deg/1648mm | 81.6s
[ 4300/10000] loss=0.0052 (t=0.0017 r=0.0166 beta=0.21) | val: 1.83deg/1645mm | 83.4s
[ 4400/10000] loss=0.0058 (t=0.0019 r=0.0191 beta=0.20) | val: 1.86deg/1950mm | 85.3s
[ 4500/10000] loss=0.0055 (t=0.0019 r=0.0182 beta=0.20) | val: 1.84deg/1639mm | 87.1s
[ 4600/10000] loss=0.0052 (t=0.0018 r=0.0177 beta=0.19) | val: 1.78deg/1615mm | 88.9s
[ 4700/10000] loss=0.0045 (t=0.0015 r=0.0162 beta=0.19) | val: 1.86deg/1642mm | 90.8s
[ 4800/10000] loss=0.0046 (t=0.0015 r=0.0166 beta=0.18) | val: 1.82deg/1611mm | 92.6s
[ 4900/10000] loss=0.0045 (t=0.0016 r=0.0162 beta=0.18) | val: 1.78deg/1600mm | 94.5s
[ 5000/10000] loss=0.0052 (t=0.0021 r=0.0172 beta=0.18) | val: 1.87deg/1640mm | 96.3s
[ 5100/10000] loss=0.0043 (t=0.0015 r=0.0164 beta=0.17) | val: 1.75deg/1754mm | 98.2s
[ 5200/10000] loss=0.0044 (t=0.0016 r=0.0170 beta=0.17) | val: 1.78deg/1602mm | 100.0s
[ 5300/10000] loss=0.0049 (t=0.0020 r=0.0182 beta=0.16) | val: 1.81deg/1693mm | 101.9s
[ 5400/10000] loss=0.0047 (t=0.0018 r=0.0179 beta=0.16) | val: 1.87deg/1732mm | 103.7s
[ 5500/10000] loss=0.0044 (t=0.0015 r=0.0181 beta=0.16) | val: 1.93deg/1547mm | 105.5s
[ 5600/10000] loss=0.0043 (t=0.0017 r=0.0165 beta=0.15) | val: 1.86deg/1611mm | 107.4s
[ 5700/10000] loss=0.0045 (t=0.0019 r=0.0169 beta=0.15) | val: 1.84deg/1568mm | 109.2s
[ 5800/10000] loss=0.0040 (t=0.0015 r=0.0170 beta=0.15) | val: 1.83deg/1631mm | 111.1s
[ 5900/10000] loss=0.0042 (t=0.0019 r=0.0159 beta=0.14) | val: 1.89deg/1620mm | 112.9s
[ 6000/10000] loss=0.0038 (t=0.0014 r=0.0164 beta=0.14) | val: 1.69deg/1684mm | 114.8s
[ 6100/10000] loss=0.0037 (t=0.0015 r=0.0157 beta=0.14) | val: 1.91deg/1658mm | 116.6s
[ 6200/10000] loss=0.0037 (t=0.0013 r=0.0169 beta=0.14) | val: 1.84deg/1677mm | 118.4s
[ 6300/10000] loss=0.0035 (t=0.0011 r=0.0176 beta=0.13) | val: 1.90deg/1591mm | 120.3s
[ 6400/10000] loss=0.0034 (t=0.0012 r=0.0160 beta=0.13) | val: 1.93deg/1562mm | 122.1s
[ 6500/10000] loss=0.0035 (t=0.0015 r=0.0151 beta=0.13) | val: 1.78deg/1636mm | 124.0s
[ 6600/10000] loss=0.0036 (t=0.0016 r=0.0160 beta=0.13) | val: 1.85deg/1741mm | 125.8s
[ 6700/10000] loss=0.0034 (t=0.0015 r=0.0148 beta=0.13) | val: 1.91deg/1562mm | 127.7s
[ 6800/10000] loss=0.0034 (t=0.0014 r=0.0160 beta=0.12) | val: 1.86deg/1667mm | 129.5s
[ 6900/10000] loss=0.0037 (t=0.0016 r=0.0167 beta=0.12) | val: 1.90deg/1710mm | 131.4s
[ 7000/10000] loss=0.0030 (t=0.0011 r=0.0151 beta=0.12) | val: 1.80deg/1592mm | 133.2s
[ 7100/10000] loss=0.0034 (t=0.0015 r=0.0157 beta=0.12) | val: 1.81deg/1671mm | 135.0s
[ 7200/10000] loss=0.0034 (t=0.0014 r=0.0167 beta=0.12) | val: 1.85deg/1610mm | 136.9s
[ 7300/10000] loss=0.0030 (t=0.0012 r=0.0152 beta=0.12) | val: 1.85deg/1727mm | 138.7s
[ 7400/10000] loss=0.0031 (t=0.0013 r=0.0155 beta=0.12) | val: 1.86deg/1581mm | 140.6s
[ 7500/10000] loss=0.0030 (t=0.0013 r=0.0151 beta=0.11) | val: 1.86deg/1674mm | 142.4s
[ 7600/10000] loss=0.0030 (t=0.0012 r=0.0157 beta=0.11) | val: 1.75deg/1754mm | 144.3s
[ 7700/10000] loss=0.0033 (t=0.0013 r=0.0175 beta=0.11) | val: 1.85deg/1635mm | 146.1s
[ 7800/10000] loss=0.0030 (t=0.0013 r=0.0154 beta=0.11) | val: 1.92deg/1631mm | 148.0s
[ 7900/10000] loss=0.0031 (t=0.0014 r=0.0153 beta=0.11) | val: 1.91deg/1674mm | 149.8s
[ 8000/10000] loss=0.0032 (t=0.0014 r=0.0164 beta=0.11) | val: 1.86deg/1630mm | 151.6s
[ 8100/10000] loss=0.0028 (t=0.0011 r=0.0152 beta=0.11) | val: 1.84deg/1630mm | 153.5s
[ 8200/10000] loss=0.0030 (t=0.0012 r=0.0170 beta=0.11) | val: 1.87deg/1616mm | 155.3s
[ 8300/10000] loss=0.0031 (t=0.0013 r=0.0172 beta=0.11) | val: 1.82deg/1511mm | 157.2s
[ 8400/10000] loss=0.0029 (t=0.0014 r=0.0142 beta=0.11) | val: 1.96deg/1629mm | 159.0s
[ 8500/10000] loss=0.0030 (t=0.0014 r=0.0155 beta=0.11) | val: 1.83deg/1575mm | 160.9s
[ 8600/10000] loss=0.0028 (t=0.0012 r=0.0147 beta=0.11) | val: 1.89deg/1644mm | 162.7s
[ 8700/10000] loss=0.0030 (t=0.0012 r=0.0164 beta=0.11) | val: 1.87deg/1593mm | 164.6s
[ 8800/10000] loss=0.0029 (t=0.0014 r=0.0150 beta=0.11) | val: 1.84deg/1623mm | 166.4s
[ 8900/10000] loss=0.0030 (t=0.0013 r=0.0158 beta=0.11) | val: 1.84deg/1602mm | 168.2s
[ 9000/10000] loss=0.0027 (t=0.0012 r=0.0142 beta=0.11) | val: 1.93deg/1592mm | 170.1s
[ 9100/10000] loss=0.0027 (t=0.0011 r=0.0145 beta=0.11) | val: 1.84deg/1597mm | 171.9s
[ 9200/10000] loss=0.0027 (t=0.0011 r=0.0152 beta=0.10) | val: 1.88deg/1596mm | 173.8s
[ 9300/10000] loss=0.0030 (t=0.0014 r=0.0155 beta=0.10) | val: 1.86deg/1600mm | 175.6s
[ 9400/10000] loss=0.0030 (t=0.0013 r=0.0161 beta=0.10) | val: 1.84deg/1631mm | 177.5s
[ 9500/10000] loss=0.0029 (t=0.0013 r=0.0150 beta=0.10) | val: 1.88deg/1618mm | 179.3s
[ 9600/10000] loss=0.0026 (t=0.0010 r=0.0151 beta=0.10) | val: 1.85deg/1615mm | 181.2s
[ 9700/10000] loss=0.0029 (t=0.0013 r=0.0158 beta=0.10) | val: 1.87deg/1597mm | 183.0s
[ 9800/10000] loss=0.0029 (t=0.0012 r=0.0156 beta=0.10) | val: 1.85deg/1600mm | 184.8s
[ 9900/10000] loss=0.0030 (t=0.0012 r=0.0172 beta=0.10) | val: 1.86deg/1608mm | 186.7s
[10000/10000] loss=0.0027 (t=0.0011 r=0.0155 beta=0.10) | val: 1.86deg/1595mm | 188.6s

Training done. Best epoch: 2090, score: 1.5733

Loaded best model from epoch 2090

======================================================================
EVALUATION RESULTS (Direct Regression)
======================================================================
Rotation  (median): 1.58deg
Translation (median): 1442mm

  R@5deg_1m: 35.7%  (rot_pass=95.6%, trans_pass=36.3%)
  R@10deg_2m: 62.1%  (rot_pass=98.9%, trans_pass=62.1%)
  R@15deg_5m: 91.8%  (rot_pass=100.0%, trans_pass=91.8%)
  R@25deg_5m: 91.8%  (rot_pass=100.0%, trans_pass=91.8%)

======================================================================
EVALUATION RESULTS (Retrieval Mode)
======================================================================
Retrieval median: 10.55deg / 2410mm
  R@5deg_1m: 3.3%  (rot=4.9%, trans=19.8%)
  R@10deg_2m: 19.8%  (rot=46.2%, trans=43.4%)
  R@15deg_5m: 57.1%  (rot=74.2%, trans=81.3%)
  R@25deg_5m: 79.7%  (rot=98.4%, trans=81.3%)
======================================================================

Done!
--- seed12 done ---
=== exp24e_attn_h4_wider_seed13 on GPU 0 ===
======================================================================
Experiment: exp24e_attn_h4_wider_seed13
Pool: attn, Features: both+sum
======================================================================
Random seed: 13
Using device: cuda:0

Loading data (fine=True, coarse=True, summary=True)...
  Loaded fine_geo: torch.Size([895, 128, 68, 120])
  Loaded coarse_sem: torch.Size([895, 128, 68, 120])
  Loaded summary: torch.Size([895, 2560])
  [train] 895 samples loaded
  Loaded fine_geo: torch.Size([182, 128, 68, 120])
  Loaded coarse_sem: torch.Size([182, 128, 68, 120])
  Loaded summary: torch.Size([182, 2560])
  [test] 182 samples loaded
Translation norm: mean=[13.19548    -0.64731836 23.103329  ], std=[10.827089    0.94348246  9.766839  ]
  Feature dim after pooling: 3584
Model parameters: 10,001,042
Model parameters: 10,001,042
[    1/10000] loss=2.9773 (t=0.6237 r=2.3535 beta=1.00) | val: 53.71deg/28285mm | 1.0s
[  100/10000] loss=0.1023 (t=0.0309 r=0.0771 beta=0.93) | val: 4.91deg/3816mm | 4.1s
[  200/10000] loss=0.0671 (t=0.0227 r=0.0503 beta=0.88) | val: 2.88deg/1952mm | 6.7s
[  300/10000] loss=0.0565 (t=0.0189 r=0.0444 beta=0.85) | val: 2.64deg/1904mm | 9.2s
[  400/10000] loss=0.0430 (t=0.0145 r=0.0350 beta=0.81) | val: 2.29deg/1817mm | 11.2s
[  500/10000] loss=0.0351 (t=0.0102 r=0.0318 beta=0.78) | val: 2.30deg/1703mm | 13.1s
[  600/10000] loss=0.0351 (t=0.0116 r=0.0312 beta=0.75) | val: 2.06deg/1718mm | 15.1s
[  700/10000] loss=0.0306 (t=0.0084 r=0.0306 beta=0.73) | val: 2.04deg/1876mm | 17.1s
[  800/10000] loss=0.0234 (t=0.0052 r=0.0260 beta=0.70) | val: 2.18deg/1650mm | 18.9s
[  900/10000] loss=0.0249 (t=0.0080 r=0.0252 beta=0.67) | val: 1.96deg/1562mm | 20.8s
[ 1000/10000] loss=0.0203 (t=0.0047 r=0.0241 beta=0.65) | val: 1.90deg/1613mm | 22.6s
[ 1100/10000] loss=0.0202 (t=0.0048 r=0.0246 beta=0.63) | val: 1.88deg/1747mm | 24.5s
[ 1200/10000] loss=0.0206 (t=0.0051 r=0.0258 beta=0.60) | val: 2.13deg/1819mm | 26.3s
[ 1300/10000] loss=0.0172 (t=0.0037 r=0.0232 beta=0.58) | val: 2.24deg/1666mm | 28.2s
[ 1400/10000] loss=0.0169 (t=0.0041 r=0.0227 beta=0.56) | val: 2.04deg/1573mm | 30.2s
[ 1500/10000] loss=0.0179 (t=0.0052 r=0.0235 beta=0.54) | val: 2.08deg/1591mm | 32.0s
[ 1600/10000] loss=0.0159 (t=0.0034 r=0.0238 beta=0.52) | val: 2.05deg/1453mm | 33.9s
[ 1700/10000] loss=0.0146 (t=0.0033 r=0.0223 beta=0.51) | val: 2.02deg/1834mm | 35.7s
[ 1800/10000] loss=0.0134 (t=0.0031 r=0.0211 beta=0.49) | val: 1.94deg/1752mm | 37.6s
[ 1900/10000] loss=0.0142 (t=0.0035 r=0.0226 beta=0.47) | val: 2.19deg/1889mm | 39.4s
[ 2000/10000] loss=0.0132 (t=0.0036 r=0.0211 beta=0.46) | val: 1.94deg/1749mm | 41.3s
[ 2100/10000] loss=0.0114 (t=0.0030 r=0.0190 beta=0.44) | val: 1.92deg/1616mm | 43.1s
[ 2200/10000] loss=0.0118 (t=0.0026 r=0.0214 beta=0.43) | val: 2.21deg/1709mm | 44.9s
[ 2300/10000] loss=0.0109 (t=0.0023 r=0.0209 beta=0.41) | val: 2.10deg/1925mm | 46.8s
[ 2400/10000] loss=0.0110 (t=0.0034 r=0.0191 beta=0.40) | val: 2.02deg/1633mm | 48.6s
[ 2500/10000] loss=0.0100 (t=0.0025 r=0.0194 beta=0.39) | val: 1.83deg/1787mm | 50.5s
[ 2600/10000] loss=0.0095 (t=0.0026 r=0.0183 beta=0.37) | val: 2.01deg/1923mm | 52.3s
[ 2700/10000] loss=0.0112 (t=0.0033 r=0.0218 beta=0.36) | val: 2.10deg/1791mm | 54.2s
[ 2800/10000] loss=0.0091 (t=0.0021 r=0.0199 beta=0.35) | val: 2.10deg/1660mm | 56.0s
[ 2900/10000] loss=0.0094 (t=0.0029 r=0.0193 beta=0.34) | val: 1.99deg/1777mm | 57.9s
[ 3000/10000] loss=0.0083 (t=0.0020 r=0.0191 beta=0.33) | val: 2.09deg/1735mm | 59.7s
[ 3100/10000] loss=0.0078 (t=0.0022 r=0.0174 beta=0.32) | val: 2.22deg/1659mm | 61.5s
[ 3200/10000] loss=0.0090 (t=0.0025 r=0.0211 beta=0.31) | val: 2.03deg/1753mm | 63.4s
[ 3300/10000] loss=0.0078 (t=0.0020 r=0.0194 beta=0.30) | val: 1.95deg/1659mm | 65.2s
[ 3400/10000] loss=0.0082 (t=0.0025 r=0.0198 beta=0.29) | val: 2.01deg/1784mm | 67.1s
[ 3500/10000] loss=0.0073 (t=0.0021 r=0.0185 beta=0.28) | val: 1.99deg/1776mm | 68.9s
[ 3600/10000] loss=0.0072 (t=0.0025 r=0.0172 beta=0.27) | val: 1.91deg/1836mm | 70.8s
[ 3700/10000] loss=0.0065 (t=0.0019 r=0.0173 beta=0.27) | val: 1.89deg/1816mm | 72.6s
[ 3800/10000] loss=0.0066 (t=0.0019 r=0.0183 beta=0.26) | val: 1.99deg/1859mm | 74.5s
[ 3900/10000] loss=0.0072 (t=0.0021 r=0.0203 beta=0.25) | val: 1.90deg/1736mm | 76.3s
[ 4000/10000] loss=0.0063 (t=0.0018 r=0.0185 beta=0.24) | val: 1.95deg/1857mm | 78.2s
[ 4100/10000] loss=0.0060 (t=0.0017 r=0.0180 beta=0.24) | val: 1.96deg/1737mm | 80.0s
[ 4200/10000] loss=0.0062 (t=0.0019 r=0.0186 beta=0.23) | val: 2.02deg/1624mm | 81.9s
[ 4300/10000] loss=0.0060 (t=0.0020 r=0.0180 beta=0.23) | val: 1.90deg/1856mm | 83.7s
[ 4400/10000] loss=0.0055 (t=0.0018 r=0.0166 beta=0.22) | val: 2.08deg/1874mm | 85.6s
[ 4500/10000] loss=0.0056 (t=0.0020 r=0.0168 beta=0.21) | val: 2.02deg/1689mm | 87.4s
[ 4600/10000] loss=0.0057 (t=0.0020 r=0.0179 beta=0.21) | val: 2.06deg/1804mm | 89.3s
[ 4700/10000] loss=0.0054 (t=0.0019 r=0.0173 beta=0.20) | val: 2.03deg/1736mm | 91.1s
[ 4800/10000] loss=0.0048 (t=0.0016 r=0.0161 beta=0.20) | val: 1.97deg/1780mm | 93.0s
[ 4900/10000] loss=0.0052 (t=0.0016 r=0.0186 beta=0.19) | val: 1.87deg/1679mm | 94.8s
[ 5000/10000] loss=0.0048 (t=0.0018 r=0.0158 beta=0.19) | val: 1.94deg/1809mm | 96.6s
[ 5100/10000] loss=0.0045 (t=0.0015 r=0.0158 beta=0.18) | val: 2.13deg/1890mm | 98.5s
[ 5200/10000] loss=0.0050 (t=0.0019 r=0.0169 beta=0.18) | val: 2.13deg/1802mm | 100.3s
[ 5300/10000] loss=0.0045 (t=0.0016 r=0.0164 beta=0.18) | val: 2.05deg/1761mm | 102.2s
[ 5400/10000] loss=0.0048 (t=0.0018 r=0.0174 beta=0.17) | val: 2.01deg/1815mm | 104.0s
[ 5500/10000] loss=0.0044 (t=0.0016 r=0.0169 beta=0.17) | val: 2.12deg/1897mm | 105.9s
[ 5600/10000] loss=0.0042 (t=0.0018 r=0.0146 beta=0.17) | val: 1.96deg/1827mm | 107.7s
[ 5700/10000] loss=0.0044 (t=0.0015 r=0.0174 beta=0.16) | val: 1.92deg/1938mm | 109.6s
[ 5800/10000] loss=0.0046 (t=0.0019 r=0.0169 beta=0.16) | val: 2.00deg/1945mm | 111.4s
[ 5900/10000] loss=0.0039 (t=0.0014 r=0.0158 beta=0.16) | val: 1.92deg/1838mm | 113.3s
[ 6000/10000] loss=0.0042 (t=0.0017 r=0.0160 beta=0.15) | val: 1.99deg/1917mm | 115.1s
[ 6100/10000] loss=0.0041 (t=0.0016 r=0.0166 beta=0.15) | val: 2.06deg/1975mm | 116.9s
[ 6200/10000] loss=0.0042 (t=0.0017 r=0.0167 beta=0.15) | val: 2.12deg/1925mm | 118.8s
[ 6300/10000] loss=0.0042 (t=0.0019 r=0.0161 beta=0.15) | val: 1.97deg/1856mm | 120.6s
[ 6400/10000] loss=0.0039 (t=0.0017 r=0.0156 beta=0.14) | val: 2.08deg/1829mm | 122.5s
[ 6500/10000] loss=0.0036 (t=0.0012 r=0.0169 beta=0.14) | val: 1.96deg/1715mm | 124.3s
[ 6600/10000] loss=0.0038 (t=0.0014 r=0.0178 beta=0.14) | val: 1.96deg/1841mm | 126.2s
[ 6700/10000] loss=0.0037 (t=0.0016 r=0.0154 beta=0.14) | val: 1.95deg/1805mm | 128.0s
[ 6800/10000] loss=0.0035 (t=0.0013 r=0.0162 beta=0.13) | val: 2.01deg/1825mm | 129.9s
[ 6900/10000] loss=0.0035 (t=0.0014 r=0.0155 beta=0.13) | val: 2.04deg/1851mm | 131.8s
[ 7000/10000] loss=0.0032 (t=0.0013 r=0.0145 beta=0.13) | val: 2.07deg/1979mm | 133.6s
[ 7100/10000] loss=0.0040 (t=0.0018 r=0.0167 beta=0.13) | val: 1.99deg/1805mm | 135.4s
[ 7200/10000] loss=0.0035 (t=0.0014 r=0.0169 beta=0.13) | val: 1.93deg/1630mm | 137.3s
[ 7300/10000] loss=0.0033 (t=0.0014 r=0.0148 beta=0.13) | val: 1.98deg/1811mm | 139.1s
[ 7400/10000] loss=0.0036 (t=0.0016 r=0.0160 beta=0.12) | val: 1.95deg/1879mm | 141.0s
[ 7500/10000] loss=0.0031 (t=0.0013 r=0.0143 beta=0.12) | val: 2.03deg/1882mm | 142.8s
[ 7600/10000] loss=0.0034 (t=0.0014 r=0.0163 beta=0.12) | val: 2.07deg/1779mm | 144.7s
[ 7700/10000] loss=0.0032 (t=0.0013 r=0.0160 beta=0.12) | val: 1.93deg/1852mm | 146.5s
[ 7800/10000] loss=0.0029 (t=0.0012 r=0.0145 beta=0.12) | val: 1.98deg/1789mm | 148.4s
[ 7900/10000] loss=0.0032 (t=0.0013 r=0.0156 beta=0.12) | val: 2.04deg/1722mm | 150.2s
[ 8000/10000] loss=0.0028 (t=0.0012 r=0.0139 beta=0.12) | val: 2.00deg/1817mm | 152.1s
[ 8100/10000] loss=0.0033 (t=0.0015 r=0.0156 beta=0.12) | val: 1.99deg/1820mm | 153.9s
[ 8200/10000] loss=0.0033 (t=0.0015 r=0.0153 beta=0.12) | val: 2.04deg/1748mm | 155.7s
[ 8300/10000] loss=0.0032 (t=0.0013 r=0.0167 beta=0.12) | val: 2.03deg/1890mm | 157.6s
[ 8400/10000] loss=0.0030 (t=0.0013 r=0.0149 beta=0.12) | val: 1.99deg/1769mm | 159.4s
[ 8500/10000] loss=0.0030 (t=0.0013 r=0.0154 beta=0.12) | val: 2.03deg/1816mm | 161.3s
[ 8600/10000] loss=0.0029 (t=0.0012 r=0.0154 beta=0.11) | val: 2.01deg/1760mm | 163.1s
[ 8700/10000] loss=0.0033 (t=0.0014 r=0.0163 beta=0.11) | val: 1.95deg/1754mm | 165.0s
[ 8800/10000] loss=0.0031 (t=0.0013 r=0.0160 beta=0.11) | val: 2.04deg/1746mm | 166.8s
[ 8900/10000] loss=0.0026 (t=0.0010 r=0.0140 beta=0.11) | val: 1.99deg/1800mm | 168.7s
[ 9000/10000] loss=0.0027 (t=0.0012 r=0.0132 beta=0.11) | val: 2.04deg/1795mm | 170.5s
[ 9100/10000] loss=0.0032 (t=0.0015 r=0.0150 beta=0.11) | val: 1.99deg/1862mm | 172.4s
[ 9200/10000] loss=0.0029 (t=0.0012 r=0.0145 beta=0.11) | val: 2.00deg/1824mm | 174.2s
[ 9300/10000] loss=0.0029 (t=0.0011 r=0.0155 beta=0.11) | val: 2.00deg/1857mm | 176.0s
[ 9400/10000] loss=0.0031 (t=0.0012 r=0.0165 beta=0.11) | val: 1.99deg/1789mm | 177.9s
[ 9500/10000] loss=0.0026 (t=0.0011 r=0.0140 beta=0.11) | val: 2.01deg/1781mm | 179.7s
[ 9600/10000] loss=0.0028 (t=0.0011 r=0.0147 beta=0.11) | val: 2.00deg/1819mm | 181.6s
[ 9700/10000] loss=0.0029 (t=0.0011 r=0.0156 beta=0.11) | val: 1.98deg/1766mm | 183.4s
[ 9800/10000] loss=0.0033 (t=0.0015 r=0.0160 beta=0.11) | val: 1.97deg/1797mm | 185.3s
[ 9900/10000] loss=0.0030 (t=0.0013 r=0.0149 beta=0.11) | val: 1.97deg/1796mm | 187.2s
[10000/10000] loss=0.0031 (t=0.0013 r=0.0157 beta=0.11) | val: 1.96deg/1787mm | 189.0s

Training done. Best epoch: 1330, score: 1.6515

Loaded best model from epoch 1330

======================================================================
EVALUATION RESULTS (Direct Regression)
======================================================================
Rotation  (median): 1.98deg
Translation (median): 1457mm

  R@5deg_1m: 26.9%  (rot_pass=95.6%, trans_pass=26.9%)
  R@10deg_2m: 63.7%  (rot_pass=100.0%, trans_pass=63.7%)
  R@15deg_5m: 92.9%  (rot_pass=100.0%, trans_pass=92.9%)
  R@25deg_5m: 92.9%  (rot_pass=100.0%, trans_pass=92.9%)

======================================================================
EVALUATION RESULTS (Retrieval Mode)
======================================================================
Retrieval median: 12.15deg / 2485mm
  R@5deg_1m: 2.7%  (rot=4.4%, trans=17.6%)
  R@10deg_2m: 15.9%  (rot=37.9%, trans=43.4%)
  R@15deg_5m: 56.0%  (rot=68.7%, trans=84.6%)
  R@25deg_5m: 80.2%  (rot=95.6%, trans=84.6%)
======================================================================

Done!
--- seed13 done ---
=== exp24e_attn_h4_wider_seed14 on GPU 0 ===
======================================================================
Experiment: exp24e_attn_h4_wider_seed14
Pool: attn, Features: both+sum
======================================================================
Random seed: 14
Using device: cuda:0

Loading data (fine=True, coarse=True, summary=True)...
  Loaded fine_geo: torch.Size([895, 128, 68, 120])
  Loaded coarse_sem: torch.Size([895, 128, 68, 120])
  Loaded summary: torch.Size([895, 2560])
  [train] 895 samples loaded
  Loaded fine_geo: torch.Size([182, 128, 68, 120])
  Loaded coarse_sem: torch.Size([182, 128, 68, 120])
  Loaded summary: torch.Size([182, 2560])
  [test] 182 samples loaded
Translation norm: mean=[13.19548    -0.64731836 23.103329  ], std=[10.827089    0.94348246  9.766839  ]
  Feature dim after pooling: 3584
Model parameters: 10,001,042
Model parameters: 10,001,042
[    1/10000] loss=2.0926 (t=0.5087 r=1.5839 beta=1.00) | val: 69.02deg/41736mm | 0.8s
[  100/10000] loss=0.1081 (t=0.0377 r=0.0760 beta=0.93) | val: 5.08deg/3765mm | 4.1s
[  200/10000] loss=0.0723 (t=0.0246 r=0.0541 beta=0.88) | val: 3.27deg/2602mm | 6.2s
[  300/10000] loss=0.0575 (t=0.0214 r=0.0429 beta=0.84) | val: 2.46deg/3014mm | 8.3s
[  400/10000] loss=0.0376 (t=0.0120 r=0.0316 beta=0.81) | val: 2.35deg/2272mm | 10.7s
[  500/10000] loss=0.0423 (t=0.0136 r=0.0369 beta=0.78) | val: 2.14deg/1817mm | 12.5s
[  600/10000] loss=0.0344 (t=0.0108 r=0.0316 beta=0.75) | val: 1.95deg/1805mm | 14.7s
[  700/10000] loss=0.0279 (t=0.0075 r=0.0283 beta=0.72) | val: 1.90deg/1597mm | 16.6s
[  800/10000] loss=0.0234 (t=0.0061 r=0.0249 beta=0.69) | val: 1.98deg/1545mm | 18.6s
[  900/10000] loss=0.0246 (t=0.0052 r=0.0289 beta=0.67) | val: 1.97deg/1657mm | 20.5s
[ 1000/10000] loss=0.0229 (t=0.0055 r=0.0271 beta=0.64) | val: 1.78deg/1860mm | 22.3s
[ 1100/10000] loss=0.0183 (t=0.0045 r=0.0222 beta=0.62) | val: 1.96deg/1784mm | 24.2s
[ 1200/10000] loss=0.0190 (t=0.0053 r=0.0229 beta=0.60) | val: 1.88deg/1563mm | 26.2s
[ 1300/10000] loss=0.0171 (t=0.0044 r=0.0221 beta=0.58) | val: 2.01deg/1636mm | 28.1s
[ 1400/10000] loss=0.0178 (t=0.0043 r=0.0242 beta=0.56) | val: 1.93deg/1783mm | 30.0s
[ 1500/10000] loss=0.0162 (t=0.0038 r=0.0229 beta=0.54) | val: 1.98deg/1922mm | 31.8s
[ 1600/10000] loss=0.0134 (t=0.0030 r=0.0201 beta=0.52) | val: 2.00deg/1652mm | 33.7s
[ 1700/10000] loss=0.0154 (t=0.0045 r=0.0217 beta=0.50) | val: 1.96deg/1561mm | 35.5s
[ 1800/10000] loss=0.0141 (t=0.0032 r=0.0225 beta=0.48) | val: 1.93deg/1633mm | 37.4s
[ 1900/10000] loss=0.0130 (t=0.0035 r=0.0203 beta=0.47) | val: 1.87deg/1622mm | 39.4s
[ 2000/10000] loss=0.0124 (t=0.0035 r=0.0196 beta=0.45) | val: 1.79deg/1554mm | 41.3s
[ 2100/10000] loss=0.0119 (t=0.0030 r=0.0204 beta=0.44) | val: 1.88deg/1553mm | 43.1s
[ 2200/10000] loss=0.0109 (t=0.0030 r=0.0186 beta=0.42) | val: 2.08deg/1898mm | 45.0s
[ 2300/10000] loss=0.0108 (t=0.0023 r=0.0209 beta=0.41) | val: 1.79deg/1826mm | 46.9s
[ 2400/10000] loss=0.0107 (t=0.0025 r=0.0208 beta=0.40) | val: 1.86deg/1852mm | 48.7s
[ 2500/10000] loss=0.0096 (t=0.0027 r=0.0178 beta=0.38) | val: 1.91deg/1681mm | 50.6s
[ 2600/10000] loss=0.0096 (t=0.0026 r=0.0190 beta=0.37) | val: 1.96deg/1846mm | 52.4s
[ 2700/10000] loss=0.0099 (t=0.0032 r=0.0189 beta=0.36) | val: 2.05deg/1707mm | 54.2s
[ 2800/10000] loss=0.0100 (t=0.0029 r=0.0205 beta=0.35) | val: 1.92deg/1823mm | 56.1s
[ 2900/10000] loss=0.0090 (t=0.0023 r=0.0200 beta=0.34) | val: 2.06deg/1703mm | 58.0s
[ 3000/10000] loss=0.0088 (t=0.0028 r=0.0186 beta=0.33) | val: 2.01deg/1652mm | 59.8s
[ 3100/10000] loss=0.0085 (t=0.0030 r=0.0176 beta=0.32) | val: 1.87deg/1633mm | 61.7s
[ 3200/10000] loss=0.0079 (t=0.0022 r=0.0185 beta=0.31) | val: 2.04deg/1740mm | 63.5s
[ 3300/10000] loss=0.0078 (t=0.0024 r=0.0184 beta=0.30) | val: 2.06deg/1674mm | 65.4s
[ 3400/10000] loss=0.0064 (t=0.0019 r=0.0157 beta=0.29) | val: 1.89deg/1820mm | 67.2s
[ 3500/10000] loss=0.0072 (t=0.0022 r=0.0177 beta=0.28) | val: 1.88deg/1619mm | 69.1s
[ 3600/10000] loss=0.0062 (t=0.0018 r=0.0162 beta=0.27) | val: 2.00deg/1674mm | 70.9s
[ 3700/10000] loss=0.0072 (t=0.0020 r=0.0194 beta=0.26) | val: 2.07deg/1706mm | 72.8s
[ 3800/10000] loss=0.0067 (t=0.0020 r=0.0181 beta=0.26) | val: 1.94deg/1701mm | 74.6s
[ 3900/10000] loss=0.0070 (t=0.0023 r=0.0186 beta=0.25) | val: 1.85deg/1709mm | 76.5s
[ 4000/10000] loss=0.0066 (t=0.0023 r=0.0181 beta=0.24) | val: 2.03deg/1698mm | 78.3s
[ 4100/10000] loss=0.0061 (t=0.0018 r=0.0183 beta=0.24) | val: 1.99deg/1659mm | 80.2s
[ 4200/10000] loss=0.0057 (t=0.0018 r=0.0167 beta=0.23) | val: 2.11deg/1716mm | 82.0s
[ 4300/10000] loss=0.0060 (t=0.0023 r=0.0164 beta=0.22) | val: 1.94deg/1566mm | 83.8s
[ 4400/10000] loss=0.0054 (t=0.0019 r=0.0162 beta=0.22) | val: 2.04deg/1649mm | 85.7s
[ 4500/10000] loss=0.0051 (t=0.0016 r=0.0162 beta=0.21) | val: 2.03deg/1623mm | 87.5s
[ 4600/10000] loss=0.0057 (t=0.0021 r=0.0173 beta=0.21) | val: 1.94deg/1553mm | 89.4s
[ 4700/10000] loss=0.0052 (t=0.0019 r=0.0166 beta=0.20) | val: 1.93deg/1618mm | 91.2s
[ 4800/10000] loss=0.0049 (t=0.0016 r=0.0166 beta=0.20) | val: 2.07deg/1679mm | 93.1s
[ 4900/10000] loss=0.0054 (t=0.0021 r=0.0169 beta=0.19) | val: 2.05deg/1770mm | 94.9s
[ 5000/10000] loss=0.0048 (t=0.0015 r=0.0176 beta=0.19) | val: 1.92deg/1845mm | 96.8s
[ 5100/10000] loss=0.0059 (t=0.0023 r=0.0200 beta=0.18) | val: 1.98deg/1657mm | 98.6s
[ 5200/10000] loss=0.0048 (t=0.0020 r=0.0161 beta=0.18) | val: 1.98deg/1730mm | 100.5s
[ 5300/10000] loss=0.0048 (t=0.0017 r=0.0178 beta=0.17) | val: 2.13deg/1746mm | 102.3s
[ 5400/10000] loss=0.0044 (t=0.0016 r=0.0164 beta=0.17) | val: 2.11deg/1597mm | 104.2s
[ 5500/10000] loss=0.0045 (t=0.0017 r=0.0168 beta=0.17) | val: 2.13deg/1804mm | 106.0s
[ 5600/10000] loss=0.0048 (t=0.0019 r=0.0175 beta=0.16) | val: 2.16deg/1800mm | 107.9s
[ 5700/10000] loss=0.0044 (t=0.0017 r=0.0168 beta=0.16) | val: 2.07deg/1624mm | 109.7s
[ 5800/10000] loss=0.0041 (t=0.0014 r=0.0172 beta=0.16) | val: 2.01deg/1561mm | 111.6s
[ 5900/10000] loss=0.0039 (t=0.0015 r=0.0157 beta=0.15) | val: 2.03deg/1632mm | 113.5s
[ 6000/10000] loss=0.0042 (t=0.0016 r=0.0171 beta=0.15) | val: 2.18deg/1732mm | 115.3s
[ 6100/10000] loss=0.0040 (t=0.0016 r=0.0167 beta=0.15) | val: 2.10deg/1602mm | 117.2s
[ 6200/10000] loss=0.0037 (t=0.0014 r=0.0159 beta=0.15) | val: 2.06deg/1708mm | 119.0s
[ 6300/10000] loss=0.0043 (t=0.0020 r=0.0162 beta=0.14) | val: 2.00deg/1528mm | 120.9s
[ 6400/10000] loss=0.0035 (t=0.0013 r=0.0160 beta=0.14) | val: 2.18deg/1586mm | 122.7s
[ 6500/10000] loss=0.0037 (t=0.0014 r=0.0168 beta=0.14) | val: 2.14deg/1649mm | 124.6s
[ 6600/10000] loss=0.0036 (t=0.0014 r=0.0159 beta=0.14) | val: 2.11deg/1719mm | 126.4s
[ 6700/10000] loss=0.0038 (t=0.0015 r=0.0168 beta=0.13) | val: 2.08deg/1692mm | 128.2s
[ 6800/10000] loss=0.0039 (t=0.0017 r=0.0163 beta=0.13) | val: 2.06deg/1621mm | 130.1s
[ 6900/10000] loss=0.0036 (t=0.0015 r=0.0163 beta=0.13) | val: 2.17deg/1571mm | 131.9s
[ 7000/10000] loss=0.0037 (t=0.0016 r=0.0159 beta=0.13) | val: 2.23deg/1768mm | 133.8s
[ 7100/10000] loss=0.0037 (t=0.0017 r=0.0160 beta=0.13) | val: 2.07deg/1651mm | 135.6s
[ 7200/10000] loss=0.0039 (t=0.0018 r=0.0164 beta=0.13) | val: 2.14deg/1582mm | 137.5s
[ 7300/10000] loss=0.0032 (t=0.0013 r=0.0152 beta=0.12) | val: 2.09deg/1645mm | 139.3s
[ 7400/10000] loss=0.0031 (t=0.0012 r=0.0153 beta=0.12) | val: 1.99deg/1651mm | 141.2s
[ 7500/10000] loss=0.0028 (t=0.0010 r=0.0148 beta=0.12) | val: 2.08deg/1620mm | 143.0s
[ 7600/10000] loss=0.0033 (t=0.0013 r=0.0162 beta=0.12) | val: 2.11deg/1536mm | 144.9s
[ 7700/10000] loss=0.0033 (t=0.0014 r=0.0154 beta=0.12) | val: 2.00deg/1689mm | 146.7s
[ 7800/10000] loss=0.0035 (t=0.0015 r=0.0174 beta=0.12) | val: 2.14deg/1654mm | 148.5s
[ 7900/10000] loss=0.0031 (t=0.0013 r=0.0151 beta=0.12) | val: 2.08deg/1604mm | 150.4s
[ 8000/10000] loss=0.0033 (t=0.0013 r=0.0170 beta=0.12) | val: 2.15deg/1635mm | 152.2s
[ 8100/10000] loss=0.0029 (t=0.0011 r=0.0152 beta=0.12) | val: 2.15deg/1595mm | 154.1s
[ 8200/10000] loss=0.0031 (t=0.0013 r=0.0155 beta=0.12) | val: 2.12deg/1653mm | 155.9s
[ 8300/10000] loss=0.0029 (t=0.0012 r=0.0148 beta=0.11) | val: 2.11deg/1598mm | 157.8s
[ 8400/10000] loss=0.0031 (t=0.0013 r=0.0158 beta=0.11) | val: 2.17deg/1601mm | 159.6s
[ 8500/10000] loss=0.0032 (t=0.0013 r=0.0166 beta=0.11) | val: 2.14deg/1641mm | 161.5s
[ 8600/10000] loss=0.0028 (t=0.0012 r=0.0145 beta=0.11) | val: 2.17deg/1621mm | 163.4s
[ 8700/10000] loss=0.0032 (t=0.0014 r=0.0159 beta=0.11) | val: 2.14deg/1616mm | 165.3s
[ 8800/10000] loss=0.0028 (t=0.0010 r=0.0157 beta=0.11) | val: 2.14deg/1576mm | 167.1s
[ 8900/10000] loss=0.0029 (t=0.0013 r=0.0144 beta=0.11) | val: 2.16deg/1529mm | 169.0s
[ 9000/10000] loss=0.0031 (t=0.0012 r=0.0170 beta=0.11) | val: 2.13deg/1601mm | 170.9s
[ 9100/10000] loss=0.0029 (t=0.0013 r=0.0147 beta=0.11) | val: 2.11deg/1646mm | 172.7s
[ 9200/10000] loss=0.0029 (t=0.0012 r=0.0152 beta=0.11) | val: 2.11deg/1596mm | 174.5s
[ 9300/10000] loss=0.0030 (t=0.0014 r=0.0144 beta=0.11) | val: 2.13deg/1556mm | 176.4s
[ 9400/10000] loss=0.0028 (t=0.0012 r=0.0146 beta=0.11) | val: 2.12deg/1545mm | 178.2s
[ 9500/10000] loss=0.0031 (t=0.0014 r=0.0155 beta=0.11) | val: 2.15deg/1592mm | 180.1s
[ 9600/10000] loss=0.0026 (t=0.0010 r=0.0144 beta=0.11) | val: 2.14deg/1587mm | 181.9s
[ 9700/10000] loss=0.0027 (t=0.0010 r=0.0149 beta=0.11) | val: 2.11deg/1538mm | 183.8s
[ 9800/10000] loss=0.0030 (t=0.0014 r=0.0146 beta=0.11) | val: 2.13deg/1573mm | 185.6s
[ 9900/10000] loss=0.0030 (t=0.0014 r=0.0145 beta=0.11) | val: 2.14deg/1592mm | 187.5s
[10000/10000] loss=0.0024 (t=0.0010 r=0.0129 beta=0.11) | val: 2.13deg/1568mm | 189.4s

Training done. Best epoch: 1840, score: 1.6199

Loaded best model from epoch 1840

======================================================================
EVALUATION RESULTS (Direct Regression)
======================================================================
Rotation  (median): 1.73deg
Translation (median): 1449mm

  R@5deg_1m: 23.1%  (rot_pass=95.6%, trans_pass=23.1%)
  R@10deg_2m: 64.8%  (rot_pass=100.0%, trans_pass=64.8%)
  R@15deg_5m: 89.0%  (rot_pass=100.0%, trans_pass=89.0%)
  R@25deg_5m: 89.0%  (rot_pass=100.0%, trans_pass=89.0%)

======================================================================
EVALUATION RESULTS (Retrieval Mode)
======================================================================
Retrieval median: 10.93deg / 2354mm
  R@5deg_1m: 2.7%  (rot=4.4%, trans=15.9%)
  R@10deg_2m: 18.7%  (rot=44.5%, trans=42.9%)
  R@15deg_5m: 54.9%  (rot=70.9%, trans=80.8%)
  R@25deg_5m: 77.5%  (rot=96.7%, trans=80.8%)
======================================================================

Done!
--- seed14 done ---
=== exp24e_attn_h4_wider_seed15 on GPU 0 ===
======================================================================
Experiment: exp24e_attn_h4_wider_seed15
Pool: attn, Features: both+sum
======================================================================
Random seed: 15
Using device: cuda:0

Loading data (fine=True, coarse=True, summary=True)...
  Loaded fine_geo: torch.Size([895, 128, 68, 120])
  Loaded coarse_sem: torch.Size([895, 128, 68, 120])
  Loaded summary: torch.Size([895, 2560])
  [train] 895 samples loaded
  Loaded fine_geo: torch.Size([182, 128, 68, 120])
  Loaded coarse_sem: torch.Size([182, 128, 68, 120])
  Loaded summary: torch.Size([182, 2560])
  [test] 182 samples loaded
Translation norm: mean=[13.19548    -0.64731836 23.103329  ], std=[10.827089    0.94348246  9.766839  ]
  Feature dim after pooling: 3584
Model parameters: 10,001,042
Model parameters: 10,001,042
[    1/10000] loss=2.4970 (t=0.6135 r=1.8835 beta=1.00) | val: 40.64deg/19843mm | 0.4s
[  100/10000] loss=0.1054 (t=0.0345 r=0.0764 beta=0.93) | val: 4.70deg/3403mm | 3.5s
[  200/10000] loss=0.0709 (t=0.0297 r=0.0463 beta=0.89) | val: 3.29deg/1982mm | 6.0s
[  300/10000] loss=0.0532 (t=0.0192 r=0.0395 beta=0.86) | val: 2.97deg/2029mm | 8.0s
[  400/10000] loss=0.0422 (t=0.0157 r=0.0320 beta=0.83) | val: 2.59deg/1430mm | 10.0s
[  500/10000] loss=0.0375 (t=0.0111 r=0.0330 beta=0.80) | val: 2.23deg/1542mm | 12.1s
[  600/10000] loss=0.0339 (t=0.0101 r=0.0309 beta=0.77) | val: 2.03deg/1451mm | 14.0s
[  700/10000] loss=0.0306 (t=0.0075 r=0.0310 beta=0.74) | val: 2.12deg/1909mm | 15.8s
[  800/10000] loss=0.0274 (t=0.0063 r=0.0293 beta=0.72) | val: 2.41deg/1670mm | 17.6s
[  900/10000] loss=0.0252 (t=0.0056 r=0.0283 beta=0.69) | val: 2.02deg/1725mm | 19.5s
[ 1000/10000] loss=0.0209 (t=0.0055 r=0.0230 beta=0.67) | val: 2.19deg/1551mm | 21.3s
[ 1100/10000] loss=0.0228 (t=0.0051 r=0.0272 beta=0.65) | val: 1.97deg/1421mm | 23.2s
[ 1200/10000] loss=0.0185 (t=0.0044 r=0.0225 beta=0.63) | val: 1.86deg/1432mm | 25.3s
[ 1300/10000] loss=0.0192 (t=0.0045 r=0.0243 beta=0.60) | val: 1.98deg/1434mm | 27.2s
[ 1400/10000] loss=0.0177 (t=0.0041 r=0.0233 beta=0.58) | val: 2.15deg/1533mm | 29.0s
[ 1500/10000] loss=0.0171 (t=0.0044 r=0.0224 beta=0.56) | val: 1.98deg/1276mm | 31.0s
[ 1600/10000] loss=0.0154 (t=0.0039 r=0.0211 beta=0.55) | val: 2.07deg/1572mm | 33.0s
[ 1700/10000] loss=0.0133 (t=0.0031 r=0.0194 beta=0.53) | val: 2.00deg/1527mm | 34.8s
[ 1800/10000] loss=0.0149 (t=0.0039 r=0.0216 beta=0.51) | val: 2.39deg/1607mm | 36.7s
[ 1900/10000] loss=0.0129 (t=0.0029 r=0.0203 beta=0.49) | val: 2.04deg/1419mm | 38.5s
[ 2000/10000] loss=0.0138 (t=0.0034 r=0.0217 beta=0.48) | val: 2.02deg/1408mm | 40.3s
[ 2100/10000] loss=0.0130 (t=0.0029 r=0.0218 beta=0.46) | val: 1.93deg/1586mm | 42.2s
[ 2200/10000] loss=0.0120 (t=0.0030 r=0.0200 beta=0.45) | val: 2.05deg/1480mm | 44.0s
[ 2300/10000] loss=0.0126 (t=0.0033 r=0.0215 beta=0.43) | val: 2.07deg/1435mm | 45.9s
[ 2400/10000] loss=0.0110 (t=0.0030 r=0.0190 beta=0.42) | val: 2.21deg/1559mm | 47.7s
[ 2500/10000] loss=0.0099 (t=0.0024 r=0.0184 beta=0.41) | val: 2.24deg/1434mm | 49.6s
[ 2600/10000] loss=0.0108 (t=0.0026 r=0.0209 beta=0.39) | val: 1.91deg/1545mm | 51.4s
[ 2700/10000] loss=0.0087 (t=0.0020 r=0.0176 beta=0.38) | val: 2.05deg/1407mm | 53.2s
[ 2800/10000] loss=0.0093 (t=0.0026 r=0.0179 beta=0.37) | val: 2.07deg/1400mm | 55.1s
[ 2900/10000] loss=0.0087 (t=0.0022 r=0.0181 beta=0.36) | val: 2.11deg/1425mm | 56.9s
[ 3000/10000] loss=0.0085 (t=0.0024 r=0.0174 beta=0.35) | val: 2.07deg/1733mm | 58.8s
[ 3100/10000] loss=0.0088 (t=0.0026 r=0.0183 beta=0.34) | val: 2.12deg/1505mm | 60.6s
[ 3200/10000] loss=0.0086 (t=0.0025 r=0.0184 beta=0.33) | val: 2.19deg/1532mm | 62.5s
[ 3300/10000] loss=0.0079 (t=0.0024 r=0.0171 beta=0.32) | val: 2.02deg/1539mm | 64.3s
[ 3400/10000] loss=0.0073 (t=0.0020 r=0.0170 beta=0.31) | val: 2.01deg/1545mm | 66.2s
[ 3500/10000] loss=0.0074 (t=0.0022 r=0.0172 beta=0.30) | val: 2.16deg/1848mm | 68.0s
[ 3600/10000] loss=0.0073 (t=0.0019 r=0.0184 beta=0.29) | val: 1.99deg/1608mm | 69.9s
[ 3700/10000] loss=0.0065 (t=0.0019 r=0.0163 beta=0.28) | val: 1.96deg/1621mm | 71.7s
[ 3800/10000] loss=0.0077 (t=0.0025 r=0.0191 beta=0.28) | val: 2.12deg/1557mm | 73.6s
[ 3900/10000] loss=0.0067 (t=0.0018 r=0.0184 beta=0.27) | val: 2.45deg/1441mm | 75.4s
[ 4000/10000] loss=0.0062 (t=0.0020 r=0.0161 beta=0.26) | val: 2.08deg/1574mm | 77.3s
[ 4100/10000] loss=0.0065 (t=0.0019 r=0.0182 beta=0.25) | val: 2.03deg/1523mm | 79.1s
[ 4200/10000] loss=0.0057 (t=0.0015 r=0.0169 beta=0.25) | val: 2.02deg/1590mm | 81.0s
[ 4300/10000] loss=0.0061 (t=0.0018 r=0.0179 beta=0.24) | val: 2.19deg/1494mm | 82.8s
[ 4400/10000] loss=0.0064 (t=0.0020 r=0.0188 beta=0.23) | val: 2.02deg/1625mm | 84.7s
[ 4500/10000] loss=0.0054 (t=0.0019 r=0.0153 beta=0.23) | val: 2.06deg/1547mm | 86.5s
[ 4600/10000] loss=0.0055 (t=0.0018 r=0.0166 beta=0.22) | val: 2.00deg/1696mm | 88.4s
[ 4700/10000] loss=0.0050 (t=0.0016 r=0.0156 beta=0.22) | val: 2.02deg/1501mm | 90.2s
[ 4800/10000] loss=0.0054 (t=0.0019 r=0.0169 beta=0.21) | val: 2.14deg/1516mm | 92.0s
[ 4900/10000] loss=0.0055 (t=0.0017 r=0.0182 beta=0.21) | val: 2.20deg/1476mm | 93.9s
[ 5000/10000] loss=0.0055 (t=0.0019 r=0.0180 beta=0.20) | val: 2.08deg/1609mm | 95.7s
[ 5100/10000] loss=0.0055 (t=0.0021 r=0.0172 beta=0.20) | val: 2.12deg/1675mm | 97.6s
[ 5200/10000] loss=0.0049 (t=0.0018 r=0.0165 beta=0.19) | val: 2.10deg/1564mm | 99.5s
[ 5300/10000] loss=0.0047 (t=0.0019 r=0.0152 beta=0.19) | val: 2.08deg/1493mm | 101.3s
[ 5400/10000] loss=0.0047 (t=0.0017 r=0.0162 beta=0.18) | val: 2.10deg/1555mm | 103.2s
[ 5500/10000] loss=0.0051 (t=0.0017 r=0.0187 beta=0.18) | val: 2.08deg/1494mm | 105.0s
[ 5600/10000] loss=0.0047 (t=0.0017 r=0.0169 beta=0.18) | val: 2.11deg/1669mm | 106.8s
[ 5700/10000] loss=0.0044 (t=0.0015 r=0.0167 beta=0.17) | val: 2.09deg/1528mm | 108.7s
[ 5800/10000] loss=0.0044 (t=0.0015 r=0.0174 beta=0.17) | val: 2.00deg/1477mm | 110.5s
[ 5900/10000] loss=0.0042 (t=0.0016 r=0.0156 beta=0.17) | val: 2.05deg/1549mm | 112.4s
[ 6000/10000] loss=0.0040 (t=0.0013 r=0.0160 beta=0.16) | val: 1.95deg/1559mm | 114.2s
[ 6100/10000] loss=0.0040 (t=0.0014 r=0.0163 beta=0.16) | val: 2.03deg/1619mm | 116.1s
[ 6200/10000] loss=0.0045 (t=0.0016 r=0.0185 beta=0.16) | val: 1.98deg/1550mm | 117.9s
[ 6300/10000] loss=0.0037 (t=0.0013 r=0.0154 beta=0.16) | val: 2.05deg/1444mm | 119.8s
[ 6400/10000] loss=0.0037 (t=0.0013 r=0.0159 beta=0.15) | val: 2.05deg/1510mm | 121.6s
[ 6500/10000] loss=0.0039 (t=0.0013 r=0.0171 beta=0.15) | val: 2.28deg/1478mm | 123.5s
[ 6600/10000] loss=0.0037 (t=0.0014 r=0.0160 beta=0.15) | val: 2.05deg/1548mm | 125.3s
[ 6700/10000] loss=0.0037 (t=0.0014 r=0.0158 beta=0.15) | val: 2.04deg/1658mm | 127.1s
[ 6800/10000] loss=0.0040 (t=0.0016 r=0.0171 beta=0.14) | val: 2.04deg/1607mm | 129.0s
[ 6900/10000] loss=0.0036 (t=0.0013 r=0.0162 beta=0.14) | val: 2.02deg/1573mm | 130.8s
[ 7000/10000] loss=0.0032 (t=0.0011 r=0.0148 beta=0.14) | val: 1.95deg/1755mm | 132.7s
[ 7100/10000] loss=0.0039 (t=0.0015 r=0.0174 beta=0.14) | val: 2.01deg/1630mm | 134.5s
[ 7200/10000] loss=0.0037 (t=0.0014 r=0.0170 beta=0.14) | val: 2.04deg/1651mm | 136.4s
[ 7300/10000] loss=0.0037 (t=0.0015 r=0.0165 beta=0.14) | val: 2.11deg/1512mm | 138.2s
[ 7400/10000] loss=0.0033 (t=0.0013 r=0.0156 beta=0.13) | val: 2.13deg/1529mm | 140.1s
[ 7500/10000] loss=0.0033 (t=0.0012 r=0.0156 beta=0.13) | val: 2.07deg/1542mm | 141.9s
[ 7600/10000] loss=0.0033 (t=0.0012 r=0.0166 beta=0.13) | val: 2.05deg/1686mm | 143.8s
[ 7700/10000] loss=0.0031 (t=0.0012 r=0.0148 beta=0.13) | val: 2.15deg/1566mm | 145.6s
[ 7800/10000] loss=0.0033 (t=0.0014 r=0.0149 beta=0.13) | val: 2.05deg/1574mm | 147.5s
[ 7900/10000] loss=0.0033 (t=0.0014 r=0.0151 beta=0.13) | val: 2.04deg/1552mm | 149.3s
[ 8000/10000] loss=0.0033 (t=0.0013 r=0.0160 beta=0.13) | val: 2.05deg/1618mm | 151.1s
[ 8100/10000] loss=0.0034 (t=0.0013 r=0.0165 beta=0.13) | val: 2.10deg/1573mm | 153.0s
[ 8200/10000] loss=0.0031 (t=0.0012 r=0.0148 beta=0.13) | val: 2.07deg/1562mm | 154.8s
[ 8300/10000] loss=0.0034 (t=0.0014 r=0.0160 beta=0.12) | val: 2.12deg/1571mm | 156.7s
[ 8400/10000] loss=0.0032 (t=0.0014 r=0.0152 beta=0.12) | val: 2.10deg/1505mm | 158.5s
[ 8500/10000] loss=0.0031 (t=0.0013 r=0.0149 beta=0.12) | val: 2.03deg/1553mm | 160.4s
[ 8600/10000] loss=0.0032 (t=0.0013 r=0.0154 beta=0.12) | val: 2.03deg/1603mm | 162.2s
[ 8700/10000] loss=0.0033 (t=0.0015 r=0.0145 beta=0.12) | val: 1.97deg/1531mm | 164.1s
[ 8800/10000] loss=0.0029 (t=0.0011 r=0.0151 beta=0.12) | val: 2.02deg/1540mm | 165.9s
[ 8900/10000] loss=0.0030 (t=0.0011 r=0.0157 beta=0.12) | val: 2.03deg/1548mm | 167.7s
[ 9000/10000] loss=0.0032 (t=0.0014 r=0.0152 beta=0.12) | val: 2.01deg/1580mm | 169.6s
[ 9100/10000] loss=0.0030 (t=0.0012 r=0.0147 beta=0.12) | val: 2.01deg/1553mm | 171.4s
[ 9200/10000] loss=0.0030 (t=0.0011 r=0.0150 beta=0.12) | val: 2.01deg/1573mm | 173.3s
[ 9300/10000] loss=0.0032 (t=0.0013 r=0.0162 beta=0.12) | val: 2.02deg/1571mm | 175.1s
[ 9400/10000] loss=0.0029 (t=0.0011 r=0.0147 beta=0.12) | val: 2.03deg/1563mm | 177.0s
[ 9500/10000] loss=0.0029 (t=0.0012 r=0.0140 beta=0.12) | val: 2.01deg/1583mm | 178.8s
[ 9600/10000] loss=0.0030 (t=0.0012 r=0.0149 beta=0.12) | val: 2.00deg/1568mm | 180.7s
[ 9700/10000] loss=0.0031 (t=0.0011 r=0.0168 beta=0.12) | val: 2.00deg/1595mm | 182.5s
[ 9800/10000] loss=0.0029 (t=0.0012 r=0.0137 beta=0.12) | val: 2.01deg/1569mm | 184.4s
[ 9900/10000] loss=0.0028 (t=0.0011 r=0.0136 beta=0.12) | val: 2.01deg/1593mm | 186.2s
[10000/10000] loss=0.0032 (t=0.0013 r=0.0163 beta=0.12) | val: 2.01deg/1582mm | 188.1s

Training done. Best epoch: 1500, score: 1.4737

Loaded best model from epoch 1500

======================================================================
EVALUATION RESULTS (Direct Regression)
======================================================================
Rotation  (median): 1.98deg
Translation (median): 1279mm

  R@5deg_1m: 33.0%  (rot_pass=93.4%, trans_pass=34.1%)
  R@10deg_2m: 62.6%  (rot_pass=100.0%, trans_pass=62.6%)
  R@15deg_5m: 91.8%  (rot_pass=100.0%, trans_pass=91.8%)
  R@25deg_5m: 91.8%  (rot_pass=100.0%, trans_pass=91.8%)

======================================================================
EVALUATION RESULTS (Retrieval Mode)
======================================================================
Retrieval median: 11.56deg / 2495mm
  R@5deg_1m: 2.2%  (rot=5.5%, trans=18.7%)
  R@10deg_2m: 15.9%  (rot=42.3%, trans=38.5%)
  R@15deg_5m: 56.6%  (rot=69.8%, trans=83.5%)
  R@25deg_5m: 80.2%  (rot=96.2%, trans=83.5%)
======================================================================

Done!
--- seed15 done ---
=== GPU0 ALL DONE ===
