=== exp24e_attn_h4_wider_seed22 on GPU 3 ===
======================================================================
Experiment: exp24e_attn_h4_wider_seed22
Pool: attn, Features: both+sum
======================================================================
Random seed: 22
Using device: cuda:3

Loading data (fine=True, coarse=True, summary=True)...
  Loaded fine_geo: torch.Size([895, 128, 68, 120])
  Loaded coarse_sem: torch.Size([895, 128, 68, 120])
  Loaded summary: torch.Size([895, 2560])
  [train] 895 samples loaded
  Loaded fine_geo: torch.Size([182, 128, 68, 120])
  Loaded coarse_sem: torch.Size([182, 128, 68, 120])
  Loaded summary: torch.Size([182, 2560])
  [test] 182 samples loaded
Translation norm: mean=[13.19548    -0.64731836 23.103329  ], std=[10.827089    0.94348246  9.766839  ]
  Feature dim after pooling: 3584
Model parameters: 10,001,042
Model parameters: 10,001,042
[    1/10000] loss=3.1099 (t=0.5602 r=2.5496 beta=1.00) | val: 34.73deg/16698mm | 0.8s
[  100/10000] loss=0.1026 (t=0.0318 r=0.0766 beta=0.92) | val: 4.46deg/3541mm | 3.9s
[  200/10000] loss=0.0649 (t=0.0218 r=0.0490 beta=0.88) | val: 3.20deg/1850mm | 6.5s
[  300/10000] loss=0.0537 (t=0.0205 r=0.0394 beta=0.84) | val: 2.37deg/1643mm | 8.7s
[  400/10000] loss=0.0438 (t=0.0165 r=0.0339 beta=0.81) | val: 2.39deg/1669mm | 10.7s
[  500/10000] loss=0.0400 (t=0.0110 r=0.0375 beta=0.77) | val: 2.30deg/1687mm | 12.7s
[  600/10000] loss=0.0326 (t=0.0098 r=0.0307 beta=0.74) | val: 2.30deg/1685mm | 14.7s
[  700/10000] loss=0.0284 (t=0.0072 r=0.0296 beta=0.72) | val: 2.10deg/1598mm | 16.8s
[  800/10000] loss=0.0296 (t=0.0079 r=0.0315 beta=0.69) | val: 2.35deg/1654mm | 18.7s
[  900/10000] loss=0.0199 (t=0.0051 r=0.0224 beta=0.66) | val: 2.03deg/1625mm | 20.5s
[ 1000/10000] loss=0.0213 (t=0.0053 r=0.0252 beta=0.64) | val: 1.99deg/1565mm | 22.3s
[ 1100/10000] loss=0.0193 (t=0.0039 r=0.0250 beta=0.61) | val: 2.34deg/1509mm | 24.2s
[ 1200/10000] loss=0.0181 (t=0.0039 r=0.0239 beta=0.59) | val: 2.00deg/1629mm | 26.0s
[ 1300/10000] loss=0.0170 (t=0.0047 r=0.0217 beta=0.57) | val: 1.95deg/1673mm | 27.8s
[ 1400/10000] loss=0.0156 (t=0.0038 r=0.0216 beta=0.55) | val: 2.20deg/1661mm | 29.7s
[ 1500/10000] loss=0.0169 (t=0.0035 r=0.0253 beta=0.53) | val: 2.32deg/1653mm | 31.5s
[ 1600/10000] loss=0.0151 (t=0.0033 r=0.0230 beta=0.51) | val: 2.23deg/1657mm | 33.5s
[ 1700/10000] loss=0.0136 (t=0.0031 r=0.0212 beta=0.49) | val: 2.27deg/1773mm | 35.3s
[ 1800/10000] loss=0.0130 (t=0.0031 r=0.0208 beta=0.48) | val: 2.52deg/1717mm | 37.2s
[ 1900/10000] loss=0.0123 (t=0.0034 r=0.0194 beta=0.46) | val: 2.09deg/1627mm | 39.0s
[ 2000/10000] loss=0.0118 (t=0.0027 r=0.0204 beta=0.44) | val: 2.22deg/1603mm | 40.8s
[ 2100/10000] loss=0.0109 (t=0.0026 r=0.0193 beta=0.43) | val: 2.15deg/1477mm | 42.7s
[ 2200/10000] loss=0.0113 (t=0.0030 r=0.0201 beta=0.42) | val: 1.99deg/1576mm | 44.5s
[ 2300/10000] loss=0.0111 (t=0.0032 r=0.0196 beta=0.40) | val: 2.16deg/1608mm | 46.4s
[ 2400/10000] loss=0.0103 (t=0.0029 r=0.0190 beta=0.39) | val: 2.01deg/1440mm | 48.4s
[ 2500/10000] loss=0.0108 (t=0.0028 r=0.0212 beta=0.38) | val: 2.77deg/1678mm | 50.2s
[ 2600/10000] loss=0.0095 (t=0.0022 r=0.0202 beta=0.36) | val: 2.29deg/1634mm | 52.0s
[ 2700/10000] loss=0.0095 (t=0.0029 r=0.0187 beta=0.35) | val: 2.15deg/1702mm | 53.9s
[ 2800/10000] loss=0.0084 (t=0.0025 r=0.0173 beta=0.34) | val: 2.02deg/1568mm | 55.7s
[ 2900/10000] loss=0.0085 (t=0.0023 r=0.0188 beta=0.33) | val: 2.34deg/1593mm | 57.6s
[ 3000/10000] loss=0.0083 (t=0.0022 r=0.0191 beta=0.32) | val: 2.19deg/1623mm | 59.4s
[ 3100/10000] loss=0.0089 (t=0.0024 r=0.0209 beta=0.31) | val: 2.12deg/1673mm | 61.2s
[ 3200/10000] loss=0.0072 (t=0.0021 r=0.0170 beta=0.30) | val: 2.04deg/1517mm | 63.1s
[ 3300/10000] loss=0.0074 (t=0.0018 r=0.0192 beta=0.29) | val: 2.57deg/1632mm | 64.9s
[ 3400/10000] loss=0.0072 (t=0.0022 r=0.0174 beta=0.28) | val: 2.31deg/1709mm | 66.8s
[ 3500/10000] loss=0.0064 (t=0.0018 r=0.0168 beta=0.27) | val: 2.16deg/1717mm | 68.6s
[ 3600/10000] loss=0.0071 (t=0.0020 r=0.0191 beta=0.27) | val: 2.26deg/1638mm | 70.4s
[ 3700/10000] loss=0.0071 (t=0.0023 r=0.0184 beta=0.26) | val: 2.28deg/1636mm | 72.3s
[ 3800/10000] loss=0.0067 (t=0.0025 r=0.0168 beta=0.25) | val: 2.40deg/1602mm | 74.1s
[ 3900/10000] loss=0.0064 (t=0.0020 r=0.0179 beta=0.24) | val: 2.31deg/1537mm | 76.0s
[ 4000/10000] loss=0.0066 (t=0.0022 r=0.0187 beta=0.24) | val: 2.19deg/1601mm | 77.8s
[ 4100/10000] loss=0.0065 (t=0.0022 r=0.0184 beta=0.23) | val: 2.15deg/1817mm | 79.6s
[ 4200/10000] loss=0.0059 (t=0.0020 r=0.0177 beta=0.22) | val: 2.10deg/1596mm | 81.5s
[ 4300/10000] loss=0.0061 (t=0.0021 r=0.0183 beta=0.22) | val: 2.31deg/1633mm | 83.3s
[ 4400/10000] loss=0.0053 (t=0.0020 r=0.0155 beta=0.21) | val: 2.10deg/1758mm | 85.2s
[ 4500/10000] loss=0.0058 (t=0.0019 r=0.0188 beta=0.21) | val: 2.20deg/1574mm | 87.0s
[ 4600/10000] loss=0.0055 (t=0.0017 r=0.0186 beta=0.20) | val: 2.30deg/1609mm | 88.9s
[ 4700/10000] loss=0.0052 (t=0.0016 r=0.0182 beta=0.20) | val: 2.15deg/1591mm | 90.7s
[ 4800/10000] loss=0.0051 (t=0.0017 r=0.0177 beta=0.19) | val: 2.10deg/1670mm | 92.6s
[ 4900/10000] loss=0.0052 (t=0.0021 r=0.0167 beta=0.19) | val: 2.22deg/1696mm | 94.4s
[ 5000/10000] loss=0.0050 (t=0.0017 r=0.0181 beta=0.18) | val: 2.65deg/1828mm | 96.2s
[ 5100/10000] loss=0.0050 (t=0.0019 r=0.0178 beta=0.18) | val: 2.37deg/1729mm | 98.1s
[ 5200/10000] loss=0.0057 (t=0.0022 r=0.0198 beta=0.17) | val: 2.16deg/1842mm | 99.9s
[ 5300/10000] loss=0.0045 (t=0.0017 r=0.0165 beta=0.17) | val: 2.28deg/1627mm | 101.8s
[ 5400/10000] loss=0.0041 (t=0.0015 r=0.0157 beta=0.17) | val: 2.39deg/1788mm | 103.6s
[ 5500/10000] loss=0.0046 (t=0.0016 r=0.0183 beta=0.16) | val: 2.23deg/1835mm | 105.5s
[ 5600/10000] loss=0.0042 (t=0.0014 r=0.0178 beta=0.16) | val: 2.22deg/1767mm | 107.3s
[ 5700/10000] loss=0.0038 (t=0.0016 r=0.0136 beta=0.16) | val: 2.38deg/1712mm | 109.2s
[ 5800/10000] loss=0.0039 (t=0.0014 r=0.0163 beta=0.15) | val: 2.19deg/1820mm | 111.0s
[ 5900/10000] loss=0.0040 (t=0.0016 r=0.0161 beta=0.15) | val: 2.20deg/1634mm | 112.8s
[ 6000/10000] loss=0.0041 (t=0.0019 r=0.0150 beta=0.15) | val: 2.26deg/1638mm | 114.7s
[ 6100/10000] loss=0.0039 (t=0.0014 r=0.0177 beta=0.15) | val: 2.31deg/1784mm | 116.5s
[ 6200/10000] loss=0.0038 (t=0.0015 r=0.0162 beta=0.14) | val: 2.24deg/1781mm | 118.4s
[ 6300/10000] loss=0.0039 (t=0.0016 r=0.0169 beta=0.14) | val: 2.09deg/1737mm | 120.3s
[ 6400/10000] loss=0.0038 (t=0.0014 r=0.0174 beta=0.14) | val: 2.14deg/1683mm | 122.1s
[ 6500/10000] loss=0.0034 (t=0.0014 r=0.0150 beta=0.14) | val: 2.24deg/1724mm | 123.9s
[ 6600/10000] loss=0.0035 (t=0.0013 r=0.0159 beta=0.13) | val: 2.24deg/1716mm | 125.8s
[ 6700/10000] loss=0.0035 (t=0.0013 r=0.0167 beta=0.13) | val: 2.22deg/1776mm | 127.6s
[ 6800/10000] loss=0.0036 (t=0.0015 r=0.0167 beta=0.13) | val: 2.16deg/1756mm | 129.5s
[ 6900/10000] loss=0.0030 (t=0.0012 r=0.0144 beta=0.13) | val: 2.29deg/1750mm | 131.3s
[ 7000/10000] loss=0.0033 (t=0.0012 r=0.0166 beta=0.13) | val: 2.37deg/1867mm | 133.2s
[ 7100/10000] loss=0.0032 (t=0.0013 r=0.0153 beta=0.12) | val: 2.29deg/1758mm | 135.0s
[ 7200/10000] loss=0.0031 (t=0.0013 r=0.0148 beta=0.12) | val: 2.20deg/1789mm | 136.9s
[ 7300/10000] loss=0.0035 (t=0.0015 r=0.0166 beta=0.12) | val: 2.32deg/1852mm | 138.7s
[ 7400/10000] loss=0.0031 (t=0.0012 r=0.0162 beta=0.12) | val: 2.23deg/1770mm | 140.6s
[ 7500/10000] loss=0.0031 (t=0.0011 r=0.0170 beta=0.12) | val: 2.26deg/1822mm | 142.4s
[ 7600/10000] loss=0.0033 (t=0.0014 r=0.0163 beta=0.12) | val: 2.32deg/1778mm | 144.2s
[ 7700/10000] loss=0.0033 (t=0.0013 r=0.0166 beta=0.12) | val: 2.29deg/1857mm | 146.1s
[ 7800/10000] loss=0.0034 (t=0.0015 r=0.0164 beta=0.12) | val: 2.18deg/1781mm | 147.9s
[ 7900/10000] loss=0.0031 (t=0.0013 r=0.0159 beta=0.12) | val: 2.23deg/1784mm | 149.8s
[ 8000/10000] loss=0.0033 (t=0.0015 r=0.0162 beta=0.11) | val: 2.20deg/1779mm | 151.6s
[ 8100/10000] loss=0.0030 (t=0.0012 r=0.0152 beta=0.11) | val: 2.21deg/1785mm | 153.5s
[ 8200/10000] loss=0.0031 (t=0.0012 r=0.0162 beta=0.11) | val: 2.24deg/1777mm | 155.3s
[ 8300/10000] loss=0.0032 (t=0.0013 r=0.0161 beta=0.11) | val: 2.23deg/1764mm | 157.2s
[ 8400/10000] loss=0.0031 (t=0.0015 r=0.0143 beta=0.11) | val: 2.21deg/1828mm | 159.0s
[ 8500/10000] loss=0.0028 (t=0.0011 r=0.0152 beta=0.11) | val: 2.26deg/1773mm | 160.9s
[ 8600/10000] loss=0.0029 (t=0.0012 r=0.0154 beta=0.11) | val: 2.22deg/1786mm | 162.7s
[ 8700/10000] loss=0.0030 (t=0.0012 r=0.0159 beta=0.11) | val: 2.25deg/1832mm | 164.6s
[ 8800/10000] loss=0.0028 (t=0.0012 r=0.0146 beta=0.11) | val: 2.28deg/1818mm | 166.4s
[ 8900/10000] loss=0.0026 (t=0.0011 r=0.0132 beta=0.11) | val: 2.21deg/1773mm | 168.3s
[ 9000/10000] loss=0.0031 (t=0.0013 r=0.0170 beta=0.11) | val: 2.26deg/1781mm | 170.1s
[ 9100/10000] loss=0.0031 (t=0.0013 r=0.0162 beta=0.11) | val: 2.22deg/1773mm | 172.0s
[ 9200/10000] loss=0.0030 (t=0.0013 r=0.0154 beta=0.11) | val: 2.19deg/1782mm | 173.8s
[ 9300/10000] loss=0.0032 (t=0.0014 r=0.0163 beta=0.11) | val: 2.23deg/1782mm | 175.7s
[ 9400/10000] loss=0.0030 (t=0.0013 r=0.0155 beta=0.11) | val: 2.23deg/1790mm | 177.5s
[ 9500/10000] loss=0.0029 (t=0.0012 r=0.0150 beta=0.11) | val: 2.21deg/1792mm | 179.4s
[ 9600/10000] loss=0.0029 (t=0.0013 r=0.0151 beta=0.11) | val: 2.19deg/1793mm | 181.3s
[ 9700/10000] loss=0.0028 (t=0.0011 r=0.0160 beta=0.11) | val: 2.20deg/1791mm | 183.1s
[ 9800/10000] loss=0.0030 (t=0.0013 r=0.0157 beta=0.11) | val: 2.21deg/1799mm | 185.0s
[ 9900/10000] loss=0.0028 (t=0.0011 r=0.0153 beta=0.11) | val: 2.22deg/1792mm | 186.8s
[10000/10000] loss=0.0029 (t=0.0013 r=0.0150 beta=0.11) | val: 2.22deg/1781mm | 188.7s

Training done. Best epoch: 2390, score: 1.5684

Loaded best model from epoch 2390

======================================================================
EVALUATION RESULTS (Direct Regression)
======================================================================
Rotation  (median): 2.09deg
Translation (median): 1369mm

  R@5deg_1m: 30.8%  (rot_pass=89.6%, trans_pass=31.3%)
  R@10deg_2m: 65.9%  (rot_pass=100.0%, trans_pass=65.9%)
  R@15deg_5m: 94.5%  (rot_pass=100.0%, trans_pass=94.5%)
  R@25deg_5m: 94.5%  (rot_pass=100.0%, trans_pass=94.5%)

======================================================================
EVALUATION RESULTS (Retrieval Mode)
======================================================================
Retrieval median: 11.91deg / 2408mm
  R@5deg_1m: 2.2%  (rot=6.0%, trans=23.1%)
  R@10deg_2m: 17.6%  (rot=37.9%, trans=43.4%)
  R@15deg_5m: 57.1%  (rot=69.2%, trans=86.3%)
  R@25deg_5m: 81.9%  (rot=95.6%, trans=86.3%)
======================================================================

Done!
--- seed22 done ---
=== exp24e_attn_h4_wider_seed23 on GPU 3 ===
======================================================================
Experiment: exp24e_attn_h4_wider_seed23
Pool: attn, Features: both+sum
======================================================================
Random seed: 23
Using device: cuda:3

Loading data (fine=True, coarse=True, summary=True)...
  Loaded fine_geo: torch.Size([895, 128, 68, 120])
  Loaded coarse_sem: torch.Size([895, 128, 68, 120])
  Loaded summary: torch.Size([895, 2560])
  [train] 895 samples loaded
  Loaded fine_geo: torch.Size([182, 128, 68, 120])
  Loaded coarse_sem: torch.Size([182, 128, 68, 120])
  Loaded summary: torch.Size([182, 2560])
  [test] 182 samples loaded
Translation norm: mean=[13.19548    -0.64731836 23.103329  ], std=[10.827089    0.94348246  9.766839  ]
  Feature dim after pooling: 3584
Model parameters: 10,001,042
Model parameters: 10,001,042
[    1/10000] loss=2.9754 (t=0.6770 r=2.2984 beta=1.00) | val: 98.59deg/38800mm | 0.5s
[  100/10000] loss=0.1097 (t=0.0347 r=0.0809 beta=0.93) | val: 5.56deg/3732mm | 3.8s
[  200/10000] loss=0.0692 (t=0.0232 r=0.0522 beta=0.88) | val: 3.74deg/2146mm | 6.1s
[  300/10000] loss=0.0569 (t=0.0184 r=0.0456 beta=0.85) | val: 2.55deg/2112mm | 8.1s
[  400/10000] loss=0.0487 (t=0.0172 r=0.0387 beta=0.81) | val: 2.45deg/1870mm | 10.3s
[  500/10000] loss=0.0367 (t=0.0118 r=0.0318 beta=0.78) | val: 2.36deg/1602mm | 12.2s
[  600/10000] loss=0.0354 (t=0.0103 r=0.0333 beta=0.75) | val: 2.09deg/1873mm | 14.0s
[  700/10000] loss=0.0281 (t=0.0068 r=0.0292 beta=0.73) | val: 2.80deg/1821mm | 16.0s
[  800/10000] loss=0.0266 (t=0.0072 r=0.0277 beta=0.70) | val: 2.31deg/1682mm | 17.9s
[  900/10000] loss=0.0231 (t=0.0049 r=0.0269 beta=0.68) | val: 2.35deg/1854mm | 19.7s
[ 1000/10000] loss=0.0250 (t=0.0059 r=0.0294 beta=0.65) | val: 2.08deg/1362mm | 21.5s
[ 1100/10000] loss=0.0227 (t=0.0059 r=0.0266 beta=0.63) | val: 2.15deg/1753mm | 23.5s
[ 1200/10000] loss=0.0189 (t=0.0044 r=0.0239 beta=0.61) | val: 2.05deg/1513mm | 25.4s
[ 1300/10000] loss=0.0181 (t=0.0043 r=0.0234 beta=0.59) | val: 2.21deg/1710mm | 27.2s
[ 1400/10000] loss=0.0182 (t=0.0047 r=0.0240 beta=0.57) | val: 2.02deg/1541mm | 29.1s
[ 1500/10000] loss=0.0155 (t=0.0038 r=0.0213 beta=0.55) | val: 2.10deg/1408mm | 30.9s
[ 1600/10000] loss=0.0165 (t=0.0037 r=0.0241 beta=0.53) | val: 2.11deg/1559mm | 32.8s
[ 1700/10000] loss=0.0151 (t=0.0033 r=0.0232 beta=0.51) | val: 2.23deg/1704mm | 34.6s
[ 1800/10000] loss=0.0124 (t=0.0028 r=0.0196 beta=0.49) | val: 1.99deg/1761mm | 36.5s
[ 1900/10000] loss=0.0133 (t=0.0031 r=0.0213 beta=0.48) | val: 2.15deg/1599mm | 38.3s
[ 2000/10000] loss=0.0122 (t=0.0029 r=0.0202 beta=0.46) | val: 2.21deg/1910mm | 40.2s
[ 2100/10000] loss=0.0125 (t=0.0032 r=0.0209 beta=0.45) | val: 2.08deg/1730mm | 42.0s
[ 2200/10000] loss=0.0109 (t=0.0023 r=0.0199 beta=0.43) | val: 2.29deg/1558mm | 43.8s
[ 2300/10000] loss=0.0135 (t=0.0032 r=0.0247 beta=0.42) | val: 2.27deg/1915mm | 45.7s
[ 2400/10000] loss=0.0099 (t=0.0023 r=0.0188 beta=0.40) | val: 2.09deg/1579mm | 47.5s
[ 2500/10000] loss=0.0118 (t=0.0029 r=0.0228 beta=0.39) | val: 2.11deg/1732mm | 49.4s
[ 2600/10000] loss=0.0093 (t=0.0021 r=0.0189 beta=0.38) | val: 2.12deg/1643mm | 51.2s
[ 2700/10000] loss=0.0108 (t=0.0027 r=0.0219 beta=0.37) | val: 2.31deg/1567mm | 53.1s
[ 2800/10000] loss=0.0091 (t=0.0025 r=0.0185 beta=0.36) | val: 2.20deg/1713mm | 54.9s
[ 2900/10000] loss=0.0086 (t=0.0022 r=0.0186 beta=0.34) | val: 2.04deg/1533mm | 56.8s
[ 3000/10000] loss=0.0083 (t=0.0024 r=0.0176 beta=0.33) | val: 2.06deg/1566mm | 58.6s
[ 3100/10000] loss=0.0091 (t=0.0024 r=0.0207 beta=0.32) | val: 2.19deg/1658mm | 60.5s
[ 3200/10000] loss=0.0086 (t=0.0027 r=0.0187 beta=0.31) | val: 2.21deg/1576mm | 62.3s
[ 3300/10000] loss=0.0078 (t=0.0023 r=0.0182 beta=0.31) | val: 2.24deg/1475mm | 64.2s
[ 3400/10000] loss=0.0081 (t=0.0023 r=0.0196 beta=0.30) | val: 2.14deg/1575mm | 66.0s
[ 3500/10000] loss=0.0083 (t=0.0025 r=0.0203 beta=0.29) | val: 2.23deg/1433mm | 67.9s
[ 3600/10000] loss=0.0072 (t=0.0024 r=0.0171 beta=0.28) | val: 2.34deg/1694mm | 69.7s
[ 3700/10000] loss=0.0064 (t=0.0019 r=0.0165 beta=0.27) | val: 2.28deg/1660mm | 71.6s
[ 3800/10000] loss=0.0069 (t=0.0020 r=0.0186 beta=0.26) | val: 2.53deg/1787mm | 73.4s
[ 3900/10000] loss=0.0066 (t=0.0020 r=0.0182 beta=0.26) | val: 2.43deg/1588mm | 75.2s
[ 4000/10000] loss=0.0065 (t=0.0022 r=0.0171 beta=0.25) | val: 2.32deg/1548mm | 77.1s
[ 4100/10000] loss=0.0065 (t=0.0020 r=0.0185 beta=0.24) | val: 2.41deg/1626mm | 78.9s
[ 4200/10000] loss=0.0063 (t=0.0022 r=0.0174 beta=0.24) | val: 2.38deg/1684mm | 80.8s
[ 4300/10000] loss=0.0061 (t=0.0019 r=0.0179 beta=0.23) | val: 2.39deg/1608mm | 82.6s
[ 4400/10000] loss=0.0058 (t=0.0019 r=0.0172 beta=0.22) | val: 2.37deg/1845mm | 84.5s
[ 4500/10000] loss=0.0053 (t=0.0016 r=0.0168 beta=0.22) | val: 2.34deg/1677mm | 86.3s
[ 4600/10000] loss=0.0060 (t=0.0021 r=0.0186 beta=0.21) | val: 2.36deg/1614mm | 88.2s
[ 4700/10000] loss=0.0048 (t=0.0015 r=0.0160 beta=0.21) | val: 2.41deg/1624mm | 90.0s
[ 4800/10000] loss=0.0052 (t=0.0017 r=0.0173 beta=0.20) | val: 2.36deg/1619mm | 91.9s
[ 4900/10000] loss=0.0051 (t=0.0017 r=0.0172 beta=0.20) | val: 2.40deg/1598mm | 93.7s
[ 5000/10000] loss=0.0048 (t=0.0016 r=0.0168 beta=0.19) | val: 2.43deg/1622mm | 95.6s
[ 5100/10000] loss=0.0050 (t=0.0018 r=0.0173 beta=0.19) | val: 2.50deg/1760mm | 97.4s
[ 5200/10000] loss=0.0046 (t=0.0016 r=0.0163 beta=0.18) | val: 2.49deg/1557mm | 99.3s
[ 5300/10000] loss=0.0050 (t=0.0018 r=0.0176 beta=0.18) | val: 2.46deg/1701mm | 101.1s
[ 5400/10000] loss=0.0043 (t=0.0014 r=0.0165 beta=0.18) | val: 2.37deg/1734mm | 103.0s
[ 5500/10000] loss=0.0041 (t=0.0015 r=0.0153 beta=0.17) | val: 2.40deg/1627mm | 104.8s
[ 5600/10000] loss=0.0045 (t=0.0017 r=0.0164 beta=0.17) | val: 2.40deg/1674mm | 106.6s
[ 5700/10000] loss=0.0045 (t=0.0016 r=0.0175 beta=0.17) | val: 2.42deg/1650mm | 108.5s
[ 5800/10000] loss=0.0042 (t=0.0016 r=0.0163 beta=0.16) | val: 2.39deg/1759mm | 110.3s
[ 5900/10000] loss=0.0042 (t=0.0014 r=0.0173 beta=0.16) | val: 2.27deg/1555mm | 112.2s
[ 6000/10000] loss=0.0041 (t=0.0015 r=0.0163 beta=0.16) | val: 2.31deg/1606mm | 114.1s
[ 6100/10000] loss=0.0042 (t=0.0017 r=0.0165 beta=0.15) | val: 2.53deg/1604mm | 115.9s
[ 6200/10000] loss=0.0039 (t=0.0014 r=0.0162 beta=0.15) | val: 2.46deg/1673mm | 117.8s
[ 6300/10000] loss=0.0040 (t=0.0015 r=0.0166 beta=0.15) | val: 2.53deg/1639mm | 119.6s
[ 6400/10000] loss=0.0039 (t=0.0015 r=0.0162 beta=0.15) | val: 2.45deg/1785mm | 121.5s
[ 6500/10000] loss=0.0035 (t=0.0013 r=0.0152 beta=0.14) | val: 2.41deg/1550mm | 123.3s
[ 6600/10000] loss=0.0038 (t=0.0016 r=0.0160 beta=0.14) | val: 2.54deg/1605mm | 125.2s
[ 6700/10000] loss=0.0043 (t=0.0019 r=0.0169 beta=0.14) | val: 2.41deg/1648mm | 127.0s
[ 6800/10000] loss=0.0035 (t=0.0014 r=0.0156 beta=0.14) | val: 2.52deg/1655mm | 128.8s
[ 6900/10000] loss=0.0035 (t=0.0013 r=0.0160 beta=0.14) | val: 2.45deg/1644mm | 130.7s
[ 7000/10000] loss=0.0037 (t=0.0015 r=0.0164 beta=0.13) | val: 2.55deg/1628mm | 132.6s
[ 7100/10000] loss=0.0035 (t=0.0013 r=0.0169 beta=0.13) | val: 2.54deg/1751mm | 134.4s
[ 7200/10000] loss=0.0035 (t=0.0014 r=0.0161 beta=0.13) | val: 2.49deg/1659mm | 136.2s
[ 7300/10000] loss=0.0034 (t=0.0013 r=0.0157 beta=0.13) | val: 2.45deg/1684mm | 138.1s
[ 7400/10000] loss=0.0033 (t=0.0013 r=0.0160 beta=0.13) | val: 2.45deg/1701mm | 139.9s
[ 7500/10000] loss=0.0034 (t=0.0013 r=0.0162 beta=0.13) | val: 2.49deg/1705mm | 141.8s
[ 7600/10000] loss=0.0032 (t=0.0013 r=0.0154 beta=0.13) | val: 2.53deg/1654mm | 143.6s
[ 7700/10000] loss=0.0033 (t=0.0012 r=0.0172 beta=0.12) | val: 2.43deg/1656mm | 145.5s
[ 7800/10000] loss=0.0039 (t=0.0016 r=0.0184 beta=0.12) | val: 2.45deg/1632mm | 147.3s
[ 7900/10000] loss=0.0031 (t=0.0013 r=0.0149 beta=0.12) | val: 2.36deg/1615mm | 149.2s
[ 8000/10000] loss=0.0032 (t=0.0012 r=0.0165 beta=0.12) | val: 2.46deg/1625mm | 151.0s
[ 8100/10000] loss=0.0033 (t=0.0014 r=0.0159 beta=0.12) | val: 2.54deg/1705mm | 152.9s
[ 8200/10000] loss=0.0030 (t=0.0012 r=0.0152 beta=0.12) | val: 2.43deg/1603mm | 154.7s
[ 8300/10000] loss=0.0031 (t=0.0012 r=0.0165 beta=0.12) | val: 2.44deg/1685mm | 156.6s
[ 8400/10000] loss=0.0032 (t=0.0014 r=0.0153 beta=0.12) | val: 2.51deg/1584mm | 158.4s
[ 8500/10000] loss=0.0034 (t=0.0015 r=0.0161 beta=0.12) | val: 2.47deg/1674mm | 160.3s
[ 8600/10000] loss=0.0029 (t=0.0012 r=0.0146 beta=0.12) | val: 2.40deg/1592mm | 162.1s
[ 8700/10000] loss=0.0032 (t=0.0013 r=0.0156 beta=0.12) | val: 2.44deg/1674mm | 164.0s
[ 8800/10000] loss=0.0027 (t=0.0010 r=0.0143 beta=0.12) | val: 2.47deg/1620mm | 165.8s
[ 8900/10000] loss=0.0030 (t=0.0011 r=0.0158 beta=0.12) | val: 2.42deg/1601mm | 167.7s
[ 9000/10000] loss=0.0029 (t=0.0012 r=0.0151 beta=0.12) | val: 2.49deg/1620mm | 169.5s
[ 9100/10000] loss=0.0031 (t=0.0012 r=0.0160 beta=0.12) | val: 2.49deg/1625mm | 171.3s
[ 9200/10000] loss=0.0030 (t=0.0012 r=0.0152 beta=0.12) | val: 2.49deg/1656mm | 173.2s
[ 9300/10000] loss=0.0032 (t=0.0015 r=0.0150 beta=0.12) | val: 2.49deg/1667mm | 175.0s
[ 9400/10000] loss=0.0031 (t=0.0012 r=0.0162 beta=0.12) | val: 2.45deg/1646mm | 176.9s
[ 9500/10000] loss=0.0030 (t=0.0011 r=0.0165 beta=0.12) | val: 2.50deg/1649mm | 178.7s
[ 9600/10000] loss=0.0031 (t=0.0014 r=0.0150 beta=0.12) | val: 2.47deg/1625mm | 180.6s
[ 9700/10000] loss=0.0032 (t=0.0014 r=0.0159 beta=0.12) | val: 2.45deg/1613mm | 182.4s
[ 9800/10000] loss=0.0028 (t=0.0011 r=0.0144 beta=0.12) | val: 2.45deg/1622mm | 184.3s
[ 9900/10000] loss=0.0031 (t=0.0013 r=0.0157 beta=0.12) | val: 2.48deg/1632mm | 186.1s
[10000/10000] loss=0.0029 (t=0.0011 r=0.0150 beta=0.12) | val: 2.48deg/1648mm | 188.0s

Training done. Best epoch: 1000, score: 1.5699

Loaded best model from epoch 1000

======================================================================
EVALUATION RESULTS (Direct Regression)
======================================================================
Rotation  (median): 2.09deg
Translation (median): 1364mm

  R@5deg_1m: 31.3%  (rot_pass=91.8%, trans_pass=31.9%)
  R@10deg_2m: 66.5%  (rot_pass=99.5%, trans_pass=67.0%)
  R@15deg_5m: 93.4%  (rot_pass=100.0%, trans_pass=93.4%)
  R@25deg_5m: 93.4%  (rot_pass=100.0%, trans_pass=93.4%)

======================================================================
EVALUATION RESULTS (Retrieval Mode)
======================================================================
Retrieval median: 11.56deg / 2257mm
  R@5deg_1m: 1.6%  (rot=4.4%, trans=19.2%)
  R@10deg_2m: 17.6%  (rot=40.1%, trans=47.3%)
  R@15deg_5m: 59.3%  (rot=72.0%, trans=86.8%)
  R@25deg_5m: 84.1%  (rot=97.3%, trans=86.8%)
======================================================================

Done!
--- seed23 done ---
=== exp24e_attn_h4_wider_seed24 on GPU 3 ===
======================================================================
Experiment: exp24e_attn_h4_wider_seed24
Pool: attn, Features: both+sum
======================================================================
Random seed: 24
Using device: cuda:3

Loading data (fine=True, coarse=True, summary=True)...
  Loaded fine_geo: torch.Size([895, 128, 68, 120])
  Loaded coarse_sem: torch.Size([895, 128, 68, 120])
  Loaded summary: torch.Size([895, 2560])
  [train] 895 samples loaded
  Loaded fine_geo: torch.Size([182, 128, 68, 120])
  Loaded coarse_sem: torch.Size([182, 128, 68, 120])
  Loaded summary: torch.Size([182, 2560])
  [test] 182 samples loaded
Translation norm: mean=[13.19548    -0.64731836 23.103329  ], std=[10.827089    0.94348246  9.766839  ]
  Feature dim after pooling: 3584
Model parameters: 10,001,042
Model parameters: 10,001,042
[    1/10000] loss=2.8288 (t=0.6244 r=2.2045 beta=1.00) | val: 27.05deg/30368mm | 0.7s
[  100/10000] loss=0.1157 (t=0.0406 r=0.0809 beta=0.93) | val: 5.42deg/2933mm | 3.8s
[  200/10000] loss=0.0612 (t=0.0182 r=0.0482 beta=0.89) | val: 2.67deg/1796mm | 6.1s
[  300/10000] loss=0.0531 (t=0.0199 r=0.0385 beta=0.86) | val: 2.32deg/1901mm | 8.5s
[  400/10000] loss=0.0467 (t=0.0182 r=0.0343 beta=0.83) | val: 2.05deg/1783mm | 10.5s
[  500/10000] loss=0.0404 (t=0.0137 r=0.0332 beta=0.80) | val: 2.12deg/1930mm | 12.4s
[  600/10000] loss=0.0294 (t=0.0084 r=0.0271 beta=0.78) | val: 2.44deg/1457mm | 14.2s
[  700/10000] loss=0.0298 (t=0.0084 r=0.0286 beta=0.75) | val: 2.11deg/1796mm | 16.1s
[  800/10000] loss=0.0268 (t=0.0065 r=0.0280 beta=0.72) | val: 2.05deg/1547mm | 17.9s
[  900/10000] loss=0.0238 (t=0.0058 r=0.0257 beta=0.70) | val: 1.94deg/1791mm | 19.8s
[ 1000/10000] loss=0.0222 (t=0.0052 r=0.0251 beta=0.68) | val: 2.01deg/1548mm | 21.6s
[ 1100/10000] loss=0.0228 (t=0.0058 r=0.0260 beta=0.65) | val: 1.72deg/1340mm | 23.5s
[ 1200/10000] loss=0.0213 (t=0.0057 r=0.0246 beta=0.63) | val: 1.75deg/1562mm | 25.5s
[ 1300/10000] loss=0.0182 (t=0.0043 r=0.0229 beta=0.61) | val: 2.05deg/1675mm | 27.3s
[ 1400/10000] loss=0.0187 (t=0.0042 r=0.0245 beta=0.59) | val: 2.13deg/1486mm | 29.2s
[ 1500/10000] loss=0.0163 (t=0.0039 r=0.0217 beta=0.57) | val: 1.83deg/1332mm | 31.0s
[ 1600/10000] loss=0.0161 (t=0.0033 r=0.0232 beta=0.55) | val: 1.67deg/1512mm | 32.9s
[ 1700/10000] loss=0.0145 (t=0.0037 r=0.0204 beta=0.53) | val: 1.85deg/1642mm | 34.7s
[ 1800/10000] loss=0.0147 (t=0.0032 r=0.0223 beta=0.52) | val: 1.71deg/1473mm | 36.6s
[ 1900/10000] loss=0.0137 (t=0.0033 r=0.0209 beta=0.50) | val: 1.92deg/1556mm | 38.4s
[ 2000/10000] loss=0.0117 (t=0.0025 r=0.0192 beta=0.48) | val: 2.04deg/1386mm | 40.3s
[ 2100/10000] loss=0.0117 (t=0.0027 r=0.0192 beta=0.47) | val: 1.73deg/1373mm | 42.1s
[ 2200/10000] loss=0.0112 (t=0.0029 r=0.0182 beta=0.45) | val: 1.87deg/1515mm | 44.1s
[ 2300/10000] loss=0.0112 (t=0.0028 r=0.0193 beta=0.44) | val: 1.90deg/1477mm | 46.0s
[ 2400/10000] loss=0.0112 (t=0.0025 r=0.0206 beta=0.42) | val: 1.75deg/1360mm | 47.8s
[ 2500/10000] loss=0.0109 (t=0.0027 r=0.0200 beta=0.41) | val: 1.80deg/1617mm | 49.7s
[ 2600/10000] loss=0.0106 (t=0.0025 r=0.0205 beta=0.40) | val: 1.88deg/1391mm | 51.5s
[ 2700/10000] loss=0.0101 (t=0.0027 r=0.0193 beta=0.39) | val: 1.97deg/1587mm | 53.4s
[ 2800/10000] loss=0.0098 (t=0.0029 r=0.0187 beta=0.37) | val: 1.85deg/1656mm | 55.2s
[ 2900/10000] loss=0.0098 (t=0.0027 r=0.0195 beta=0.36) | val: 1.74deg/1497mm | 57.1s
[ 3000/10000] loss=0.0100 (t=0.0029 r=0.0202 beta=0.35) | val: 1.75deg/1522mm | 58.9s
[ 3100/10000] loss=0.0083 (t=0.0024 r=0.0173 beta=0.34) | val: 1.80deg/1584mm | 60.8s
[ 3200/10000] loss=0.0082 (t=0.0024 r=0.0176 beta=0.33) | val: 1.76deg/1537mm | 62.6s
[ 3300/10000] loss=0.0083 (t=0.0024 r=0.0182 beta=0.32) | val: 1.90deg/1458mm | 64.5s
[ 3400/10000] loss=0.0084 (t=0.0024 r=0.0192 beta=0.31) | val: 1.78deg/1777mm | 66.3s
[ 3500/10000] loss=0.0074 (t=0.0020 r=0.0178 beta=0.30) | val: 1.90deg/1548mm | 68.1s
[ 3600/10000] loss=0.0082 (t=0.0026 r=0.0189 beta=0.29) | val: 2.01deg/1719mm | 70.0s
[ 3700/10000] loss=0.0078 (t=0.0024 r=0.0191 beta=0.29) | val: 1.85deg/1521mm | 71.8s
[ 3800/10000] loss=0.0064 (t=0.0016 r=0.0172 beta=0.28) | val: 2.04deg/1461mm | 73.7s
[ 3900/10000] loss=0.0068 (t=0.0020 r=0.0179 beta=0.27) | val: 1.98deg/1446mm | 75.6s
[ 4000/10000] loss=0.0066 (t=0.0021 r=0.0171 beta=0.26) | val: 1.97deg/1481mm | 77.4s
[ 4100/10000] loss=0.0067 (t=0.0021 r=0.0180 beta=0.26) | val: 1.81deg/1697mm | 79.3s
[ 4200/10000] loss=0.0067 (t=0.0023 r=0.0179 beta=0.25) | val: 1.82deg/1583mm | 81.1s
[ 4300/10000] loss=0.0075 (t=0.0026 r=0.0204 beta=0.24) | val: 1.84deg/1587mm | 83.0s
[ 4400/10000] loss=0.0060 (t=0.0018 r=0.0177 beta=0.24) | val: 1.77deg/1497mm | 84.8s
[ 4500/10000] loss=0.0065 (t=0.0025 r=0.0176 beta=0.23) | val: 1.94deg/1440mm | 86.7s
[ 4600/10000] loss=0.0060 (t=0.0018 r=0.0184 beta=0.22) | val: 1.98deg/1583mm | 88.5s
[ 4700/10000] loss=0.0056 (t=0.0019 r=0.0170 beta=0.22) | val: 1.87deg/1500mm | 90.4s
[ 4800/10000] loss=0.0055 (t=0.0019 r=0.0170 beta=0.21) | val: 2.20deg/1483mm | 92.2s
[ 4900/10000] loss=0.0055 (t=0.0019 r=0.0176 beta=0.21) | val: 2.02deg/1557mm | 94.1s
[ 5000/10000] loss=0.0049 (t=0.0015 r=0.0167 beta=0.20) | val: 1.82deg/1554mm | 95.9s
[ 5100/10000] loss=0.0049 (t=0.0015 r=0.0170 beta=0.20) | val: 1.91deg/1490mm | 97.8s
[ 5200/10000] loss=0.0047 (t=0.0016 r=0.0163 beta=0.19) | val: 2.02deg/1547mm | 99.6s
[ 5300/10000] loss=0.0047 (t=0.0016 r=0.0163 beta=0.19) | val: 2.02deg/1417mm | 101.5s
[ 5400/10000] loss=0.0051 (t=0.0017 r=0.0182 beta=0.19) | val: 1.86deg/1463mm | 103.3s
[ 5500/10000] loss=0.0050 (t=0.0017 r=0.0178 beta=0.18) | val: 1.93deg/1430mm | 105.1s
[ 5600/10000] loss=0.0043 (t=0.0013 r=0.0166 beta=0.18) | val: 1.90deg/1514mm | 107.0s
[ 5700/10000] loss=0.0047 (t=0.0017 r=0.0175 beta=0.17) | val: 1.90deg/1585mm | 108.8s
[ 5800/10000] loss=0.0045 (t=0.0017 r=0.0162 beta=0.17) | val: 2.01deg/1542mm | 110.7s
[ 5900/10000] loss=0.0047 (t=0.0019 r=0.0165 beta=0.17) | val: 1.98deg/1484mm | 112.5s
[ 6000/10000] loss=0.0041 (t=0.0014 r=0.0167 beta=0.16) | val: 1.87deg/1474mm | 114.4s
[ 6100/10000] loss=0.0042 (t=0.0015 r=0.0165 beta=0.16) | val: 1.94deg/1492mm | 116.2s
[ 6200/10000] loss=0.0038 (t=0.0014 r=0.0148 beta=0.16) | val: 1.83deg/1510mm | 118.1s
[ 6300/10000] loss=0.0041 (t=0.0015 r=0.0168 beta=0.16) | val: 1.79deg/1563mm | 119.9s
[ 6400/10000] loss=0.0038 (t=0.0014 r=0.0157 beta=0.15) | val: 1.74deg/1512mm | 121.8s
[ 6500/10000] loss=0.0041 (t=0.0015 r=0.0168 beta=0.15) | val: 1.95deg/1575mm | 123.6s
[ 6600/10000] loss=0.0040 (t=0.0015 r=0.0170 beta=0.15) | val: 1.94deg/1569mm | 125.5s
[ 6700/10000] loss=0.0037 (t=0.0013 r=0.0166 beta=0.15) | val: 1.92deg/1528mm | 127.3s
[ 6800/10000] loss=0.0038 (t=0.0016 r=0.0153 beta=0.14) | val: 2.00deg/1642mm | 129.2s
[ 6900/10000] loss=0.0035 (t=0.0013 r=0.0155 beta=0.14) | val: 1.89deg/1550mm | 131.0s
[ 7000/10000] loss=0.0036 (t=0.0013 r=0.0165 beta=0.14) | val: 1.90deg/1503mm | 132.9s
[ 7100/10000] loss=0.0037 (t=0.0013 r=0.0170 beta=0.14) | val: 1.85deg/1553mm | 134.7s
[ 7200/10000] loss=0.0033 (t=0.0012 r=0.0157 beta=0.14) | val: 1.82deg/1518mm | 136.6s
[ 7300/10000] loss=0.0037 (t=0.0015 r=0.0159 beta=0.14) | val: 1.74deg/1553mm | 138.4s
[ 7400/10000] loss=0.0032 (t=0.0012 r=0.0146 beta=0.13) | val: 1.82deg/1525mm | 140.3s
[ 7500/10000] loss=0.0039 (t=0.0015 r=0.0177 beta=0.13) | val: 1.88deg/1520mm | 142.1s
[ 7600/10000] loss=0.0035 (t=0.0014 r=0.0155 beta=0.13) | val: 1.95deg/1508mm | 144.0s
[ 7700/10000] loss=0.0034 (t=0.0013 r=0.0165 beta=0.13) | val: 1.96deg/1550mm | 145.8s
[ 7800/10000] loss=0.0032 (t=0.0012 r=0.0155 beta=0.13) | val: 1.92deg/1513mm | 147.7s
[ 7900/10000] loss=0.0034 (t=0.0012 r=0.0168 beta=0.13) | val: 1.85deg/1475mm | 149.5s
[ 8000/10000] loss=0.0033 (t=0.0013 r=0.0156 beta=0.13) | val: 1.83deg/1560mm | 151.4s
[ 8100/10000] loss=0.0034 (t=0.0012 r=0.0173 beta=0.13) | val: 1.94deg/1522mm | 153.2s
[ 8200/10000] loss=0.0031 (t=0.0012 r=0.0156 beta=0.13) | val: 1.81deg/1479mm | 155.0s
[ 8300/10000] loss=0.0032 (t=0.0013 r=0.0157 beta=0.13) | val: 2.00deg/1494mm | 156.9s
[ 8400/10000] loss=0.0030 (t=0.0011 r=0.0149 beta=0.12) | val: 1.82deg/1481mm | 158.8s
[ 8500/10000] loss=0.0035 (t=0.0015 r=0.0159 beta=0.12) | val: 1.89deg/1594mm | 160.6s
[ 8600/10000] loss=0.0033 (t=0.0013 r=0.0163 beta=0.12) | val: 1.86deg/1521mm | 162.5s
[ 8700/10000] loss=0.0033 (t=0.0014 r=0.0154 beta=0.12) | val: 1.82deg/1569mm | 164.3s
[ 8800/10000] loss=0.0032 (t=0.0013 r=0.0155 beta=0.12) | val: 1.82deg/1555mm | 166.1s
[ 8900/10000] loss=0.0033 (t=0.0013 r=0.0160 beta=0.12) | val: 1.83deg/1544mm | 168.0s
[ 9000/10000] loss=0.0032 (t=0.0013 r=0.0158 beta=0.12) | val: 1.84deg/1542mm | 169.8s
[ 9100/10000] loss=0.0032 (t=0.0012 r=0.0164 beta=0.12) | val: 1.82deg/1535mm | 171.7s
[ 9200/10000] loss=0.0032 (t=0.0014 r=0.0147 beta=0.12) | val: 1.82deg/1485mm | 173.5s
[ 9300/10000] loss=0.0028 (t=0.0011 r=0.0137 beta=0.12) | val: 1.86deg/1533mm | 175.4s
[ 9400/10000] loss=0.0031 (t=0.0012 r=0.0158 beta=0.12) | val: 1.83deg/1529mm | 177.2s
[ 9500/10000] loss=0.0033 (t=0.0013 r=0.0158 beta=0.12) | val: 1.85deg/1560mm | 179.1s
[ 9600/10000] loss=0.0029 (t=0.0012 r=0.0139 beta=0.12) | val: 1.85deg/1563mm | 180.9s
[ 9700/10000] loss=0.0031 (t=0.0013 r=0.0146 beta=0.12) | val: 1.83deg/1545mm | 182.8s
[ 9800/10000] loss=0.0032 (t=0.0013 r=0.0154 beta=0.12) | val: 1.84deg/1550mm | 184.6s
[ 9900/10000] loss=0.0031 (t=0.0012 r=0.0156 beta=0.12) | val: 1.83deg/1557mm | 186.5s
[10000/10000] loss=0.0033 (t=0.0015 r=0.0151 beta=0.12) | val: 1.84deg/1535mm | 188.3s

Training done. Best epoch: 2140, score: 1.4874

Loaded best model from epoch 2140

======================================================================
EVALUATION RESULTS (Direct Regression)
======================================================================
Rotation  (median): 1.77deg
Translation (median): 1321mm

  R@5deg_1m: 32.4%  (rot_pass=91.8%, trans_pass=33.0%)
  R@10deg_2m: 73.1%  (rot_pass=100.0%, trans_pass=73.1%)
  R@15deg_5m: 94.0%  (rot_pass=100.0%, trans_pass=94.0%)
  R@25deg_5m: 94.0%  (rot_pass=100.0%, trans_pass=94.0%)

======================================================================
EVALUATION RESULTS (Retrieval Mode)
======================================================================
Retrieval median: 10.16deg / 2194mm
  R@5deg_1m: 2.7%  (rot=6.0%, trans=22.5%)
  R@10deg_2m: 19.2%  (rot=47.8%, trans=46.7%)
  R@15deg_5m: 56.6%  (rot=71.4%, trans=83.5%)
  R@25deg_5m: 80.2%  (rot=96.7%, trans=83.5%)
======================================================================

Done!
--- seed24 done ---
=== exp24e_attn_h4_wider_seed25 on GPU 3 ===
======================================================================
Experiment: exp24e_attn_h4_wider_seed25
Pool: attn, Features: both+sum
======================================================================
Random seed: 25
Using device: cuda:3

Loading data (fine=True, coarse=True, summary=True)...
  Loaded fine_geo: torch.Size([895, 128, 68, 120])
  Loaded coarse_sem: torch.Size([895, 128, 68, 120])
  Loaded summary: torch.Size([895, 2560])
  [train] 895 samples loaded
  Loaded fine_geo: torch.Size([182, 128, 68, 120])
  Loaded coarse_sem: torch.Size([182, 128, 68, 120])
  Loaded summary: torch.Size([182, 2560])
  [test] 182 samples loaded
Translation norm: mean=[13.19548    -0.64731836 23.103329  ], std=[10.827089    0.94348246  9.766839  ]
  Feature dim after pooling: 3584
Model parameters: 10,001,042
Model parameters: 10,001,042
[    1/10000] loss=2.8159 (t=0.5578 r=2.2581 beta=1.00) | val: 101.08deg/27718mm | 0.4s
[  100/10000] loss=0.1024 (t=0.0382 r=0.0691 beta=0.93) | val: 4.41deg/3072mm | 3.2s
[  200/10000] loss=0.0660 (t=0.0211 r=0.0506 beta=0.89) | val: 3.49deg/2269mm | 5.7s
[  300/10000] loss=0.0592 (t=0.0167 r=0.0499 beta=0.85) | val: 2.31deg/1923mm | 7.7s
[  400/10000] loss=0.0435 (t=0.0141 r=0.0357 beta=0.82) | val: 2.71deg/1950mm | 10.3s
[  500/10000] loss=0.0381 (t=0.0134 r=0.0313 beta=0.79) | val: 2.31deg/1677mm | 12.2s
[  600/10000] loss=0.0334 (t=0.0101 r=0.0306 beta=0.76) | val: 2.35deg/1912mm | 14.0s
[  700/10000] loss=0.0285 (t=0.0069 r=0.0293 beta=0.74) | val: 1.78deg/1584mm | 15.8s
[  800/10000] loss=0.0253 (t=0.0071 r=0.0257 beta=0.71) | val: 1.84deg/1650mm | 18.3s
[  900/10000] loss=0.0227 (t=0.0058 r=0.0246 beta=0.69) | val: 2.18deg/1750mm | 20.3s
[ 1000/10000] loss=0.0231 (t=0.0067 r=0.0248 beta=0.66) | val: 2.09deg/1614mm | 22.1s
[ 1100/10000] loss=0.0205 (t=0.0050 r=0.0243 beta=0.64) | val: 1.98deg/1806mm | 23.9s
[ 1200/10000] loss=0.0188 (t=0.0042 r=0.0236 beta=0.62) | val: 1.91deg/1667mm | 25.8s
[ 1300/10000] loss=0.0178 (t=0.0044 r=0.0225 beta=0.60) | val: 2.11deg/1688mm | 27.6s
[ 1400/10000] loss=0.0176 (t=0.0044 r=0.0229 beta=0.58) | val: 1.94deg/1578mm | 29.5s
[ 1500/10000] loss=0.0155 (t=0.0034 r=0.0217 beta=0.56) | val: 2.28deg/1777mm | 31.3s
[ 1600/10000] loss=0.0147 (t=0.0031 r=0.0216 beta=0.54) | val: 1.86deg/1637mm | 33.2s
[ 1700/10000] loss=0.0162 (t=0.0037 r=0.0239 beta=0.52) | val: 1.82deg/1694mm | 35.0s
[ 1800/10000] loss=0.0140 (t=0.0030 r=0.0220 beta=0.50) | val: 2.11deg/1671mm | 36.9s
[ 1900/10000] loss=0.0136 (t=0.0035 r=0.0208 beta=0.49) | val: 2.01deg/1511mm | 38.7s
[ 2000/10000] loss=0.0122 (t=0.0025 r=0.0207 beta=0.47) | val: 1.92deg/1736mm | 40.5s
[ 2100/10000] loss=0.0130 (t=0.0025 r=0.0230 beta=0.45) | val: 2.14deg/2047mm | 42.4s
[ 2200/10000] loss=0.0107 (t=0.0025 r=0.0188 beta=0.44) | val: 1.92deg/1730mm | 44.2s
[ 2300/10000] loss=0.0108 (t=0.0026 r=0.0194 beta=0.43) | val: 1.96deg/1725mm | 46.1s
[ 2400/10000] loss=0.0103 (t=0.0027 r=0.0185 beta=0.41) | val: 2.03deg/1775mm | 47.9s
[ 2500/10000] loss=0.0104 (t=0.0025 r=0.0198 beta=0.40) | val: 2.08deg/1868mm | 49.8s
[ 2600/10000] loss=0.0102 (t=0.0024 r=0.0202 beta=0.39) | val: 1.84deg/1781mm | 51.6s
[ 2700/10000] loss=0.0097 (t=0.0025 r=0.0193 beta=0.37) | val: 2.00deg/1916mm | 53.5s
[ 2800/10000] loss=0.0092 (t=0.0021 r=0.0196 beta=0.36) | val: 2.36deg/2079mm | 55.3s
[ 2900/10000] loss=0.0097 (t=0.0029 r=0.0192 beta=0.35) | val: 2.20deg/1820mm | 57.2s
[ 3000/10000] loss=0.0084 (t=0.0020 r=0.0187 beta=0.34) | val: 2.10deg/1700mm | 59.0s
[ 3100/10000] loss=0.0085 (t=0.0024 r=0.0185 beta=0.33) | val: 1.88deg/1816mm | 60.9s
[ 3200/10000] loss=0.0080 (t=0.0021 r=0.0185 beta=0.32) | val: 1.96deg/1860mm | 62.7s
[ 3300/10000] loss=0.0079 (t=0.0024 r=0.0178 beta=0.31) | val: 2.07deg/1677mm | 64.6s
[ 3400/10000] loss=0.0077 (t=0.0022 r=0.0182 beta=0.30) | val: 1.99deg/1743mm | 66.4s
[ 3500/10000] loss=0.0082 (t=0.0025 r=0.0194 beta=0.29) | val: 1.90deg/1752mm | 68.2s
[ 3600/10000] loss=0.0074 (t=0.0021 r=0.0186 beta=0.29) | val: 2.04deg/1701mm | 70.1s
[ 3700/10000] loss=0.0072 (t=0.0021 r=0.0184 beta=0.28) | val: 2.04deg/1742mm | 71.9s
[ 3800/10000] loss=0.0067 (t=0.0021 r=0.0169 beta=0.27) | val: 2.15deg/1618mm | 73.8s
[ 3900/10000] loss=0.0066 (t=0.0022 r=0.0166 beta=0.26) | val: 1.99deg/1751mm | 75.6s
[ 4000/10000] loss=0.0066 (t=0.0020 r=0.0180 beta=0.25) | val: 2.26deg/1803mm | 77.5s
[ 4100/10000] loss=0.0061 (t=0.0017 r=0.0177 beta=0.25) | val: 2.02deg/1811mm | 79.3s
[ 4200/10000] loss=0.0064 (t=0.0019 r=0.0186 beta=0.24) | val: 2.14deg/1750mm | 81.2s
[ 4300/10000] loss=0.0056 (t=0.0017 r=0.0165 beta=0.23) | val: 2.21deg/1821mm | 83.0s
[ 4400/10000] loss=0.0058 (t=0.0020 r=0.0163 beta=0.23) | val: 2.01deg/1545mm | 84.9s
[ 4500/10000] loss=0.0062 (t=0.0022 r=0.0178 beta=0.22) | val: 2.18deg/1890mm | 86.7s
[ 4600/10000] loss=0.0055 (t=0.0016 r=0.0181 beta=0.22) | val: 2.12deg/1840mm | 88.5s
[ 4700/10000] loss=0.0058 (t=0.0020 r=0.0179 beta=0.21) | val: 2.13deg/1763mm | 90.4s
[ 4800/10000] loss=0.0054 (t=0.0018 r=0.0173 beta=0.21) | val: 2.11deg/1694mm | 92.2s
[ 4900/10000] loss=0.0056 (t=0.0020 r=0.0177 beta=0.20) | val: 2.31deg/1941mm | 94.1s
[ 5000/10000] loss=0.0049 (t=0.0016 r=0.0168 beta=0.20) | val: 2.10deg/1880mm | 95.9s
[ 5100/10000] loss=0.0049 (t=0.0016 r=0.0171 beta=0.19) | val: 2.32deg/1790mm | 97.8s
[ 5200/10000] loss=0.0050 (t=0.0018 r=0.0169 beta=0.19) | val: 2.12deg/1862mm | 99.6s
[ 5300/10000] loss=0.0047 (t=0.0015 r=0.0175 beta=0.18) | val: 2.12deg/1806mm | 101.5s
[ 5400/10000] loss=0.0044 (t=0.0014 r=0.0166 beta=0.18) | val: 2.27deg/1891mm | 103.3s
[ 5500/10000] loss=0.0047 (t=0.0017 r=0.0171 beta=0.18) | val: 2.33deg/1874mm | 105.2s
[ 5600/10000] loss=0.0047 (t=0.0019 r=0.0157 beta=0.17) | val: 2.10deg/1758mm | 107.0s
[ 5700/10000] loss=0.0046 (t=0.0017 r=0.0170 beta=0.17) | val: 2.20deg/1815mm | 108.9s
[ 5800/10000] loss=0.0044 (t=0.0017 r=0.0164 beta=0.17) | val: 2.25deg/1876mm | 110.7s
[ 5900/10000] loss=0.0044 (t=0.0017 r=0.0168 beta=0.16) | val: 2.40deg/1954mm | 112.5s
[ 6000/10000] loss=0.0038 (t=0.0013 r=0.0157 beta=0.16) | val: 2.13deg/1844mm | 114.4s
[ 6100/10000] loss=0.0044 (t=0.0019 r=0.0161 beta=0.16) | val: 2.21deg/1759mm | 116.2s
[ 6200/10000] loss=0.0041 (t=0.0016 r=0.0162 beta=0.15) | val: 2.23deg/1859mm | 118.1s
[ 6300/10000] loss=0.0042 (t=0.0016 r=0.0172 beta=0.15) | val: 2.25deg/1806mm | 119.9s
[ 6400/10000] loss=0.0042 (t=0.0018 r=0.0165 beta=0.15) | val: 2.22deg/1784mm | 121.8s
[ 6500/10000] loss=0.0038 (t=0.0016 r=0.0155 beta=0.15) | val: 2.19deg/1791mm | 123.6s
[ 6600/10000] loss=0.0036 (t=0.0013 r=0.0160 beta=0.14) | val: 2.20deg/1760mm | 125.5s
[ 6700/10000] loss=0.0037 (t=0.0015 r=0.0159 beta=0.14) | val: 2.20deg/1888mm | 127.3s
[ 6800/10000] loss=0.0037 (t=0.0015 r=0.0157 beta=0.14) | val: 2.28deg/1858mm | 129.2s
[ 6900/10000] loss=0.0039 (t=0.0015 r=0.0174 beta=0.14) | val: 2.31deg/1796mm | 131.0s
[ 7000/10000] loss=0.0040 (t=0.0016 r=0.0176 beta=0.14) | val: 2.27deg/1867mm | 132.9s
[ 7100/10000] loss=0.0038 (t=0.0014 r=0.0176 beta=0.14) | val: 2.32deg/1857mm | 134.7s
[ 7200/10000] loss=0.0035 (t=0.0014 r=0.0156 beta=0.13) | val: 2.14deg/1856mm | 136.5s
[ 7300/10000] loss=0.0036 (t=0.0015 r=0.0163 beta=0.13) | val: 2.16deg/1807mm | 138.4s
[ 7400/10000] loss=0.0035 (t=0.0013 r=0.0162 beta=0.13) | val: 2.15deg/1812mm | 140.2s
[ 7500/10000] loss=0.0033 (t=0.0012 r=0.0164 beta=0.13) | val: 2.12deg/1792mm | 142.1s
[ 7600/10000] loss=0.0034 (t=0.0014 r=0.0159 beta=0.13) | val: 2.30deg/1912mm | 143.9s
[ 7700/10000] loss=0.0033 (t=0.0014 r=0.0156 beta=0.13) | val: 2.16deg/1817mm | 145.8s
[ 7800/10000] loss=0.0034 (t=0.0012 r=0.0176 beta=0.13) | val: 2.22deg/1818mm | 147.6s
[ 7900/10000] loss=0.0031 (t=0.0011 r=0.0163 beta=0.12) | val: 2.20deg/1779mm | 149.5s
[ 8000/10000] loss=0.0034 (t=0.0014 r=0.0160 beta=0.12) | val: 2.29deg/1736mm | 151.3s
[ 8100/10000] loss=0.0035 (t=0.0014 r=0.0165 beta=0.12) | val: 2.27deg/1952mm | 153.2s
[ 8200/10000] loss=0.0032 (t=0.0014 r=0.0150 beta=0.12) | val: 2.25deg/1805mm | 155.0s
[ 8300/10000] loss=0.0033 (t=0.0014 r=0.0155 beta=0.12) | val: 2.26deg/1812mm | 156.9s
[ 8400/10000] loss=0.0031 (t=0.0012 r=0.0157 beta=0.12) | val: 2.20deg/1774mm | 158.7s
[ 8500/10000] loss=0.0031 (t=0.0012 r=0.0160 beta=0.12) | val: 2.20deg/1866mm | 160.6s
[ 8600/10000] loss=0.0031 (t=0.0012 r=0.0155 beta=0.12) | val: 2.22deg/1847mm | 162.4s
[ 8700/10000] loss=0.0031 (t=0.0013 r=0.0150 beta=0.12) | val: 2.27deg/1852mm | 164.3s
[ 8800/10000] loss=0.0033 (t=0.0015 r=0.0154 beta=0.12) | val: 2.24deg/1841mm | 166.1s
[ 8900/10000] loss=0.0032 (t=0.0011 r=0.0172 beta=0.12) | val: 2.20deg/1843mm | 168.0s
[ 9000/10000] loss=0.0028 (t=0.0011 r=0.0146 beta=0.12) | val: 2.23deg/1847mm | 169.8s
[ 9100/10000] loss=0.0030 (t=0.0012 r=0.0150 beta=0.12) | val: 2.25deg/1840mm | 171.7s
[ 9200/10000] loss=0.0028 (t=0.0011 r=0.0145 beta=0.12) | val: 2.25deg/1754mm | 173.6s
[ 9300/10000] loss=0.0027 (t=0.0010 r=0.0145 beta=0.12) | val: 2.20deg/1790mm | 175.4s
[ 9400/10000] loss=0.0032 (t=0.0014 r=0.0149 beta=0.12) | val: 2.22deg/1808mm | 177.3s
[ 9500/10000] loss=0.0029 (t=0.0012 r=0.0137 beta=0.12) | val: 2.21deg/1798mm | 179.1s
[ 9600/10000] loss=0.0033 (t=0.0014 r=0.0159 beta=0.12) | val: 2.25deg/1811mm | 180.9s
[ 9700/10000] loss=0.0031 (t=0.0014 r=0.0150 beta=0.12) | val: 2.24deg/1772mm | 182.8s
[ 9800/10000] loss=0.0028 (t=0.0011 r=0.0150 beta=0.12) | val: 2.25deg/1782mm | 184.6s
[ 9900/10000] loss=0.0027 (t=0.0011 r=0.0142 beta=0.12) | val: 2.24deg/1787mm | 186.5s
[10000/10000] loss=0.0030 (t=0.0013 r=0.0151 beta=0.12) | val: 2.24deg/1796mm | 188.3s

Training done. Best epoch: 850, score: 1.6632

Loaded best model from epoch 850

======================================================================
EVALUATION RESULTS (Direct Regression)
======================================================================
Rotation  (median): 2.08deg
Translation (median): 1459mm

  R@5deg_1m: 28.6%  (rot_pass=94.0%, trans_pass=29.1%)
  R@10deg_2m: 66.5%  (rot_pass=100.0%, trans_pass=66.5%)
  R@15deg_5m: 91.8%  (rot_pass=100.0%, trans_pass=91.8%)
  R@25deg_5m: 91.8%  (rot_pass=100.0%, trans_pass=91.8%)

======================================================================
EVALUATION RESULTS (Retrieval Mode)
======================================================================
Retrieval median: 12.12deg / 2417mm
  R@5deg_1m: 2.7%  (rot=4.4%, trans=19.2%)
  R@10deg_2m: 17.0%  (rot=39.0%, trans=44.0%)
  R@15deg_5m: 52.2%  (rot=65.9%, trans=83.0%)
  R@25deg_5m: 80.2%  (rot=97.3%, trans=83.0%)
======================================================================

Done!
--- seed25 done ---
=== exp24e_attn_h4_wider_seed26 on GPU 3 ===
======================================================================
Experiment: exp24e_attn_h4_wider_seed26
Pool: attn, Features: both+sum
======================================================================
Random seed: 26
Using device: cuda:3

Loading data (fine=True, coarse=True, summary=True)...
  Loaded fine_geo: torch.Size([895, 128, 68, 120])
  Loaded coarse_sem: torch.Size([895, 128, 68, 120])
  Loaded summary: torch.Size([895, 2560])
  [train] 895 samples loaded
  Loaded fine_geo: torch.Size([182, 128, 68, 120])
  Loaded coarse_sem: torch.Size([182, 128, 68, 120])
  Loaded summary: torch.Size([182, 2560])
  [test] 182 samples loaded
Translation norm: mean=[13.19548    -0.64731836 23.103329  ], std=[10.827089    0.94348246  9.766839  ]
  Feature dim after pooling: 3584
Model parameters: 10,001,042
Model parameters: 10,001,042
[    1/10000] loss=2.8535 (t=0.5943 r=2.2593 beta=1.00) | val: 33.34deg/16392mm | 0.4s
[  100/10000] loss=0.1093 (t=0.0348 r=0.0800 beta=0.93) | val: 5.22deg/3816mm | 3.4s
[  200/10000] loss=0.0672 (t=0.0207 r=0.0523 beta=0.89) | val: 4.22deg/2293mm | 5.9s
[  300/10000] loss=0.0536 (t=0.0170 r=0.0428 beta=0.85) | val: 2.36deg/1669mm | 8.2s
[  400/10000] loss=0.0416 (t=0.0152 r=0.0321 beta=0.82) | val: 2.53deg/1800mm | 10.7s
[  500/10000] loss=0.0386 (t=0.0124 r=0.0331 beta=0.79) | val: 2.55deg/2063mm | 12.7s
[  600/10000] loss=0.0313 (t=0.0078 r=0.0308 beta=0.76) | val: 2.19deg/1906mm | 14.5s
[  700/10000] loss=0.0317 (t=0.0080 r=0.0321 beta=0.74) | val: 2.34deg/1882mm | 16.4s
[  800/10000] loss=0.0258 (t=0.0065 r=0.0272 beta=0.71) | val: 2.18deg/1673mm | 18.4s
[  900/10000] loss=0.0234 (t=0.0052 r=0.0266 beta=0.68) | val: 2.10deg/1504mm | 20.2s
[ 1000/10000] loss=0.0217 (t=0.0051 r=0.0251 beta=0.66) | val: 2.01deg/1882mm | 22.1s
[ 1100/10000] loss=0.0208 (t=0.0044 r=0.0257 beta=0.64) | val: 2.17deg/1619mm | 24.1s
[ 1200/10000] loss=0.0189 (t=0.0040 r=0.0243 beta=0.62) | val: 2.08deg/1325mm | 25.9s
[ 1300/10000] loss=0.0189 (t=0.0044 r=0.0244 beta=0.59) | val: 2.07deg/1687mm | 27.8s
[ 1400/10000] loss=0.0163 (t=0.0033 r=0.0228 beta=0.57) | val: 2.10deg/1382mm | 29.8s
[ 1500/10000] loss=0.0162 (t=0.0036 r=0.0227 beta=0.55) | val: 2.07deg/1401mm | 31.6s
[ 1600/10000] loss=0.0140 (t=0.0031 r=0.0205 beta=0.54) | val: 2.19deg/1544mm | 33.5s
[ 1700/10000] loss=0.0141 (t=0.0035 r=0.0206 beta=0.52) | val: 2.33deg/1461mm | 35.3s
[ 1800/10000] loss=0.0149 (t=0.0034 r=0.0230 beta=0.50) | val: 2.16deg/1367mm | 37.1s
[ 1900/10000] loss=0.0122 (t=0.0026 r=0.0199 beta=0.48) | val: 2.06deg/1438mm | 39.0s
[ 2000/10000] loss=0.0134 (t=0.0034 r=0.0216 beta=0.47) | val: 1.99deg/1541mm | 41.0s
[ 2100/10000] loss=0.0111 (t=0.0026 r=0.0188 beta=0.45) | val: 2.15deg/1405mm | 42.8s
[ 2200/10000] loss=0.0111 (t=0.0029 r=0.0187 beta=0.44) | val: 2.23deg/2234mm | 44.7s
[ 2300/10000] loss=0.0111 (t=0.0026 r=0.0202 beta=0.42) | val: 1.88deg/1533mm | 46.5s
[ 2400/10000] loss=0.0107 (t=0.0022 r=0.0208 beta=0.41) | val: 2.04deg/1772mm | 48.4s
[ 2500/10000] loss=0.0102 (t=0.0025 r=0.0196 beta=0.40) | val: 2.25deg/1651mm | 50.2s
[ 2600/10000] loss=0.0113 (t=0.0030 r=0.0216 beta=0.38) | val: 1.99deg/1551mm | 52.2s
[ 2700/10000] loss=0.0102 (t=0.0027 r=0.0201 beta=0.37) | val: 2.21deg/1334mm | 54.0s
[ 2800/10000] loss=0.0091 (t=0.0020 r=0.0197 beta=0.36) | val: 2.28deg/1370mm | 55.9s
[ 2900/10000] loss=0.0087 (t=0.0020 r=0.0191 beta=0.35) | val: 2.07deg/1469mm | 57.7s
[ 3000/10000] loss=0.0082 (t=0.0022 r=0.0176 beta=0.34) | val: 2.28deg/1576mm | 59.6s
[ 3100/10000] loss=0.0084 (t=0.0023 r=0.0187 beta=0.33) | val: 2.01deg/1425mm | 61.4s
[ 3200/10000] loss=0.0076 (t=0.0020 r=0.0176 beta=0.32) | val: 2.23deg/1560mm | 63.3s
[ 3300/10000] loss=0.0091 (t=0.0024 r=0.0216 beta=0.31) | val: 2.21deg/1388mm | 65.1s
[ 3400/10000] loss=0.0073 (t=0.0021 r=0.0173 beta=0.30) | val: 2.14deg/1520mm | 67.0s
[ 3500/10000] loss=0.0078 (t=0.0020 r=0.0202 beta=0.29) | val: 2.01deg/1615mm | 68.8s
[ 3600/10000] loss=0.0071 (t=0.0018 r=0.0190 beta=0.28) | val: 2.11deg/1381mm | 70.6s
[ 3700/10000] loss=0.0072 (t=0.0021 r=0.0187 beta=0.27) | val: 2.10deg/1565mm | 72.5s
[ 3800/10000] loss=0.0077 (t=0.0022 r=0.0205 beta=0.27) | val: 2.14deg/1458mm | 74.3s
[ 3900/10000] loss=0.0066 (t=0.0019 r=0.0183 beta=0.26) | val: 2.14deg/1406mm | 76.2s
[ 4000/10000] loss=0.0061 (t=0.0018 r=0.0174 beta=0.25) | val: 2.26deg/1548mm | 78.0s
[ 4100/10000] loss=0.0059 (t=0.0018 r=0.0167 beta=0.24) | val: 2.15deg/1468mm | 79.9s
[ 4200/10000] loss=0.0055 (t=0.0016 r=0.0162 beta=0.24) | val: 2.16deg/1451mm | 81.7s
[ 4300/10000] loss=0.0060 (t=0.0019 r=0.0176 beta=0.23) | val: 2.37deg/1504mm | 83.6s
[ 4400/10000] loss=0.0058 (t=0.0018 r=0.0179 beta=0.23) | val: 2.20deg/1528mm | 85.4s
[ 4500/10000] loss=0.0056 (t=0.0019 r=0.0168 beta=0.22) | val: 2.19deg/1435mm | 87.3s
[ 4600/10000] loss=0.0054 (t=0.0017 r=0.0173 beta=0.21) | val: 2.03deg/1470mm | 89.1s
[ 4700/10000] loss=0.0050 (t=0.0015 r=0.0171 beta=0.21) | val: 2.01deg/1533mm | 91.0s
[ 4800/10000] loss=0.0049 (t=0.0018 r=0.0153 beta=0.20) | val: 2.21deg/1542mm | 92.8s
[ 4900/10000] loss=0.0056 (t=0.0021 r=0.0178 beta=0.20) | val: 2.30deg/1437mm | 94.7s
[ 5000/10000] loss=0.0055 (t=0.0020 r=0.0180 beta=0.19) | val: 2.27deg/1589mm | 96.5s
[ 5100/10000] loss=0.0052 (t=0.0018 r=0.0179 beta=0.19) | val: 2.12deg/1543mm | 98.4s
[ 5200/10000] loss=0.0052 (t=0.0023 r=0.0158 beta=0.19) | val: 2.20deg/1468mm | 100.2s
[ 5300/10000] loss=0.0049 (t=0.0015 r=0.0183 beta=0.18) | val: 2.33deg/1454mm | 102.1s
[ 5400/10000] loss=0.0046 (t=0.0016 r=0.0164 beta=0.18) | val: 2.26deg/1488mm | 103.9s
[ 5500/10000] loss=0.0041 (t=0.0015 r=0.0150 beta=0.17) | val: 2.15deg/1769mm | 105.8s
[ 5600/10000] loss=0.0045 (t=0.0016 r=0.0169 beta=0.17) | val: 2.22deg/1580mm | 107.6s
[ 5700/10000] loss=0.0045 (t=0.0016 r=0.0174 beta=0.17) | val: 2.22deg/1473mm | 109.5s
[ 5800/10000] loss=0.0042 (t=0.0016 r=0.0160 beta=0.16) | val: 2.20deg/1509mm | 111.3s
[ 5900/10000] loss=0.0043 (t=0.0015 r=0.0173 beta=0.16) | val: 2.18deg/1452mm | 113.2s
[ 6000/10000] loss=0.0047 (t=0.0019 r=0.0172 beta=0.16) | val: 2.26deg/1502mm | 115.0s
[ 6100/10000] loss=0.0046 (t=0.0017 r=0.0187 beta=0.16) | val: 2.27deg/1515mm | 116.8s
[ 6200/10000] loss=0.0039 (t=0.0014 r=0.0162 beta=0.15) | val: 2.20deg/1516mm | 118.7s
[ 6300/10000] loss=0.0039 (t=0.0015 r=0.0164 beta=0.15) | val: 2.21deg/1542mm | 120.5s
[ 6400/10000] loss=0.0042 (t=0.0016 r=0.0175 beta=0.15) | val: 2.31deg/1537mm | 122.4s
[ 6500/10000] loss=0.0038 (t=0.0014 r=0.0167 beta=0.14) | val: 2.29deg/1592mm | 124.3s
[ 6600/10000] loss=0.0038 (t=0.0015 r=0.0163 beta=0.14) | val: 2.23deg/1382mm | 126.1s
[ 6700/10000] loss=0.0034 (t=0.0012 r=0.0159 beta=0.14) | val: 2.13deg/1452mm | 127.9s
[ 6800/10000] loss=0.0037 (t=0.0014 r=0.0166 beta=0.14) | val: 2.17deg/1472mm | 129.8s
[ 6900/10000] loss=0.0043 (t=0.0018 r=0.0188 beta=0.14) | val: 2.13deg/1545mm | 131.6s
[ 7000/10000] loss=0.0036 (t=0.0016 r=0.0148 beta=0.13) | val: 2.21deg/1477mm | 133.5s
[ 7100/10000] loss=0.0036 (t=0.0014 r=0.0163 beta=0.13) | val: 2.20deg/1390mm | 135.3s
[ 7200/10000] loss=0.0032 (t=0.0011 r=0.0159 beta=0.13) | val: 2.20deg/1523mm | 137.2s
[ 7300/10000] loss=0.0036 (t=0.0015 r=0.0158 beta=0.13) | val: 2.19deg/1475mm | 139.0s
[ 7400/10000] loss=0.0034 (t=0.0013 r=0.0165 beta=0.13) | val: 2.22deg/1458mm | 140.9s
[ 7500/10000] loss=0.0033 (t=0.0013 r=0.0160 beta=0.13) | val: 2.17deg/1517mm | 142.7s
[ 7600/10000] loss=0.0034 (t=0.0015 r=0.0144 beta=0.13) | val: 2.25deg/1543mm | 144.6s
[ 7700/10000] loss=0.0029 (t=0.0010 r=0.0153 beta=0.13) | val: 2.19deg/1562mm | 146.4s
[ 7800/10000] loss=0.0034 (t=0.0014 r=0.0157 beta=0.12) | val: 2.20deg/1595mm | 148.3s
[ 7900/10000] loss=0.0033 (t=0.0014 r=0.0154 beta=0.12) | val: 2.23deg/1501mm | 150.1s
[ 8000/10000] loss=0.0032 (t=0.0013 r=0.0157 beta=0.12) | val: 2.16deg/1517mm | 152.0s
[ 8100/10000] loss=0.0031 (t=0.0012 r=0.0155 beta=0.12) | val: 2.25deg/1507mm | 153.8s
[ 8200/10000] loss=0.0032 (t=0.0012 r=0.0165 beta=0.12) | val: 2.17deg/1567mm | 155.6s
[ 8300/10000] loss=0.0035 (t=0.0015 r=0.0168 beta=0.12) | val: 2.24deg/1570mm | 157.5s
[ 8400/10000] loss=0.0028 (t=0.0011 r=0.0145 beta=0.12) | val: 2.24deg/1470mm | 159.3s
[ 8500/10000] loss=0.0030 (t=0.0012 r=0.0151 beta=0.12) | val: 2.14deg/1495mm | 161.2s
[ 8600/10000] loss=0.0031 (t=0.0013 r=0.0149 beta=0.12) | val: 2.18deg/1505mm | 163.0s
[ 8700/10000] loss=0.0029 (t=0.0011 r=0.0156 beta=0.12) | val: 2.20deg/1453mm | 164.9s
[ 8800/10000] loss=0.0029 (t=0.0011 r=0.0153 beta=0.12) | val: 2.27deg/1506mm | 166.7s
[ 8900/10000] loss=0.0030 (t=0.0013 r=0.0152 beta=0.12) | val: 2.28deg/1458mm | 168.6s
[ 9000/10000] loss=0.0031 (t=0.0013 r=0.0146 beta=0.12) | val: 2.23deg/1526mm | 170.4s
[ 9100/10000] loss=0.0031 (t=0.0013 r=0.0154 beta=0.12) | val: 2.18deg/1502mm | 172.3s
[ 9200/10000] loss=0.0029 (t=0.0011 r=0.0159 beta=0.12) | val: 2.14deg/1486mm | 174.2s
[ 9300/10000] loss=0.0030 (t=0.0012 r=0.0159 beta=0.12) | val: 2.20deg/1521mm | 176.0s
[ 9400/10000] loss=0.0030 (t=0.0011 r=0.0159 beta=0.12) | val: 2.22deg/1530mm | 177.8s
[ 9500/10000] loss=0.0032 (t=0.0014 r=0.0155 beta=0.12) | val: 2.22deg/1517mm | 179.7s
[ 9600/10000] loss=0.0030 (t=0.0012 r=0.0158 beta=0.12) | val: 2.23deg/1515mm | 181.5s
[ 9700/10000] loss=0.0032 (t=0.0015 r=0.0148 beta=0.12) | val: 2.21deg/1485mm | 183.4s
[ 9800/10000] loss=0.0029 (t=0.0012 r=0.0154 beta=0.12) | val: 2.20deg/1482mm | 185.2s
[ 9900/10000] loss=0.0029 (t=0.0012 r=0.0148 beta=0.12) | val: 2.19deg/1487mm | 187.1s
[10000/10000] loss=0.0033 (t=0.0013 r=0.0165 beta=0.12) | val: 2.19deg/1499mm | 188.9s

Training done. Best epoch: 1930, score: 1.4756

Loaded best model from epoch 1930

======================================================================
EVALUATION RESULTS (Direct Regression)
======================================================================
Rotation  (median): 2.00deg
Translation (median): 1278mm

  R@5deg_1m: 31.3%  (rot_pass=94.5%, trans_pass=31.3%)
  R@10deg_2m: 71.4%  (rot_pass=100.0%, trans_pass=71.4%)
  R@15deg_5m: 94.0%  (rot_pass=100.0%, trans_pass=94.0%)
  R@25deg_5m: 94.0%  (rot_pass=100.0%, trans_pass=94.0%)

======================================================================
EVALUATION RESULTS (Retrieval Mode)
======================================================================
Retrieval median: 11.42deg / 2338mm
  R@5deg_1m: 1.6%  (rot=2.7%, trans=19.8%)
  R@10deg_2m: 17.0%  (rot=41.2%, trans=45.1%)
  R@15deg_5m: 57.7%  (rot=70.3%, trans=86.8%)
  R@25deg_5m: 84.6%  (rot=97.8%, trans=86.8%)
======================================================================

Done!
--- seed26 done ---
=== exp24e_attn_h4_wider_seed27 on GPU 3 ===
======================================================================
Experiment: exp24e_attn_h4_wider_seed27
Pool: attn, Features: both+sum
======================================================================
Random seed: 27
Using device: cuda:3

Loading data (fine=True, coarse=True, summary=True)...
  Loaded fine_geo: torch.Size([895, 128, 68, 120])
  Loaded coarse_sem: torch.Size([895, 128, 68, 120])
  Loaded summary: torch.Size([895, 2560])
  [train] 895 samples loaded
  Loaded fine_geo: torch.Size([182, 128, 68, 120])
  Loaded coarse_sem: torch.Size([182, 128, 68, 120])
  Loaded summary: torch.Size([182, 2560])
  [test] 182 samples loaded
Translation norm: mean=[13.19548    -0.64731836 23.103329  ], std=[10.827089    0.94348246  9.766839  ]
  Feature dim after pooling: 3584
Model parameters: 10,001,042
Model parameters: 10,001,042
[    1/10000] loss=3.0061 (t=0.6260 r=2.3801 beta=1.00) | val: 39.55deg/31492mm | 0.5s
[  100/10000] loss=0.1013 (t=0.0355 r=0.0712 beta=0.92) | val: 5.03deg/3124mm | 3.7s
[  200/10000] loss=0.0718 (t=0.0239 r=0.0548 beta=0.87) | val: 4.16deg/2172mm | 6.4s
[  300/10000] loss=0.0543 (t=0.0208 r=0.0403 beta=0.83) | val: 2.89deg/2284mm | 8.5s
[  400/10000] loss=0.0467 (t=0.0142 r=0.0408 beta=0.80) | val: 2.90deg/2042mm | 10.7s
[  500/10000] loss=0.0367 (t=0.0123 r=0.0320 beta=0.76) | val: 2.78deg/1886mm | 12.8s
[  600/10000] loss=0.0298 (t=0.0091 r=0.0282 beta=0.74) | val: 2.12deg/1904mm | 14.7s
[  700/10000] loss=0.0299 (t=0.0078 r=0.0313 beta=0.71) | val: 2.12deg/1469mm | 16.7s
[  800/10000] loss=0.0245 (t=0.0064 r=0.0267 beta=0.68) | val: 1.87deg/1501mm | 18.5s
[  900/10000] loss=0.0208 (t=0.0049 r=0.0244 beta=0.65) | val: 2.06deg/1539mm | 20.3s
[ 1000/10000] loss=0.0213 (t=0.0060 r=0.0243 beta=0.63) | val: 2.11deg/1762mm | 22.2s
[ 1100/10000] loss=0.0181 (t=0.0044 r=0.0226 beta=0.60) | val: 1.94deg/1396mm | 24.0s
[ 1200/10000] loss=0.0178 (t=0.0041 r=0.0236 beta=0.58) | val: 2.14deg/1766mm | 26.0s
[ 1300/10000] loss=0.0171 (t=0.0038 r=0.0238 beta=0.56) | val: 2.09deg/1730mm | 27.9s
[ 1400/10000] loss=0.0155 (t=0.0038 r=0.0217 beta=0.54) | val: 2.18deg/1509mm | 29.7s
[ 1500/10000] loss=0.0143 (t=0.0041 r=0.0196 beta=0.52) | val: 1.99deg/1774mm | 31.5s
[ 1600/10000] loss=0.0157 (t=0.0044 r=0.0224 beta=0.50) | val: 2.21deg/1839mm | 33.4s
[ 1700/10000] loss=0.0142 (t=0.0037 r=0.0216 beta=0.48) | val: 1.96deg/1644mm | 35.2s
[ 1800/10000] loss=0.0133 (t=0.0033 r=0.0214 beta=0.47) | val: 1.97deg/1971mm | 37.1s
[ 1900/10000] loss=0.0124 (t=0.0033 r=0.0201 beta=0.45) | val: 2.10deg/1671mm | 38.9s
[ 2000/10000] loss=0.0114 (t=0.0023 r=0.0209 beta=0.44) | val: 1.94deg/1835mm | 40.8s
[ 2100/10000] loss=0.0114 (t=0.0031 r=0.0199 beta=0.42) | val: 2.09deg/1564mm | 42.6s
[ 2200/10000] loss=0.0102 (t=0.0027 r=0.0184 beta=0.41) | val: 2.04deg/1731mm | 44.5s
[ 2300/10000] loss=0.0117 (t=0.0036 r=0.0206 beta=0.39) | val: 2.13deg/1623mm | 46.4s
[ 2400/10000] loss=0.0095 (t=0.0027 r=0.0180 beta=0.38) | val: 2.02deg/1362mm | 48.4s
[ 2500/10000] loss=0.0105 (t=0.0030 r=0.0206 beta=0.37) | val: 1.97deg/1552mm | 50.4s
[ 2600/10000] loss=0.0093 (t=0.0022 r=0.0200 beta=0.36) | val: 1.82deg/1647mm | 52.2s
[ 2700/10000] loss=0.0092 (t=0.0033 r=0.0174 beta=0.34) | val: 1.99deg/1618mm | 54.1s
[ 2800/10000] loss=0.0094 (t=0.0027 r=0.0202 beta=0.33) | val: 2.07deg/1774mm | 55.9s
[ 2900/10000] loss=0.0090 (t=0.0025 r=0.0203 beta=0.32) | val: 2.35deg/1611mm | 57.9s
[ 3000/10000] loss=0.0088 (t=0.0025 r=0.0203 beta=0.31) | val: 2.25deg/1556mm | 59.8s
[ 3100/10000] loss=0.0075 (t=0.0021 r=0.0177 beta=0.30) | val: 2.15deg/1525mm | 61.6s
[ 3200/10000] loss=0.0084 (t=0.0024 r=0.0205 beta=0.29) | val: 2.10deg/1682mm | 63.5s
[ 3300/10000] loss=0.0068 (t=0.0021 r=0.0165 beta=0.28) | val: 2.08deg/1568mm | 65.3s
[ 3400/10000] loss=0.0072 (t=0.0020 r=0.0189 beta=0.28) | val: 2.09deg/1505mm | 67.2s
[ 3500/10000] loss=0.0066 (t=0.0017 r=0.0180 beta=0.27) | val: 2.04deg/1455mm | 69.0s
[ 3600/10000] loss=0.0062 (t=0.0019 r=0.0166 beta=0.26) | val: 2.11deg/1626mm | 70.9s
[ 3700/10000] loss=0.0069 (t=0.0022 r=0.0187 beta=0.25) | val: 2.23deg/1802mm | 72.7s
[ 3800/10000] loss=0.0056 (t=0.0018 r=0.0153 beta=0.24) | val: 2.27deg/1664mm | 74.5s
[ 3900/10000] loss=0.0062 (t=0.0019 r=0.0181 beta=0.24) | val: 2.05deg/1713mm | 76.4s
[ 4000/10000] loss=0.0060 (t=0.0018 r=0.0183 beta=0.23) | val: 2.14deg/1665mm | 78.3s
[ 4100/10000] loss=0.0063 (t=0.0021 r=0.0187 beta=0.23) | val: 2.07deg/1640mm | 80.1s
[ 4200/10000] loss=0.0056 (t=0.0017 r=0.0178 beta=0.22) | val: 2.03deg/1650mm | 82.0s
[ 4300/10000] loss=0.0057 (t=0.0020 r=0.0176 beta=0.21) | val: 2.17deg/1654mm | 83.8s
[ 4400/10000] loss=0.0052 (t=0.0018 r=0.0167 beta=0.21) | val: 2.25deg/1623mm | 85.6s
[ 4500/10000] loss=0.0050 (t=0.0015 r=0.0176 beta=0.20) | val: 2.22deg/1690mm | 87.5s
[ 4600/10000] loss=0.0052 (t=0.0020 r=0.0163 beta=0.20) | val: 2.14deg/1690mm | 89.3s
[ 4700/10000] loss=0.0049 (t=0.0016 r=0.0170 beta=0.19) | val: 2.39deg/1592mm | 91.2s
[ 4800/10000] loss=0.0049 (t=0.0016 r=0.0174 beta=0.19) | val: 2.10deg/1452mm | 93.0s
[ 4900/10000] loss=0.0049 (t=0.0017 r=0.0172 beta=0.18) | val: 2.08deg/1563mm | 94.9s
[ 5000/10000] loss=0.0046 (t=0.0017 r=0.0163 beta=0.18) | val: 2.22deg/1661mm | 96.7s
[ 5100/10000] loss=0.0053 (t=0.0018 r=0.0199 beta=0.17) | val: 2.14deg/1582mm | 98.6s
[ 5200/10000] loss=0.0049 (t=0.0018 r=0.0181 beta=0.17) | val: 2.24deg/1699mm | 100.4s
[ 5300/10000] loss=0.0041 (t=0.0013 r=0.0164 beta=0.17) | val: 2.08deg/1458mm | 102.3s
[ 5400/10000] loss=0.0044 (t=0.0018 r=0.0162 beta=0.16) | val: 2.22deg/1617mm | 104.1s
[ 5500/10000] loss=0.0040 (t=0.0015 r=0.0153 beta=0.16) | val: 2.21deg/1745mm | 106.0s
[ 5600/10000] loss=0.0043 (t=0.0016 r=0.0170 beta=0.16) | val: 2.13deg/1507mm | 107.8s
[ 5700/10000] loss=0.0046 (t=0.0018 r=0.0182 beta=0.15) | val: 2.10deg/1588mm | 109.6s
[ 5800/10000] loss=0.0043 (t=0.0017 r=0.0171 beta=0.15) | val: 2.16deg/1589mm | 111.5s
[ 5900/10000] loss=0.0041 (t=0.0016 r=0.0166 beta=0.15) | val: 2.18deg/1469mm | 113.3s
[ 6000/10000] loss=0.0040 (t=0.0015 r=0.0175 beta=0.14) | val: 2.21deg/1560mm | 115.2s
[ 6100/10000] loss=0.0038 (t=0.0015 r=0.0159 beta=0.14) | val: 2.25deg/1571mm | 117.0s
[ 6200/10000] loss=0.0038 (t=0.0015 r=0.0167 beta=0.14) | val: 2.25deg/1612mm | 118.9s
[ 6300/10000] loss=0.0036 (t=0.0016 r=0.0152 beta=0.14) | val: 2.19deg/1576mm | 120.7s
[ 6400/10000] loss=0.0035 (t=0.0013 r=0.0165 beta=0.13) | val: 2.18deg/1583mm | 122.6s
[ 6500/10000] loss=0.0033 (t=0.0014 r=0.0149 beta=0.13) | val: 2.16deg/1536mm | 124.4s
[ 6600/10000] loss=0.0039 (t=0.0018 r=0.0163 beta=0.13) | val: 2.15deg/1518mm | 126.2s
[ 6700/10000] loss=0.0032 (t=0.0012 r=0.0150 beta=0.13) | val: 2.15deg/1547mm | 128.1s
[ 6800/10000] loss=0.0037 (t=0.0017 r=0.0165 beta=0.13) | val: 2.16deg/1602mm | 129.9s
[ 6900/10000] loss=0.0034 (t=0.0014 r=0.0166 beta=0.12) | val: 2.08deg/1789mm | 131.8s
[ 7000/10000] loss=0.0034 (t=0.0013 r=0.0173 beta=0.12) | val: 2.26deg/1565mm | 133.6s
[ 7100/10000] loss=0.0034 (t=0.0013 r=0.0167 beta=0.12) | val: 2.12deg/1594mm | 135.5s
[ 7200/10000] loss=0.0035 (t=0.0017 r=0.0152 beta=0.12) | val: 2.10deg/1593mm | 137.3s
[ 7300/10000] loss=0.0032 (t=0.0013 r=0.0160 beta=0.12) | val: 2.11deg/1655mm | 139.2s
[ 7400/10000] loss=0.0034 (t=0.0014 r=0.0171 beta=0.12) | val: 2.20deg/1611mm | 141.0s
[ 7500/10000] loss=0.0030 (t=0.0013 r=0.0142 beta=0.12) | val: 2.16deg/1597mm | 142.9s
[ 7600/10000] loss=0.0029 (t=0.0013 r=0.0139 beta=0.12) | val: 2.09deg/1598mm | 144.7s
[ 7700/10000] loss=0.0032 (t=0.0014 r=0.0158 beta=0.11) | val: 2.11deg/1712mm | 146.5s
[ 7800/10000] loss=0.0029 (t=0.0012 r=0.0151 beta=0.11) | val: 2.11deg/1626mm | 148.4s
[ 7900/10000] loss=0.0030 (t=0.0014 r=0.0143 beta=0.11) | val: 2.18deg/1639mm | 150.2s
[ 8000/10000] loss=0.0030 (t=0.0014 r=0.0145 beta=0.11) | val: 2.12deg/1573mm | 152.1s
[ 8100/10000] loss=0.0031 (t=0.0014 r=0.0155 beta=0.11) | val: 2.19deg/1559mm | 153.9s
[ 8200/10000] loss=0.0030 (t=0.0012 r=0.0160 beta=0.11) | val: 2.14deg/1585mm | 155.8s
[ 8300/10000] loss=0.0032 (t=0.0014 r=0.0164 beta=0.11) | val: 2.19deg/1622mm | 157.6s
[ 8400/10000] loss=0.0027 (t=0.0011 r=0.0149 beta=0.11) | val: 2.18deg/1641mm | 159.5s
[ 8500/10000] loss=0.0030 (t=0.0013 r=0.0162 beta=0.11) | val: 2.18deg/1682mm | 161.3s
[ 8600/10000] loss=0.0027 (t=0.0011 r=0.0141 beta=0.11) | val: 2.06deg/1635mm | 163.2s
[ 8700/10000] loss=0.0028 (t=0.0011 r=0.0152 beta=0.11) | val: 2.14deg/1632mm | 165.0s
[ 8800/10000] loss=0.0025 (t=0.0010 r=0.0140 beta=0.11) | val: 2.15deg/1635mm | 166.9s
[ 8900/10000] loss=0.0028 (t=0.0012 r=0.0152 beta=0.11) | val: 2.11deg/1595mm | 168.7s
[ 9000/10000] loss=0.0029 (t=0.0012 r=0.0158 beta=0.11) | val: 2.07deg/1555mm | 170.6s
[ 9100/10000] loss=0.0027 (t=0.0011 r=0.0154 beta=0.11) | val: 2.08deg/1587mm | 172.4s
[ 9200/10000] loss=0.0030 (t=0.0013 r=0.0160 beta=0.11) | val: 2.15deg/1569mm | 174.3s
[ 9300/10000] loss=0.0029 (t=0.0014 r=0.0147 beta=0.11) | val: 2.10deg/1588mm | 176.1s
[ 9400/10000] loss=0.0030 (t=0.0014 r=0.0152 beta=0.11) | val: 2.16deg/1596mm | 177.9s
[ 9500/10000] loss=0.0030 (t=0.0013 r=0.0160 beta=0.11) | val: 2.11deg/1554mm | 179.8s
[ 9600/10000] loss=0.0028 (t=0.0011 r=0.0161 beta=0.11) | val: 2.12deg/1590mm | 181.7s
[ 9700/10000] loss=0.0029 (t=0.0013 r=0.0148 beta=0.11) | val: 2.09deg/1572mm | 183.5s
[ 9800/10000] loss=0.0027 (t=0.0012 r=0.0142 beta=0.11) | val: 2.12deg/1601mm | 185.3s
[ 9900/10000] loss=0.0029 (t=0.0012 r=0.0154 beta=0.11) | val: 2.11deg/1582mm | 187.2s
[10000/10000] loss=0.0028 (t=0.0012 r=0.0150 beta=0.11) | val: 2.13deg/1587mm | 189.0s

Training done. Best epoch: 2810, score: 1.5423

Loaded best model from epoch 2810

======================================================================
EVALUATION RESULTS (Direct Regression)
======================================================================
Rotation  (median): 2.07deg
Translation (median): 1378mm

  R@5deg_1m: 25.8%  (rot_pass=93.4%, trans_pass=27.5%)
  R@10deg_2m: 63.2%  (rot_pass=100.0%, trans_pass=63.2%)
  R@15deg_5m: 89.6%  (rot_pass=100.0%, trans_pass=89.6%)
  R@25deg_5m: 89.6%  (rot_pass=100.0%, trans_pass=89.6%)

======================================================================
EVALUATION RESULTS (Retrieval Mode)
======================================================================
Retrieval median: 11.08deg / 2488mm
  R@5deg_1m: 1.1%  (rot=3.8%, trans=15.9%)
  R@10deg_2m: 15.9%  (rot=45.6%, trans=41.2%)
  R@15deg_5m: 54.9%  (rot=69.2%, trans=83.0%)
  R@25deg_5m: 80.2%  (rot=97.3%, trans=83.0%)
======================================================================

Done!
--- seed27 done ---
=== GPU3 ALL DONE ===
