=== exp24e_attn_h4_wider_seed28 on GPU 4 ===
======================================================================
Experiment: exp24e_attn_h4_wider_seed28
Pool: attn, Features: both+sum
======================================================================
Random seed: 28
Using device: cuda:4

Loading data (fine=True, coarse=True, summary=True)...
  Loaded fine_geo: torch.Size([895, 128, 68, 120])
  Loaded coarse_sem: torch.Size([895, 128, 68, 120])
  Loaded summary: torch.Size([895, 2560])
  [train] 895 samples loaded
  Loaded fine_geo: torch.Size([182, 128, 68, 120])
  Loaded coarse_sem: torch.Size([182, 128, 68, 120])
  Loaded summary: torch.Size([182, 2560])
  [test] 182 samples loaded
Translation norm: mean=[13.19548    -0.64731836 23.103329  ], std=[10.827089    0.94348246  9.766839  ]
  Feature dim after pooling: 3584
Model parameters: 10,001,042
Model parameters: 10,001,042
[    1/10000] loss=2.6734 (t=0.4933 r=2.1801 beta=1.00) | val: 43.91deg/23505mm | 0.8s
[  100/10000] loss=0.0908 (t=0.0309 r=0.0649 beta=0.92) | val: 5.34deg/3466mm | 4.3s
[  200/10000] loss=0.0578 (t=0.0194 r=0.0439 beta=0.87) | val: 3.72deg/2073mm | 6.8s
[  300/10000] loss=0.0538 (t=0.0195 r=0.0410 beta=0.84) | val: 2.24deg/2387mm | 8.6s
[  400/10000] loss=0.0459 (t=0.0180 r=0.0349 beta=0.80) | val: 2.37deg/1832mm | 11.0s
[  500/10000] loss=0.0426 (t=0.0159 r=0.0349 beta=0.77) | val: 2.32deg/1419mm | 13.0s
[  600/10000] loss=0.0332 (t=0.0116 r=0.0295 beta=0.74) | val: 2.15deg/1630mm | 15.0s
[  700/10000] loss=0.0265 (t=0.0072 r=0.0274 beta=0.71) | val: 2.18deg/1606mm | 16.9s
[  800/10000] loss=0.0262 (t=0.0073 r=0.0278 beta=0.68) | val: 2.59deg/1861mm | 18.7s
[  900/10000] loss=0.0257 (t=0.0080 r=0.0272 beta=0.65) | val: 2.51deg/1846mm | 20.6s
[ 1000/10000] loss=0.0220 (t=0.0060 r=0.0255 beta=0.63) | val: 1.98deg/1439mm | 22.6s
[ 1100/10000] loss=0.0190 (t=0.0046 r=0.0240 beta=0.60) | val: 2.11deg/1564mm | 24.6s
[ 1200/10000] loss=0.0207 (t=0.0051 r=0.0268 beta=0.58) | val: 2.11deg/1577mm | 26.4s
[ 1300/10000] loss=0.0160 (t=0.0039 r=0.0218 beta=0.56) | val: 2.17deg/1661mm | 28.3s
[ 1400/10000] loss=0.0169 (t=0.0045 r=0.0231 beta=0.54) | val: 2.08deg/1501mm | 30.1s
[ 1500/10000] loss=0.0151 (t=0.0034 r=0.0228 beta=0.52) | val: 2.40deg/1977mm | 32.0s
[ 1600/10000] loss=0.0144 (t=0.0036 r=0.0216 beta=0.50) | val: 1.93deg/1502mm | 33.8s
[ 1700/10000] loss=0.0141 (t=0.0035 r=0.0219 beta=0.48) | val: 2.16deg/1418mm | 35.7s
[ 1800/10000] loss=0.0138 (t=0.0037 r=0.0219 beta=0.46) | val: 2.16deg/1510mm | 37.5s
[ 1900/10000] loss=0.0118 (t=0.0029 r=0.0200 beta=0.45) | val: 2.14deg/1461mm | 39.3s
[ 2000/10000] loss=0.0118 (t=0.0032 r=0.0198 beta=0.43) | val: 2.15deg/1499mm | 41.2s
[ 2100/10000] loss=0.0112 (t=0.0028 r=0.0203 beta=0.42) | val: 2.32deg/1552mm | 43.0s
[ 2200/10000] loss=0.0107 (t=0.0031 r=0.0190 beta=0.40) | val: 2.08deg/1539mm | 44.9s
[ 2300/10000] loss=0.0103 (t=0.0029 r=0.0191 beta=0.39) | val: 2.33deg/1508mm | 46.7s
[ 2400/10000] loss=0.0093 (t=0.0023 r=0.0187 beta=0.38) | val: 2.11deg/1659mm | 48.5s
[ 2500/10000] loss=0.0100 (t=0.0024 r=0.0209 beta=0.36) | val: 2.57deg/1496mm | 50.6s
[ 2600/10000] loss=0.0089 (t=0.0023 r=0.0186 beta=0.35) | val: 2.13deg/1602mm | 52.4s
[ 2700/10000] loss=0.0093 (t=0.0028 r=0.0193 beta=0.34) | val: 2.23deg/1556mm | 54.3s
[ 2800/10000] loss=0.0080 (t=0.0022 r=0.0179 beta=0.33) | val: 2.05deg/1542mm | 56.1s
[ 2900/10000] loss=0.0089 (t=0.0024 r=0.0205 beta=0.32) | val: 2.18deg/1711mm | 57.9s
[ 3000/10000] loss=0.0079 (t=0.0023 r=0.0183 beta=0.31) | val: 2.17deg/1524mm | 59.8s
[ 3100/10000] loss=0.0084 (t=0.0026 r=0.0195 beta=0.30) | val: 2.52deg/1506mm | 61.7s
[ 3200/10000] loss=0.0071 (t=0.0021 r=0.0176 beta=0.29) | val: 2.14deg/1570mm | 63.5s
[ 3300/10000] loss=0.0071 (t=0.0019 r=0.0186 beta=0.28) | val: 2.36deg/1675mm | 65.3s
[ 3400/10000] loss=0.0073 (t=0.0022 r=0.0189 beta=0.27) | val: 2.15deg/1457mm | 67.2s
[ 3500/10000] loss=0.0073 (t=0.0023 r=0.0191 beta=0.26) | val: 2.13deg/1492mm | 69.0s
[ 3600/10000] loss=0.0068 (t=0.0021 r=0.0185 beta=0.25) | val: 2.23deg/1662mm | 70.9s
[ 3700/10000] loss=0.0068 (t=0.0023 r=0.0179 beta=0.25) | val: 2.13deg/1437mm | 72.7s
[ 3800/10000] loss=0.0068 (t=0.0021 r=0.0196 beta=0.24) | val: 2.22deg/1546mm | 74.5s
[ 3900/10000] loss=0.0062 (t=0.0019 r=0.0188 beta=0.23) | val: 2.40deg/1603mm | 76.4s
[ 4000/10000] loss=0.0055 (t=0.0017 r=0.0168 beta=0.23) | val: 2.38deg/1573mm | 78.2s
[ 4100/10000] loss=0.0053 (t=0.0017 r=0.0165 beta=0.22) | val: 2.08deg/1530mm | 80.1s
[ 4200/10000] loss=0.0060 (t=0.0019 r=0.0194 beta=0.21) | val: 2.25deg/1577mm | 81.9s
[ 4300/10000] loss=0.0056 (t=0.0019 r=0.0179 beta=0.21) | val: 2.20deg/1577mm | 83.7s
[ 4400/10000] loss=0.0057 (t=0.0021 r=0.0180 beta=0.20) | val: 2.19deg/1600mm | 85.6s
[ 4500/10000] loss=0.0057 (t=0.0018 r=0.0197 beta=0.20) | val: 2.21deg/1467mm | 87.4s
[ 4600/10000] loss=0.0058 (t=0.0020 r=0.0196 beta=0.19) | val: 2.31deg/1520mm | 89.3s
[ 4700/10000] loss=0.0058 (t=0.0022 r=0.0190 beta=0.19) | val: 2.42deg/1663mm | 91.1s
[ 4800/10000] loss=0.0052 (t=0.0020 r=0.0172 beta=0.18) | val: 2.18deg/1586mm | 92.9s
[ 4900/10000] loss=0.0047 (t=0.0016 r=0.0171 beta=0.18) | val: 2.35deg/1549mm | 94.8s
[ 5000/10000] loss=0.0051 (t=0.0019 r=0.0181 beta=0.17) | val: 2.24deg/1593mm | 96.6s
[ 5100/10000] loss=0.0045 (t=0.0016 r=0.0173 beta=0.17) | val: 2.24deg/1587mm | 98.5s
[ 5200/10000] loss=0.0045 (t=0.0016 r=0.0177 beta=0.17) | val: 2.31deg/1542mm | 100.3s
[ 5300/10000] loss=0.0045 (t=0.0016 r=0.0176 beta=0.16) | val: 2.33deg/1607mm | 102.2s
[ 5400/10000] loss=0.0047 (t=0.0019 r=0.0173 beta=0.16) | val: 2.37deg/1731mm | 104.0s
[ 5500/10000] loss=0.0041 (t=0.0016 r=0.0157 beta=0.16) | val: 2.50deg/1637mm | 105.9s
[ 5600/10000] loss=0.0045 (t=0.0018 r=0.0176 beta=0.15) | val: 2.30deg/1632mm | 107.7s
[ 5700/10000] loss=0.0038 (t=0.0013 r=0.0170 beta=0.15) | val: 2.28deg/1572mm | 109.6s
[ 5800/10000] loss=0.0040 (t=0.0015 r=0.0175 beta=0.15) | val: 2.45deg/1543mm | 111.4s
[ 5900/10000] loss=0.0041 (t=0.0016 r=0.0174 beta=0.14) | val: 2.37deg/1539mm | 113.2s
[ 6000/10000] loss=0.0040 (t=0.0017 r=0.0164 beta=0.14) | val: 2.52deg/1557mm | 115.1s
[ 6100/10000] loss=0.0034 (t=0.0014 r=0.0144 beta=0.14) | val: 2.31deg/1591mm | 116.9s
[ 6200/10000] loss=0.0037 (t=0.0015 r=0.0162 beta=0.14) | val: 2.40deg/1594mm | 118.8s
[ 6300/10000] loss=0.0037 (t=0.0016 r=0.0157 beta=0.13) | val: 2.41deg/1467mm | 120.6s
[ 6400/10000] loss=0.0036 (t=0.0015 r=0.0156 beta=0.13) | val: 2.38deg/1687mm | 122.5s
[ 6500/10000] loss=0.0040 (t=0.0017 r=0.0172 beta=0.13) | val: 2.32deg/1600mm | 124.3s
[ 6600/10000] loss=0.0031 (t=0.0013 r=0.0145 beta=0.13) | val: 2.38deg/1693mm | 126.1s
[ 6700/10000] loss=0.0035 (t=0.0016 r=0.0153 beta=0.13) | val: 2.40deg/1692mm | 128.0s
[ 6800/10000] loss=0.0033 (t=0.0012 r=0.0174 beta=0.12) | val: 2.43deg/1564mm | 129.8s
[ 6900/10000] loss=0.0035 (t=0.0014 r=0.0175 beta=0.12) | val: 2.40deg/1506mm | 131.7s
[ 7000/10000] loss=0.0034 (t=0.0013 r=0.0176 beta=0.12) | val: 2.43deg/1678mm | 133.5s
[ 7100/10000] loss=0.0033 (t=0.0013 r=0.0165 beta=0.12) | val: 2.28deg/1658mm | 135.4s
[ 7200/10000] loss=0.0031 (t=0.0013 r=0.0154 beta=0.12) | val: 2.36deg/1628mm | 137.2s
[ 7300/10000] loss=0.0031 (t=0.0013 r=0.0153 beta=0.12) | val: 2.31deg/1614mm | 139.0s
[ 7400/10000] loss=0.0036 (t=0.0017 r=0.0169 beta=0.11) | val: 2.38deg/1615mm | 140.9s
[ 7500/10000] loss=0.0030 (t=0.0012 r=0.0153 beta=0.11) | val: 2.38deg/1663mm | 142.7s
[ 7600/10000] loss=0.0032 (t=0.0013 r=0.0171 beta=0.11) | val: 2.36deg/1560mm | 144.6s
[ 7700/10000] loss=0.0032 (t=0.0014 r=0.0157 beta=0.11) | val: 2.44deg/1575mm | 146.4s
[ 7800/10000] loss=0.0030 (t=0.0012 r=0.0156 beta=0.11) | val: 2.42deg/1564mm | 148.3s
[ 7900/10000] loss=0.0030 (t=0.0014 r=0.0152 beta=0.11) | val: 2.38deg/1633mm | 150.1s
[ 8000/10000] loss=0.0030 (t=0.0012 r=0.0162 beta=0.11) | val: 2.36deg/1578mm | 151.9s
[ 8100/10000] loss=0.0028 (t=0.0012 r=0.0151 beta=0.11) | val: 2.38deg/1640mm | 153.8s
[ 8200/10000] loss=0.0032 (t=0.0014 r=0.0165 beta=0.11) | val: 2.34deg/1614mm | 155.6s
[ 8300/10000] loss=0.0030 (t=0.0013 r=0.0158 beta=0.11) | val: 2.39deg/1626mm | 157.5s
[ 8400/10000] loss=0.0028 (t=0.0012 r=0.0151 beta=0.11) | val: 2.39deg/1611mm | 159.3s
[ 8500/10000] loss=0.0029 (t=0.0012 r=0.0159 beta=0.11) | val: 2.42deg/1594mm | 161.1s
[ 8600/10000] loss=0.0030 (t=0.0015 r=0.0146 beta=0.11) | val: 2.32deg/1630mm | 163.0s
[ 8700/10000] loss=0.0028 (t=0.0012 r=0.0157 beta=0.11) | val: 2.43deg/1643mm | 164.8s
[ 8800/10000] loss=0.0028 (t=0.0011 r=0.0163 beta=0.10) | val: 2.39deg/1673mm | 166.7s
[ 8900/10000] loss=0.0029 (t=0.0012 r=0.0163 beta=0.10) | val: 2.45deg/1589mm | 168.5s
[ 9000/10000] loss=0.0029 (t=0.0012 r=0.0162 beta=0.10) | val: 2.39deg/1661mm | 170.4s
[ 9100/10000] loss=0.0028 (t=0.0012 r=0.0153 beta=0.10) | val: 2.39deg/1636mm | 172.2s
[ 9200/10000] loss=0.0030 (t=0.0014 r=0.0156 beta=0.10) | val: 2.41deg/1649mm | 174.0s
[ 9300/10000] loss=0.0028 (t=0.0012 r=0.0154 beta=0.10) | val: 2.38deg/1666mm | 175.9s
[ 9400/10000] loss=0.0032 (t=0.0014 r=0.0174 beta=0.10) | val: 2.37deg/1623mm | 177.7s
[ 9500/10000] loss=0.0029 (t=0.0013 r=0.0160 beta=0.10) | val: 2.35deg/1629mm | 179.6s
[ 9600/10000] loss=0.0028 (t=0.0013 r=0.0148 beta=0.10) | val: 2.36deg/1650mm | 181.4s
[ 9700/10000] loss=0.0028 (t=0.0012 r=0.0151 beta=0.10) | val: 2.34deg/1663mm | 183.3s
[ 9800/10000] loss=0.0029 (t=0.0013 r=0.0152 beta=0.10) | val: 2.36deg/1658mm | 185.1s
[ 9900/10000] loss=0.0028 (t=0.0012 r=0.0154 beta=0.10) | val: 2.36deg/1666mm | 186.9s
[10000/10000] loss=0.0029 (t=0.0013 r=0.0152 beta=0.10) | val: 2.36deg/1653mm | 188.8s

Training done. Best epoch: 2460, score: 1.5011

Loaded best model from epoch 2460

======================================================================
EVALUATION RESULTS (Direct Regression)
======================================================================
Rotation  (median): 2.09deg
Translation (median): 1322mm

  R@5deg_1m: 32.4%  (rot_pass=91.2%, trans_pass=33.5%)
  R@10deg_2m: 68.1%  (rot_pass=100.0%, trans_pass=68.1%)
  R@15deg_5m: 86.8%  (rot_pass=100.0%, trans_pass=86.8%)
  R@25deg_5m: 86.8%  (rot_pass=100.0%, trans_pass=86.8%)

======================================================================
EVALUATION RESULTS (Retrieval Mode)
======================================================================
Retrieval median: 11.08deg / 2571mm
  R@5deg_1m: 2.2%  (rot=6.6%, trans=18.1%)
  R@10deg_2m: 19.8%  (rot=44.5%, trans=42.9%)
  R@15deg_5m: 56.0%  (rot=72.0%, trans=80.8%)
  R@25deg_5m: 80.2%  (rot=99.5%, trans=80.8%)
======================================================================

Done!
--- seed28 done ---
=== exp24e_attn_h4_wider_seed29 on GPU 4 ===
======================================================================
Experiment: exp24e_attn_h4_wider_seed29
Pool: attn, Features: both+sum
======================================================================
Random seed: 29
Using device: cuda:4

Loading data (fine=True, coarse=True, summary=True)...
  Loaded fine_geo: torch.Size([895, 128, 68, 120])
  Loaded coarse_sem: torch.Size([895, 128, 68, 120])
  Loaded summary: torch.Size([895, 2560])
  [train] 895 samples loaded
  Loaded fine_geo: torch.Size([182, 128, 68, 120])
  Loaded coarse_sem: torch.Size([182, 128, 68, 120])
  Loaded summary: torch.Size([182, 2560])
  [test] 182 samples loaded
Translation norm: mean=[13.19548    -0.64731836 23.103329  ], std=[10.827089    0.94348246  9.766839  ]
  Feature dim after pooling: 3584
Model parameters: 10,001,042
Model parameters: 10,001,042
[    1/10000] loss=3.1256 (t=0.6741 r=2.4515 beta=1.00) | val: 41.46deg/23022mm | 0.4s
[  100/10000] loss=0.1079 (t=0.0373 r=0.0763 beta=0.92) | val: 5.04deg/3266mm | 3.7s
[  200/10000] loss=0.0683 (t=0.0231 r=0.0512 beta=0.88) | val: 3.67deg/2156mm | 6.2s
[  300/10000] loss=0.0565 (t=0.0232 r=0.0393 beta=0.85) | val: 1.96deg/1843mm | 8.2s
[  400/10000] loss=0.0477 (t=0.0188 r=0.0355 beta=0.81) | val: 2.07deg/2328mm | 10.4s
[  500/10000] loss=0.0384 (t=0.0128 r=0.0326 beta=0.78) | val: 1.83deg/1719mm | 12.2s
[  600/10000] loss=0.0340 (t=0.0096 r=0.0322 beta=0.76) | val: 2.37deg/1829mm | 14.1s
[  700/10000] loss=0.0288 (t=0.0069 r=0.0300 beta=0.73) | val: 2.23deg/1691mm | 16.1s
[  800/10000] loss=0.0284 (t=0.0089 r=0.0278 beta=0.70) | val: 2.38deg/1627mm | 17.9s
[  900/10000] loss=0.0219 (t=0.0063 r=0.0232 beta=0.68) | val: 2.08deg/1773mm | 19.7s
[ 1000/10000] loss=0.0205 (t=0.0044 r=0.0246 beta=0.65) | val: 1.94deg/1573mm | 21.6s
[ 1100/10000] loss=0.0226 (t=0.0055 r=0.0272 beta=0.63) | val: 2.32deg/1725mm | 23.4s
[ 1200/10000] loss=0.0203 (t=0.0042 r=0.0265 beta=0.61) | val: 2.06deg/1541mm | 25.3s
[ 1300/10000] loss=0.0197 (t=0.0039 r=0.0269 beta=0.59) | val: 2.05deg/1605mm | 27.1s
[ 1400/10000] loss=0.0177 (t=0.0041 r=0.0241 beta=0.57) | val: 1.91deg/1444mm | 29.3s
[ 1500/10000] loss=0.0163 (t=0.0040 r=0.0225 beta=0.55) | val: 1.90deg/1556mm | 31.3s
[ 1600/10000] loss=0.0180 (t=0.0059 r=0.0229 beta=0.53) | val: 2.09deg/1539mm | 33.3s
[ 1700/10000] loss=0.0151 (t=0.0037 r=0.0225 beta=0.51) | val: 2.22deg/1426mm | 35.1s
[ 1800/10000] loss=0.0149 (t=0.0033 r=0.0235 beta=0.49) | val: 2.33deg/1781mm | 37.1s
[ 1900/10000] loss=0.0123 (t=0.0029 r=0.0198 beta=0.48) | val: 2.07deg/1516mm | 39.0s
[ 2000/10000] loss=0.0130 (t=0.0029 r=0.0220 beta=0.46) | val: 1.94deg/1320mm | 41.0s
[ 2100/10000] loss=0.0123 (t=0.0029 r=0.0211 beta=0.44) | val: 2.03deg/1613mm | 43.0s
[ 2200/10000] loss=0.0120 (t=0.0029 r=0.0212 beta=0.43) | val: 2.10deg/1443mm | 44.8s
[ 2300/10000] loss=0.0114 (t=0.0030 r=0.0203 beta=0.42) | val: 2.14deg/1707mm | 46.7s
[ 2400/10000] loss=0.0116 (t=0.0032 r=0.0208 beta=0.40) | val: 2.04deg/1449mm | 48.5s
[ 2500/10000] loss=0.0104 (t=0.0025 r=0.0204 beta=0.39) | val: 2.09deg/1671mm | 50.4s
[ 2600/10000] loss=0.0103 (t=0.0027 r=0.0200 beta=0.38) | val: 1.96deg/1669mm | 52.2s
[ 2700/10000] loss=0.0090 (t=0.0025 r=0.0178 beta=0.37) | val: 2.08deg/1652mm | 54.1s
[ 2800/10000] loss=0.0095 (t=0.0027 r=0.0191 beta=0.35) | val: 2.10deg/1678mm | 55.9s
[ 2900/10000] loss=0.0089 (t=0.0024 r=0.0189 beta=0.34) | val: 2.26deg/1503mm | 57.7s
[ 3000/10000] loss=0.0083 (t=0.0020 r=0.0187 beta=0.33) | val: 1.99deg/1502mm | 59.6s
[ 3100/10000] loss=0.0087 (t=0.0025 r=0.0191 beta=0.32) | val: 1.95deg/1415mm | 61.4s
[ 3200/10000] loss=0.0078 (t=0.0023 r=0.0176 beta=0.31) | val: 1.97deg/1645mm | 63.3s
[ 3300/10000] loss=0.0076 (t=0.0019 r=0.0187 beta=0.30) | val: 2.05deg/1435mm | 65.1s
[ 3400/10000] loss=0.0082 (t=0.0023 r=0.0201 beta=0.29) | val: 2.01deg/1650mm | 67.0s
[ 3500/10000] loss=0.0076 (t=0.0021 r=0.0192 beta=0.29) | val: 2.02deg/1718mm | 68.8s
[ 3600/10000] loss=0.0075 (t=0.0026 r=0.0175 beta=0.28) | val: 1.97deg/1637mm | 70.6s
[ 3700/10000] loss=0.0068 (t=0.0022 r=0.0172 beta=0.27) | val: 2.12deg/1470mm | 72.5s
[ 3800/10000] loss=0.0065 (t=0.0020 r=0.0171 beta=0.26) | val: 2.01deg/1541mm | 74.3s
[ 3900/10000] loss=0.0071 (t=0.0024 r=0.0185 beta=0.25) | val: 1.93deg/1627mm | 76.2s
[ 4000/10000] loss=0.0074 (t=0.0021 r=0.0215 beta=0.25) | val: 1.94deg/1548mm | 78.0s
[ 4100/10000] loss=0.0059 (t=0.0018 r=0.0171 beta=0.24) | val: 1.96deg/1579mm | 79.8s
[ 4200/10000] loss=0.0064 (t=0.0020 r=0.0188 beta=0.23) | val: 2.06deg/1604mm | 81.7s
[ 4300/10000] loss=0.0054 (t=0.0017 r=0.0165 beta=0.23) | val: 2.04deg/1446mm | 83.5s
[ 4400/10000] loss=0.0060 (t=0.0023 r=0.0168 beta=0.22) | val: 2.03deg/1580mm | 85.4s
[ 4500/10000] loss=0.0054 (t=0.0016 r=0.0178 beta=0.22) | val: 1.96deg/1884mm | 87.2s
[ 4600/10000] loss=0.0057 (t=0.0019 r=0.0182 beta=0.21) | val: 1.97deg/1666mm | 89.1s
[ 4700/10000] loss=0.0049 (t=0.0014 r=0.0172 beta=0.21) | val: 1.99deg/1536mm | 90.9s
[ 4800/10000] loss=0.0051 (t=0.0019 r=0.0160 beta=0.20) | val: 2.14deg/1656mm | 92.7s
[ 4900/10000] loss=0.0048 (t=0.0016 r=0.0164 beta=0.20) | val: 2.05deg/1649mm | 94.6s
[ 5000/10000] loss=0.0055 (t=0.0018 r=0.0193 beta=0.19) | val: 2.13deg/1528mm | 96.4s
[ 5100/10000] loss=0.0051 (t=0.0017 r=0.0178 beta=0.19) | val: 2.04deg/1517mm | 98.3s
[ 5200/10000] loss=0.0044 (t=0.0014 r=0.0163 beta=0.18) | val: 2.05deg/1562mm | 100.1s
[ 5300/10000] loss=0.0047 (t=0.0016 r=0.0171 beta=0.18) | val: 1.96deg/1515mm | 102.0s
[ 5400/10000] loss=0.0051 (t=0.0020 r=0.0175 beta=0.17) | val: 2.13deg/1640mm | 103.8s
[ 5500/10000] loss=0.0044 (t=0.0016 r=0.0161 beta=0.17) | val: 2.10deg/1723mm | 105.6s
[ 5600/10000] loss=0.0042 (t=0.0016 r=0.0159 beta=0.17) | val: 2.07deg/1573mm | 107.5s
[ 5700/10000] loss=0.0040 (t=0.0013 r=0.0163 beta=0.16) | val: 2.08deg/1841mm | 109.3s
[ 5800/10000] loss=0.0040 (t=0.0015 r=0.0156 beta=0.16) | val: 2.07deg/1577mm | 111.2s
[ 5900/10000] loss=0.0040 (t=0.0014 r=0.0164 beta=0.16) | val: 2.29deg/1816mm | 113.0s
[ 6000/10000] loss=0.0042 (t=0.0015 r=0.0175 beta=0.16) | val: 2.13deg/1816mm | 114.9s
[ 6100/10000] loss=0.0041 (t=0.0016 r=0.0165 beta=0.15) | val: 2.06deg/1806mm | 116.7s
[ 6200/10000] loss=0.0039 (t=0.0015 r=0.0159 beta=0.15) | val: 2.10deg/1734mm | 118.5s
[ 6300/10000] loss=0.0041 (t=0.0016 r=0.0174 beta=0.15) | val: 2.15deg/1701mm | 120.4s
[ 6400/10000] loss=0.0038 (t=0.0015 r=0.0153 beta=0.14) | val: 2.16deg/1705mm | 122.2s
[ 6500/10000] loss=0.0042 (t=0.0018 r=0.0166 beta=0.14) | val: 2.15deg/1637mm | 124.1s
[ 6600/10000] loss=0.0040 (t=0.0015 r=0.0179 beta=0.14) | val: 2.11deg/1837mm | 125.9s
[ 6700/10000] loss=0.0040 (t=0.0017 r=0.0166 beta=0.14) | val: 2.09deg/1639mm | 127.7s
[ 6800/10000] loss=0.0036 (t=0.0012 r=0.0178 beta=0.14) | val: 2.15deg/1573mm | 129.6s
[ 6900/10000] loss=0.0033 (t=0.0012 r=0.0159 beta=0.13) | val: 2.09deg/1781mm | 131.4s
[ 7000/10000] loss=0.0033 (t=0.0013 r=0.0146 beta=0.13) | val: 2.09deg/1797mm | 133.3s
[ 7100/10000] loss=0.0038 (t=0.0015 r=0.0175 beta=0.13) | val: 2.02deg/1689mm | 135.1s
[ 7200/10000] loss=0.0039 (t=0.0015 r=0.0182 beta=0.13) | val: 1.97deg/1602mm | 137.0s
[ 7300/10000] loss=0.0033 (t=0.0012 r=0.0161 beta=0.13) | val: 2.08deg/1554mm | 138.8s
[ 7400/10000] loss=0.0034 (t=0.0013 r=0.0165 beta=0.13) | val: 2.02deg/1694mm | 140.6s
[ 7500/10000] loss=0.0040 (t=0.0017 r=0.0184 beta=0.13) | val: 2.05deg/1708mm | 142.5s
[ 7600/10000] loss=0.0032 (t=0.0012 r=0.0160 beta=0.12) | val: 2.04deg/1637mm | 144.3s
[ 7700/10000] loss=0.0036 (t=0.0016 r=0.0163 beta=0.12) | val: 2.10deg/1630mm | 146.2s
[ 7800/10000] loss=0.0033 (t=0.0014 r=0.0159 beta=0.12) | val: 2.03deg/1730mm | 148.0s
[ 7900/10000] loss=0.0034 (t=0.0016 r=0.0150 beta=0.12) | val: 2.03deg/1748mm | 149.9s
[ 8000/10000] loss=0.0032 (t=0.0013 r=0.0163 beta=0.12) | val: 2.14deg/1764mm | 151.7s
[ 8100/10000] loss=0.0030 (t=0.0011 r=0.0154 beta=0.12) | val: 2.11deg/1677mm | 153.6s
[ 8200/10000] loss=0.0030 (t=0.0010 r=0.0171 beta=0.12) | val: 2.12deg/1752mm | 155.4s
[ 8300/10000] loss=0.0030 (t=0.0011 r=0.0159 beta=0.12) | val: 2.05deg/1637mm | 157.2s
[ 8400/10000] loss=0.0032 (t=0.0013 r=0.0159 beta=0.12) | val: 2.10deg/1683mm | 159.1s
[ 8500/10000] loss=0.0032 (t=0.0013 r=0.0163 beta=0.12) | val: 2.06deg/1775mm | 160.9s
[ 8600/10000] loss=0.0028 (t=0.0012 r=0.0143 beta=0.12) | val: 2.08deg/1655mm | 162.8s
[ 8700/10000] loss=0.0031 (t=0.0013 r=0.0155 beta=0.12) | val: 2.06deg/1637mm | 164.6s
[ 8800/10000] loss=0.0033 (t=0.0014 r=0.0162 beta=0.12) | val: 2.08deg/1757mm | 166.5s
[ 8900/10000] loss=0.0029 (t=0.0012 r=0.0151 beta=0.12) | val: 2.08deg/1758mm | 168.3s
[ 9000/10000] loss=0.0032 (t=0.0014 r=0.0154 beta=0.12) | val: 2.08deg/1808mm | 170.2s
[ 9100/10000] loss=0.0033 (t=0.0015 r=0.0164 beta=0.11) | val: 2.06deg/1740mm | 172.0s
[ 9200/10000] loss=0.0030 (t=0.0013 r=0.0145 beta=0.11) | val: 2.06deg/1719mm | 173.8s
[ 9300/10000] loss=0.0029 (t=0.0012 r=0.0146 beta=0.11) | val: 2.09deg/1743mm | 175.7s
[ 9400/10000] loss=0.0030 (t=0.0013 r=0.0148 beta=0.11) | val: 2.08deg/1723mm | 177.5s
[ 9500/10000] loss=0.0030 (t=0.0012 r=0.0156 beta=0.11) | val: 2.09deg/1711mm | 179.4s
[ 9600/10000] loss=0.0030 (t=0.0012 r=0.0153 beta=0.11) | val: 2.10deg/1712mm | 181.2s
[ 9700/10000] loss=0.0029 (t=0.0011 r=0.0163 beta=0.11) | val: 2.09deg/1764mm | 183.1s
[ 9800/10000] loss=0.0030 (t=0.0013 r=0.0150 beta=0.11) | val: 2.12deg/1733mm | 184.9s
[ 9900/10000] loss=0.0031 (t=0.0015 r=0.0143 beta=0.11) | val: 2.10deg/1750mm | 186.8s
[10000/10000] loss=0.0028 (t=0.0012 r=0.0143 beta=0.11) | val: 2.10deg/1738mm | 188.6s

Training done. Best epoch: 2000, score: 1.5147

Loaded best model from epoch 2000

======================================================================
EVALUATION RESULTS (Direct Regression)
======================================================================
Rotation  (median): 1.94deg
Translation (median): 1334mm

  R@5deg_1m: 33.5%  (rot_pass=94.0%, trans_pass=33.5%)
  R@10deg_2m: 67.6%  (rot_pass=99.5%, trans_pass=68.1%)
  R@15deg_5m: 93.4%  (rot_pass=100.0%, trans_pass=93.4%)
  R@25deg_5m: 93.4%  (rot_pass=100.0%, trans_pass=93.4%)

======================================================================
EVALUATION RESULTS (Retrieval Mode)
======================================================================
Retrieval median: 10.71deg / 2440mm
  R@5deg_1m: 2.2%  (rot=6.0%, trans=18.7%)
  R@10deg_2m: 19.2%  (rot=45.1%, trans=42.3%)
  R@15deg_5m: 57.1%  (rot=70.9%, trans=84.1%)
  R@25deg_5m: 83.0%  (rot=98.9%, trans=84.1%)
======================================================================

Done!
--- seed29 done ---
=== exp24e_attn_h4_wider_seed30 on GPU 4 ===
======================================================================
Experiment: exp24e_attn_h4_wider_seed30
Pool: attn, Features: both+sum
======================================================================
Random seed: 30
Using device: cuda:4

Loading data (fine=True, coarse=True, summary=True)...
  Loaded fine_geo: torch.Size([895, 128, 68, 120])
  Loaded coarse_sem: torch.Size([895, 128, 68, 120])
  Loaded summary: torch.Size([895, 2560])
  [train] 895 samples loaded
  Loaded fine_geo: torch.Size([182, 128, 68, 120])
  Loaded coarse_sem: torch.Size([182, 128, 68, 120])
  Loaded summary: torch.Size([182, 2560])
  [test] 182 samples loaded
Translation norm: mean=[13.19548    -0.64731836 23.103329  ], std=[10.827089    0.94348246  9.766839  ]
  Feature dim after pooling: 3584
Model parameters: 10,001,042
Model parameters: 10,001,042
[    1/10000] loss=2.5902 (t=0.5381 r=2.0521 beta=1.00) | val: 23.95deg/18426mm | 0.5s
[  100/10000] loss=0.1163 (t=0.0449 r=0.0770 beta=0.93) | val: 5.28deg/3283mm | 3.6s
[  200/10000] loss=0.0688 (t=0.0181 r=0.0575 beta=0.88) | val: 4.24deg/1777mm | 6.2s
[  300/10000] loss=0.0542 (t=0.0182 r=0.0427 beta=0.84) | val: 3.24deg/1684mm | 8.4s
[  400/10000] loss=0.0457 (t=0.0184 r=0.0338 beta=0.81) | val: 2.64deg/1819mm | 10.6s
[  500/10000] loss=0.0380 (t=0.0122 r=0.0332 beta=0.78) | val: 2.31deg/1531mm | 12.4s
[  600/10000] loss=0.0333 (t=0.0094 r=0.0319 beta=0.75) | val: 2.31deg/1498mm | 14.9s
[  700/10000] loss=0.0258 (t=0.0062 r=0.0271 beta=0.72) | val: 2.64deg/1651mm | 16.7s
[  800/10000] loss=0.0250 (t=0.0055 r=0.0279 beta=0.70) | val: 2.34deg/1607mm | 18.9s
[  900/10000] loss=0.0220 (t=0.0050 r=0.0253 beta=0.67) | val: 2.19deg/1410mm | 20.7s
[ 1000/10000] loss=0.0215 (t=0.0044 r=0.0265 beta=0.65) | val: 2.35deg/1369mm | 22.9s
[ 1100/10000] loss=0.0186 (t=0.0043 r=0.0228 beta=0.62) | val: 2.43deg/1467mm | 24.9s
[ 1200/10000] loss=0.0187 (t=0.0044 r=0.0238 beta=0.60) | val: 2.21deg/1535mm | 26.8s
[ 1300/10000] loss=0.0175 (t=0.0042 r=0.0228 beta=0.58) | val: 2.33deg/1564mm | 28.8s
[ 1400/10000] loss=0.0165 (t=0.0036 r=0.0229 beta=0.56) | val: 2.36deg/1623mm | 30.6s
[ 1500/10000] loss=0.0162 (t=0.0039 r=0.0227 beta=0.54) | val: 2.08deg/1485mm | 32.6s
[ 1600/10000] loss=0.0154 (t=0.0038 r=0.0223 beta=0.52) | val: 2.48deg/1629mm | 34.5s
[ 1700/10000] loss=0.0145 (t=0.0034 r=0.0220 beta=0.50) | val: 2.57deg/1763mm | 36.3s
[ 1800/10000] loss=0.0144 (t=0.0033 r=0.0229 beta=0.49) | val: 2.27deg/1319mm | 38.1s
[ 1900/10000] loss=0.0134 (t=0.0030 r=0.0220 beta=0.47) | val: 2.06deg/1540mm | 40.0s
[ 2000/10000] loss=0.0127 (t=0.0033 r=0.0205 beta=0.45) | val: 2.10deg/1689mm | 41.8s
[ 2100/10000] loss=0.0109 (t=0.0028 r=0.0185 beta=0.44) | val: 2.20deg/1630mm | 43.7s
[ 2200/10000] loss=0.0106 (t=0.0026 r=0.0189 beta=0.42) | val: 2.04deg/1537mm | 45.7s
[ 2300/10000] loss=0.0115 (t=0.0030 r=0.0205 beta=0.41) | val: 2.13deg/1403mm | 47.5s
[ 2400/10000] loss=0.0101 (t=0.0024 r=0.0194 beta=0.40) | val: 2.07deg/1751mm | 49.4s
[ 2500/10000] loss=0.0101 (t=0.0032 r=0.0181 beta=0.38) | val: 2.21deg/1297mm | 51.2s
[ 2600/10000] loss=0.0087 (t=0.0022 r=0.0173 beta=0.37) | val: 2.35deg/1680mm | 53.0s
[ 2700/10000] loss=0.0102 (t=0.0027 r=0.0210 beta=0.36) | val: 2.01deg/1402mm | 54.9s
[ 2800/10000] loss=0.0090 (t=0.0022 r=0.0195 beta=0.35) | val: 2.27deg/1431mm | 56.7s
[ 2900/10000] loss=0.0085 (t=0.0023 r=0.0183 beta=0.34) | val: 2.20deg/1507mm | 58.6s
[ 3000/10000] loss=0.0078 (t=0.0020 r=0.0176 beta=0.33) | val: 2.13deg/1379mm | 60.4s
[ 3100/10000] loss=0.0078 (t=0.0021 r=0.0180 beta=0.32) | val: 2.12deg/1417mm | 62.3s
[ 3200/10000] loss=0.0077 (t=0.0021 r=0.0181 beta=0.31) | val: 2.26deg/1451mm | 64.1s
[ 3300/10000] loss=0.0074 (t=0.0018 r=0.0185 beta=0.30) | val: 2.05deg/1521mm | 65.9s
[ 3400/10000] loss=0.0085 (t=0.0027 r=0.0197 beta=0.29) | val: 2.23deg/1631mm | 67.8s
[ 3500/10000] loss=0.0069 (t=0.0019 r=0.0175 beta=0.28) | val: 2.35deg/1487mm | 69.6s
[ 3600/10000] loss=0.0070 (t=0.0020 r=0.0182 beta=0.27) | val: 2.10deg/1610mm | 71.5s
[ 3700/10000] loss=0.0056 (t=0.0015 r=0.0153 beta=0.27) | val: 2.23deg/1452mm | 73.3s
[ 3800/10000] loss=0.0069 (t=0.0019 r=0.0192 beta=0.26) | val: 2.18deg/1468mm | 75.2s
[ 3900/10000] loss=0.0066 (t=0.0019 r=0.0184 beta=0.25) | val: 2.15deg/1542mm | 77.0s
[ 4000/10000] loss=0.0075 (t=0.0027 r=0.0196 beta=0.24) | val: 2.12deg/1641mm | 78.8s
[ 4100/10000] loss=0.0064 (t=0.0021 r=0.0180 beta=0.24) | val: 2.01deg/1514mm | 80.7s
[ 4200/10000] loss=0.0057 (t=0.0020 r=0.0163 beta=0.23) | val: 2.32deg/1522mm | 82.5s
[ 4300/10000] loss=0.0056 (t=0.0021 r=0.0154 beta=0.23) | val: 2.22deg/1450mm | 84.4s
[ 4400/10000] loss=0.0055 (t=0.0016 r=0.0178 beta=0.22) | val: 2.25deg/1505mm | 86.2s
[ 4500/10000] loss=0.0058 (t=0.0019 r=0.0178 beta=0.21) | val: 2.01deg/1511mm | 88.1s
[ 4600/10000] loss=0.0055 (t=0.0018 r=0.0176 beta=0.21) | val: 2.30deg/1697mm | 89.9s
[ 4700/10000] loss=0.0055 (t=0.0018 r=0.0182 beta=0.20) | val: 2.18deg/1506mm | 91.7s
[ 4800/10000] loss=0.0050 (t=0.0017 r=0.0167 beta=0.20) | val: 2.23deg/1418mm | 93.6s
[ 4900/10000] loss=0.0046 (t=0.0014 r=0.0167 beta=0.19) | val: 2.17deg/1843mm | 95.4s
[ 5000/10000] loss=0.0048 (t=0.0015 r=0.0174 beta=0.19) | val: 2.11deg/1426mm | 97.3s
[ 5100/10000] loss=0.0048 (t=0.0019 r=0.0159 beta=0.18) | val: 2.36deg/1469mm | 99.1s
[ 5200/10000] loss=0.0046 (t=0.0016 r=0.0167 beta=0.18) | val: 2.31deg/1533mm | 101.0s
[ 5300/10000] loss=0.0043 (t=0.0016 r=0.0153 beta=0.18) | val: 2.26deg/1413mm | 102.8s
[ 5400/10000] loss=0.0048 (t=0.0019 r=0.0169 beta=0.17) | val: 2.16deg/1440mm | 104.7s
[ 5500/10000] loss=0.0044 (t=0.0017 r=0.0162 beta=0.17) | val: 2.06deg/1576mm | 106.5s
[ 5600/10000] loss=0.0041 (t=0.0014 r=0.0160 beta=0.17) | val: 2.28deg/1569mm | 108.3s
[ 5700/10000] loss=0.0045 (t=0.0018 r=0.0168 beta=0.16) | val: 2.17deg/1585mm | 110.2s
[ 5800/10000] loss=0.0041 (t=0.0016 r=0.0156 beta=0.16) | val: 2.29deg/1502mm | 112.0s
[ 5900/10000] loss=0.0045 (t=0.0019 r=0.0167 beta=0.16) | val: 2.13deg/1562mm | 113.9s
[ 6000/10000] loss=0.0041 (t=0.0015 r=0.0168 beta=0.15) | val: 2.17deg/1684mm | 115.7s
[ 6100/10000] loss=0.0038 (t=0.0014 r=0.0158 beta=0.15) | val: 2.34deg/1529mm | 117.6s
[ 6200/10000] loss=0.0037 (t=0.0014 r=0.0156 beta=0.15) | val: 2.11deg/1637mm | 119.4s
[ 6300/10000] loss=0.0039 (t=0.0015 r=0.0166 beta=0.15) | val: 2.21deg/1546mm | 121.3s
[ 6400/10000] loss=0.0036 (t=0.0014 r=0.0154 beta=0.14) | val: 2.16deg/1513mm | 123.1s
[ 6500/10000] loss=0.0036 (t=0.0014 r=0.0159 beta=0.14) | val: 2.23deg/1515mm | 124.9s
[ 6600/10000] loss=0.0038 (t=0.0013 r=0.0177 beta=0.14) | val: 2.16deg/1418mm | 126.8s
[ 6700/10000] loss=0.0036 (t=0.0013 r=0.0169 beta=0.14) | val: 2.10deg/1492mm | 128.6s
[ 6800/10000] loss=0.0035 (t=0.0015 r=0.0147 beta=0.13) | val: 2.11deg/1487mm | 130.5s
[ 6900/10000] loss=0.0035 (t=0.0014 r=0.0154 beta=0.13) | val: 2.21deg/1591mm | 132.3s
[ 7000/10000] loss=0.0038 (t=0.0018 r=0.0147 beta=0.13) | val: 2.28deg/1541mm | 134.1s
[ 7100/10000] loss=0.0034 (t=0.0014 r=0.0159 beta=0.13) | val: 2.23deg/1519mm | 136.0s
[ 7200/10000] loss=0.0033 (t=0.0012 r=0.0157 beta=0.13) | val: 2.24deg/1567mm | 137.8s
[ 7300/10000] loss=0.0034 (t=0.0014 r=0.0164 beta=0.13) | val: 2.25deg/1457mm | 139.7s
[ 7400/10000] loss=0.0035 (t=0.0014 r=0.0165 beta=0.12) | val: 2.26deg/1575mm | 141.5s
[ 7500/10000] loss=0.0034 (t=0.0013 r=0.0168 beta=0.12) | val: 2.22deg/1560mm | 143.4s
[ 7600/10000] loss=0.0032 (t=0.0014 r=0.0153 beta=0.12) | val: 2.26deg/1510mm | 145.2s
[ 7700/10000] loss=0.0031 (t=0.0013 r=0.0151 beta=0.12) | val: 2.26deg/1581mm | 147.1s
[ 7800/10000] loss=0.0034 (t=0.0014 r=0.0167 beta=0.12) | val: 2.26deg/1447mm | 148.9s
[ 7900/10000] loss=0.0031 (t=0.0012 r=0.0153 beta=0.12) | val: 2.20deg/1535mm | 150.7s
[ 8000/10000] loss=0.0031 (t=0.0013 r=0.0152 beta=0.12) | val: 2.19deg/1508mm | 152.6s
[ 8100/10000] loss=0.0033 (t=0.0014 r=0.0166 beta=0.12) | val: 2.27deg/1525mm | 154.4s
[ 8200/10000] loss=0.0032 (t=0.0014 r=0.0156 beta=0.12) | val: 2.23deg/1482mm | 156.3s
[ 8300/10000] loss=0.0030 (t=0.0012 r=0.0153 beta=0.12) | val: 2.28deg/1484mm | 158.1s
[ 8400/10000] loss=0.0031 (t=0.0012 r=0.0164 beta=0.12) | val: 2.26deg/1552mm | 160.0s
[ 8500/10000] loss=0.0031 (t=0.0013 r=0.0156 beta=0.12) | val: 2.26deg/1558mm | 161.8s
[ 8600/10000] loss=0.0028 (t=0.0011 r=0.0155 beta=0.11) | val: 2.31deg/1550mm | 163.7s
[ 8700/10000] loss=0.0030 (t=0.0013 r=0.0150 beta=0.11) | val: 2.35deg/1539mm | 165.5s
[ 8800/10000] loss=0.0031 (t=0.0014 r=0.0149 beta=0.11) | val: 2.32deg/1485mm | 167.4s
[ 8900/10000] loss=0.0033 (t=0.0014 r=0.0164 beta=0.11) | val: 2.30deg/1459mm | 169.2s
[ 9000/10000] loss=0.0030 (t=0.0013 r=0.0144 beta=0.11) | val: 2.37deg/1554mm | 171.0s
[ 9100/10000] loss=0.0029 (t=0.0012 r=0.0150 beta=0.11) | val: 2.30deg/1570mm | 172.9s
[ 9200/10000] loss=0.0025 (t=0.0010 r=0.0135 beta=0.11) | val: 2.31deg/1503mm | 174.7s
[ 9300/10000] loss=0.0033 (t=0.0015 r=0.0162 beta=0.11) | val: 2.30deg/1497mm | 176.6s
[ 9400/10000] loss=0.0030 (t=0.0012 r=0.0160 beta=0.11) | val: 2.34deg/1555mm | 178.4s
[ 9500/10000] loss=0.0028 (t=0.0011 r=0.0150 beta=0.11) | val: 2.32deg/1564mm | 180.3s
[ 9600/10000] loss=0.0029 (t=0.0012 r=0.0150 beta=0.11) | val: 2.33deg/1535mm | 182.1s
[ 9700/10000] loss=0.0027 (t=0.0011 r=0.0145 beta=0.11) | val: 2.32deg/1529mm | 184.0s
[ 9800/10000] loss=0.0028 (t=0.0011 r=0.0146 beta=0.11) | val: 2.32deg/1524mm | 185.8s
[ 9900/10000] loss=0.0029 (t=0.0014 r=0.0137 beta=0.11) | val: 2.33deg/1549mm | 187.6s
[10000/10000] loss=0.0033 (t=0.0014 r=0.0164 beta=0.11) | val: 2.34deg/1532mm | 189.5s

Training done. Best epoch: 2120, score: 1.4529

Loaded best model from epoch 2120

======================================================================
EVALUATION RESULTS (Direct Regression)
======================================================================
Rotation  (median): 2.10deg
Translation (median): 1275mm

  R@5deg_1m: 36.3%  (rot_pass=93.4%, trans_pass=36.8%)
  R@10deg_2m: 67.6%  (rot_pass=100.0%, trans_pass=67.6%)
  R@15deg_5m: 92.3%  (rot_pass=100.0%, trans_pass=92.3%)
  R@25deg_5m: 92.3%  (rot_pass=100.0%, trans_pass=92.3%)

======================================================================
EVALUATION RESULTS (Retrieval Mode)
======================================================================
Retrieval median: 11.72deg / 2300mm
  R@5deg_1m: 2.7%  (rot=5.5%, trans=18.7%)
  R@10deg_2m: 19.2%  (rot=40.7%, trans=44.5%)
  R@15deg_5m: 53.3%  (rot=66.5%, trans=84.1%)
  R@25deg_5m: 81.9%  (rot=97.8%, trans=84.1%)
======================================================================

Done!
--- seed30 done ---
=== exp24e_attn_h4_wider_seed31 on GPU 4 ===
======================================================================
Experiment: exp24e_attn_h4_wider_seed31
Pool: attn, Features: both+sum
======================================================================
Random seed: 31
Using device: cuda:4

Loading data (fine=True, coarse=True, summary=True)...
  Loaded fine_geo: torch.Size([895, 128, 68, 120])
  Loaded coarse_sem: torch.Size([895, 128, 68, 120])
  Loaded summary: torch.Size([895, 2560])
  [train] 895 samples loaded
  Loaded fine_geo: torch.Size([182, 128, 68, 120])
  Loaded coarse_sem: torch.Size([182, 128, 68, 120])
  Loaded summary: torch.Size([182, 2560])
  [test] 182 samples loaded
Translation norm: mean=[13.19548    -0.64731836 23.103329  ], std=[10.827089    0.94348246  9.766839  ]
  Feature dim after pooling: 3584
Model parameters: 10,001,042
Model parameters: 10,001,042
[    1/10000] loss=2.0810 (t=0.4858 r=1.5953 beta=1.00) | val: 27.69deg/25869mm | 0.9s
[  100/10000] loss=0.1057 (t=0.0359 r=0.0753 beta=0.93) | val: 4.91deg/2888mm | 3.9s
[  200/10000] loss=0.0729 (t=0.0290 r=0.0498 beta=0.88) | val: 3.70deg/2459mm | 6.9s
[  300/10000] loss=0.0544 (t=0.0205 r=0.0402 beta=0.84) | val: 2.99deg/2113mm | 9.2s
[  400/10000] loss=0.0466 (t=0.0181 r=0.0353 beta=0.81) | val: 2.99deg/1819mm | 11.4s
[  500/10000] loss=0.0412 (t=0.0140 r=0.0351 beta=0.77) | val: 2.07deg/1584mm | 13.5s
[  600/10000] loss=0.0332 (t=0.0102 r=0.0310 beta=0.74) | val: 2.16deg/1733mm | 15.7s
[  700/10000] loss=0.0325 (t=0.0077 r=0.0346 beta=0.71) | val: 2.00deg/1492mm | 17.7s
[  800/10000] loss=0.0252 (t=0.0060 r=0.0280 beta=0.69) | val: 2.04deg/1590mm | 19.5s
[  900/10000] loss=0.0250 (t=0.0056 r=0.0293 beta=0.66) | val: 1.74deg/1608mm | 21.4s
[ 1000/10000] loss=0.0192 (t=0.0044 r=0.0231 beta=0.64) | val: 2.22deg/1521mm | 23.2s
[ 1100/10000] loss=0.0200 (t=0.0050 r=0.0244 beta=0.61) | val: 1.73deg/1615mm | 25.2s
[ 1200/10000] loss=0.0185 (t=0.0043 r=0.0240 beta=0.59) | val: 1.73deg/1640mm | 27.1s
[ 1300/10000] loss=0.0186 (t=0.0043 r=0.0251 beta=0.57) | val: 1.95deg/1765mm | 28.9s
[ 1400/10000] loss=0.0176 (t=0.0046 r=0.0237 beta=0.55) | val: 2.12deg/1825mm | 30.7s
[ 1500/10000] loss=0.0160 (t=0.0042 r=0.0222 beta=0.53) | val: 1.76deg/1583mm | 32.6s
[ 1600/10000] loss=0.0131 (t=0.0028 r=0.0202 beta=0.51) | val: 1.66deg/1702mm | 34.4s
[ 1700/10000] loss=0.0139 (t=0.0036 r=0.0209 beta=0.49) | val: 1.72deg/1626mm | 36.3s
[ 1800/10000] loss=0.0135 (t=0.0031 r=0.0219 beta=0.48) | val: 1.66deg/1597mm | 38.1s
[ 1900/10000] loss=0.0144 (t=0.0037 r=0.0233 beta=0.46) | val: 1.70deg/1621mm | 39.9s
[ 2000/10000] loss=0.0115 (t=0.0027 r=0.0198 beta=0.44) | val: 1.88deg/1719mm | 41.8s
[ 2100/10000] loss=0.0117 (t=0.0031 r=0.0201 beta=0.43) | val: 1.77deg/1460mm | 43.6s
[ 2200/10000] loss=0.0111 (t=0.0029 r=0.0199 beta=0.41) | val: 1.75deg/1442mm | 45.5s
[ 2300/10000] loss=0.0103 (t=0.0027 r=0.0191 beta=0.40) | val: 1.74deg/1569mm | 47.3s
[ 2400/10000] loss=0.0114 (t=0.0034 r=0.0207 beta=0.39) | val: 1.90deg/1584mm | 49.2s
[ 2500/10000] loss=0.0094 (t=0.0023 r=0.0190 beta=0.37) | val: 1.66deg/1619mm | 51.0s
[ 2600/10000] loss=0.0105 (t=0.0030 r=0.0207 beta=0.36) | val: 1.74deg/1465mm | 52.8s
[ 2700/10000] loss=0.0094 (t=0.0026 r=0.0194 beta=0.35) | val: 1.91deg/1645mm | 54.7s
[ 2800/10000] loss=0.0084 (t=0.0020 r=0.0191 beta=0.34) | val: 1.79deg/1530mm | 56.5s
[ 2900/10000] loss=0.0082 (t=0.0019 r=0.0191 beta=0.33) | val: 1.86deg/1631mm | 58.4s
[ 3000/10000] loss=0.0083 (t=0.0023 r=0.0189 beta=0.32) | val: 1.82deg/1617mm | 60.2s
[ 3100/10000] loss=0.0080 (t=0.0026 r=0.0175 beta=0.31) | val: 1.81deg/1657mm | 62.1s
[ 3200/10000] loss=0.0076 (t=0.0020 r=0.0188 beta=0.30) | val: 1.78deg/1547mm | 63.9s
[ 3300/10000] loss=0.0073 (t=0.0022 r=0.0175 beta=0.29) | val: 1.79deg/1472mm | 65.7s
[ 3400/10000] loss=0.0077 (t=0.0021 r=0.0200 beta=0.28) | val: 1.77deg/1579mm | 67.6s
[ 3500/10000] loss=0.0070 (t=0.0020 r=0.0185 beta=0.27) | val: 1.88deg/1719mm | 69.4s
[ 3600/10000] loss=0.0074 (t=0.0025 r=0.0181 beta=0.27) | val: 1.77deg/1515mm | 71.3s
[ 3700/10000] loss=0.0071 (t=0.0024 r=0.0184 beta=0.26) | val: 1.87deg/1709mm | 73.1s
[ 3800/10000] loss=0.0063 (t=0.0019 r=0.0175 beta=0.25) | val: 1.98deg/1678mm | 75.0s
[ 3900/10000] loss=0.0063 (t=0.0019 r=0.0182 beta=0.24) | val: 1.91deg/1550mm | 77.0s
[ 4000/10000] loss=0.0059 (t=0.0020 r=0.0165 beta=0.24) | val: 1.89deg/1570mm | 78.8s
[ 4100/10000] loss=0.0065 (t=0.0021 r=0.0191 beta=0.23) | val: 1.80deg/1672mm | 80.7s
[ 4200/10000] loss=0.0055 (t=0.0021 r=0.0154 beta=0.22) | val: 1.82deg/1528mm | 82.5s
[ 4300/10000] loss=0.0056 (t=0.0019 r=0.0169 beta=0.22) | val: 1.73deg/1553mm | 84.4s
[ 4400/10000] loss=0.0059 (t=0.0018 r=0.0194 beta=0.21) | val: 1.90deg/1626mm | 86.2s
[ 4500/10000] loss=0.0059 (t=0.0024 r=0.0172 beta=0.21) | val: 1.99deg/1532mm | 88.1s
[ 4600/10000] loss=0.0056 (t=0.0017 r=0.0194 beta=0.20) | val: 1.83deg/1564mm | 89.9s
[ 4700/10000] loss=0.0053 (t=0.0018 r=0.0182 beta=0.20) | val: 1.82deg/1425mm | 91.7s
[ 4800/10000] loss=0.0051 (t=0.0019 r=0.0171 beta=0.19) | val: 1.76deg/1667mm | 93.6s
[ 4900/10000] loss=0.0049 (t=0.0019 r=0.0162 beta=0.19) | val: 1.90deg/1792mm | 95.4s
[ 5000/10000] loss=0.0049 (t=0.0018 r=0.0172 beta=0.18) | val: 1.90deg/1417mm | 97.3s
[ 5100/10000] loss=0.0050 (t=0.0016 r=0.0190 beta=0.18) | val: 1.87deg/1658mm | 99.1s
[ 5200/10000] loss=0.0045 (t=0.0015 r=0.0170 beta=0.17) | val: 1.99deg/1468mm | 101.0s
[ 5300/10000] loss=0.0047 (t=0.0017 r=0.0178 beta=0.17) | val: 1.81deg/1627mm | 102.8s
[ 5400/10000] loss=0.0041 (t=0.0014 r=0.0164 beta=0.17) | val: 1.82deg/1458mm | 104.6s
[ 5500/10000] loss=0.0042 (t=0.0015 r=0.0168 beta=0.16) | val: 1.81deg/1598mm | 106.5s
[ 5600/10000] loss=0.0046 (t=0.0020 r=0.0166 beta=0.16) | val: 1.93deg/1520mm | 108.3s
[ 5700/10000] loss=0.0044 (t=0.0017 r=0.0176 beta=0.16) | val: 1.86deg/1490mm | 110.2s
[ 5800/10000] loss=0.0043 (t=0.0018 r=0.0162 beta=0.15) | val: 1.82deg/1533mm | 112.0s
[ 5900/10000] loss=0.0040 (t=0.0016 r=0.0159 beta=0.15) | val: 1.80deg/1743mm | 113.9s
[ 6000/10000] loss=0.0039 (t=0.0015 r=0.0168 beta=0.15) | val: 1.79deg/1564mm | 115.7s
[ 6100/10000] loss=0.0042 (t=0.0018 r=0.0163 beta=0.14) | val: 1.86deg/1486mm | 117.5s
[ 6200/10000] loss=0.0041 (t=0.0016 r=0.0176 beta=0.14) | val: 1.82deg/1503mm | 119.4s
[ 6300/10000] loss=0.0039 (t=0.0015 r=0.0171 beta=0.14) | val: 1.89deg/1682mm | 121.2s
[ 6400/10000] loss=0.0039 (t=0.0016 r=0.0168 beta=0.14) | val: 1.86deg/1503mm | 123.1s
[ 6500/10000] loss=0.0040 (t=0.0018 r=0.0164 beta=0.13) | val: 1.98deg/1626mm | 124.9s
[ 6600/10000] loss=0.0034 (t=0.0013 r=0.0163 beta=0.13) | val: 1.88deg/1497mm | 126.8s
[ 6700/10000] loss=0.0034 (t=0.0014 r=0.0153 beta=0.13) | val: 1.95deg/1717mm | 128.6s
[ 6800/10000] loss=0.0036 (t=0.0015 r=0.0158 beta=0.13) | val: 1.84deg/1605mm | 130.4s
[ 6900/10000] loss=0.0037 (t=0.0016 r=0.0168 beta=0.13) | val: 1.83deg/1599mm | 132.3s
[ 7000/10000] loss=0.0034 (t=0.0014 r=0.0162 beta=0.13) | val: 1.96deg/1585mm | 134.1s
[ 7100/10000] loss=0.0032 (t=0.0012 r=0.0160 beta=0.12) | val: 1.81deg/1610mm | 136.0s
[ 7200/10000] loss=0.0033 (t=0.0014 r=0.0154 beta=0.12) | val: 1.84deg/1596mm | 137.8s
[ 7300/10000] loss=0.0030 (t=0.0012 r=0.0153 beta=0.12) | val: 1.82deg/1712mm | 139.7s
[ 7400/10000] loss=0.0032 (t=0.0013 r=0.0155 beta=0.12) | val: 1.85deg/1676mm | 141.5s
[ 7500/10000] loss=0.0034 (t=0.0015 r=0.0165 beta=0.12) | val: 1.79deg/1554mm | 143.3s
[ 7600/10000] loss=0.0032 (t=0.0013 r=0.0158 beta=0.12) | val: 1.90deg/1548mm | 145.2s
[ 7700/10000] loss=0.0031 (t=0.0013 r=0.0153 beta=0.12) | val: 1.82deg/1527mm | 147.0s
[ 7800/10000] loss=0.0033 (t=0.0014 r=0.0164 beta=0.12) | val: 1.93deg/1598mm | 148.9s
[ 7900/10000] loss=0.0030 (t=0.0013 r=0.0151 beta=0.11) | val: 1.94deg/1544mm | 150.7s
[ 8000/10000] loss=0.0028 (t=0.0011 r=0.0150 beta=0.11) | val: 1.97deg/1547mm | 152.6s
[ 8100/10000] loss=0.0030 (t=0.0013 r=0.0145 beta=0.11) | val: 1.93deg/1596mm | 154.4s
[ 8200/10000] loss=0.0031 (t=0.0014 r=0.0151 beta=0.11) | val: 1.88deg/1587mm | 156.3s
[ 8300/10000] loss=0.0030 (t=0.0014 r=0.0151 beta=0.11) | val: 1.90deg/1639mm | 158.1s
[ 8400/10000] loss=0.0029 (t=0.0011 r=0.0159 beta=0.11) | val: 1.94deg/1638mm | 160.0s
[ 8500/10000] loss=0.0031 (t=0.0015 r=0.0143 beta=0.11) | val: 1.95deg/1551mm | 161.8s
[ 8600/10000] loss=0.0027 (t=0.0012 r=0.0143 beta=0.11) | val: 1.90deg/1555mm | 163.7s
[ 8700/10000] loss=0.0027 (t=0.0012 r=0.0142 beta=0.11) | val: 1.85deg/1545mm | 165.5s
[ 8800/10000] loss=0.0028 (t=0.0011 r=0.0156 beta=0.11) | val: 1.89deg/1615mm | 167.3s
[ 8900/10000] loss=0.0030 (t=0.0013 r=0.0160 beta=0.11) | val: 1.97deg/1633mm | 169.2s
[ 9000/10000] loss=0.0029 (t=0.0012 r=0.0160 beta=0.11) | val: 1.97deg/1582mm | 171.0s
[ 9100/10000] loss=0.0028 (t=0.0013 r=0.0141 beta=0.11) | val: 1.95deg/1558mm | 172.9s
[ 9200/10000] loss=0.0027 (t=0.0012 r=0.0144 beta=0.11) | val: 1.87deg/1600mm | 174.7s
[ 9300/10000] loss=0.0030 (t=0.0014 r=0.0152 beta=0.11) | val: 1.89deg/1596mm | 176.6s
[ 9400/10000] loss=0.0031 (t=0.0015 r=0.0147 beta=0.11) | val: 1.91deg/1571mm | 178.5s
[ 9500/10000] loss=0.0028 (t=0.0012 r=0.0143 beta=0.11) | val: 1.90deg/1576mm | 180.3s
[ 9600/10000] loss=0.0031 (t=0.0014 r=0.0157 beta=0.11) | val: 1.92deg/1607mm | 182.2s
[ 9700/10000] loss=0.0029 (t=0.0012 r=0.0159 beta=0.11) | val: 1.89deg/1579mm | 184.0s
[ 9800/10000] loss=0.0029 (t=0.0012 r=0.0158 beta=0.11) | val: 1.87deg/1581mm | 185.8s
[ 9900/10000] loss=0.0026 (t=0.0010 r=0.0148 beta=0.11) | val: 1.89deg/1594mm | 187.7s
[10000/10000] loss=0.0029 (t=0.0013 r=0.0146 beta=0.11) | val: 1.90deg/1614mm | 189.6s

Training done. Best epoch: 3890, score: 1.5187

Loaded best model from epoch 3890

======================================================================
EVALUATION RESULTS (Direct Regression)
======================================================================
Rotation  (median): 1.85deg
Translation (median): 1368mm

  R@5deg_1m: 32.4%  (rot_pass=90.7%, trans_pass=33.5%)
  R@10deg_2m: 61.0%  (rot_pass=98.9%, trans_pass=61.5%)
  R@15deg_5m: 86.3%  (rot_pass=100.0%, trans_pass=86.3%)
  R@25deg_5m: 86.3%  (rot_pass=100.0%, trans_pass=86.3%)

======================================================================
EVALUATION RESULTS (Retrieval Mode)
======================================================================
Retrieval median: 11.68deg / 2470mm
  R@5deg_1m: 2.2%  (rot=4.4%, trans=22.0%)
  R@10deg_2m: 18.7%  (rot=42.3%, trans=43.4%)
  R@15deg_5m: 52.2%  (rot=69.8%, trans=79.1%)
  R@25deg_5m: 76.4%  (rot=97.3%, trans=79.1%)
======================================================================

Done!
--- seed31 done ---
=== exp24e_attn_h4_wider_seed32 on GPU 4 ===
======================================================================
Experiment: exp24e_attn_h4_wider_seed32
Pool: attn, Features: both+sum
======================================================================
Random seed: 32
Using device: cuda:4

Loading data (fine=True, coarse=True, summary=True)...
  Loaded fine_geo: torch.Size([895, 128, 68, 120])
  Loaded coarse_sem: torch.Size([895, 128, 68, 120])
  Loaded summary: torch.Size([895, 2560])
  [train] 895 samples loaded
  Loaded fine_geo: torch.Size([182, 128, 68, 120])
  Loaded coarse_sem: torch.Size([182, 128, 68, 120])
  Loaded summary: torch.Size([182, 2560])
  [test] 182 samples loaded
Translation norm: mean=[13.19548    -0.64731836 23.103329  ], std=[10.827089    0.94348246  9.766839  ]
  Feature dim after pooling: 3584
Model parameters: 10,001,042
Model parameters: 10,001,042
[    1/10000] loss=3.0674 (t=0.5651 r=2.5023 beta=1.00) | val: 93.96deg/30731mm | 0.5s
[  100/10000] loss=0.1034 (t=0.0409 r=0.0677 beta=0.92) | val: 4.24deg/2561mm | 3.8s
[  200/10000] loss=0.0751 (t=0.0343 r=0.0467 beta=0.87) | val: 3.12deg/2213mm | 6.4s
[  300/10000] loss=0.0488 (t=0.0170 r=0.0381 beta=0.83) | val: 2.28deg/1947mm | 8.8s
[  400/10000] loss=0.0468 (t=0.0178 r=0.0364 beta=0.80) | val: 2.44deg/1681mm | 11.0s
[  500/10000] loss=0.0349 (t=0.0095 r=0.0334 beta=0.76) | val: 2.57deg/1854mm | 13.2s
[  600/10000] loss=0.0308 (t=0.0088 r=0.0302 beta=0.73) | val: 2.23deg/2251mm | 15.0s
[  700/10000] loss=0.0243 (t=0.0073 r=0.0243 beta=0.70) | val: 2.03deg/1661mm | 17.0s
[  800/10000] loss=0.0249 (t=0.0074 r=0.0260 beta=0.67) | val: 2.59deg/1692mm | 18.8s
[  900/10000] loss=0.0237 (t=0.0066 r=0.0264 beta=0.65) | val: 2.02deg/1684mm | 20.7s
[ 1000/10000] loss=0.0205 (t=0.0039 r=0.0267 beta=0.62) | val: 2.05deg/1614mm | 22.5s
[ 1100/10000] loss=0.0175 (t=0.0037 r=0.0231 beta=0.60) | val: 2.27deg/1752mm | 24.4s
[ 1200/10000] loss=0.0165 (t=0.0041 r=0.0217 beta=0.57) | val: 2.05deg/1842mm | 26.2s
[ 1300/10000] loss=0.0164 (t=0.0039 r=0.0226 beta=0.55) | val: 1.93deg/1547mm | 28.1s
[ 1400/10000] loss=0.0173 (t=0.0040 r=0.0251 beta=0.53) | val: 2.30deg/1682mm | 29.9s
[ 1500/10000] loss=0.0153 (t=0.0035 r=0.0231 beta=0.51) | val: 2.42deg/2123mm | 31.7s
[ 1600/10000] loss=0.0144 (t=0.0034 r=0.0225 beta=0.49) | val: 2.13deg/1715mm | 33.6s
[ 1700/10000] loss=0.0134 (t=0.0036 r=0.0207 beta=0.47) | val: 1.84deg/1562mm | 35.6s
[ 1800/10000] loss=0.0124 (t=0.0032 r=0.0200 beta=0.46) | val: 2.02deg/1755mm | 37.4s
[ 1900/10000] loss=0.0125 (t=0.0034 r=0.0206 beta=0.44) | val: 2.25deg/1868mm | 39.4s
[ 2000/10000] loss=0.0112 (t=0.0024 r=0.0205 beta=0.43) | val: 1.98deg/2132mm | 41.3s
[ 2100/10000] loss=0.0111 (t=0.0026 r=0.0208 beta=0.41) | val: 2.26deg/1982mm | 43.1s
[ 2200/10000] loss=0.0104 (t=0.0027 r=0.0193 beta=0.40) | val: 1.83deg/1770mm | 45.0s
[ 2300/10000] loss=0.0112 (t=0.0033 r=0.0206 beta=0.38) | val: 1.93deg/1779mm | 46.8s
[ 2400/10000] loss=0.0101 (t=0.0025 r=0.0205 beta=0.37) | val: 2.18deg/1929mm | 48.7s
[ 2500/10000] loss=0.0102 (t=0.0029 r=0.0205 beta=0.36) | val: 1.94deg/1546mm | 50.5s
[ 2600/10000] loss=0.0097 (t=0.0025 r=0.0208 beta=0.35) | val: 2.04deg/1596mm | 52.3s
[ 2700/10000] loss=0.0084 (t=0.0021 r=0.0190 beta=0.33) | val: 2.02deg/1678mm | 54.2s
[ 2800/10000] loss=0.0079 (t=0.0023 r=0.0174 beta=0.32) | val: 2.05deg/1718mm | 56.0s
[ 2900/10000] loss=0.0085 (t=0.0027 r=0.0187 beta=0.31) | val: 2.07deg/1764mm | 57.9s
[ 3000/10000] loss=0.0078 (t=0.0022 r=0.0185 beta=0.30) | val: 1.99deg/1794mm | 59.7s
[ 3100/10000] loss=0.0084 (t=0.0024 r=0.0207 beta=0.29) | val: 2.16deg/1854mm | 61.6s
[ 3200/10000] loss=0.0081 (t=0.0024 r=0.0198 beta=0.28) | val: 2.01deg/1559mm | 63.4s
[ 3300/10000] loss=0.0069 (t=0.0021 r=0.0172 beta=0.28) | val: 2.29deg/1937mm | 65.3s
[ 3400/10000] loss=0.0071 (t=0.0019 r=0.0195 beta=0.27) | val: 2.20deg/1803mm | 67.1s
[ 3500/10000] loss=0.0070 (t=0.0022 r=0.0186 beta=0.26) | val: 2.23deg/1878mm | 69.0s
[ 3600/10000] loss=0.0063 (t=0.0018 r=0.0178 beta=0.25) | val: 2.03deg/1969mm | 70.8s
[ 3700/10000] loss=0.0069 (t=0.0023 r=0.0191 beta=0.24) | val: 2.09deg/1577mm | 72.7s
[ 3800/10000] loss=0.0063 (t=0.0018 r=0.0188 beta=0.24) | val: 2.02deg/1867mm | 74.6s
[ 3900/10000] loss=0.0068 (t=0.0021 r=0.0206 beta=0.23) | val: 2.03deg/1887mm | 76.4s
[ 4000/10000] loss=0.0061 (t=0.0020 r=0.0184 beta=0.22) | val: 2.21deg/1677mm | 78.2s
[ 4100/10000] loss=0.0059 (t=0.0022 r=0.0171 beta=0.22) | val: 2.16deg/1782mm | 80.1s
[ 4200/10000] loss=0.0055 (t=0.0018 r=0.0174 beta=0.21) | val: 2.03deg/1709mm | 81.9s
[ 4300/10000] loss=0.0062 (t=0.0024 r=0.0183 beta=0.21) | val: 2.14deg/1706mm | 83.8s
[ 4400/10000] loss=0.0060 (t=0.0024 r=0.0175 beta=0.20) | val: 1.93deg/1750mm | 85.6s
[ 4500/10000] loss=0.0055 (t=0.0018 r=0.0191 beta=0.20) | val: 2.08deg/1772mm | 87.4s
[ 4600/10000] loss=0.0056 (t=0.0023 r=0.0176 beta=0.19) | val: 2.07deg/1783mm | 89.3s
[ 4700/10000] loss=0.0052 (t=0.0018 r=0.0183 beta=0.19) | val: 2.20deg/1927mm | 91.1s
[ 4800/10000] loss=0.0050 (t=0.0018 r=0.0174 beta=0.18) | val: 1.98deg/1758mm | 93.0s
[ 4900/10000] loss=0.0044 (t=0.0016 r=0.0155 beta=0.18) | val: 1.97deg/1814mm | 94.8s
[ 5000/10000] loss=0.0041 (t=0.0015 r=0.0152 beta=0.17) | val: 2.10deg/1713mm | 96.7s
[ 5100/10000] loss=0.0045 (t=0.0015 r=0.0177 beta=0.17) | val: 2.23deg/1828mm | 98.5s
[ 5200/10000] loss=0.0046 (t=0.0018 r=0.0175 beta=0.16) | val: 2.14deg/1929mm | 100.3s
[ 5300/10000] loss=0.0046 (t=0.0017 r=0.0182 beta=0.16) | val: 2.16deg/1639mm | 102.2s
[ 5400/10000] loss=0.0040 (t=0.0017 r=0.0152 beta=0.16) | val: 2.03deg/1884mm | 104.0s
[ 5500/10000] loss=0.0047 (t=0.0020 r=0.0175 beta=0.15) | val: 2.05deg/1762mm | 105.9s
[ 5600/10000] loss=0.0050 (t=0.0019 r=0.0202 beta=0.15) | val: 2.06deg/1619mm | 107.7s
[ 5700/10000] loss=0.0041 (t=0.0016 r=0.0175 beta=0.15) | val: 2.20deg/1931mm | 109.6s
[ 5800/10000] loss=0.0038 (t=0.0013 r=0.0172 beta=0.14) | val: 2.27deg/1783mm | 111.4s
[ 5900/10000] loss=0.0041 (t=0.0018 r=0.0163 beta=0.14) | val: 2.02deg/1806mm | 113.3s
[ 6000/10000] loss=0.0043 (t=0.0019 r=0.0172 beta=0.14) | val: 2.13deg/1801mm | 115.1s
[ 6100/10000] loss=0.0040 (t=0.0017 r=0.0172 beta=0.14) | val: 2.12deg/1844mm | 117.0s
[ 6200/10000] loss=0.0036 (t=0.0015 r=0.0155 beta=0.13) | val: 2.11deg/1885mm | 118.8s
[ 6300/10000] loss=0.0038 (t=0.0016 r=0.0162 beta=0.13) | val: 2.03deg/1789mm | 120.7s
[ 6400/10000] loss=0.0036 (t=0.0016 r=0.0158 beta=0.13) | val: 2.05deg/1866mm | 122.5s
[ 6500/10000] loss=0.0036 (t=0.0016 r=0.0158 beta=0.13) | val: 2.00deg/1793mm | 124.3s
[ 6600/10000] loss=0.0034 (t=0.0015 r=0.0153 beta=0.13) | val: 2.26deg/1777mm | 126.2s
[ 6700/10000] loss=0.0033 (t=0.0013 r=0.0160 beta=0.12) | val: 2.03deg/1788mm | 128.1s
[ 6800/10000] loss=0.0033 (t=0.0015 r=0.0151 beta=0.12) | val: 2.19deg/1822mm | 129.9s
[ 6900/10000] loss=0.0033 (t=0.0015 r=0.0150 beta=0.12) | val: 2.15deg/1713mm | 131.7s
[ 7000/10000] loss=0.0034 (t=0.0014 r=0.0166 beta=0.12) | val: 2.10deg/1807mm | 133.6s
[ 7100/10000] loss=0.0034 (t=0.0016 r=0.0160 beta=0.12) | val: 2.18deg/1866mm | 135.4s
[ 7200/10000] loss=0.0037 (t=0.0017 r=0.0171 beta=0.12) | val: 2.11deg/1767mm | 137.3s
[ 7300/10000] loss=0.0034 (t=0.0014 r=0.0171 beta=0.11) | val: 2.13deg/1754mm | 139.1s
[ 7400/10000] loss=0.0033 (t=0.0015 r=0.0162 beta=0.11) | val: 2.06deg/1711mm | 140.9s
[ 7500/10000] loss=0.0031 (t=0.0013 r=0.0164 beta=0.11) | val: 2.05deg/1689mm | 142.8s
[ 7600/10000] loss=0.0032 (t=0.0015 r=0.0156 beta=0.11) | val: 2.04deg/1766mm | 144.6s
[ 7700/10000] loss=0.0033 (t=0.0013 r=0.0182 beta=0.11) | val: 2.13deg/1743mm | 146.5s
[ 7800/10000] loss=0.0028 (t=0.0011 r=0.0152 beta=0.11) | val: 2.07deg/1778mm | 148.3s
[ 7900/10000] loss=0.0032 (t=0.0014 r=0.0170 beta=0.11) | val: 2.13deg/1742mm | 150.1s
[ 8000/10000] loss=0.0033 (t=0.0015 r=0.0168 beta=0.11) | val: 2.09deg/1831mm | 152.0s
[ 8100/10000] loss=0.0032 (t=0.0014 r=0.0165 beta=0.11) | val: 2.12deg/1766mm | 153.8s
[ 8200/10000] loss=0.0031 (t=0.0014 r=0.0161 beta=0.11) | val: 2.07deg/1800mm | 155.7s
[ 8300/10000] loss=0.0030 (t=0.0013 r=0.0164 beta=0.11) | val: 2.12deg/1802mm | 157.5s
[ 8400/10000] loss=0.0031 (t=0.0013 r=0.0170 beta=0.10) | val: 1.99deg/1729mm | 159.4s
[ 8500/10000] loss=0.0029 (t=0.0012 r=0.0158 beta=0.10) | val: 2.10deg/1694mm | 161.2s
[ 8600/10000] loss=0.0029 (t=0.0013 r=0.0155 beta=0.10) | val: 2.11deg/1789mm | 163.1s
[ 8700/10000] loss=0.0027 (t=0.0012 r=0.0148 beta=0.10) | val: 2.07deg/1746mm | 164.9s
[ 8800/10000] loss=0.0030 (t=0.0013 r=0.0161 beta=0.10) | val: 2.09deg/1837mm | 166.8s
[ 8900/10000] loss=0.0028 (t=0.0013 r=0.0144 beta=0.10) | val: 2.05deg/1832mm | 168.6s
[ 9000/10000] loss=0.0026 (t=0.0011 r=0.0150 beta=0.10) | val: 2.12deg/1838mm | 170.4s
[ 9100/10000] loss=0.0026 (t=0.0010 r=0.0154 beta=0.10) | val: 2.10deg/1803mm | 172.3s
[ 9200/10000] loss=0.0027 (t=0.0012 r=0.0148 beta=0.10) | val: 2.07deg/1807mm | 174.1s
[ 9300/10000] loss=0.0028 (t=0.0011 r=0.0164 beta=0.10) | val: 2.08deg/1863mm | 176.0s
[ 9400/10000] loss=0.0026 (t=0.0011 r=0.0148 beta=0.10) | val: 2.09deg/1812mm | 177.8s
[ 9500/10000] loss=0.0026 (t=0.0010 r=0.0151 beta=0.10) | val: 2.08deg/1792mm | 179.7s
[ 9600/10000] loss=0.0026 (t=0.0011 r=0.0148 beta=0.10) | val: 2.08deg/1841mm | 181.5s
[ 9700/10000] loss=0.0028 (t=0.0012 r=0.0153 beta=0.10) | val: 2.10deg/1837mm | 183.3s
[ 9800/10000] loss=0.0029 (t=0.0014 r=0.0153 beta=0.10) | val: 2.10deg/1827mm | 185.2s
[ 9900/10000] loss=0.0027 (t=0.0011 r=0.0157 beta=0.10) | val: 2.09deg/1819mm | 187.0s
[10000/10000] loss=0.0028 (t=0.0012 r=0.0153 beta=0.10) | val: 2.09deg/1832mm | 188.9s

Training done. Best epoch: 1850, score: 1.5739

Loaded best model from epoch 1850

======================================================================
EVALUATION RESULTS (Direct Regression)
======================================================================
Rotation  (median): 1.91deg
Translation (median): 1386mm

  R@5deg_1m: 33.0%  (rot_pass=94.0%, trans_pass=33.0%)
  R@10deg_2m: 68.1%  (rot_pass=100.0%, trans_pass=68.1%)
  R@15deg_5m: 97.8%  (rot_pass=100.0%, trans_pass=97.8%)
  R@25deg_5m: 97.8%  (rot_pass=100.0%, trans_pass=97.8%)

======================================================================
EVALUATION RESULTS (Retrieval Mode)
======================================================================
Retrieval median: 12.16deg / 2359mm
  R@5deg_1m: 1.1%  (rot=3.3%, trans=20.3%)
  R@10deg_2m: 18.1%  (rot=37.9%, trans=42.9%)
  R@15deg_5m: 52.7%  (rot=65.4%, trans=87.4%)
  R@25deg_5m: 83.0%  (rot=95.6%, trans=87.4%)
======================================================================

Done!
--- seed32 done ---
=== exp24e_attn_h4_wider_seed33 on GPU 4 ===
======================================================================
Experiment: exp24e_attn_h4_wider_seed33
Pool: attn, Features: both+sum
======================================================================
Random seed: 33
Using device: cuda:4

Loading data (fine=True, coarse=True, summary=True)...
  Loaded fine_geo: torch.Size([895, 128, 68, 120])
  Loaded coarse_sem: torch.Size([895, 128, 68, 120])
  Loaded summary: torch.Size([895, 2560])
  [train] 895 samples loaded
  Loaded fine_geo: torch.Size([182, 128, 68, 120])
  Loaded coarse_sem: torch.Size([182, 128, 68, 120])
  Loaded summary: torch.Size([182, 2560])
  [test] 182 samples loaded
Translation norm: mean=[13.19548    -0.64731836 23.103329  ], std=[10.827089    0.94348246  9.766839  ]
  Feature dim after pooling: 3584
Model parameters: 10,001,042
Model parameters: 10,001,042
[    1/10000] loss=2.7055 (t=0.6232 r=2.0823 beta=1.00) | val: 47.81deg/16025mm | 0.4s
[  100/10000] loss=0.1052 (t=0.0330 r=0.0779 beta=0.93) | val: 4.83deg/2879mm | 3.0s
[  200/10000] loss=0.0748 (t=0.0302 r=0.0505 beta=0.88) | val: 3.35deg/2580mm | 5.7s
[  300/10000] loss=0.0522 (t=0.0165 r=0.0421 beta=0.85) | val: 2.51deg/2153mm | 8.3s
[  400/10000] loss=0.0471 (t=0.0190 r=0.0345 beta=0.82) | val: 2.36deg/1960mm | 10.3s
[  500/10000] loss=0.0361 (t=0.0121 r=0.0306 beta=0.79) | val: 2.05deg/1660mm | 12.2s
[  600/10000] loss=0.0324 (t=0.0110 r=0.0282 beta=0.76) | val: 2.02deg/1495mm | 14.3s
[  700/10000] loss=0.0299 (t=0.0082 r=0.0297 beta=0.73) | val: 2.33deg/1603mm | 16.3s
[  800/10000] loss=0.0292 (t=0.0077 r=0.0306 beta=0.70) | val: 2.16deg/1518mm | 18.3s
[  900/10000] loss=0.0248 (t=0.0066 r=0.0268 beta=0.68) | val: 2.25deg/1660mm | 20.4s
[ 1000/10000] loss=0.0197 (t=0.0049 r=0.0227 beta=0.65) | val: 2.08deg/1474mm | 22.2s
[ 1100/10000] loss=0.0191 (t=0.0050 r=0.0223 beta=0.63) | val: 1.98deg/1521mm | 24.0s
[ 1200/10000] loss=0.0175 (t=0.0039 r=0.0223 beta=0.61) | val: 1.92deg/1623mm | 25.9s
[ 1300/10000] loss=0.0181 (t=0.0042 r=0.0235 beta=0.59) | val: 1.76deg/1551mm | 27.9s
[ 1400/10000] loss=0.0180 (t=0.0045 r=0.0237 beta=0.57) | val: 1.89deg/1445mm | 29.7s
[ 1500/10000] loss=0.0171 (t=0.0052 r=0.0216 beta=0.55) | val: 1.92deg/1595mm | 31.6s
[ 1600/10000] loss=0.0154 (t=0.0031 r=0.0231 beta=0.53) | val: 1.86deg/1545mm | 33.4s
[ 1700/10000] loss=0.0159 (t=0.0037 r=0.0237 beta=0.51) | val: 2.16deg/1459mm | 35.3s
[ 1800/10000] loss=0.0148 (t=0.0034 r=0.0231 beta=0.50) | val: 1.85deg/1656mm | 37.1s
[ 1900/10000] loss=0.0129 (t=0.0033 r=0.0201 beta=0.48) | val: 1.83deg/1449mm | 39.0s
[ 2000/10000] loss=0.0129 (t=0.0032 r=0.0211 beta=0.46) | val: 1.76deg/1490mm | 41.0s
[ 2100/10000] loss=0.0120 (t=0.0030 r=0.0201 beta=0.45) | val: 1.80deg/1900mm | 42.9s
[ 2200/10000] loss=0.0112 (t=0.0025 r=0.0200 beta=0.43) | val: 1.96deg/1636mm | 44.7s
[ 2300/10000] loss=0.0113 (t=0.0026 r=0.0208 beta=0.42) | val: 1.86deg/1405mm | 46.5s
[ 2400/10000] loss=0.0106 (t=0.0028 r=0.0193 beta=0.41) | val: 1.80deg/1704mm | 48.4s
[ 2500/10000] loss=0.0111 (t=0.0031 r=0.0204 beta=0.39) | val: 2.08deg/1599mm | 50.2s
[ 2600/10000] loss=0.0089 (t=0.0024 r=0.0171 beta=0.38) | val: 1.81deg/1659mm | 52.1s
[ 2700/10000] loss=0.0090 (t=0.0025 r=0.0178 beta=0.37) | val: 1.76deg/1508mm | 53.9s
[ 2800/10000] loss=0.0093 (t=0.0023 r=0.0196 beta=0.36) | val: 1.87deg/1850mm | 55.8s
[ 2900/10000] loss=0.0079 (t=0.0017 r=0.0179 beta=0.35) | val: 1.89deg/1500mm | 57.8s
[ 3000/10000] loss=0.0082 (t=0.0020 r=0.0183 beta=0.33) | val: 1.82deg/1631mm | 59.6s
[ 3100/10000] loss=0.0084 (t=0.0022 r=0.0191 beta=0.32) | val: 2.07deg/1894mm | 61.5s
[ 3200/10000] loss=0.0082 (t=0.0025 r=0.0180 beta=0.32) | val: 1.84deg/1756mm | 63.3s
[ 3300/10000] loss=0.0078 (t=0.0022 r=0.0184 beta=0.31) | val: 1.86deg/1724mm | 65.1s
[ 3400/10000] loss=0.0076 (t=0.0026 r=0.0169 beta=0.30) | val: 1.90deg/1429mm | 67.0s
[ 3500/10000] loss=0.0081 (t=0.0026 r=0.0189 beta=0.29) | val: 1.90deg/1501mm | 68.8s
[ 3600/10000] loss=0.0066 (t=0.0018 r=0.0171 beta=0.28) | val: 2.00deg/1539mm | 70.7s
[ 3700/10000] loss=0.0068 (t=0.0020 r=0.0180 beta=0.27) | val: 1.94deg/1702mm | 72.5s
[ 3800/10000] loss=0.0068 (t=0.0020 r=0.0183 beta=0.26) | val: 1.86deg/1564mm | 74.4s
[ 3900/10000] loss=0.0066 (t=0.0019 r=0.0182 beta=0.26) | val: 2.08deg/1828mm | 76.2s
[ 4000/10000] loss=0.0076 (t=0.0028 r=0.0193 beta=0.25) | val: 1.85deg/1729mm | 78.1s
[ 4100/10000] loss=0.0063 (t=0.0021 r=0.0174 beta=0.24) | val: 1.90deg/1603mm | 79.9s
[ 4200/10000] loss=0.0058 (t=0.0019 r=0.0168 beta=0.24) | val: 1.92deg/1487mm | 81.7s
[ 4300/10000] loss=0.0059 (t=0.0021 r=0.0164 beta=0.23) | val: 1.95deg/1709mm | 83.6s
[ 4400/10000] loss=0.0058 (t=0.0019 r=0.0170 beta=0.22) | val: 1.81deg/1833mm | 85.4s
[ 4500/10000] loss=0.0062 (t=0.0023 r=0.0177 beta=0.22) | val: 1.90deg/1568mm | 87.3s
[ 4600/10000] loss=0.0053 (t=0.0018 r=0.0163 beta=0.21) | val: 1.90deg/1537mm | 89.1s
[ 4700/10000] loss=0.0057 (t=0.0020 r=0.0181 beta=0.21) | val: 1.83deg/1495mm | 90.9s
[ 4800/10000] loss=0.0053 (t=0.0016 r=0.0179 beta=0.20) | val: 1.81deg/1639mm | 92.8s
[ 4900/10000] loss=0.0049 (t=0.0014 r=0.0178 beta=0.20) | val: 2.04deg/1608mm | 94.6s
[ 5000/10000] loss=0.0054 (t=0.0020 r=0.0173 beta=0.19) | val: 1.96deg/1592mm | 96.5s
[ 5100/10000] loss=0.0051 (t=0.0018 r=0.0176 beta=0.19) | val: 1.96deg/1564mm | 98.3s
[ 5200/10000] loss=0.0046 (t=0.0017 r=0.0157 beta=0.18) | val: 1.91deg/1780mm | 100.2s
[ 5300/10000] loss=0.0047 (t=0.0019 r=0.0155 beta=0.18) | val: 1.95deg/1615mm | 102.0s
[ 5400/10000] loss=0.0049 (t=0.0021 r=0.0159 beta=0.18) | val: 1.99deg/1449mm | 103.9s
[ 5500/10000] loss=0.0042 (t=0.0016 r=0.0150 beta=0.17) | val: 1.93deg/1602mm | 105.7s
[ 5600/10000] loss=0.0043 (t=0.0016 r=0.0159 beta=0.17) | val: 1.99deg/1676mm | 107.5s
[ 5700/10000] loss=0.0042 (t=0.0015 r=0.0163 beta=0.17) | val: 1.94deg/1513mm | 109.4s
[ 5800/10000] loss=0.0044 (t=0.0016 r=0.0175 beta=0.16) | val: 1.99deg/1592mm | 111.2s
[ 5900/10000] loss=0.0044 (t=0.0018 r=0.0161 beta=0.16) | val: 1.96deg/1602mm | 113.1s
[ 6000/10000] loss=0.0038 (t=0.0012 r=0.0169 beta=0.16) | val: 2.00deg/1537mm | 114.9s
[ 6100/10000] loss=0.0044 (t=0.0018 r=0.0171 beta=0.15) | val: 1.90deg/1679mm | 116.8s
[ 6200/10000] loss=0.0036 (t=0.0014 r=0.0147 beta=0.15) | val: 1.97deg/1513mm | 118.6s
[ 6300/10000] loss=0.0038 (t=0.0014 r=0.0160 beta=0.15) | val: 1.95deg/1530mm | 120.4s
[ 6400/10000] loss=0.0038 (t=0.0015 r=0.0162 beta=0.15) | val: 1.94deg/1766mm | 122.3s
[ 6500/10000] loss=0.0037 (t=0.0013 r=0.0164 beta=0.14) | val: 2.00deg/1531mm | 124.1s
[ 6600/10000] loss=0.0036 (t=0.0013 r=0.0163 beta=0.14) | val: 1.96deg/1589mm | 126.0s
[ 6700/10000] loss=0.0039 (t=0.0016 r=0.0165 beta=0.14) | val: 2.00deg/1742mm | 127.8s
[ 6800/10000] loss=0.0034 (t=0.0012 r=0.0156 beta=0.14) | val: 2.00deg/1635mm | 129.7s
[ 6900/10000] loss=0.0036 (t=0.0014 r=0.0158 beta=0.14) | val: 2.06deg/1640mm | 131.5s
[ 7000/10000] loss=0.0035 (t=0.0014 r=0.0156 beta=0.13) | val: 2.02deg/1610mm | 133.4s
[ 7100/10000] loss=0.0036 (t=0.0015 r=0.0165 beta=0.13) | val: 1.94deg/1741mm | 135.2s
[ 7200/10000] loss=0.0036 (t=0.0016 r=0.0156 beta=0.13) | val: 2.03deg/1639mm | 137.1s
[ 7300/10000] loss=0.0036 (t=0.0014 r=0.0176 beta=0.13) | val: 1.97deg/1716mm | 138.9s
[ 7400/10000] loss=0.0033 (t=0.0012 r=0.0168 beta=0.13) | val: 1.97deg/1666mm | 140.8s
[ 7500/10000] loss=0.0035 (t=0.0015 r=0.0159 beta=0.13) | val: 2.02deg/1701mm | 142.6s
[ 7600/10000] loss=0.0033 (t=0.0013 r=0.0164 beta=0.13) | val: 1.96deg/1698mm | 144.4s
[ 7700/10000] loss=0.0036 (t=0.0016 r=0.0164 beta=0.12) | val: 2.07deg/1592mm | 146.3s
[ 7800/10000] loss=0.0034 (t=0.0013 r=0.0169 beta=0.12) | val: 1.96deg/1558mm | 148.1s
[ 7900/10000] loss=0.0031 (t=0.0013 r=0.0152 beta=0.12) | val: 1.98deg/1557mm | 150.0s
[ 8000/10000] loss=0.0034 (t=0.0014 r=0.0171 beta=0.12) | val: 1.91deg/1595mm | 151.8s
[ 8100/10000] loss=0.0031 (t=0.0012 r=0.0156 beta=0.12) | val: 1.96deg/1670mm | 153.7s
[ 8200/10000] loss=0.0033 (t=0.0017 r=0.0138 beta=0.12) | val: 1.96deg/1644mm | 155.5s
[ 8300/10000] loss=0.0034 (t=0.0016 r=0.0148 beta=0.12) | val: 1.98deg/1696mm | 157.3s
[ 8400/10000] loss=0.0028 (t=0.0010 r=0.0150 beta=0.12) | val: 1.93deg/1606mm | 159.2s
[ 8500/10000] loss=0.0028 (t=0.0011 r=0.0140 beta=0.12) | val: 1.97deg/1615mm | 161.0s
[ 8600/10000] loss=0.0033 (t=0.0015 r=0.0156 beta=0.12) | val: 1.99deg/1633mm | 162.9s
[ 8700/10000] loss=0.0027 (t=0.0010 r=0.0142 beta=0.12) | val: 1.98deg/1646mm | 164.7s
[ 8800/10000] loss=0.0031 (t=0.0012 r=0.0156 beta=0.12) | val: 1.94deg/1724mm | 166.6s
[ 8900/10000] loss=0.0030 (t=0.0013 r=0.0145 beta=0.12) | val: 1.88deg/1605mm | 168.5s
[ 9000/10000] loss=0.0029 (t=0.0012 r=0.0150 beta=0.12) | val: 1.90deg/1664mm | 170.4s
[ 9100/10000] loss=0.0031 (t=0.0013 r=0.0160 beta=0.12) | val: 1.95deg/1503mm | 172.2s
[ 9200/10000] loss=0.0031 (t=0.0013 r=0.0151 beta=0.12) | val: 1.95deg/1669mm | 174.1s
[ 9300/10000] loss=0.0032 (t=0.0014 r=0.0152 beta=0.12) | val: 1.96deg/1628mm | 175.9s
[ 9400/10000] loss=0.0031 (t=0.0014 r=0.0153 beta=0.12) | val: 1.96deg/1646mm | 177.8s
[ 9500/10000] loss=0.0030 (t=0.0012 r=0.0156 beta=0.12) | val: 1.95deg/1608mm | 179.6s
[ 9600/10000] loss=0.0029 (t=0.0011 r=0.0156 beta=0.12) | val: 1.94deg/1624mm | 181.5s
[ 9700/10000] loss=0.0029 (t=0.0011 r=0.0151 beta=0.12) | val: 1.97deg/1606mm | 183.3s
[ 9800/10000] loss=0.0027 (t=0.0011 r=0.0140 beta=0.12) | val: 1.96deg/1630mm | 185.2s
[ 9900/10000] loss=0.0026 (t=0.0011 r=0.0132 beta=0.12) | val: 1.96deg/1628mm | 187.0s
[10000/10000] loss=0.0028 (t=0.0011 r=0.0140 beta=0.12) | val: 1.96deg/1632mm | 188.9s

Training done. Best epoch: 2870, score: 1.5452

Loaded best model from epoch 2870

======================================================================
EVALUATION RESULTS (Direct Regression)
======================================================================
Rotation  (median): 1.93deg
Translation (median): 1373mm

  R@5deg_1m: 36.8%  (rot_pass=95.1%, trans_pass=37.4%)
  R@10deg_2m: 66.5%  (rot_pass=100.0%, trans_pass=66.5%)
  R@15deg_5m: 91.8%  (rot_pass=100.0%, trans_pass=91.8%)
  R@25deg_5m: 91.8%  (rot_pass=100.0%, trans_pass=91.8%)

======================================================================
EVALUATION RESULTS (Retrieval Mode)
======================================================================
Retrieval median: 11.27deg / 2372mm
  R@5deg_1m: 3.3%  (rot=5.5%, trans=20.9%)
  R@10deg_2m: 19.2%  (rot=43.4%, trans=45.1%)
  R@15deg_5m: 59.3%  (rot=70.9%, trans=86.3%)
  R@25deg_5m: 84.6%  (rot=98.4%, trans=86.3%)
======================================================================

Done!
--- seed33 done ---
=== GPU4 ALL DONE ===
