=== exp24e_attn_h4_wider_seed16 on GPU 1 ===
======================================================================
Experiment: exp24e_attn_h4_wider_seed16
Pool: attn, Features: both+sum
======================================================================
Random seed: 16
Using device: cuda:1

Loading data (fine=True, coarse=True, summary=True)...
  Loaded fine_geo: torch.Size([895, 128, 68, 120])
  Loaded coarse_sem: torch.Size([895, 128, 68, 120])
  Loaded summary: torch.Size([895, 2560])
  [train] 895 samples loaded
  Loaded fine_geo: torch.Size([182, 128, 68, 120])
  Loaded coarse_sem: torch.Size([182, 128, 68, 120])
  Loaded summary: torch.Size([182, 2560])
  [test] 182 samples loaded
Translation norm: mean=[13.19548    -0.64731836 23.103329  ], std=[10.827089    0.94348246  9.766839  ]
  Feature dim after pooling: 3584
Model parameters: 10,001,042
Model parameters: 10,001,042
[    1/10000] loss=2.7429 (t=0.5024 r=2.2405 beta=1.00) | val: 63.74deg/28551mm | 0.9s
[  100/10000] loss=0.1087 (t=0.0430 r=0.0711 beta=0.92) | val: 5.35deg/2839mm | 4.0s
[  200/10000] loss=0.0723 (t=0.0243 r=0.0545 beta=0.88) | val: 3.25deg/2210mm | 6.8s
[  300/10000] loss=0.0497 (t=0.0174 r=0.0383 beta=0.84) | val: 2.76deg/1648mm | 9.2s
[  400/10000] loss=0.0528 (t=0.0185 r=0.0423 beta=0.81) | val: 2.85deg/1631mm | 11.6s
[  500/10000] loss=0.0381 (t=0.0114 r=0.0343 beta=0.78) | val: 2.45deg/1694mm | 14.0s
[  600/10000] loss=0.0337 (t=0.0103 r=0.0312 beta=0.75) | val: 2.34deg/1637mm | 16.0s
[  700/10000] loss=0.0295 (t=0.0074 r=0.0306 beta=0.72) | val: 2.09deg/1552mm | 18.0s
[  800/10000] loss=0.0270 (t=0.0057 r=0.0307 beta=0.69) | val: 2.30deg/1407mm | 19.9s
[  900/10000] loss=0.0227 (t=0.0062 r=0.0247 beta=0.67) | val: 2.56deg/1647mm | 21.8s
[ 1000/10000] loss=0.0217 (t=0.0050 r=0.0260 beta=0.64) | val: 2.38deg/1577mm | 23.7s
[ 1100/10000] loss=0.0194 (t=0.0044 r=0.0241 beta=0.62) | val: 2.01deg/1460mm | 25.5s
[ 1200/10000] loss=0.0207 (t=0.0042 r=0.0275 beta=0.60) | val: 2.01deg/1626mm | 27.5s
[ 1300/10000] loss=0.0173 (t=0.0042 r=0.0226 beta=0.58) | val: 2.08deg/1453mm | 29.3s
[ 1400/10000] loss=0.0163 (t=0.0037 r=0.0226 beta=0.56) | val: 2.11deg/1785mm | 31.2s
[ 1500/10000] loss=0.0162 (t=0.0035 r=0.0236 beta=0.54) | val: 2.04deg/1582mm | 33.0s
[ 1600/10000] loss=0.0146 (t=0.0032 r=0.0219 beta=0.52) | val: 2.04deg/1420mm | 35.0s
[ 1700/10000] loss=0.0144 (t=0.0038 r=0.0210 beta=0.50) | val: 2.21deg/1506mm | 36.8s
[ 1800/10000] loss=0.0130 (t=0.0029 r=0.0208 beta=0.48) | val: 2.21deg/1635mm | 38.8s
[ 1900/10000] loss=0.0126 (t=0.0028 r=0.0209 beta=0.47) | val: 2.20deg/1445mm | 40.6s
[ 2000/10000] loss=0.0129 (t=0.0028 r=0.0225 beta=0.45) | val: 2.05deg/1527mm | 42.5s
[ 2100/10000] loss=0.0119 (t=0.0032 r=0.0198 beta=0.44) | val: 1.93deg/1550mm | 44.3s
[ 2200/10000] loss=0.0111 (t=0.0032 r=0.0187 beta=0.42) | val: 2.06deg/1388mm | 46.1s
[ 2300/10000] loss=0.0109 (t=0.0024 r=0.0208 beta=0.41) | val: 2.04deg/1443mm | 48.0s
[ 2400/10000] loss=0.0112 (t=0.0028 r=0.0212 beta=0.39) | val: 2.20deg/1413mm | 49.8s
[ 2500/10000] loss=0.0094 (t=0.0022 r=0.0188 beta=0.38) | val: 2.19deg/1748mm | 51.6s
[ 2600/10000] loss=0.0090 (t=0.0021 r=0.0186 beta=0.37) | val: 2.08deg/1514mm | 53.6s
[ 2700/10000] loss=0.0099 (t=0.0030 r=0.0192 beta=0.36) | val: 1.97deg/1313mm | 55.5s
[ 2800/10000] loss=0.0095 (t=0.0026 r=0.0200 beta=0.35) | val: 2.10deg/1445mm | 57.3s
[ 2900/10000] loss=0.0091 (t=0.0025 r=0.0195 beta=0.34) | val: 2.22deg/1443mm | 59.1s
[ 3000/10000] loss=0.0088 (t=0.0021 r=0.0207 beta=0.32) | val: 2.19deg/1529mm | 61.0s
[ 3100/10000] loss=0.0073 (t=0.0020 r=0.0169 beta=0.31) | val: 2.09deg/1600mm | 62.8s
[ 3200/10000] loss=0.0082 (t=0.0021 r=0.0203 beta=0.31) | val: 2.09deg/1490mm | 64.6s
[ 3300/10000] loss=0.0080 (t=0.0026 r=0.0184 beta=0.30) | val: 1.99deg/1568mm | 66.5s
[ 3400/10000] loss=0.0066 (t=0.0018 r=0.0167 beta=0.29) | val: 2.07deg/1529mm | 68.3s
[ 3500/10000] loss=0.0077 (t=0.0019 r=0.0205 beta=0.28) | val: 2.10deg/1717mm | 70.1s
[ 3600/10000] loss=0.0069 (t=0.0021 r=0.0179 beta=0.27) | val: 2.07deg/1639mm | 72.0s
[ 3700/10000] loss=0.0068 (t=0.0019 r=0.0186 beta=0.26) | val: 2.11deg/1370mm | 73.8s
[ 3800/10000] loss=0.0069 (t=0.0025 r=0.0174 beta=0.26) | val: 2.03deg/1719mm | 75.6s
[ 3900/10000] loss=0.0069 (t=0.0024 r=0.0181 beta=0.25) | val: 2.04deg/1460mm | 77.5s
[ 4000/10000] loss=0.0066 (t=0.0022 r=0.0182 beta=0.24) | val: 2.06deg/1580mm | 79.3s
[ 4100/10000] loss=0.0057 (t=0.0017 r=0.0170 beta=0.24) | val: 2.10deg/1496mm | 81.2s
[ 4200/10000] loss=0.0064 (t=0.0023 r=0.0177 beta=0.23) | val: 2.06deg/1451mm | 83.0s
[ 4300/10000] loss=0.0070 (t=0.0026 r=0.0200 beta=0.22) | val: 2.15deg/1554mm | 84.8s
[ 4400/10000] loss=0.0063 (t=0.0023 r=0.0184 beta=0.22) | val: 2.06deg/1657mm | 86.7s
[ 4500/10000] loss=0.0052 (t=0.0017 r=0.0166 beta=0.21) | val: 2.05deg/1541mm | 88.5s
[ 4600/10000] loss=0.0057 (t=0.0023 r=0.0165 beta=0.21) | val: 1.98deg/1718mm | 90.4s
[ 4700/10000] loss=0.0061 (t=0.0023 r=0.0186 beta=0.20) | val: 1.94deg/1498mm | 92.2s
[ 4800/10000] loss=0.0054 (t=0.0019 r=0.0178 beta=0.20) | val: 2.12deg/1624mm | 94.0s
[ 4900/10000] loss=0.0048 (t=0.0016 r=0.0167 beta=0.19) | val: 2.08deg/1596mm | 95.9s
[ 5000/10000] loss=0.0046 (t=0.0016 r=0.0163 beta=0.19) | val: 2.08deg/1566mm | 97.7s
[ 5100/10000] loss=0.0052 (t=0.0020 r=0.0176 beta=0.18) | val: 2.07deg/1543mm | 99.5s
[ 5200/10000] loss=0.0049 (t=0.0019 r=0.0168 beta=0.18) | val: 2.18deg/1573mm | 101.4s
[ 5300/10000] loss=0.0052 (t=0.0018 r=0.0198 beta=0.17) | val: 2.19deg/1478mm | 103.2s
[ 5400/10000] loss=0.0047 (t=0.0016 r=0.0181 beta=0.17) | val: 2.11deg/1554mm | 105.1s
[ 5500/10000] loss=0.0042 (t=0.0015 r=0.0161 beta=0.17) | val: 2.04deg/1486mm | 106.9s
[ 5600/10000] loss=0.0041 (t=0.0015 r=0.0158 beta=0.16) | val: 2.01deg/1578mm | 108.7s
[ 5700/10000] loss=0.0043 (t=0.0014 r=0.0181 beta=0.16) | val: 2.02deg/1579mm | 110.6s
[ 5800/10000] loss=0.0044 (t=0.0018 r=0.0164 beta=0.16) | val: 2.06deg/1632mm | 112.4s
[ 5900/10000] loss=0.0045 (t=0.0020 r=0.0162 beta=0.15) | val: 2.11deg/1600mm | 114.3s
[ 6000/10000] loss=0.0038 (t=0.0014 r=0.0160 beta=0.15) | val: 2.09deg/1639mm | 116.1s
[ 6100/10000] loss=0.0039 (t=0.0013 r=0.0173 beta=0.15) | val: 2.15deg/1577mm | 117.9s
[ 6200/10000] loss=0.0043 (t=0.0017 r=0.0174 beta=0.15) | val: 2.07deg/1490mm | 119.8s
[ 6300/10000] loss=0.0041 (t=0.0018 r=0.0163 beta=0.14) | val: 2.06deg/1389mm | 121.6s
[ 6400/10000] loss=0.0040 (t=0.0016 r=0.0164 beta=0.14) | val: 2.06deg/1490mm | 123.5s
[ 6500/10000] loss=0.0036 (t=0.0014 r=0.0160 beta=0.14) | val: 2.11deg/1520mm | 125.3s
[ 6600/10000] loss=0.0042 (t=0.0020 r=0.0167 beta=0.14) | val: 2.08deg/1448mm | 127.1s
[ 6700/10000] loss=0.0039 (t=0.0016 r=0.0165 beta=0.13) | val: 2.01deg/1556mm | 129.0s
[ 6800/10000] loss=0.0037 (t=0.0014 r=0.0170 beta=0.13) | val: 2.13deg/1536mm | 130.8s
[ 6900/10000] loss=0.0033 (t=0.0013 r=0.0154 beta=0.13) | val: 2.07deg/1636mm | 132.7s
[ 7000/10000] loss=0.0038 (t=0.0016 r=0.0169 beta=0.13) | val: 2.08deg/1513mm | 134.5s
[ 7100/10000] loss=0.0039 (t=0.0015 r=0.0187 beta=0.13) | val: 2.11deg/1594mm | 136.3s
[ 7200/10000] loss=0.0036 (t=0.0014 r=0.0171 beta=0.13) | val: 2.05deg/1678mm | 138.2s
[ 7300/10000] loss=0.0035 (t=0.0015 r=0.0157 beta=0.12) | val: 2.16deg/1573mm | 140.0s
[ 7400/10000] loss=0.0032 (t=0.0013 r=0.0155 beta=0.12) | val: 2.10deg/1574mm | 141.9s
[ 7500/10000] loss=0.0031 (t=0.0012 r=0.0160 beta=0.12) | val: 2.09deg/1647mm | 143.7s
[ 7600/10000] loss=0.0033 (t=0.0013 r=0.0165 beta=0.12) | val: 2.05deg/1508mm | 145.5s
[ 7700/10000] loss=0.0032 (t=0.0013 r=0.0154 beta=0.12) | val: 2.10deg/1556mm | 147.4s
[ 7800/10000] loss=0.0032 (t=0.0013 r=0.0156 beta=0.12) | val: 2.14deg/1638mm | 149.2s
[ 7900/10000] loss=0.0032 (t=0.0013 r=0.0164 beta=0.12) | val: 2.09deg/1575mm | 151.1s
[ 8000/10000] loss=0.0031 (t=0.0013 r=0.0156 beta=0.12) | val: 2.12deg/1607mm | 152.9s
[ 8100/10000] loss=0.0031 (t=0.0013 r=0.0155 beta=0.12) | val: 2.18deg/1557mm | 154.8s
[ 8200/10000] loss=0.0030 (t=0.0012 r=0.0152 beta=0.12) | val: 2.15deg/1642mm | 156.6s
[ 8300/10000] loss=0.0032 (t=0.0013 r=0.0158 beta=0.11) | val: 2.21deg/1563mm | 158.4s
[ 8400/10000] loss=0.0030 (t=0.0012 r=0.0162 beta=0.11) | val: 2.13deg/1550mm | 160.3s
[ 8500/10000] loss=0.0031 (t=0.0012 r=0.0160 beta=0.11) | val: 2.08deg/1556mm | 162.1s
[ 8600/10000] loss=0.0027 (t=0.0011 r=0.0138 beta=0.11) | val: 2.13deg/1626mm | 164.0s
[ 8700/10000] loss=0.0032 (t=0.0014 r=0.0158 beta=0.11) | val: 2.11deg/1585mm | 165.8s
[ 8800/10000] loss=0.0029 (t=0.0011 r=0.0162 beta=0.11) | val: 2.13deg/1631mm | 167.6s
[ 8900/10000] loss=0.0027 (t=0.0011 r=0.0144 beta=0.11) | val: 2.11deg/1650mm | 169.5s
[ 9000/10000] loss=0.0030 (t=0.0012 r=0.0162 beta=0.11) | val: 2.12deg/1576mm | 171.3s
[ 9100/10000] loss=0.0029 (t=0.0013 r=0.0149 beta=0.11) | val: 2.13deg/1594mm | 173.2s
[ 9200/10000] loss=0.0026 (t=0.0011 r=0.0134 beta=0.11) | val: 2.13deg/1600mm | 175.0s
[ 9300/10000] loss=0.0027 (t=0.0011 r=0.0143 beta=0.11) | val: 2.11deg/1583mm | 176.9s
[ 9400/10000] loss=0.0028 (t=0.0012 r=0.0143 beta=0.11) | val: 2.11deg/1637mm | 178.7s
[ 9500/10000] loss=0.0027 (t=0.0010 r=0.0151 beta=0.11) | val: 2.12deg/1604mm | 180.5s
[ 9600/10000] loss=0.0031 (t=0.0013 r=0.0158 beta=0.11) | val: 2.13deg/1650mm | 182.4s
[ 9700/10000] loss=0.0028 (t=0.0011 r=0.0153 beta=0.11) | val: 2.12deg/1633mm | 184.2s
[ 9800/10000] loss=0.0028 (t=0.0012 r=0.0140 beta=0.11) | val: 2.13deg/1614mm | 186.1s
[ 9900/10000] loss=0.0027 (t=0.0010 r=0.0149 beta=0.11) | val: 2.13deg/1621mm | 187.9s
[10000/10000] loss=0.0028 (t=0.0012 r=0.0146 beta=0.11) | val: 2.13deg/1612mm | 189.8s

Training done. Best epoch: 2530, score: 1.5045

Loaded best model from epoch 2530

======================================================================
EVALUATION RESULTS (Direct Regression)
======================================================================
Rotation  (median): 2.14deg
Translation (median): 1308mm

  R@5deg_1m: 30.2%  (rot_pass=93.4%, trans_pass=30.8%)
  R@10deg_2m: 61.0%  (rot_pass=100.0%, trans_pass=61.0%)
  R@15deg_5m: 92.9%  (rot_pass=100.0%, trans_pass=92.9%)
  R@25deg_5m: 92.9%  (rot_pass=100.0%, trans_pass=92.9%)

======================================================================
EVALUATION RESULTS (Retrieval Mode)
======================================================================
Retrieval median: 11.82deg / 2614mm
  R@5deg_1m: 2.7%  (rot=7.1%, trans=16.5%)
  R@10deg_2m: 18.7%  (rot=40.1%, trans=41.8%)
  R@15deg_5m: 50.5%  (rot=64.3%, trans=83.5%)
  R@25deg_5m: 81.3%  (rot=97.8%, trans=83.5%)
======================================================================

Done!
--- seed16 done ---
=== exp24e_attn_h4_wider_seed17 on GPU 1 ===
======================================================================
Experiment: exp24e_attn_h4_wider_seed17
Pool: attn, Features: both+sum
======================================================================
Random seed: 17
Using device: cuda:1

Loading data (fine=True, coarse=True, summary=True)...
  Loaded fine_geo: torch.Size([895, 128, 68, 120])
  Loaded coarse_sem: torch.Size([895, 128, 68, 120])
  Loaded summary: torch.Size([895, 2560])
  [train] 895 samples loaded
  Loaded fine_geo: torch.Size([182, 128, 68, 120])
  Loaded coarse_sem: torch.Size([182, 128, 68, 120])
  Loaded summary: torch.Size([182, 2560])
  [test] 182 samples loaded
Translation norm: mean=[13.19548    -0.64731836 23.103329  ], std=[10.827089    0.94348246  9.766839  ]
  Feature dim after pooling: 3584
Model parameters: 10,001,042
Model parameters: 10,001,042
[    1/10000] loss=2.6277 (t=0.5272 r=2.1005 beta=1.00) | val: 40.56deg/28093mm | 0.4s
[  100/10000] loss=0.1116 (t=0.0407 r=0.0766 beta=0.93) | val: 5.13deg/3694mm | 3.6s
[  200/10000] loss=0.0796 (t=0.0253 r=0.0616 beta=0.88) | val: 3.49deg/2393mm | 6.1s
[  300/10000] loss=0.0520 (t=0.0183 r=0.0400 beta=0.84) | val: 3.02deg/1558mm | 8.5s
[  400/10000] loss=0.0402 (t=0.0142 r=0.0321 beta=0.81) | val: 2.54deg/1479mm | 10.6s
[  500/10000] loss=0.0400 (t=0.0149 r=0.0322 beta=0.78) | val: 2.44deg/1658mm | 12.8s
[  600/10000] loss=0.0331 (t=0.0101 r=0.0306 beta=0.75) | val: 2.64deg/1735mm | 15.1s
[  700/10000] loss=0.0302 (t=0.0085 r=0.0301 beta=0.72) | val: 1.94deg/1369mm | 16.9s
[  800/10000] loss=0.0249 (t=0.0064 r=0.0266 beta=0.69) | val: 1.96deg/1717mm | 18.9s
[  900/10000] loss=0.0273 (t=0.0067 r=0.0307 beta=0.67) | val: 2.28deg/1439mm | 20.8s
[ 1000/10000] loss=0.0183 (t=0.0045 r=0.0214 beta=0.64) | val: 1.95deg/1449mm | 22.7s
[ 1100/10000] loss=0.0205 (t=0.0045 r=0.0257 beta=0.62) | val: 2.02deg/1578mm | 24.6s
[ 1200/10000] loss=0.0170 (t=0.0036 r=0.0224 beta=0.60) | val: 2.18deg/1673mm | 26.4s
[ 1300/10000] loss=0.0182 (t=0.0054 r=0.0223 beta=0.58) | val: 2.17deg/1589mm | 28.3s
[ 1400/10000] loss=0.0179 (t=0.0041 r=0.0248 beta=0.56) | val: 2.08deg/1631mm | 30.1s
[ 1500/10000] loss=0.0161 (t=0.0033 r=0.0239 beta=0.54) | val: 2.26deg/1393mm | 32.1s
[ 1600/10000] loss=0.0150 (t=0.0037 r=0.0218 beta=0.52) | val: 2.10deg/1357mm | 34.1s
[ 1700/10000] loss=0.0146 (t=0.0036 r=0.0219 beta=0.50) | val: 1.72deg/1457mm | 35.9s
[ 1800/10000] loss=0.0126 (t=0.0027 r=0.0204 beta=0.48) | val: 1.91deg/1411mm | 37.7s
[ 1900/10000] loss=0.0128 (t=0.0033 r=0.0204 beta=0.47) | val: 2.16deg/1243mm | 39.7s
[ 2000/10000] loss=0.0115 (t=0.0030 r=0.0189 beta=0.45) | val: 2.03deg/1457mm | 41.7s
[ 2100/10000] loss=0.0113 (t=0.0029 r=0.0193 beta=0.44) | val: 2.11deg/1744mm | 43.5s
[ 2200/10000] loss=0.0113 (t=0.0024 r=0.0211 beta=0.42) | val: 1.94deg/1419mm | 45.4s
[ 2300/10000] loss=0.0113 (t=0.0026 r=0.0214 beta=0.41) | val: 1.98deg/1320mm | 47.2s
[ 2400/10000] loss=0.0120 (t=0.0032 r=0.0224 beta=0.39) | val: 2.38deg/1404mm | 49.1s
[ 2500/10000] loss=0.0106 (t=0.0026 r=0.0208 beta=0.38) | val: 2.19deg/1618mm | 50.9s
[ 2600/10000] loss=0.0095 (t=0.0025 r=0.0190 beta=0.37) | val: 1.99deg/1321mm | 52.9s
[ 2700/10000] loss=0.0102 (t=0.0031 r=0.0196 beta=0.36) | val: 2.29deg/1656mm | 54.7s
[ 2800/10000] loss=0.0097 (t=0.0027 r=0.0203 beta=0.35) | val: 2.10deg/1435mm | 56.6s
[ 2900/10000] loss=0.0090 (t=0.0025 r=0.0192 beta=0.34) | val: 1.94deg/1653mm | 58.4s
[ 3000/10000] loss=0.0083 (t=0.0027 r=0.0172 beta=0.32) | val: 1.95deg/1366mm | 60.3s
[ 3100/10000] loss=0.0075 (t=0.0019 r=0.0178 beta=0.31) | val: 2.09deg/1554mm | 62.1s
[ 3200/10000] loss=0.0087 (t=0.0025 r=0.0203 beta=0.30) | val: 2.43deg/1619mm | 64.0s
[ 3300/10000] loss=0.0077 (t=0.0023 r=0.0186 beta=0.30) | val: 2.13deg/1669mm | 65.8s
[ 3400/10000] loss=0.0067 (t=0.0020 r=0.0165 beta=0.29) | val: 2.10deg/1475mm | 67.7s
[ 3500/10000] loss=0.0062 (t=0.0018 r=0.0159 beta=0.28) | val: 2.15deg/1318mm | 69.5s
[ 3600/10000] loss=0.0067 (t=0.0019 r=0.0178 beta=0.27) | val: 2.09deg/1380mm | 71.3s
[ 3700/10000] loss=0.0071 (t=0.0023 r=0.0182 beta=0.26) | val: 2.13deg/1392mm | 73.2s
[ 3800/10000] loss=0.0070 (t=0.0024 r=0.0184 beta=0.25) | val: 2.10deg/1507mm | 75.0s
[ 3900/10000] loss=0.0066 (t=0.0022 r=0.0176 beta=0.25) | val: 2.08deg/1424mm | 76.9s
[ 4000/10000] loss=0.0062 (t=0.0020 r=0.0177 beta=0.24) | val: 2.06deg/1525mm | 78.7s
[ 4100/10000] loss=0.0060 (t=0.0020 r=0.0174 beta=0.23) | val: 2.11deg/1318mm | 80.6s
[ 4200/10000] loss=0.0065 (t=0.0023 r=0.0186 beta=0.23) | val: 2.26deg/1423mm | 82.4s
[ 4300/10000] loss=0.0066 (t=0.0024 r=0.0190 beta=0.22) | val: 2.20deg/1489mm | 84.2s
[ 4400/10000] loss=0.0063 (t=0.0021 r=0.0193 beta=0.22) | val: 2.16deg/1502mm | 86.1s
[ 4500/10000] loss=0.0056 (t=0.0017 r=0.0184 beta=0.21) | val: 2.34deg/1482mm | 87.9s
[ 4600/10000] loss=0.0056 (t=0.0017 r=0.0188 beta=0.21) | val: 2.10deg/1402mm | 89.8s
[ 4700/10000] loss=0.0049 (t=0.0017 r=0.0156 beta=0.20) | val: 2.20deg/1655mm | 91.6s
[ 4800/10000] loss=0.0048 (t=0.0015 r=0.0168 beta=0.20) | val: 2.19deg/1485mm | 93.5s
[ 4900/10000] loss=0.0051 (t=0.0021 r=0.0158 beta=0.19) | val: 2.38deg/1389mm | 95.3s
[ 5000/10000] loss=0.0049 (t=0.0018 r=0.0164 beta=0.19) | val: 2.27deg/1532mm | 97.1s
[ 5100/10000] loss=0.0047 (t=0.0018 r=0.0162 beta=0.18) | val: 2.26deg/1402mm | 99.0s
[ 5200/10000] loss=0.0050 (t=0.0021 r=0.0166 beta=0.18) | val: 2.18deg/1529mm | 100.8s
[ 5300/10000] loss=0.0051 (t=0.0020 r=0.0183 beta=0.17) | val: 2.12deg/1561mm | 102.7s
[ 5400/10000] loss=0.0042 (t=0.0015 r=0.0158 beta=0.17) | val: 2.22deg/1506mm | 104.5s
[ 5500/10000] loss=0.0047 (t=0.0018 r=0.0173 beta=0.17) | val: 2.29deg/1670mm | 106.4s
[ 5600/10000] loss=0.0043 (t=0.0017 r=0.0161 beta=0.16) | val: 2.16deg/1522mm | 108.2s
[ 5700/10000] loss=0.0039 (t=0.0014 r=0.0157 beta=0.16) | val: 2.26deg/1605mm | 110.0s
[ 5800/10000] loss=0.0043 (t=0.0016 r=0.0170 beta=0.16) | val: 2.25deg/1492mm | 111.9s
[ 5900/10000] loss=0.0039 (t=0.0016 r=0.0153 beta=0.15) | val: 2.19deg/1501mm | 113.7s
[ 6000/10000] loss=0.0038 (t=0.0015 r=0.0159 beta=0.15) | val: 2.24deg/1522mm | 115.6s
[ 6100/10000] loss=0.0042 (t=0.0017 r=0.0169 beta=0.15) | val: 2.12deg/1518mm | 117.4s
[ 6200/10000] loss=0.0038 (t=0.0015 r=0.0157 beta=0.15) | val: 2.17deg/1486mm | 119.3s
[ 6300/10000] loss=0.0039 (t=0.0015 r=0.0165 beta=0.14) | val: 2.21deg/1465mm | 121.1s
[ 6400/10000] loss=0.0038 (t=0.0014 r=0.0169 beta=0.14) | val: 2.23deg/1574mm | 123.0s
[ 6500/10000] loss=0.0037 (t=0.0014 r=0.0160 beta=0.14) | val: 2.16deg/1445mm | 124.8s
[ 6600/10000] loss=0.0038 (t=0.0016 r=0.0164 beta=0.14) | val: 2.14deg/1494mm | 126.7s
[ 6700/10000] loss=0.0040 (t=0.0017 r=0.0168 beta=0.13) | val: 2.33deg/1419mm | 128.5s
[ 6800/10000] loss=0.0034 (t=0.0013 r=0.0158 beta=0.13) | val: 2.22deg/1503mm | 130.3s
[ 6900/10000] loss=0.0033 (t=0.0013 r=0.0159 beta=0.13) | val: 2.30deg/1550mm | 132.2s
[ 7000/10000] loss=0.0035 (t=0.0014 r=0.0165 beta=0.13) | val: 2.28deg/1565mm | 134.0s
[ 7100/10000] loss=0.0032 (t=0.0012 r=0.0162 beta=0.13) | val: 2.17deg/1544mm | 135.9s
[ 7200/10000] loss=0.0032 (t=0.0011 r=0.0165 beta=0.13) | val: 2.26deg/1435mm | 137.7s
[ 7300/10000] loss=0.0033 (t=0.0014 r=0.0155 beta=0.12) | val: 2.34deg/1531mm | 139.6s
[ 7400/10000] loss=0.0034 (t=0.0015 r=0.0161 beta=0.12) | val: 2.22deg/1447mm | 141.4s
[ 7500/10000] loss=0.0032 (t=0.0011 r=0.0176 beta=0.12) | val: 2.16deg/1555mm | 143.2s
[ 7600/10000] loss=0.0032 (t=0.0013 r=0.0157 beta=0.12) | val: 2.33deg/1479mm | 145.1s
[ 7700/10000] loss=0.0032 (t=0.0013 r=0.0162 beta=0.12) | val: 2.20deg/1562mm | 146.9s
[ 7800/10000] loss=0.0033 (t=0.0015 r=0.0153 beta=0.12) | val: 2.28deg/1523mm | 148.8s
[ 7900/10000] loss=0.0031 (t=0.0013 r=0.0155 beta=0.12) | val: 2.25deg/1510mm | 150.6s
[ 8000/10000] loss=0.0030 (t=0.0012 r=0.0151 beta=0.12) | val: 2.36deg/1533mm | 152.5s
[ 8100/10000] loss=0.0037 (t=0.0018 r=0.0162 beta=0.12) | val: 2.17deg/1473mm | 154.3s
[ 8200/10000] loss=0.0027 (t=0.0010 r=0.0144 beta=0.11) | val: 2.28deg/1497mm | 156.2s
[ 8300/10000] loss=0.0030 (t=0.0012 r=0.0155 beta=0.11) | val: 2.22deg/1512mm | 158.0s
[ 8400/10000] loss=0.0030 (t=0.0012 r=0.0161 beta=0.11) | val: 2.20deg/1505mm | 159.8s
[ 8500/10000] loss=0.0030 (t=0.0012 r=0.0154 beta=0.11) | val: 2.14deg/1595mm | 161.7s
[ 8600/10000] loss=0.0030 (t=0.0013 r=0.0149 beta=0.11) | val: 2.25deg/1522mm | 163.5s
[ 8700/10000] loss=0.0029 (t=0.0012 r=0.0146 beta=0.11) | val: 2.25deg/1486mm | 165.4s
[ 8800/10000] loss=0.0031 (t=0.0013 r=0.0155 beta=0.11) | val: 2.23deg/1498mm | 167.2s
[ 8900/10000] loss=0.0033 (t=0.0015 r=0.0158 beta=0.11) | val: 2.17deg/1529mm | 169.1s
[ 9000/10000] loss=0.0029 (t=0.0013 r=0.0147 beta=0.11) | val: 2.27deg/1502mm | 170.9s
[ 9100/10000] loss=0.0028 (t=0.0012 r=0.0145 beta=0.11) | val: 2.25deg/1492mm | 172.7s
[ 9200/10000] loss=0.0027 (t=0.0012 r=0.0135 beta=0.11) | val: 2.23deg/1507mm | 174.6s
[ 9300/10000] loss=0.0029 (t=0.0015 r=0.0131 beta=0.11) | val: 2.23deg/1520mm | 176.4s
[ 9400/10000] loss=0.0028 (t=0.0012 r=0.0142 beta=0.11) | val: 2.22deg/1524mm | 178.3s
[ 9500/10000] loss=0.0029 (t=0.0013 r=0.0146 beta=0.11) | val: 2.22deg/1525mm | 180.1s
[ 9600/10000] loss=0.0031 (t=0.0014 r=0.0151 beta=0.11) | val: 2.20deg/1520mm | 182.0s
[ 9700/10000] loss=0.0027 (t=0.0012 r=0.0140 beta=0.11) | val: 2.22deg/1535mm | 183.8s
[ 9800/10000] loss=0.0029 (t=0.0011 r=0.0163 beta=0.11) | val: 2.25deg/1526mm | 185.7s
[ 9900/10000] loss=0.0028 (t=0.0012 r=0.0147 beta=0.11) | val: 2.24deg/1525mm | 187.5s
[10000/10000] loss=0.0031 (t=0.0014 r=0.0161 beta=0.11) | val: 2.23deg/1538mm | 189.4s

Training done. Best epoch: 2590, score: 1.4028

Loaded best model from epoch 2590

======================================================================
EVALUATION RESULTS (Direct Regression)
======================================================================
Rotation  (median): 2.16deg
Translation (median): 1189mm

  R@5deg_1m: 41.2%  (rot_pass=95.6%, trans_pass=41.2%)
  R@10deg_2m: 62.6%  (rot_pass=100.0%, trans_pass=62.6%)
  R@15deg_5m: 86.8%  (rot_pass=100.0%, trans_pass=86.8%)
  R@25deg_5m: 86.8%  (rot_pass=100.0%, trans_pass=86.8%)

======================================================================
EVALUATION RESULTS (Retrieval Mode)
======================================================================
Retrieval median: 10.67deg / 2573mm
  R@5deg_1m: 2.2%  (rot=4.9%, trans=20.3%)
  R@10deg_2m: 19.2%  (rot=44.0%, trans=42.9%)
  R@15deg_5m: 56.0%  (rot=71.4%, trans=81.3%)
  R@25deg_5m: 79.7%  (rot=98.4%, trans=81.3%)
======================================================================

Done!
--- seed17 done ---
=== exp24e_attn_h4_wider_seed18 on GPU 1 ===
======================================================================
Experiment: exp24e_attn_h4_wider_seed18
Pool: attn, Features: both+sum
======================================================================
Random seed: 18
Using device: cuda:1

Loading data (fine=True, coarse=True, summary=True)...
  Loaded fine_geo: torch.Size([895, 128, 68, 120])
  Loaded coarse_sem: torch.Size([895, 128, 68, 120])
  Loaded summary: torch.Size([895, 2560])
  [train] 895 samples loaded
  Loaded fine_geo: torch.Size([182, 128, 68, 120])
  Loaded coarse_sem: torch.Size([182, 128, 68, 120])
  Loaded summary: torch.Size([182, 2560])
  [test] 182 samples loaded
Translation norm: mean=[13.19548    -0.64731836 23.103329  ], std=[10.827089    0.94348246  9.766839  ]
  Feature dim after pooling: 3584
Model parameters: 10,001,042
Model parameters: 10,001,042
[    1/10000] loss=3.2765 (t=0.5461 r=2.7304 beta=1.00) | val: 69.60deg/43103mm | 0.4s
[  100/10000] loss=0.1021 (t=0.0324 r=0.0750 beta=0.93) | val: 4.92deg/3225mm | 3.1s
[  200/10000] loss=0.0747 (t=0.0268 r=0.0543 beta=0.88) | val: 4.27deg/2578mm | 5.8s
[  300/10000] loss=0.0617 (t=0.0192 r=0.0504 beta=0.84) | val: 3.18deg/2196mm | 7.9s
[  400/10000] loss=0.0396 (t=0.0127 r=0.0332 beta=0.81) | val: 2.28deg/1779mm | 9.9s
[  500/10000] loss=0.0374 (t=0.0126 r=0.0320 beta=0.78) | val: 2.92deg/2207mm | 12.2s
[  600/10000] loss=0.0311 (t=0.0098 r=0.0286 beta=0.75) | val: 2.06deg/1586mm | 14.5s
[  700/10000] loss=0.0276 (t=0.0075 r=0.0280 beta=0.72) | val: 1.74deg/1718mm | 16.4s
[  800/10000] loss=0.0251 (t=0.0071 r=0.0261 beta=0.69) | val: 2.05deg/1611mm | 18.2s
[  900/10000] loss=0.0245 (t=0.0059 r=0.0278 beta=0.67) | val: 1.90deg/1487mm | 20.0s
[ 1000/10000] loss=0.0210 (t=0.0050 r=0.0250 beta=0.64) | val: 1.93deg/1677mm | 21.9s
[ 1100/10000] loss=0.0200 (t=0.0047 r=0.0248 beta=0.62) | val: 1.92deg/1606mm | 23.8s
[ 1200/10000] loss=0.0187 (t=0.0042 r=0.0243 beta=0.60) | val: 1.68deg/1649mm | 25.8s
[ 1300/10000] loss=0.0181 (t=0.0042 r=0.0242 beta=0.57) | val: 1.94deg/1693mm | 27.7s
[ 1400/10000] loss=0.0184 (t=0.0041 r=0.0259 beta=0.55) | val: 2.38deg/1573mm | 29.5s
[ 1500/10000] loss=0.0162 (t=0.0042 r=0.0226 beta=0.53) | val: 1.72deg/1983mm | 31.3s
[ 1600/10000] loss=0.0153 (t=0.0036 r=0.0228 beta=0.51) | val: 2.05deg/1752mm | 33.2s
[ 1700/10000] loss=0.0140 (t=0.0034 r=0.0215 beta=0.50) | val: 1.89deg/1466mm | 35.0s
[ 1800/10000] loss=0.0125 (t=0.0038 r=0.0181 beta=0.48) | val: 1.85deg/1752mm | 36.8s
[ 1900/10000] loss=0.0133 (t=0.0036 r=0.0209 beta=0.46) | val: 2.10deg/1602mm | 38.7s
[ 2000/10000] loss=0.0127 (t=0.0029 r=0.0219 beta=0.45) | val: 1.89deg/1676mm | 40.5s
[ 2100/10000] loss=0.0107 (t=0.0027 r=0.0186 beta=0.43) | val: 1.66deg/1533mm | 42.3s
[ 2200/10000] loss=0.0109 (t=0.0028 r=0.0194 beta=0.42) | val: 1.80deg/1563mm | 44.2s
[ 2300/10000] loss=0.0117 (t=0.0030 r=0.0216 beta=0.40) | val: 2.38deg/1718mm | 46.0s
[ 2400/10000] loss=0.0097 (t=0.0024 r=0.0186 beta=0.39) | val: 1.58deg/1568mm | 47.9s
[ 2500/10000] loss=0.0100 (t=0.0024 r=0.0200 beta=0.38) | val: 1.65deg/1621mm | 49.7s
[ 2600/10000] loss=0.0105 (t=0.0030 r=0.0205 beta=0.37) | val: 1.99deg/1685mm | 51.7s
[ 2700/10000] loss=0.0101 (t=0.0032 r=0.0196 beta=0.35) | val: 2.08deg/1730mm | 53.5s
[ 2800/10000] loss=0.0099 (t=0.0028 r=0.0206 beta=0.34) | val: 1.97deg/1624mm | 55.4s
[ 2900/10000] loss=0.0087 (t=0.0025 r=0.0188 beta=0.33) | val: 2.13deg/1693mm | 57.2s
[ 3000/10000] loss=0.0085 (t=0.0026 r=0.0184 beta=0.32) | val: 2.24deg/1581mm | 59.0s
[ 3100/10000] loss=0.0074 (t=0.0019 r=0.0176 beta=0.31) | val: 1.93deg/1455mm | 60.9s
[ 3200/10000] loss=0.0089 (t=0.0030 r=0.0194 beta=0.30) | val: 1.88deg/1844mm | 62.7s
[ 3300/10000] loss=0.0076 (t=0.0020 r=0.0193 beta=0.29) | val: 2.12deg/1725mm | 64.6s
[ 3400/10000] loss=0.0072 (t=0.0020 r=0.0181 beta=0.28) | val: 2.03deg/1886mm | 66.4s
[ 3500/10000] loss=0.0073 (t=0.0025 r=0.0174 beta=0.28) | val: 1.91deg/1514mm | 68.2s
[ 3600/10000] loss=0.0072 (t=0.0024 r=0.0178 beta=0.27) | val: 2.02deg/1530mm | 70.1s
[ 3700/10000] loss=0.0065 (t=0.0019 r=0.0176 beta=0.26) | val: 2.01deg/1682mm | 71.9s
[ 3800/10000] loss=0.0072 (t=0.0024 r=0.0191 beta=0.25) | val: 2.04deg/1643mm | 73.8s
[ 3900/10000] loss=0.0064 (t=0.0019 r=0.0184 beta=0.25) | val: 2.02deg/1553mm | 75.6s
[ 4000/10000] loss=0.0063 (t=0.0020 r=0.0178 beta=0.24) | val: 2.12deg/1934mm | 77.4s
[ 4100/10000] loss=0.0066 (t=0.0023 r=0.0187 beta=0.23) | val: 2.06deg/1819mm | 79.3s
[ 4200/10000] loss=0.0055 (t=0.0018 r=0.0162 beta=0.23) | val: 1.99deg/1687mm | 81.1s
[ 4300/10000] loss=0.0054 (t=0.0017 r=0.0166 beta=0.22) | val: 2.12deg/1659mm | 83.0s
[ 4400/10000] loss=0.0054 (t=0.0018 r=0.0165 beta=0.21) | val: 2.20deg/1862mm | 84.8s
[ 4500/10000] loss=0.0056 (t=0.0018 r=0.0181 beta=0.21) | val: 2.04deg/1770mm | 86.7s
[ 4600/10000] loss=0.0050 (t=0.0015 r=0.0169 beta=0.20) | val: 2.04deg/1725mm | 88.5s
[ 4700/10000] loss=0.0047 (t=0.0015 r=0.0160 beta=0.20) | val: 2.07deg/1587mm | 90.3s
[ 4800/10000] loss=0.0053 (t=0.0016 r=0.0190 beta=0.19) | val: 2.12deg/1570mm | 92.2s
[ 4900/10000] loss=0.0049 (t=0.0019 r=0.0163 beta=0.19) | val: 2.02deg/1949mm | 94.0s
[ 5000/10000] loss=0.0048 (t=0.0015 r=0.0183 beta=0.18) | val: 2.12deg/1613mm | 95.9s
[ 5100/10000] loss=0.0048 (t=0.0017 r=0.0171 beta=0.18) | val: 2.29deg/1780mm | 97.7s
[ 5200/10000] loss=0.0049 (t=0.0018 r=0.0179 beta=0.18) | val: 2.08deg/1798mm | 99.6s
[ 5300/10000] loss=0.0046 (t=0.0016 r=0.0173 beta=0.17) | val: 2.17deg/1756mm | 101.4s
[ 5400/10000] loss=0.0048 (t=0.0018 r=0.0178 beta=0.17) | val: 2.06deg/1533mm | 103.2s
[ 5500/10000] loss=0.0044 (t=0.0018 r=0.0159 beta=0.16) | val: 2.23deg/1813mm | 105.1s
[ 5600/10000] loss=0.0044 (t=0.0016 r=0.0173 beta=0.16) | val: 2.10deg/1745mm | 106.9s
[ 5700/10000] loss=0.0044 (t=0.0018 r=0.0167 beta=0.16) | val: 2.22deg/1713mm | 108.7s
[ 5800/10000] loss=0.0044 (t=0.0019 r=0.0162 beta=0.15) | val: 2.14deg/1883mm | 110.6s
[ 5900/10000] loss=0.0044 (t=0.0017 r=0.0178 beta=0.15) | val: 2.03deg/1875mm | 112.4s
[ 6000/10000] loss=0.0038 (t=0.0015 r=0.0155 beta=0.15) | val: 2.15deg/1761mm | 114.3s
[ 6100/10000] loss=0.0038 (t=0.0015 r=0.0158 beta=0.15) | val: 2.30deg/1843mm | 116.1s
[ 6200/10000] loss=0.0036 (t=0.0014 r=0.0153 beta=0.14) | val: 2.23deg/1775mm | 118.0s
[ 6300/10000] loss=0.0039 (t=0.0014 r=0.0178 beta=0.14) | val: 2.27deg/1921mm | 119.8s
[ 6400/10000] loss=0.0037 (t=0.0014 r=0.0167 beta=0.14) | val: 2.17deg/1797mm | 121.6s
[ 6500/10000] loss=0.0038 (t=0.0013 r=0.0179 beta=0.14) | val: 2.11deg/1718mm | 123.5s
[ 6600/10000] loss=0.0041 (t=0.0017 r=0.0180 beta=0.13) | val: 2.28deg/1767mm | 125.3s
[ 6700/10000] loss=0.0039 (t=0.0018 r=0.0160 beta=0.13) | val: 2.23deg/1671mm | 127.2s
[ 6800/10000] loss=0.0034 (t=0.0013 r=0.0157 beta=0.13) | val: 2.16deg/1705mm | 129.0s
[ 6900/10000] loss=0.0032 (t=0.0011 r=0.0159 beta=0.13) | val: 2.19deg/1839mm | 130.8s
[ 7000/10000] loss=0.0034 (t=0.0014 r=0.0156 beta=0.13) | val: 2.20deg/1773mm | 132.7s
[ 7100/10000] loss=0.0037 (t=0.0015 r=0.0168 beta=0.13) | val: 2.22deg/1868mm | 134.5s
[ 7200/10000] loss=0.0032 (t=0.0011 r=0.0164 beta=0.12) | val: 2.35deg/1875mm | 136.3s
[ 7300/10000] loss=0.0039 (t=0.0018 r=0.0173 beta=0.12) | val: 2.33deg/1774mm | 138.2s
[ 7400/10000] loss=0.0033 (t=0.0014 r=0.0159 beta=0.12) | val: 2.15deg/1961mm | 140.0s
[ 7500/10000] loss=0.0031 (t=0.0013 r=0.0151 beta=0.12) | val: 2.22deg/1762mm | 141.9s
[ 7600/10000] loss=0.0033 (t=0.0013 r=0.0164 beta=0.12) | val: 2.31deg/1770mm | 143.7s
[ 7700/10000] loss=0.0033 (t=0.0015 r=0.0153 beta=0.12) | val: 2.26deg/1782mm | 145.6s
[ 7800/10000] loss=0.0034 (t=0.0014 r=0.0169 beta=0.12) | val: 2.23deg/1879mm | 147.4s
[ 7900/10000] loss=0.0031 (t=0.0012 r=0.0166 beta=0.12) | val: 2.21deg/1886mm | 149.3s
[ 8000/10000] loss=0.0032 (t=0.0014 r=0.0157 beta=0.12) | val: 2.20deg/1820mm | 151.1s
[ 8100/10000] loss=0.0031 (t=0.0012 r=0.0166 beta=0.11) | val: 2.26deg/1825mm | 152.9s
[ 8200/10000] loss=0.0030 (t=0.0012 r=0.0155 beta=0.11) | val: 2.22deg/1857mm | 154.8s
[ 8300/10000] loss=0.0030 (t=0.0013 r=0.0148 beta=0.11) | val: 2.25deg/1769mm | 156.6s
[ 8400/10000] loss=0.0032 (t=0.0015 r=0.0154 beta=0.11) | val: 2.30deg/1832mm | 158.5s
[ 8500/10000] loss=0.0030 (t=0.0013 r=0.0153 beta=0.11) | val: 2.26deg/1811mm | 160.3s
[ 8600/10000] loss=0.0027 (t=0.0011 r=0.0140 beta=0.11) | val: 2.35deg/1808mm | 162.2s
[ 8700/10000] loss=0.0028 (t=0.0010 r=0.0163 beta=0.11) | val: 2.26deg/1826mm | 164.0s
[ 8800/10000] loss=0.0031 (t=0.0014 r=0.0159 beta=0.11) | val: 2.27deg/1864mm | 165.9s
[ 8900/10000] loss=0.0029 (t=0.0011 r=0.0157 beta=0.11) | val: 2.25deg/1794mm | 167.7s
[ 9000/10000] loss=0.0032 (t=0.0014 r=0.0168 beta=0.11) | val: 2.33deg/1882mm | 169.5s
[ 9100/10000] loss=0.0028 (t=0.0011 r=0.0154 beta=0.11) | val: 2.23deg/1810mm | 171.4s
[ 9200/10000] loss=0.0028 (t=0.0012 r=0.0146 beta=0.11) | val: 2.28deg/1810mm | 173.2s
[ 9300/10000] loss=0.0029 (t=0.0012 r=0.0153 beta=0.11) | val: 2.29deg/1905mm | 175.1s
[ 9400/10000] loss=0.0029 (t=0.0012 r=0.0152 beta=0.11) | val: 2.29deg/1852mm | 176.9s
[ 9500/10000] loss=0.0027 (t=0.0010 r=0.0155 beta=0.11) | val: 2.26deg/1842mm | 178.8s
[ 9600/10000] loss=0.0027 (t=0.0012 r=0.0135 beta=0.11) | val: 2.27deg/1816mm | 180.6s
[ 9700/10000] loss=0.0027 (t=0.0010 r=0.0152 beta=0.11) | val: 2.26deg/1820mm | 182.5s
[ 9800/10000] loss=0.0025 (t=0.0009 r=0.0142 beta=0.11) | val: 2.25deg/1839mm | 184.3s
[ 9900/10000] loss=0.0032 (t=0.0014 r=0.0165 beta=0.11) | val: 2.27deg/1846mm | 186.1s
[10000/10000] loss=0.0029 (t=0.0012 r=0.0161 beta=0.11) | val: 2.28deg/1841mm | 188.0s

Training done. Best epoch: 1150, score: 1.5521

Loaded best model from epoch 1150

======================================================================
EVALUATION RESULTS (Direct Regression)
======================================================================
Rotation  (median): 1.68deg
Translation (median): 1388mm

  R@5deg_1m: 25.8%  (rot_pass=95.6%, trans_pass=26.4%)
  R@10deg_2m: 68.1%  (rot_pass=100.0%, trans_pass=68.1%)
  R@15deg_5m: 93.4%  (rot_pass=100.0%, trans_pass=93.4%)
  R@25deg_5m: 93.4%  (rot_pass=100.0%, trans_pass=93.4%)

======================================================================
EVALUATION RESULTS (Retrieval Mode)
======================================================================
Retrieval median: 11.16deg / 2378mm
  R@5deg_1m: 1.1%  (rot=4.4%, trans=20.3%)
  R@10deg_2m: 17.0%  (rot=42.3%, trans=42.3%)
  R@15deg_5m: 54.9%  (rot=71.4%, trans=81.9%)
  R@25deg_5m: 80.2%  (rot=98.4%, trans=81.9%)
======================================================================

Done!
--- seed18 done ---
=== exp24e_attn_h4_wider_seed19 on GPU 1 ===
======================================================================
Experiment: exp24e_attn_h4_wider_seed19
Pool: attn, Features: both+sum
======================================================================
Random seed: 19
Using device: cuda:1

Loading data (fine=True, coarse=True, summary=True)...
  Loaded fine_geo: torch.Size([895, 128, 68, 120])
  Loaded coarse_sem: torch.Size([895, 128, 68, 120])
  Loaded summary: torch.Size([895, 2560])
  [train] 895 samples loaded
  Loaded fine_geo: torch.Size([182, 128, 68, 120])
  Loaded coarse_sem: torch.Size([182, 128, 68, 120])
  Loaded summary: torch.Size([182, 2560])
  [test] 182 samples loaded
Translation norm: mean=[13.19548    -0.64731836 23.103329  ], std=[10.827089    0.94348246  9.766839  ]
  Feature dim after pooling: 3584
Model parameters: 10,001,042
Model parameters: 10,001,042
[    1/10000] loss=3.0756 (t=0.6171 r=2.4585 beta=1.00) | val: 150.57deg/25963mm | 0.7s
[  100/10000] loss=0.1113 (t=0.0325 r=0.0852 beta=0.93) | val: 5.91deg/3019mm | 3.9s
[  200/10000] loss=0.0717 (t=0.0219 r=0.0567 beta=0.88) | val: 3.52deg/2630mm | 6.3s
[  300/10000] loss=0.0556 (t=0.0200 r=0.0424 beta=0.84) | val: 3.54deg/1867mm | 8.4s
[  400/10000] loss=0.0417 (t=0.0118 r=0.0371 beta=0.81) | val: 2.99deg/2624mm | 10.4s
[  500/10000] loss=0.0409 (t=0.0153 r=0.0331 beta=0.77) | val: 2.35deg/1986mm | 12.5s
[  600/10000] loss=0.0361 (t=0.0122 r=0.0320 beta=0.74) | val: 2.31deg/1799mm | 14.3s
[  700/10000] loss=0.0325 (t=0.0101 r=0.0312 beta=0.72) | val: 2.03deg/1781mm | 16.3s
[  800/10000] loss=0.0243 (t=0.0068 r=0.0254 beta=0.69) | val: 2.05deg/1492mm | 18.2s
[  900/10000] loss=0.0241 (t=0.0080 r=0.0241 beta=0.66) | val: 1.98deg/1663mm | 20.0s
[ 1000/10000] loss=0.0220 (t=0.0063 r=0.0245 beta=0.64) | val: 2.61deg/1844mm | 21.8s
[ 1100/10000] loss=0.0217 (t=0.0054 r=0.0264 beta=0.62) | val: 2.23deg/1754mm | 23.7s
[ 1200/10000] loss=0.0186 (t=0.0039 r=0.0248 beta=0.59) | val: 2.21deg/1587mm | 25.5s
[ 1300/10000] loss=0.0194 (t=0.0045 r=0.0260 beta=0.57) | val: 2.98deg/2028mm | 27.3s
[ 1400/10000] loss=0.0169 (t=0.0042 r=0.0230 beta=0.55) | val: 2.33deg/2224mm | 29.2s
[ 1500/10000] loss=0.0150 (t=0.0036 r=0.0215 beta=0.53) | val: 2.10deg/1647mm | 31.0s
[ 1600/10000] loss=0.0156 (t=0.0038 r=0.0230 beta=0.51) | val: 2.18deg/1673mm | 32.8s
[ 1700/10000] loss=0.0149 (t=0.0038 r=0.0224 beta=0.50) | val: 2.10deg/1788mm | 34.7s
[ 1800/10000] loss=0.0139 (t=0.0031 r=0.0225 beta=0.48) | val: 2.32deg/1753mm | 36.5s
[ 1900/10000] loss=0.0118 (t=0.0035 r=0.0180 beta=0.46) | val: 2.03deg/1719mm | 38.4s
[ 2000/10000] loss=0.0139 (t=0.0033 r=0.0238 beta=0.45) | val: 2.24deg/1616mm | 40.2s
[ 2100/10000] loss=0.0128 (t=0.0035 r=0.0215 beta=0.43) | val: 2.31deg/1613mm | 42.0s
[ 2200/10000] loss=0.0126 (t=0.0038 r=0.0210 beta=0.42) | val: 2.10deg/1524mm | 43.9s
[ 2300/10000] loss=0.0117 (t=0.0030 r=0.0213 beta=0.40) | val: 2.18deg/1781mm | 45.9s
[ 2400/10000] loss=0.0110 (t=0.0029 r=0.0207 beta=0.39) | val: 2.07deg/1677mm | 47.7s
[ 2500/10000] loss=0.0106 (t=0.0027 r=0.0210 beta=0.38) | val: 2.17deg/1577mm | 49.5s
[ 2600/10000] loss=0.0098 (t=0.0028 r=0.0191 beta=0.37) | val: 2.14deg/1475mm | 51.4s
[ 2700/10000] loss=0.0087 (t=0.0025 r=0.0176 beta=0.35) | val: 2.13deg/1689mm | 53.3s
[ 2800/10000] loss=0.0097 (t=0.0025 r=0.0208 beta=0.34) | val: 2.16deg/1578mm | 55.1s
[ 2900/10000] loss=0.0094 (t=0.0024 r=0.0211 beta=0.33) | val: 2.21deg/1765mm | 56.9s
[ 3000/10000] loss=0.0084 (t=0.0025 r=0.0185 beta=0.32) | val: 2.19deg/1660mm | 58.8s
[ 3100/10000] loss=0.0078 (t=0.0024 r=0.0174 beta=0.31) | val: 2.07deg/1942mm | 60.6s
[ 3200/10000] loss=0.0081 (t=0.0024 r=0.0187 beta=0.30) | val: 2.13deg/1559mm | 62.5s
[ 3300/10000] loss=0.0083 (t=0.0024 r=0.0199 beta=0.29) | val: 2.23deg/1697mm | 64.3s
[ 3400/10000] loss=0.0084 (t=0.0026 r=0.0201 beta=0.29) | val: 2.20deg/1618mm | 66.1s
[ 3500/10000] loss=0.0078 (t=0.0024 r=0.0195 beta=0.28) | val: 2.31deg/1663mm | 68.0s
[ 3600/10000] loss=0.0072 (t=0.0021 r=0.0190 beta=0.27) | val: 2.21deg/1688mm | 69.8s
[ 3700/10000] loss=0.0063 (t=0.0018 r=0.0171 beta=0.26) | val: 2.21deg/1758mm | 71.7s
[ 3800/10000] loss=0.0066 (t=0.0019 r=0.0184 beta=0.25) | val: 2.19deg/1826mm | 73.5s
[ 3900/10000] loss=0.0068 (t=0.0023 r=0.0181 beta=0.25) | val: 2.30deg/1823mm | 75.3s
[ 4000/10000] loss=0.0057 (t=0.0016 r=0.0168 beta=0.24) | val: 2.16deg/1761mm | 77.2s
[ 4100/10000] loss=0.0061 (t=0.0020 r=0.0176 beta=0.23) | val: 2.17deg/1885mm | 79.0s
[ 4200/10000] loss=0.0056 (t=0.0017 r=0.0173 beta=0.23) | val: 2.21deg/1561mm | 80.9s
[ 4300/10000] loss=0.0057 (t=0.0018 r=0.0177 beta=0.22) | val: 2.31deg/1861mm | 82.7s
[ 4400/10000] loss=0.0057 (t=0.0019 r=0.0174 beta=0.22) | val: 2.38deg/1573mm | 84.5s
[ 4500/10000] loss=0.0056 (t=0.0020 r=0.0175 beta=0.21) | val: 2.32deg/1684mm | 86.4s
[ 4600/10000] loss=0.0062 (t=0.0020 r=0.0202 beta=0.20) | val: 2.29deg/1502mm | 88.2s
[ 4700/10000] loss=0.0054 (t=0.0018 r=0.0182 beta=0.20) | val: 2.17deg/1852mm | 90.1s
[ 4800/10000] loss=0.0053 (t=0.0019 r=0.0179 beta=0.19) | val: 2.11deg/2023mm | 91.9s
[ 4900/10000] loss=0.0045 (t=0.0016 r=0.0153 beta=0.19) | val: 2.28deg/1723mm | 93.7s
[ 5000/10000] loss=0.0052 (t=0.0020 r=0.0177 beta=0.19) | val: 2.19deg/1826mm | 95.6s
[ 5100/10000] loss=0.0054 (t=0.0021 r=0.0187 beta=0.18) | val: 2.27deg/1923mm | 97.4s
[ 5200/10000] loss=0.0048 (t=0.0018 r=0.0175 beta=0.18) | val: 2.37deg/1800mm | 99.3s
[ 5300/10000] loss=0.0046 (t=0.0015 r=0.0179 beta=0.17) | val: 2.19deg/1794mm | 101.1s
[ 5400/10000] loss=0.0047 (t=0.0016 r=0.0185 beta=0.17) | val: 2.21deg/1700mm | 102.9s
[ 5500/10000] loss=0.0041 (t=0.0013 r=0.0169 beta=0.17) | val: 2.36deg/1737mm | 104.8s
[ 5600/10000] loss=0.0037 (t=0.0014 r=0.0144 beta=0.16) | val: 2.29deg/1827mm | 106.6s
[ 5700/10000] loss=0.0039 (t=0.0014 r=0.0154 beta=0.16) | val: 2.27deg/1828mm | 108.5s
[ 5800/10000] loss=0.0045 (t=0.0017 r=0.0184 beta=0.16) | val: 2.24deg/1655mm | 110.3s
[ 5900/10000] loss=0.0040 (t=0.0014 r=0.0167 beta=0.15) | val: 2.29deg/1699mm | 112.2s
[ 6000/10000] loss=0.0039 (t=0.0013 r=0.0168 beta=0.15) | val: 2.35deg/1941mm | 114.0s
[ 6100/10000] loss=0.0045 (t=0.0017 r=0.0185 beta=0.15) | val: 2.17deg/1570mm | 115.8s
[ 6200/10000] loss=0.0041 (t=0.0018 r=0.0157 beta=0.14) | val: 2.30deg/1760mm | 117.7s
[ 6300/10000] loss=0.0037 (t=0.0015 r=0.0155 beta=0.14) | val: 2.14deg/1789mm | 119.5s
[ 6400/10000] loss=0.0041 (t=0.0018 r=0.0168 beta=0.14) | val: 2.26deg/1702mm | 121.4s
[ 6500/10000] loss=0.0035 (t=0.0013 r=0.0156 beta=0.14) | val: 2.31deg/2019mm | 123.2s
[ 6600/10000] loss=0.0035 (t=0.0013 r=0.0162 beta=0.14) | val: 2.18deg/1775mm | 125.0s
[ 6700/10000] loss=0.0043 (t=0.0022 r=0.0157 beta=0.13) | val: 2.29deg/1782mm | 126.9s
[ 6800/10000] loss=0.0035 (t=0.0014 r=0.0158 beta=0.13) | val: 2.22deg/1710mm | 128.7s
[ 6900/10000] loss=0.0035 (t=0.0013 r=0.0170 beta=0.13) | val: 2.21deg/1785mm | 130.6s
[ 7000/10000] loss=0.0035 (t=0.0013 r=0.0170 beta=0.13) | val: 2.27deg/1856mm | 132.4s
[ 7100/10000] loss=0.0036 (t=0.0015 r=0.0164 beta=0.13) | val: 2.24deg/1864mm | 134.2s
[ 7200/10000] loss=0.0035 (t=0.0015 r=0.0157 beta=0.13) | val: 2.32deg/1858mm | 136.1s
[ 7300/10000] loss=0.0034 (t=0.0013 r=0.0165 beta=0.12) | val: 2.28deg/1873mm | 138.0s
[ 7400/10000] loss=0.0031 (t=0.0012 r=0.0157 beta=0.12) | val: 2.25deg/1872mm | 139.8s
[ 7500/10000] loss=0.0032 (t=0.0012 r=0.0160 beta=0.12) | val: 2.24deg/1763mm | 141.7s
[ 7600/10000] loss=0.0035 (t=0.0014 r=0.0170 beta=0.12) | val: 2.26deg/1740mm | 143.5s
[ 7700/10000] loss=0.0033 (t=0.0013 r=0.0165 beta=0.12) | val: 2.34deg/1856mm | 145.4s
[ 7800/10000] loss=0.0031 (t=0.0014 r=0.0148 beta=0.12) | val: 2.30deg/1781mm | 147.2s
[ 7900/10000] loss=0.0032 (t=0.0014 r=0.0155 beta=0.12) | val: 2.29deg/1867mm | 149.0s
[ 8000/10000] loss=0.0030 (t=0.0011 r=0.0157 beta=0.12) | val: 2.28deg/1722mm | 150.9s
[ 8100/10000] loss=0.0034 (t=0.0014 r=0.0172 beta=0.12) | val: 2.38deg/1809mm | 152.7s
[ 8200/10000] loss=0.0030 (t=0.0012 r=0.0149 beta=0.11) | val: 2.31deg/1897mm | 154.6s
[ 8300/10000] loss=0.0031 (t=0.0014 r=0.0150 beta=0.11) | val: 2.34deg/1830mm | 156.4s
[ 8400/10000] loss=0.0029 (t=0.0013 r=0.0144 beta=0.11) | val: 2.31deg/1827mm | 158.3s
[ 8500/10000] loss=0.0030 (t=0.0013 r=0.0157 beta=0.11) | val: 2.28deg/1807mm | 160.1s
[ 8600/10000] loss=0.0032 (t=0.0015 r=0.0153 beta=0.11) | val: 2.30deg/1818mm | 161.9s
[ 8700/10000] loss=0.0032 (t=0.0014 r=0.0159 beta=0.11) | val: 2.27deg/1828mm | 163.8s
[ 8800/10000] loss=0.0029 (t=0.0012 r=0.0154 beta=0.11) | val: 2.34deg/1811mm | 165.6s
[ 8900/10000] loss=0.0031 (t=0.0013 r=0.0164 beta=0.11) | val: 2.31deg/1737mm | 167.5s
[ 9000/10000] loss=0.0031 (t=0.0014 r=0.0154 beta=0.11) | val: 2.31deg/1849mm | 169.3s
[ 9100/10000] loss=0.0028 (t=0.0011 r=0.0158 beta=0.11) | val: 2.28deg/1813mm | 171.1s
[ 9200/10000] loss=0.0027 (t=0.0010 r=0.0152 beta=0.11) | val: 2.29deg/1810mm | 173.0s
[ 9300/10000] loss=0.0029 (t=0.0013 r=0.0144 beta=0.11) | val: 2.28deg/1790mm | 174.8s
[ 9400/10000] loss=0.0026 (t=0.0010 r=0.0142 beta=0.11) | val: 2.30deg/1773mm | 176.7s
[ 9500/10000] loss=0.0031 (t=0.0013 r=0.0162 beta=0.11) | val: 2.29deg/1861mm | 178.5s
[ 9600/10000] loss=0.0029 (t=0.0013 r=0.0148 beta=0.11) | val: 2.31deg/1849mm | 180.4s
[ 9700/10000] loss=0.0028 (t=0.0010 r=0.0160 beta=0.11) | val: 2.30deg/1835mm | 182.2s
[ 9800/10000] loss=0.0028 (t=0.0011 r=0.0154 beta=0.11) | val: 2.31deg/1869mm | 184.0s
[ 9900/10000] loss=0.0031 (t=0.0013 r=0.0165 beta=0.11) | val: 2.30deg/1890mm | 185.9s
[10000/10000] loss=0.0029 (t=0.0013 r=0.0151 beta=0.11) | val: 2.30deg/1878mm | 187.7s

Training done. Best epoch: 2260, score: 1.5751

Loaded best model from epoch 2260

======================================================================
EVALUATION RESULTS (Direct Regression)
======================================================================
Rotation  (median): 2.15deg
Translation (median): 1367mm

  R@5deg_1m: 31.9%  (rot_pass=94.0%, trans_pass=32.4%)
  R@10deg_2m: 65.9%  (rot_pass=98.9%, trans_pass=65.9%)
  R@15deg_5m: 91.8%  (rot_pass=100.0%, trans_pass=91.8%)
  R@25deg_5m: 91.8%  (rot_pass=100.0%, trans_pass=91.8%)

======================================================================
EVALUATION RESULTS (Retrieval Mode)
======================================================================
Retrieval median: 11.87deg / 2431mm
  R@5deg_1m: 2.2%  (rot=4.4%, trans=19.8%)
  R@10deg_2m: 20.9%  (rot=42.3%, trans=44.5%)
  R@15deg_5m: 54.4%  (rot=67.0%, trans=85.2%)
  R@25deg_5m: 80.2%  (rot=95.1%, trans=85.2%)
======================================================================

Done!
--- seed19 done ---
=== exp24e_attn_h4_wider_seed20 on GPU 1 ===
======================================================================
Experiment: exp24e_attn_h4_wider_seed20
Pool: attn, Features: both+sum
======================================================================
Random seed: 20
Using device: cuda:1

Loading data (fine=True, coarse=True, summary=True)...
  Loaded fine_geo: torch.Size([895, 128, 68, 120])
  Loaded coarse_sem: torch.Size([895, 128, 68, 120])
  Loaded summary: torch.Size([895, 2560])
  [train] 895 samples loaded
  Loaded fine_geo: torch.Size([182, 128, 68, 120])
  Loaded coarse_sem: torch.Size([182, 128, 68, 120])
  Loaded summary: torch.Size([182, 2560])
  [test] 182 samples loaded
Translation norm: mean=[13.19548    -0.64731836 23.103329  ], std=[10.827089    0.94348246  9.766839  ]
  Feature dim after pooling: 3584
Model parameters: 10,001,042
Model parameters: 10,001,042
[    1/10000] loss=3.2189 (t=0.6031 r=2.6158 beta=1.00) | val: 46.52deg/18756mm | 0.4s
[  100/10000] loss=0.1136 (t=0.0387 r=0.0810 beta=0.93) | val: 5.30deg/3486mm | 3.5s
[  200/10000] loss=0.0725 (t=0.0232 r=0.0561 beta=0.88) | val: 4.23deg/2125mm | 5.7s
[  300/10000] loss=0.0530 (t=0.0183 r=0.0411 beta=0.84) | val: 2.78deg/1583mm | 8.0s
[  400/10000] loss=0.0554 (t=0.0205 r=0.0431 beta=0.81) | val: 2.44deg/2218mm | 10.1s
[  500/10000] loss=0.0437 (t=0.0133 r=0.0390 beta=0.78) | val: 2.23deg/1483mm | 12.3s
[  600/10000] loss=0.0365 (t=0.0106 r=0.0344 beta=0.75) | val: 2.05deg/1501mm | 14.4s
[  700/10000] loss=0.0302 (t=0.0085 r=0.0302 beta=0.72) | val: 2.19deg/1727mm | 16.4s
[  800/10000] loss=0.0282 (t=0.0079 r=0.0292 beta=0.70) | val: 2.22deg/1557mm | 18.2s
[  900/10000] loss=0.0249 (t=0.0065 r=0.0274 beta=0.67) | val: 2.00deg/1617mm | 20.1s
[ 1000/10000] loss=0.0228 (t=0.0058 r=0.0263 beta=0.65) | val: 2.08deg/1445mm | 22.1s
[ 1100/10000] loss=0.0198 (t=0.0048 r=0.0240 beta=0.62) | val: 2.00deg/1548mm | 24.1s
[ 1200/10000] loss=0.0196 (t=0.0055 r=0.0235 beta=0.60) | val: 1.92deg/1616mm | 25.9s
[ 1300/10000] loss=0.0180 (t=0.0043 r=0.0234 beta=0.58) | val: 1.93deg/1456mm | 27.7s
[ 1400/10000] loss=0.0166 (t=0.0039 r=0.0226 beta=0.56) | val: 2.12deg/1330mm | 29.6s
[ 1500/10000] loss=0.0164 (t=0.0046 r=0.0217 beta=0.54) | val: 2.25deg/1397mm | 31.4s
[ 1600/10000] loss=0.0148 (t=0.0037 r=0.0213 beta=0.52) | val: 1.79deg/1358mm | 33.3s
[ 1700/10000] loss=0.0148 (t=0.0032 r=0.0231 beta=0.51) | val: 2.01deg/1535mm | 35.1s
[ 1800/10000] loss=0.0131 (t=0.0031 r=0.0206 beta=0.49) | val: 1.93deg/1374mm | 37.1s
[ 1900/10000] loss=0.0126 (t=0.0029 r=0.0205 beta=0.47) | val: 1.86deg/1373mm | 39.0s
[ 2000/10000] loss=0.0113 (t=0.0026 r=0.0190 beta=0.46) | val: 2.07deg/1441mm | 40.8s
[ 2100/10000] loss=0.0116 (t=0.0027 r=0.0201 beta=0.44) | val: 1.99deg/1487mm | 42.7s
[ 2200/10000] loss=0.0119 (t=0.0028 r=0.0212 beta=0.43) | val: 1.89deg/1398mm | 44.5s
[ 2300/10000] loss=0.0114 (t=0.0026 r=0.0213 beta=0.41) | val: 1.99deg/1508mm | 46.3s
[ 2400/10000] loss=0.0107 (t=0.0023 r=0.0209 beta=0.40) | val: 1.87deg/1373mm | 48.2s
[ 2500/10000] loss=0.0108 (t=0.0030 r=0.0203 beta=0.39) | val: 1.91deg/1645mm | 50.2s
[ 2600/10000] loss=0.0092 (t=0.0024 r=0.0181 beta=0.37) | val: 1.93deg/1296mm | 52.2s
[ 2700/10000] loss=0.0097 (t=0.0025 r=0.0199 beta=0.36) | val: 2.14deg/1484mm | 54.0s
[ 2800/10000] loss=0.0085 (t=0.0021 r=0.0182 beta=0.35) | val: 1.89deg/1359mm | 55.9s
[ 2900/10000] loss=0.0100 (t=0.0030 r=0.0205 beta=0.34) | val: 2.03deg/1432mm | 57.8s
[ 3000/10000] loss=0.0082 (t=0.0023 r=0.0178 beta=0.33) | val: 2.01deg/1497mm | 59.6s
[ 3100/10000] loss=0.0084 (t=0.0023 r=0.0190 beta=0.32) | val: 2.07deg/1615mm | 61.6s
[ 3200/10000] loss=0.0083 (t=0.0024 r=0.0190 beta=0.31) | val: 2.24deg/1523mm | 63.5s
[ 3300/10000] loss=0.0079 (t=0.0023 r=0.0188 beta=0.30) | val: 2.00deg/1462mm | 65.3s
[ 3400/10000] loss=0.0083 (t=0.0024 r=0.0201 beta=0.29) | val: 2.17deg/1514mm | 67.1s
[ 3500/10000] loss=0.0071 (t=0.0021 r=0.0174 beta=0.28) | val: 2.08deg/1335mm | 69.0s
[ 3600/10000] loss=0.0073 (t=0.0023 r=0.0183 beta=0.28) | val: 2.14deg/1440mm | 70.8s
[ 3700/10000] loss=0.0072 (t=0.0025 r=0.0177 beta=0.27) | val: 1.97deg/1523mm | 72.7s
[ 3800/10000] loss=0.0073 (t=0.0020 r=0.0201 beta=0.26) | val: 1.95deg/1385mm | 74.5s
[ 3900/10000] loss=0.0067 (t=0.0019 r=0.0191 beta=0.25) | val: 2.11deg/1658mm | 76.3s
[ 4000/10000] loss=0.0068 (t=0.0023 r=0.0183 beta=0.25) | val: 2.08deg/1372mm | 78.2s
[ 4100/10000] loss=0.0055 (t=0.0017 r=0.0161 beta=0.24) | val: 2.02deg/1313mm | 80.0s
[ 4200/10000] loss=0.0061 (t=0.0020 r=0.0176 beta=0.23) | val: 2.14deg/1708mm | 81.9s
[ 4300/10000] loss=0.0055 (t=0.0019 r=0.0159 beta=0.23) | val: 2.08deg/1399mm | 83.7s
[ 4400/10000] loss=0.0055 (t=0.0017 r=0.0173 beta=0.22) | val: 2.21deg/1424mm | 85.6s
[ 4500/10000] loss=0.0054 (t=0.0017 r=0.0171 beta=0.22) | val: 2.02deg/1339mm | 87.4s
[ 4600/10000] loss=0.0056 (t=0.0023 r=0.0161 beta=0.21) | val: 2.12deg/1713mm | 89.2s
[ 4700/10000] loss=0.0053 (t=0.0015 r=0.0184 beta=0.20) | val: 2.14deg/1585mm | 91.1s
[ 4800/10000] loss=0.0053 (t=0.0018 r=0.0174 beta=0.20) | val: 2.09deg/1421mm | 92.9s
[ 4900/10000] loss=0.0058 (t=0.0022 r=0.0182 beta=0.19) | val: 2.11deg/1457mm | 94.8s
[ 5000/10000] loss=0.0049 (t=0.0018 r=0.0160 beta=0.19) | val: 2.17deg/1528mm | 96.6s
[ 5100/10000] loss=0.0050 (t=0.0018 r=0.0172 beta=0.19) | val: 2.09deg/1408mm | 98.5s
[ 5200/10000] loss=0.0051 (t=0.0021 r=0.0164 beta=0.18) | val: 2.29deg/1591mm | 100.3s
[ 5300/10000] loss=0.0049 (t=0.0020 r=0.0165 beta=0.18) | val: 2.14deg/1553mm | 102.2s
[ 5400/10000] loss=0.0038 (t=0.0013 r=0.0143 beta=0.17) | val: 2.13deg/1383mm | 104.0s
[ 5500/10000] loss=0.0040 (t=0.0013 r=0.0157 beta=0.17) | val: 2.10deg/1412mm | 105.8s
[ 5600/10000] loss=0.0043 (t=0.0017 r=0.0154 beta=0.17) | val: 2.12deg/1438mm | 107.7s
[ 5700/10000] loss=0.0044 (t=0.0018 r=0.0159 beta=0.16) | val: 2.17deg/1424mm | 109.5s
[ 5800/10000] loss=0.0040 (t=0.0013 r=0.0170 beta=0.16) | val: 2.22deg/1534mm | 111.4s
[ 5900/10000] loss=0.0042 (t=0.0016 r=0.0167 beta=0.16) | val: 2.21deg/1391mm | 113.2s
[ 6000/10000] loss=0.0042 (t=0.0016 r=0.0171 beta=0.15) | val: 2.19deg/1472mm | 115.1s
[ 6100/10000] loss=0.0042 (t=0.0017 r=0.0169 beta=0.15) | val: 2.06deg/1551mm | 116.9s
[ 6200/10000] loss=0.0038 (t=0.0014 r=0.0160 beta=0.15) | val: 2.10deg/1465mm | 118.7s
[ 6300/10000] loss=0.0040 (t=0.0016 r=0.0164 beta=0.15) | val: 2.16deg/1389mm | 120.6s
[ 6400/10000] loss=0.0036 (t=0.0014 r=0.0152 beta=0.14) | val: 2.23deg/1511mm | 122.4s
[ 6500/10000] loss=0.0040 (t=0.0016 r=0.0169 beta=0.14) | val: 2.16deg/1547mm | 124.3s
[ 6600/10000] loss=0.0043 (t=0.0018 r=0.0174 beta=0.14) | val: 2.07deg/1494mm | 126.1s
[ 6700/10000] loss=0.0034 (t=0.0013 r=0.0159 beta=0.14) | val: 2.22deg/1493mm | 128.0s
[ 6800/10000] loss=0.0036 (t=0.0014 r=0.0159 beta=0.14) | val: 2.19deg/1510mm | 129.8s
[ 6900/10000] loss=0.0034 (t=0.0014 r=0.0148 beta=0.13) | val: 2.21deg/1476mm | 131.7s
[ 7000/10000] loss=0.0040 (t=0.0017 r=0.0174 beta=0.13) | val: 2.32deg/1599mm | 133.5s
[ 7100/10000] loss=0.0034 (t=0.0015 r=0.0152 beta=0.13) | val: 2.15deg/1515mm | 135.4s
[ 7200/10000] loss=0.0036 (t=0.0015 r=0.0163 beta=0.13) | val: 2.24deg/1476mm | 137.2s
[ 7300/10000] loss=0.0038 (t=0.0016 r=0.0169 beta=0.13) | val: 2.14deg/1399mm | 139.1s
[ 7400/10000] loss=0.0037 (t=0.0016 r=0.0163 beta=0.13) | val: 2.26deg/1472mm | 140.9s
[ 7500/10000] loss=0.0036 (t=0.0015 r=0.0169 beta=0.12) | val: 2.21deg/1487mm | 142.8s
[ 7600/10000] loss=0.0031 (t=0.0013 r=0.0150 beta=0.12) | val: 2.25deg/1466mm | 144.6s
[ 7700/10000] loss=0.0034 (t=0.0014 r=0.0165 beta=0.12) | val: 2.10deg/1536mm | 146.5s
[ 7800/10000] loss=0.0035 (t=0.0017 r=0.0149 beta=0.12) | val: 2.23deg/1509mm | 148.3s
[ 7900/10000] loss=0.0033 (t=0.0015 r=0.0156 beta=0.12) | val: 2.16deg/1482mm | 150.1s
[ 8000/10000] loss=0.0029 (t=0.0011 r=0.0153 beta=0.12) | val: 2.20deg/1462mm | 152.0s
[ 8100/10000] loss=0.0029 (t=0.0012 r=0.0149 beta=0.12) | val: 2.18deg/1522mm | 153.8s
[ 8200/10000] loss=0.0028 (t=0.0010 r=0.0154 beta=0.12) | val: 2.20deg/1610mm | 155.7s
[ 8300/10000] loss=0.0029 (t=0.0011 r=0.0146 beta=0.12) | val: 2.17deg/1516mm | 157.5s
[ 8400/10000] loss=0.0029 (t=0.0011 r=0.0153 beta=0.12) | val: 2.21deg/1529mm | 159.4s
[ 8500/10000] loss=0.0029 (t=0.0011 r=0.0157 beta=0.12) | val: 2.19deg/1487mm | 161.2s
[ 8600/10000] loss=0.0029 (t=0.0013 r=0.0141 beta=0.12) | val: 2.22deg/1474mm | 163.0s
[ 8700/10000] loss=0.0029 (t=0.0013 r=0.0140 beta=0.12) | val: 2.19deg/1578mm | 164.9s
[ 8800/10000] loss=0.0030 (t=0.0013 r=0.0154 beta=0.11) | val: 2.25deg/1540mm | 166.7s
[ 8900/10000] loss=0.0030 (t=0.0013 r=0.0149 beta=0.11) | val: 2.21deg/1544mm | 168.6s
[ 9000/10000] loss=0.0028 (t=0.0011 r=0.0149 beta=0.11) | val: 2.20deg/1538mm | 170.4s
[ 9100/10000] loss=0.0029 (t=0.0011 r=0.0153 beta=0.11) | val: 2.20deg/1533mm | 172.2s
[ 9200/10000] loss=0.0027 (t=0.0010 r=0.0152 beta=0.11) | val: 2.19deg/1532mm | 174.1s
[ 9300/10000] loss=0.0032 (t=0.0014 r=0.0155 beta=0.11) | val: 2.24deg/1542mm | 175.9s
[ 9400/10000] loss=0.0029 (t=0.0013 r=0.0138 beta=0.11) | val: 2.27deg/1503mm | 177.8s
[ 9500/10000] loss=0.0032 (t=0.0014 r=0.0155 beta=0.11) | val: 2.22deg/1530mm | 179.6s
[ 9600/10000] loss=0.0031 (t=0.0013 r=0.0153 beta=0.11) | val: 2.25deg/1503mm | 181.5s
[ 9700/10000] loss=0.0029 (t=0.0012 r=0.0144 beta=0.11) | val: 2.21deg/1485mm | 183.3s
[ 9800/10000] loss=0.0026 (t=0.0009 r=0.0148 beta=0.11) | val: 2.23deg/1530mm | 185.1s
[ 9900/10000] loss=0.0031 (t=0.0012 r=0.0167 beta=0.11) | val: 2.23deg/1515mm | 187.0s
[10000/10000] loss=0.0029 (t=0.0012 r=0.0154 beta=0.11) | val: 2.22deg/1508mm | 188.8s

Training done. Best epoch: 3060, score: 1.4305

Loaded best model from epoch 3060

======================================================================
EVALUATION RESULTS (Direct Regression)
======================================================================
Rotation  (median): 1.88deg
Translation (median): 1266mm

  R@5deg_1m: 41.2%  (rot_pass=95.6%, trans_pass=41.8%)
  R@10deg_2m: 60.4%  (rot_pass=100.0%, trans_pass=60.4%)
  R@15deg_5m: 88.5%  (rot_pass=100.0%, trans_pass=88.5%)
  R@25deg_5m: 88.5%  (rot_pass=100.0%, trans_pass=88.5%)

======================================================================
EVALUATION RESULTS (Retrieval Mode)
======================================================================
Retrieval median: 11.87deg / 2646mm
  R@5deg_1m: 2.2%  (rot=4.9%, trans=19.8%)
  R@10deg_2m: 18.7%  (rot=41.8%, trans=40.7%)
  R@15deg_5m: 51.1%  (rot=66.5%, trans=78.6%)
  R@25deg_5m: 76.4%  (rot=97.3%, trans=78.6%)
======================================================================

Done!
--- seed20 done ---
=== exp24e_attn_h4_wider_seed21 on GPU 1 ===
======================================================================
Experiment: exp24e_attn_h4_wider_seed21
Pool: attn, Features: both+sum
======================================================================
Random seed: 21
Using device: cuda:1

Loading data (fine=True, coarse=True, summary=True)...
  Loaded fine_geo: torch.Size([895, 128, 68, 120])
  Loaded coarse_sem: torch.Size([895, 128, 68, 120])
  Loaded summary: torch.Size([895, 2560])
  [train] 895 samples loaded
  Loaded fine_geo: torch.Size([182, 128, 68, 120])
  Loaded coarse_sem: torch.Size([182, 128, 68, 120])
  Loaded summary: torch.Size([182, 2560])
  [test] 182 samples loaded
Translation norm: mean=[13.19548    -0.64731836 23.103329  ], std=[10.827089    0.94348246  9.766839  ]
  Feature dim after pooling: 3584
Model parameters: 10,001,042
Model parameters: 10,001,042
[    1/10000] loss=3.2390 (t=0.6954 r=2.5437 beta=1.00) | val: 33.57deg/28037mm | 0.4s
[  100/10000] loss=0.1003 (t=0.0349 r=0.0709 beta=0.92) | val: 4.88deg/2490mm | 3.6s
[  200/10000] loss=0.0699 (t=0.0247 r=0.0519 beta=0.87) | val: 3.59deg/2390mm | 6.3s
[  300/10000] loss=0.0490 (t=0.0169 r=0.0385 beta=0.83) | val: 2.66deg/1740mm | 8.9s
[  400/10000] loss=0.0428 (t=0.0137 r=0.0365 beta=0.80) | val: 2.81deg/1729mm | 11.2s
[  500/10000] loss=0.0351 (t=0.0098 r=0.0332 beta=0.76) | val: 2.18deg/1607mm | 13.2s
[  600/10000] loss=0.0361 (t=0.0141 r=0.0300 beta=0.73) | val: 2.40deg/1418mm | 15.0s
[  700/10000] loss=0.0257 (t=0.0071 r=0.0265 beta=0.70) | val: 1.88deg/1553mm | 16.8s
[  800/10000] loss=0.0223 (t=0.0055 r=0.0249 beta=0.67) | val: 2.13deg/1511mm | 18.7s
[  900/10000] loss=0.0228 (t=0.0064 r=0.0252 beta=0.65) | val: 1.91deg/1818mm | 20.5s
[ 1000/10000] loss=0.0212 (t=0.0047 r=0.0264 beta=0.62) | val: 1.70deg/1487mm | 22.3s
[ 1100/10000] loss=0.0193 (t=0.0046 r=0.0245 beta=0.60) | val: 2.28deg/1672mm | 24.2s
[ 1200/10000] loss=0.0187 (t=0.0039 r=0.0257 beta=0.58) | val: 1.89deg/1738mm | 26.0s
[ 1300/10000] loss=0.0162 (t=0.0029 r=0.0239 beta=0.55) | val: 1.78deg/1682mm | 27.9s
[ 1400/10000] loss=0.0146 (t=0.0041 r=0.0197 beta=0.53) | val: 1.89deg/1808mm | 29.7s
[ 1500/10000] loss=0.0144 (t=0.0037 r=0.0207 beta=0.51) | val: 1.88deg/1847mm | 31.6s
[ 1600/10000] loss=0.0135 (t=0.0034 r=0.0204 beta=0.50) | val: 1.87deg/1777mm | 33.4s
[ 1700/10000] loss=0.0154 (t=0.0041 r=0.0238 beta=0.48) | val: 1.86deg/1614mm | 35.2s
[ 1800/10000] loss=0.0130 (t=0.0030 r=0.0218 beta=0.46) | val: 2.04deg/1761mm | 37.1s
[ 1900/10000] loss=0.0135 (t=0.0037 r=0.0220 beta=0.44) | val: 2.15deg/1651mm | 38.9s
[ 2000/10000] loss=0.0119 (t=0.0028 r=0.0211 beta=0.43) | val: 1.80deg/1606mm | 40.7s
[ 2100/10000] loss=0.0109 (t=0.0028 r=0.0195 beta=0.41) | val: 1.70deg/1793mm | 42.6s
[ 2200/10000] loss=0.0111 (t=0.0033 r=0.0194 beta=0.40) | val: 2.03deg/1793mm | 44.4s
[ 2300/10000] loss=0.0106 (t=0.0031 r=0.0194 beta=0.39) | val: 1.86deg/1825mm | 46.2s
[ 2400/10000] loss=0.0096 (t=0.0026 r=0.0186 beta=0.37) | val: 1.79deg/1769mm | 48.1s
[ 2500/10000] loss=0.0099 (t=0.0025 r=0.0204 beta=0.36) | val: 1.77deg/1686mm | 49.9s
[ 2600/10000] loss=0.0096 (t=0.0027 r=0.0199 beta=0.35) | val: 1.90deg/1757mm | 51.7s
[ 2700/10000] loss=0.0092 (t=0.0026 r=0.0196 beta=0.34) | val: 1.76deg/1658mm | 53.6s
[ 2800/10000] loss=0.0091 (t=0.0026 r=0.0199 beta=0.33) | val: 1.90deg/1768mm | 55.4s
[ 2900/10000] loss=0.0089 (t=0.0027 r=0.0196 beta=0.32) | val: 1.95deg/1740mm | 57.3s
[ 3000/10000] loss=0.0085 (t=0.0025 r=0.0196 beta=0.31) | val: 1.97deg/1515mm | 59.1s
[ 3100/10000] loss=0.0081 (t=0.0026 r=0.0187 beta=0.30) | val: 1.88deg/1929mm | 60.9s
[ 3200/10000] loss=0.0077 (t=0.0024 r=0.0186 beta=0.29) | val: 2.01deg/1825mm | 62.8s
[ 3300/10000] loss=0.0073 (t=0.0018 r=0.0198 beta=0.28) | val: 1.98deg/1723mm | 64.6s
[ 3400/10000] loss=0.0077 (t=0.0029 r=0.0177 beta=0.27) | val: 1.94deg/1737mm | 66.5s
[ 3500/10000] loss=0.0076 (t=0.0025 r=0.0197 beta=0.26) | val: 1.88deg/1623mm | 68.3s
[ 3600/10000] loss=0.0074 (t=0.0024 r=0.0200 beta=0.25) | val: 2.01deg/1807mm | 70.1s
[ 3700/10000] loss=0.0074 (t=0.0027 r=0.0189 beta=0.25) | val: 1.98deg/1893mm | 72.0s
[ 3800/10000] loss=0.0069 (t=0.0022 r=0.0195 beta=0.24) | val: 2.00deg/1772mm | 73.8s
[ 3900/10000] loss=0.0061 (t=0.0018 r=0.0185 beta=0.23) | val: 1.87deg/1827mm | 75.7s
[ 4000/10000] loss=0.0055 (t=0.0016 r=0.0174 beta=0.23) | val: 2.00deg/1856mm | 77.5s
[ 4100/10000] loss=0.0058 (t=0.0019 r=0.0179 beta=0.22) | val: 2.01deg/1751mm | 79.3s
[ 4200/10000] loss=0.0061 (t=0.0020 r=0.0191 beta=0.21) | val: 2.08deg/1699mm | 81.2s
[ 4300/10000] loss=0.0057 (t=0.0021 r=0.0173 beta=0.21) | val: 1.83deg/1781mm | 83.0s
[ 4400/10000] loss=0.0051 (t=0.0017 r=0.0171 beta=0.20) | val: 1.97deg/1823mm | 84.9s
[ 4500/10000] loss=0.0055 (t=0.0021 r=0.0172 beta=0.20) | val: 2.04deg/1691mm | 86.7s
[ 4600/10000] loss=0.0053 (t=0.0018 r=0.0184 beta=0.19) | val: 2.01deg/1882mm | 88.5s
[ 4700/10000] loss=0.0050 (t=0.0016 r=0.0178 beta=0.19) | val: 2.13deg/1715mm | 90.4s
[ 4800/10000] loss=0.0050 (t=0.0018 r=0.0175 beta=0.18) | val: 1.98deg/1891mm | 92.2s
[ 4900/10000] loss=0.0047 (t=0.0017 r=0.0169 beta=0.18) | val: 1.96deg/1741mm | 94.1s
[ 5000/10000] loss=0.0050 (t=0.0017 r=0.0188 beta=0.17) | val: 1.91deg/1794mm | 95.9s
[ 5100/10000] loss=0.0048 (t=0.0019 r=0.0172 beta=0.17) | val: 2.00deg/1790mm | 97.8s
[ 5200/10000] loss=0.0044 (t=0.0017 r=0.0164 beta=0.17) | val: 2.11deg/1811mm | 99.6s
[ 5300/10000] loss=0.0049 (t=0.0019 r=0.0183 beta=0.16) | val: 2.01deg/1775mm | 101.5s
[ 5400/10000] loss=0.0044 (t=0.0018 r=0.0163 beta=0.16) | val: 1.99deg/1686mm | 103.3s
[ 5500/10000] loss=0.0045 (t=0.0018 r=0.0169 beta=0.16) | val: 1.98deg/1834mm | 105.1s
[ 5600/10000] loss=0.0042 (t=0.0015 r=0.0179 beta=0.15) | val: 1.97deg/1782mm | 107.0s
[ 5700/10000] loss=0.0039 (t=0.0015 r=0.0160 beta=0.15) | val: 2.00deg/1784mm | 108.8s
[ 5800/10000] loss=0.0041 (t=0.0017 r=0.0168 beta=0.15) | val: 2.06deg/1889mm | 110.7s
[ 5900/10000] loss=0.0041 (t=0.0015 r=0.0186 beta=0.14) | val: 2.07deg/1842mm | 112.5s
[ 6000/10000] loss=0.0038 (t=0.0015 r=0.0163 beta=0.14) | val: 1.99deg/1730mm | 114.3s
[ 6100/10000] loss=0.0040 (t=0.0016 r=0.0171 beta=0.14) | val: 1.96deg/1744mm | 116.2s
[ 6200/10000] loss=0.0036 (t=0.0012 r=0.0172 beta=0.14) | val: 2.02deg/1831mm | 118.0s
[ 6300/10000] loss=0.0038 (t=0.0016 r=0.0166 beta=0.13) | val: 1.99deg/1727mm | 119.9s
[ 6400/10000] loss=0.0038 (t=0.0017 r=0.0161 beta=0.13) | val: 2.02deg/1718mm | 121.7s
[ 6500/10000] loss=0.0036 (t=0.0014 r=0.0168 beta=0.13) | val: 2.04deg/1753mm | 123.6s
[ 6600/10000] loss=0.0035 (t=0.0015 r=0.0161 beta=0.13) | val: 2.02deg/1759mm | 125.4s
[ 6700/10000] loss=0.0034 (t=0.0012 r=0.0171 beta=0.13) | val: 2.04deg/1779mm | 127.2s
[ 6800/10000] loss=0.0037 (t=0.0015 r=0.0176 beta=0.12) | val: 1.99deg/1725mm | 129.1s
[ 6900/10000] loss=0.0031 (t=0.0013 r=0.0150 beta=0.12) | val: 2.01deg/1698mm | 130.9s
[ 7000/10000] loss=0.0033 (t=0.0013 r=0.0168 beta=0.12) | val: 2.06deg/1707mm | 132.8s
[ 7100/10000] loss=0.0033 (t=0.0013 r=0.0171 beta=0.12) | val: 2.08deg/1699mm | 134.6s
[ 7200/10000] loss=0.0030 (t=0.0012 r=0.0151 beta=0.12) | val: 2.07deg/1790mm | 136.5s
[ 7300/10000] loss=0.0031 (t=0.0013 r=0.0149 beta=0.12) | val: 2.03deg/1926mm | 138.3s
[ 7400/10000] loss=0.0032 (t=0.0014 r=0.0159 beta=0.11) | val: 2.06deg/1875mm | 140.1s
[ 7500/10000] loss=0.0031 (t=0.0013 r=0.0163 beta=0.11) | val: 2.04deg/1724mm | 142.0s
[ 7600/10000] loss=0.0032 (t=0.0012 r=0.0178 beta=0.11) | val: 2.01deg/1907mm | 143.8s
[ 7700/10000] loss=0.0034 (t=0.0015 r=0.0170 beta=0.11) | val: 2.03deg/1812mm | 145.7s
[ 7800/10000] loss=0.0030 (t=0.0013 r=0.0158 beta=0.11) | val: 2.07deg/1764mm | 147.5s
[ 7900/10000] loss=0.0032 (t=0.0014 r=0.0168 beta=0.11) | val: 1.99deg/1800mm | 149.4s
[ 8000/10000] loss=0.0030 (t=0.0014 r=0.0153 beta=0.11) | val: 2.12deg/1776mm | 151.2s
[ 8100/10000] loss=0.0032 (t=0.0014 r=0.0167 beta=0.11) | val: 2.00deg/1780mm | 153.1s
[ 8200/10000] loss=0.0029 (t=0.0012 r=0.0156 beta=0.11) | val: 2.03deg/1746mm | 154.9s
[ 8300/10000] loss=0.0027 (t=0.0011 r=0.0158 beta=0.11) | val: 2.05deg/1799mm | 156.8s
[ 8400/10000] loss=0.0028 (t=0.0012 r=0.0146 beta=0.11) | val: 2.05deg/1786mm | 158.6s
[ 8500/10000] loss=0.0029 (t=0.0012 r=0.0161 beta=0.11) | val: 2.07deg/1821mm | 160.4s
[ 8600/10000] loss=0.0031 (t=0.0014 r=0.0158 beta=0.11) | val: 2.03deg/1778mm | 162.3s
[ 8700/10000] loss=0.0030 (t=0.0012 r=0.0167 beta=0.11) | val: 2.02deg/1856mm | 164.2s
[ 8800/10000] loss=0.0029 (t=0.0012 r=0.0160 beta=0.10) | val: 2.07deg/1775mm | 166.0s
[ 8900/10000] loss=0.0028 (t=0.0011 r=0.0166 beta=0.10) | val: 2.06deg/1769mm | 167.9s
[ 9000/10000] loss=0.0024 (t=0.0010 r=0.0139 beta=0.10) | val: 2.07deg/1783mm | 169.7s
[ 9100/10000] loss=0.0027 (t=0.0011 r=0.0152 beta=0.10) | val: 2.03deg/1794mm | 171.5s
[ 9200/10000] loss=0.0027 (t=0.0011 r=0.0155 beta=0.10) | val: 2.09deg/1759mm | 173.4s
[ 9300/10000] loss=0.0028 (t=0.0012 r=0.0150 beta=0.10) | val: 2.06deg/1780mm | 175.2s
[ 9400/10000] loss=0.0030 (t=0.0013 r=0.0159 beta=0.10) | val: 2.02deg/1803mm | 177.1s
[ 9500/10000] loss=0.0027 (t=0.0012 r=0.0146 beta=0.10) | val: 2.06deg/1844mm | 178.9s
[ 9600/10000] loss=0.0026 (t=0.0011 r=0.0150 beta=0.10) | val: 2.07deg/1795mm | 180.7s
[ 9700/10000] loss=0.0027 (t=0.0010 r=0.0156 beta=0.10) | val: 2.05deg/1806mm | 182.6s
[ 9800/10000] loss=0.0030 (t=0.0013 r=0.0166 beta=0.10) | val: 2.08deg/1787mm | 184.4s
[ 9900/10000] loss=0.0029 (t=0.0014 r=0.0144 beta=0.10) | val: 2.06deg/1829mm | 186.3s
[10000/10000] loss=0.0031 (t=0.0015 r=0.0153 beta=0.10) | val: 2.07deg/1814mm | 188.1s

Training done. Best epoch: 480, score: 1.5321

Loaded best model from epoch 480

======================================================================
EVALUATION RESULTS (Direct Regression)
======================================================================
Rotation  (median): 2.23deg
Translation (median): 1336mm

  R@5deg_1m: 31.3%  (rot_pass=92.3%, trans_pass=31.3%)
  R@10deg_2m: 64.8%  (rot_pass=100.0%, trans_pass=64.8%)
  R@15deg_5m: 93.4%  (rot_pass=100.0%, trans_pass=93.4%)
  R@25deg_5m: 93.4%  (rot_pass=100.0%, trans_pass=93.4%)

======================================================================
EVALUATION RESULTS (Retrieval Mode)
======================================================================
Retrieval median: 11.99deg / 2576mm
  R@5deg_1m: 2.7%  (rot=7.7%, trans=16.5%)
  R@10deg_2m: 16.5%  (rot=41.2%, trans=39.6%)
  R@15deg_5m: 57.1%  (rot=69.2%, trans=85.7%)
  R@25deg_5m: 83.5%  (rot=97.8%, trans=85.7%)
======================================================================

Done!
--- seed21 done ---
=== GPU1 ALL DONE ===
