[Mon 20 Apr 2026 06:06:00 AM CST] Starting config=e on GPU=5, seeds=(53 54 55 56 57 58 59 60 61 62 63 64)
[Mon 20 Apr 2026 06:06:00 AM CST] Training exp24e_attn_h4_wider_seed53 on GPU 5 ...
  R@15deg_5m: 62.6%  (rot=77.5%, trans=83.0%)
  R@25deg_5m: 81.9%  (rot=98.9%, trans=83.0%)
======================================================================

Done!
[Mon 20 Apr 2026 06:09:18 AM CST] Done exp24e_attn_h4_wider_seed53
[Mon 20 Apr 2026 06:09:18 AM CST] Training exp24e_attn_h4_wider_seed54 on GPU 5 ...
  R@15deg_5m: 59.3%  (rot=68.7%, trans=89.6%)
  R@25deg_5m: 86.8%  (rot=97.3%, trans=89.6%)
======================================================================

Done!
[Mon 20 Apr 2026 06:12:35 AM CST] Done exp24e_attn_h4_wider_seed54
[Mon 20 Apr 2026 06:12:35 AM CST] Training exp24e_attn_h4_wider_seed55 on GPU 5 ...
  R@15deg_5m: 62.6%  (rot=74.7%, trans=87.9%)
  R@25deg_5m: 85.7%  (rot=97.8%, trans=87.9%)
======================================================================

Done!
[Mon 20 Apr 2026 06:15:52 AM CST] Done exp24e_attn_h4_wider_seed55
[Mon 20 Apr 2026 06:15:52 AM CST] Training exp24e_attn_h4_wider_seed56 on GPU 5 ...
  R@15deg_5m: 56.0%  (rot=67.6%, trans=85.7%)
  R@25deg_5m: 83.5%  (rot=97.8%, trans=85.7%)
======================================================================

Done!
[Mon 20 Apr 2026 06:19:09 AM CST] Done exp24e_attn_h4_wider_seed56
[Mon 20 Apr 2026 06:19:09 AM CST] Training exp24e_attn_h4_wider_seed57 on GPU 5 ...
  R@15deg_5m: 53.8%  (rot=65.4%, trans=86.3%)
  R@25deg_5m: 83.5%  (rot=97.3%, trans=86.3%)
======================================================================

Done!
[Mon 20 Apr 2026 06:22:26 AM CST] Done exp24e_attn_h4_wider_seed57
[Mon 20 Apr 2026 06:22:26 AM CST] Training exp24e_attn_h4_wider_seed58 on GPU 5 ...
  R@15deg_5m: 56.0%  (rot=69.2%, trans=85.7%)
  R@25deg_5m: 84.1%  (rot=98.4%, trans=85.7%)
======================================================================

Done!
[Mon 20 Apr 2026 06:25:42 AM CST] Done exp24e_attn_h4_wider_seed58
[Mon 20 Apr 2026 06:25:42 AM CST] Training exp24e_attn_h4_wider_seed59 on GPU 5 ...
  R@15deg_5m: 52.2%  (rot=67.0%, trans=82.4%)
  R@25deg_5m: 80.8%  (rot=98.4%, trans=82.4%)
======================================================================

Done!
[Mon 20 Apr 2026 06:29:00 AM CST] Done exp24e_attn_h4_wider_seed59
[Mon 20 Apr 2026 06:29:00 AM CST] Training exp24e_attn_h4_wider_seed60 on GPU 5 ...
  R@15deg_5m: 56.6%  (rot=67.0%, trans=88.5%)
  R@25deg_5m: 85.2%  (rot=96.7%, trans=88.5%)
======================================================================

Done!
[Mon 20 Apr 2026 06:32:17 AM CST] Done exp24e_attn_h4_wider_seed60
[Mon 20 Apr 2026 06:32:17 AM CST] Training exp24e_attn_h4_wider_seed61 on GPU 5 ...
  R@15deg_5m: 56.0%  (rot=68.7%, trans=86.3%)
  R@25deg_5m: 84.6%  (rot=98.4%, trans=86.3%)
======================================================================

Done!
[Mon 20 Apr 2026 06:35:32 AM CST] Done exp24e_attn_h4_wider_seed61
[Mon 20 Apr 2026 06:35:32 AM CST] Training exp24e_attn_h4_wider_seed62 on GPU 5 ...
  R@15deg_5m: 54.4%  (rot=65.9%, trans=86.3%)
  R@25deg_5m: 83.0%  (rot=96.7%, trans=86.3%)
======================================================================

Done!
[Mon 20 Apr 2026 06:38:49 AM CST] Done exp24e_attn_h4_wider_seed62
[Mon 20 Apr 2026 06:38:49 AM CST] Training exp24e_attn_h4_wider_seed63 on GPU 5 ...
  R@15deg_5m: 52.7%  (rot=68.1%, trans=82.4%)
  R@25deg_5m: 80.8%  (rot=98.4%, trans=82.4%)
======================================================================

Done!
[Mon 20 Apr 2026 06:42:05 AM CST] Done exp24e_attn_h4_wider_seed63
[Mon 20 Apr 2026 06:42:05 AM CST] Training exp24e_attn_h4_wider_seed64 on GPU 5 ...
  R@15deg_5m: 53.3%  (rot=66.5%, trans=85.7%)
  R@25deg_5m: 84.1%  (rot=98.4%, trans=85.7%)
======================================================================

Done!
[Mon 20 Apr 2026 06:45:20 AM CST] Done exp24e_attn_h4_wider_seed64
[Mon 20 Apr 2026 06:45:20 AM CST] All done for config=e on GPU=5
