Random seed: 123
Using device: cuda:4

Loading data (fine=True, coarse=True, summary=False)...
  Loaded fine_geo: torch.Size([895, 128, 68, 120])
  Loaded coarse_sem: torch.Size([895, 128, 68, 120])
  [train] 895 samples loaded
  Loaded fine_geo: torch.Size([182, 128, 68, 120])
  Loaded coarse_sem: torch.Size([182, 128, 68, 120])
  [test] 182 samples loaded

Building center anchors...
  Anchor KMeans: K=64, inertia=2106.9
  Samples per anchor: min=6, mean=14.0, median=13, max=32
  Residual std: [1.0352123  0.30186546 1.0926783 ]
  Feature dim after pooling: 1024
Model parameters: 6,460,303
[    1/10000] loss=6.0486 (cls=4.4965 res=0.5789 f=0.9649 u=0.9813) | val: 20.51deg/7002mm R@10/2=0.0% R@5/1=0.0% a@1=6.6% a@3=30.8% | 0.9s
[  100/10000] loss=0.3390 (cls=0.1220 res=0.2154 f=0.0020 u=0.0013) | val: 3.94deg/3438mm R@10/2=31.9% R@5/1=17.6% a@1=43.4% a@3=68.7% | 3.0s
[  200/10000] loss=0.1442 (cls=0.0253 res=0.1182 f=0.0008 u=0.0005) | val: 3.06deg/3241mm R@10/2=33.0% R@5/1=15.9% a@1=45.1% a@3=67.0% | 5.0s
[  300/10000] loss=0.1032 (cls=0.0119 res=0.0908 f=0.0006 u=0.0004) | val: 3.06deg/3770mm R@10/2=29.7% R@5/1=12.6% a@1=39.6% a@3=66.5% | 6.9s
[  400/10000] loss=0.0757 (cls=0.0069 res=0.0683 f=0.0004 u=0.0003) | val: 2.91deg/3446mm R@10/2=33.5% R@5/1=17.6% a@1=44.0% a@3=64.8% | 8.7s
[  500/10000] loss=0.0639 (cls=0.0046 res=0.0589 f=0.0004 u=0.0003) | val: 2.75deg/3579mm R@10/2=28.6% R@5/1=13.7% a@1=41.8% a@3=63.2% | 10.6s
[  600/10000] loss=0.0512 (cls=0.0048 res=0.0461 f=0.0004 u=0.0003) | val: 3.11deg/3301mm R@10/2=32.4% R@5/1=17.0% a@1=42.9% a@3=65.4% | 12.4s
[  700/10000] loss=0.0372 (cls=0.0032 res=0.0338 f=0.0003 u=0.0002) | val: 2.76deg/3281mm R@10/2=34.6% R@5/1=16.5% a@1=42.3% a@3=65.9% | 14.3s
[  800/10000] loss=0.0345 (cls=0.0023 res=0.0320 f=0.0003 u=0.0002) | val: 2.97deg/3353mm R@10/2=34.6% R@5/1=14.8% a@1=41.2% a@3=67.0% | 16.1s
[  900/10000] loss=0.0945 (cls=0.0411 res=0.0532 f=0.0003 u=0.0002) | val: 2.94deg/3950mm R@10/2=25.3% R@5/1=11.0% a@1=39.6% a@3=62.6% | 18.0s
[ 1000/10000] loss=0.0324 (cls=0.0022 res=0.0299 f=0.0003 u=0.0002) | val: 2.93deg/3697mm R@10/2=28.6% R@5/1=12.6% a@1=37.9% a@3=63.7% | 19.8s
[ 1100/10000] loss=0.0258 (cls=0.0013 res=0.0243 f=0.0003 u=0.0002) | val: 2.82deg/3640mm R@10/2=31.9% R@5/1=13.2% a@1=41.8% a@3=65.9% | 21.7s
[ 1200/10000] loss=0.0217 (cls=0.0015 res=0.0200 f=0.0002 u=0.0002) | val: 2.87deg/3724mm R@10/2=30.2% R@5/1=13.7% a@1=41.2% a@3=63.7% | 23.5s
[ 1300/10000] loss=0.0204 (cls=0.0012 res=0.0190 f=0.0002 u=0.0002) | val: 2.92deg/3610mm R@10/2=30.8% R@5/1=13.7% a@1=39.6% a@3=64.8% | 25.4s
[ 1400/10000] loss=0.0183 (cls=0.0011 res=0.0170 f=0.0002 u=0.0001) | val: 2.92deg/3634mm R@10/2=31.3% R@5/1=13.7% a@1=41.2% a@3=65.9% | 27.2s
[ 1500/10000] loss=0.0141 (cls=0.0009 res=0.0130 f=0.0002 u=0.0002) | val: 2.91deg/3553mm R@10/2=29.1% R@5/1=12.6% a@1=40.1% a@3=64.8% | 29.1s
[ 1600/10000] loss=0.0164 (cls=0.0011 res=0.0151 f=0.0002 u=0.0002) | val: 2.95deg/3454mm R@10/2=30.2% R@5/1=14.3% a@1=40.1% a@3=64.3% | 30.9s
[ 1700/10000] loss=0.0142 (cls=0.0009 res=0.0132 f=0.0002 u=0.0001) | val: 2.98deg/3438mm R@10/2=29.7% R@5/1=14.3% a@1=40.7% a@3=64.8% | 32.8s
[ 1800/10000] loss=0.0144 (cls=0.0009 res=0.0133 f=0.0002 u=0.0001) | val: 2.83deg/3423mm R@10/2=28.6% R@5/1=12.6% a@1=39.6% a@3=65.9% | 34.6s
[ 1900/10000] loss=0.0125 (cls=0.0010 res=0.0113 f=0.0002 u=0.0001) | val: 2.60deg/3636mm R@10/2=30.2% R@5/1=13.7% a@1=40.7% a@3=64.8% | 36.5s
[ 2000/10000] loss=0.0128 (cls=0.0007 res=0.0119 f=0.0002 u=0.0001) | val: 2.66deg/3476mm R@10/2=28.6% R@5/1=13.7% a@1=42.3% a@3=64.3% | 38.4s
[ 2100/10000] loss=0.0114 (cls=0.0006 res=0.0107 f=0.0002 u=0.0001) | val: 2.83deg/3444mm R@10/2=29.1% R@5/1=11.5% a@1=39.6% a@3=64.8% | 40.2s
[ 2200/10000] loss=0.0125 (cls=0.0006 res=0.0118 f=0.0002 u=0.0001) | val: 3.07deg/3456mm R@10/2=29.1% R@5/1=13.2% a@1=40.1% a@3=64.8% | 42.1s
[ 2300/10000] loss=0.0106 (cls=0.0006 res=0.0099 f=0.0002 u=0.0001) | val: 2.92deg/3332mm R@10/2=30.2% R@5/1=13.7% a@1=40.7% a@3=65.4% | 43.9s
[ 2400/10000] loss=0.0105 (cls=0.0007 res=0.0097 f=0.0002 u=0.0001) | val: 2.82deg/3419mm R@10/2=28.6% R@5/1=12.1% a@1=41.2% a@3=65.4% | 45.8s
[ 2500/10000] loss=0.0103 (cls=0.0006 res=0.0096 f=0.0002 u=0.0001) | val: 2.84deg/3583mm R@10/2=27.5% R@5/1=13.7% a@1=41.2% a@3=67.0% | 47.6s
[ 2600/10000] loss=0.0092 (cls=0.0007 res=0.0084 f=0.0002 u=0.0001) | val: 2.82deg/3438mm R@10/2=26.4% R@5/1=13.2% a@1=39.6% a@3=63.7% | 49.5s
[ 2700/10000] loss=0.0115 (cls=0.0005 res=0.0109 f=0.0002 u=0.0001) | val: 2.82deg/3643mm R@10/2=26.9% R@5/1=13.7% a@1=39.6% a@3=62.6% | 51.3s
[ 2800/10000] loss=0.0108 (cls=0.0005 res=0.0101 f=0.0002 u=0.0001) | val: 2.75deg/3578mm R@10/2=28.0% R@5/1=13.7% a@1=40.1% a@3=64.8% | 53.2s
[ 2900/10000] loss=0.0109 (cls=0.0005 res=0.0102 f=0.0002 u=0.0001) | val: 2.70deg/3804mm R@10/2=29.1% R@5/1=13.7% a@1=41.8% a@3=64.3% | 55.0s
[ 3000/10000] loss=0.0101 (cls=0.0005 res=0.0095 f=0.0002 u=0.0001) | val: 2.97deg/3616mm R@10/2=33.0% R@5/1=13.7% a@1=41.2% a@3=63.7% | 56.9s
[ 3100/10000] loss=0.0088 (cls=0.0005 res=0.0082 f=0.0001 u=0.0001) | val: 3.07deg/3583mm R@10/2=31.9% R@5/1=15.9% a@1=41.2% a@3=64.3% | 58.8s
[ 3200/10000] loss=0.0083 (cls=0.0005 res=0.0077 f=0.0001 u=0.0001) | val: 2.83deg/3681mm R@10/2=30.2% R@5/1=13.2% a@1=40.7% a@3=64.3% | 60.6s
[ 3300/10000] loss=0.0107 (cls=0.0005 res=0.0101 f=0.0002 u=0.0001) | val: 3.09deg/3805mm R@10/2=26.4% R@5/1=13.7% a@1=42.3% a@3=63.7% | 62.5s
[ 3400/10000] loss=0.0073 (cls=0.0004 res=0.0067 f=0.0002 u=0.0001) | val: 2.84deg/3466mm R@10/2=31.9% R@5/1=12.6% a@1=40.7% a@3=63.7% | 64.3s
[ 3500/10000] loss=0.0085 (cls=0.0004 res=0.0080 f=0.0001 u=0.0001) | val: 2.87deg/3618mm R@10/2=30.2% R@5/1=12.1% a@1=40.7% a@3=62.1% | 66.2s
[ 3600/10000] loss=0.0086 (cls=0.0004 res=0.0081 f=0.0001 u=0.0001) | val: 3.02deg/3592mm R@10/2=27.5% R@5/1=13.2% a@1=41.2% a@3=63.2% | 68.1s
[ 3700/10000] loss=0.0077 (cls=0.0004 res=0.0072 f=0.0002 u=0.0001) | val: 2.99deg/3723mm R@10/2=26.9% R@5/1=13.7% a@1=40.1% a@3=62.1% | 69.9s
[ 3800/10000] loss=0.0086 (cls=0.0004 res=0.0081 f=0.0001 u=0.0001) | val: 2.91deg/3673mm R@10/2=28.6% R@5/1=14.3% a@1=40.1% a@3=62.1% | 71.8s
[ 3900/10000] loss=0.0078 (cls=0.0003 res=0.0074 f=0.0002 u=0.0001) | val: 2.77deg/3647mm R@10/2=26.4% R@5/1=13.2% a@1=41.8% a@3=62.6% | 73.6s
[ 4000/10000] loss=0.0071 (cls=0.0003 res=0.0067 f=0.0001 u=0.0001) | val: 2.90deg/3512mm R@10/2=29.7% R@5/1=13.2% a@1=41.2% a@3=62.6% | 75.5s
[ 4100/10000] loss=0.0080 (cls=0.0003 res=0.0075 f=0.0002 u=0.0001) | val: 2.78deg/3547mm R@10/2=30.8% R@5/1=14.8% a@1=40.7% a@3=63.2% | 77.3s
[ 4200/10000] loss=0.0076 (cls=0.0004 res=0.0071 f=0.0001 u=0.0001) | val: 2.82deg/3597mm R@10/2=28.0% R@5/1=14.3% a@1=43.4% a@3=63.7% | 79.2s
[ 4300/10000] loss=0.0067 (cls=0.0003 res=0.0063 f=0.0001 u=0.0001) | val: 2.96deg/3707mm R@10/2=26.4% R@5/1=12.6% a@1=41.8% a@3=63.2% | 81.0s
[ 4400/10000] loss=0.0068 (cls=0.0003 res=0.0064 f=0.0001 u=0.0001) | val: 2.93deg/3603mm R@10/2=27.5% R@5/1=13.7% a@1=41.8% a@3=63.7% | 82.9s
[ 4500/10000] loss=0.0071 (cls=0.0002 res=0.0068 f=0.0001 u=0.0001) | val: 2.95deg/3741mm R@10/2=28.0% R@5/1=12.1% a@1=41.8% a@3=63.7% | 84.7s
[ 4600/10000] loss=0.0065 (cls=0.0002 res=0.0061 f=0.0001 u=0.0001) | val: 3.09deg/3683mm R@10/2=29.7% R@5/1=12.6% a@1=39.6% a@3=62.6% | 86.6s
[ 4700/10000] loss=0.0058 (cls=0.0003 res=0.0054 f=0.0001 u=0.0001) | val: 2.85deg/3593mm R@10/2=27.5% R@5/1=12.1% a@1=41.8% a@3=62.6% | 88.4s
[ 4800/10000] loss=0.0065 (cls=0.0002 res=0.0062 f=0.0001 u=0.0001) | val: 2.94deg/3533mm R@10/2=26.9% R@5/1=13.2% a@1=42.3% a@3=62.6% | 90.3s
[ 4900/10000] loss=0.0060 (cls=0.0003 res=0.0056 f=0.0001 u=0.0001) | val: 2.87deg/3709mm R@10/2=28.6% R@5/1=13.7% a@1=42.3% a@3=62.6% | 92.1s
[ 5000/10000] loss=0.0067 (cls=0.0002 res=0.0065 f=0.0001 u=0.0001) | val: 2.82deg/3789mm R@10/2=26.4% R@5/1=11.5% a@1=42.3% a@3=63.7% | 94.0s
[ 5100/10000] loss=0.0082 (cls=0.0002 res=0.0079 f=0.0001 u=0.0001) | val: 2.84deg/3777mm R@10/2=27.5% R@5/1=13.7% a@1=44.0% a@3=64.3% | 95.8s
[ 5200/10000] loss=0.0049 (cls=0.0002 res=0.0047 f=0.0001 u=0.0001) | val: 2.81deg/3568mm R@10/2=29.7% R@5/1=12.6% a@1=43.4% a@3=63.7% | 97.7s
[ 5300/10000] loss=0.0054 (cls=0.0002 res=0.0050 f=0.0001 u=0.0001) | val: 2.92deg/3552mm R@10/2=30.8% R@5/1=12.6% a@1=41.8% a@3=63.2% | 99.5s
[ 5400/10000] loss=0.0077 (cls=0.0002 res=0.0074 f=0.0001 u=0.0001) | val: 2.78deg/3700mm R@10/2=28.6% R@5/1=13.7% a@1=41.2% a@3=63.7% | 101.4s
[ 5500/10000] loss=0.0048 (cls=0.0003 res=0.0045 f=0.0001 u=0.0001) | val: 2.91deg/3629mm R@10/2=28.0% R@5/1=12.6% a@1=41.8% a@3=62.6% | 103.2s
[ 5600/10000] loss=0.0051 (cls=0.0002 res=0.0048 f=0.0001 u=0.0001) | val: 2.92deg/3783mm R@10/2=26.9% R@5/1=13.2% a@1=41.8% a@3=63.2% | 105.1s
[ 5700/10000] loss=0.0053 (cls=0.0001 res=0.0051 f=0.0001 u=0.0001) | val: 2.98deg/3833mm R@10/2=27.5% R@5/1=13.7% a@1=41.2% a@3=62.1% | 106.9s
[ 5800/10000] loss=0.0043 (cls=0.0001 res=0.0041 f=0.0001 u=0.0000) | val: 3.10deg/3548mm R@10/2=29.1% R@5/1=14.3% a@1=41.8% a@3=64.3% | 108.8s
[ 5900/10000] loss=0.0045 (cls=0.0002 res=0.0042 f=0.0001 u=0.0001) | val: 3.10deg/3341mm R@10/2=29.7% R@5/1=15.4% a@1=41.2% a@3=61.5% | 110.7s
[ 6000/10000] loss=0.0043 (cls=0.0002 res=0.0041 f=0.0001 u=0.0001) | val: 2.89deg/3781mm R@10/2=27.5% R@5/1=12.6% a@1=43.4% a@3=63.7% | 112.5s
[ 6100/10000] loss=0.0041 (cls=0.0001 res=0.0039 f=0.0001 u=0.0001) | val: 2.92deg/3803mm R@10/2=26.4% R@5/1=13.7% a@1=41.2% a@3=62.1% | 114.4s
[ 6200/10000] loss=0.0051 (cls=0.0002 res=0.0049 f=0.0001 u=0.0001) | val: 2.83deg/3812mm R@10/2=28.6% R@5/1=15.4% a@1=41.8% a@3=61.5% | 116.2s
[ 6300/10000] loss=0.0047 (cls=0.0001 res=0.0045 f=0.0001 u=0.0001) | val: 2.78deg/3760mm R@10/2=29.7% R@5/1=13.7% a@1=42.3% a@3=62.6% | 118.1s
[ 6400/10000] loss=0.0039 (cls=0.0002 res=0.0036 f=0.0001 u=0.0001) | val: 2.89deg/3819mm R@10/2=27.5% R@5/1=11.5% a@1=41.8% a@3=62.1% | 119.9s
[ 6500/10000] loss=0.0036 (cls=0.0001 res=0.0034 f=0.0001 u=0.0001) | val: 2.92deg/3801mm R@10/2=28.0% R@5/1=12.6% a@1=41.8% a@3=61.5% | 121.8s
[ 6600/10000] loss=0.0034 (cls=0.0002 res=0.0032 f=0.0001 u=0.0001) | val: 2.91deg/3920mm R@10/2=28.0% R@5/1=12.1% a@1=40.7% a@3=63.2% | 123.6s
[ 6700/10000] loss=0.0040 (cls=0.0002 res=0.0037 f=0.0001 u=0.0001) | val: 2.85deg/3938mm R@10/2=27.5% R@5/1=12.1% a@1=41.8% a@3=61.0% | 125.5s
[ 6800/10000] loss=0.0041 (cls=0.0001 res=0.0039 f=0.0001 u=0.0001) | val: 2.97deg/3812mm R@10/2=25.3% R@5/1=13.2% a@1=41.8% a@3=63.7% | 127.4s
[ 6900/10000] loss=0.0034 (cls=0.0001 res=0.0032 f=0.0001 u=0.0000) | val: 2.85deg/3908mm R@10/2=24.7% R@5/1=13.2% a@1=41.2% a@3=63.2% | 129.2s
[ 7000/10000] loss=0.0036 (cls=0.0001 res=0.0035 f=0.0001 u=0.0000) | val: 2.93deg/3839mm R@10/2=27.5% R@5/1=12.6% a@1=41.8% a@3=64.3% | 131.1s
[ 7100/10000] loss=0.0034 (cls=0.0001 res=0.0032 f=0.0001 u=0.0001) | val: 2.88deg/3736mm R@10/2=25.8% R@5/1=12.6% a@1=42.3% a@3=62.6% | 132.9s
[ 7200/10000] loss=0.0033 (cls=0.0001 res=0.0031 f=0.0001 u=0.0001) | val: 2.90deg/3955mm R@10/2=25.3% R@5/1=13.7% a@1=42.3% a@3=63.2% | 134.8s
[ 7300/10000] loss=0.0035 (cls=0.0001 res=0.0033 f=0.0001 u=0.0001) | val: 2.92deg/3864mm R@10/2=26.9% R@5/1=12.1% a@1=42.3% a@3=63.7% | 136.6s
[ 7400/10000] loss=0.0025 (cls=0.0001 res=0.0024 f=0.0001 u=0.0001) | val: 2.89deg/3821mm R@10/2=25.8% R@5/1=13.2% a@1=40.7% a@3=64.3% | 138.5s
[ 7500/10000] loss=0.0035 (cls=0.0001 res=0.0033 f=0.0001 u=0.0001) | val: 2.89deg/3846mm R@10/2=25.8% R@5/1=13.2% a@1=41.2% a@3=64.3% | 140.4s
[ 7600/10000] loss=0.0030 (cls=0.0001 res=0.0029 f=0.0001 u=0.0000) | val: 2.87deg/3913mm R@10/2=25.8% R@5/1=13.2% a@1=41.2% a@3=63.2% | 142.2s
[ 7700/10000] loss=0.0036 (cls=0.0001 res=0.0034 f=0.0001 u=0.0001) | val: 2.88deg/3947mm R@10/2=25.3% R@5/1=11.5% a@1=41.2% a@3=63.7% | 144.1s
[ 7800/10000] loss=0.0029 (cls=0.0001 res=0.0027 f=0.0001 u=0.0000) | val: 2.88deg/3834mm R@10/2=24.7% R@5/1=12.1% a@1=42.3% a@3=63.7% | 145.9s
[ 7900/10000] loss=0.0031 (cls=0.0001 res=0.0030 f=0.0001 u=0.0000) | val: 2.90deg/3856mm R@10/2=25.3% R@5/1=12.1% a@1=42.3% a@3=63.7% | 147.8s
[ 8000/10000] loss=0.0031 (cls=0.0001 res=0.0029 f=0.0001 u=0.0000) | val: 2.81deg/3846mm R@10/2=26.9% R@5/1=12.1% a@1=42.3% a@3=63.7% | 149.7s
[ 8100/10000] loss=0.0028 (cls=0.0001 res=0.0026 f=0.0001 u=0.0001) | val: 2.88deg/3863mm R@10/2=26.9% R@5/1=12.1% a@1=42.3% a@3=63.7% | 151.5s
[ 8200/10000] loss=0.0024 (cls=0.0001 res=0.0022 f=0.0001 u=0.0001) | val: 2.88deg/3850mm R@10/2=25.8% R@5/1=11.5% a@1=42.3% a@3=63.2% | 153.4s
[ 8300/10000] loss=0.0026 (cls=0.0001 res=0.0025 f=0.0001 u=0.0001) | val: 2.95deg/3872mm R@10/2=26.4% R@5/1=13.2% a@1=42.3% a@3=63.2% | 155.2s
[ 8400/10000] loss=0.0029 (cls=0.0001 res=0.0027 f=0.0001 u=0.0000) | val: 2.83deg/3849mm R@10/2=25.8% R@5/1=13.7% a@1=42.3% a@3=63.2% | 157.1s
[ 8500/10000] loss=0.0030 (cls=0.0001 res=0.0029 f=0.0001 u=0.0000) | val: 2.94deg/3901mm R@10/2=24.7% R@5/1=13.2% a@1=42.3% a@3=63.2% | 158.9s
[ 8600/10000] loss=0.0031 (cls=0.0001 res=0.0030 f=0.0001 u=0.0001) | val: 2.92deg/3860mm R@10/2=25.3% R@5/1=13.2% a@1=42.3% a@3=63.2% | 160.8s
[ 8700/10000] loss=0.0029 (cls=0.0001 res=0.0027 f=0.0001 u=0.0001) | val: 2.91deg/3756mm R@10/2=25.8% R@5/1=12.1% a@1=42.3% a@3=62.6% | 162.6s
[ 8800/10000] loss=0.0026 (cls=0.0001 res=0.0025 f=0.0001 u=0.0001) | val: 2.93deg/3754mm R@10/2=25.8% R@5/1=12.6% a@1=41.8% a@3=62.6% | 164.5s
[ 8900/10000] loss=0.0028 (cls=0.0001 res=0.0027 f=0.0001 u=0.0001) | val: 2.86deg/3853mm R@10/2=25.8% R@5/1=12.6% a@1=42.3% a@3=63.2% | 166.3s
[ 9000/10000] loss=0.0026 (cls=0.0001 res=0.0025 f=0.0001 u=0.0000) | val: 2.88deg/3762mm R@10/2=26.4% R@5/1=12.1% a@1=42.3% a@3=63.2% | 168.2s
[ 9100/10000] loss=0.0024 (cls=0.0001 res=0.0023 f=0.0001 u=0.0000) | val: 2.92deg/3839mm R@10/2=26.4% R@5/1=12.6% a@1=42.3% a@3=63.2% | 170.1s
[ 9200/10000] loss=0.0029 (cls=0.0001 res=0.0027 f=0.0001 u=0.0000) | val: 2.95deg/3863mm R@10/2=26.9% R@5/1=12.1% a@1=42.3% a@3=63.2% | 171.9s
[ 9300/10000] loss=0.0022 (cls=0.0000 res=0.0020 f=0.0001 u=0.0000) | val: 2.84deg/3837mm R@10/2=26.4% R@5/1=12.1% a@1=42.3% a@3=63.2% | 173.8s
[ 9400/10000] loss=0.0030 (cls=0.0001 res=0.0028 f=0.0001 u=0.0000) | val: 2.87deg/3858mm R@10/2=26.9% R@5/1=12.1% a@1=42.3% a@3=63.2% | 175.6s
[ 9500/10000] loss=0.0025 (cls=0.0001 res=0.0023 f=0.0001 u=0.0000) | val: 2.91deg/3868mm R@10/2=26.9% R@5/1=12.1% a@1=42.3% a@3=63.2% | 177.5s
[ 9600/10000] loss=0.0025 (cls=0.0000 res=0.0024 f=0.0001 u=0.0000) | val: 2.92deg/3856mm R@10/2=26.4% R@5/1=12.1% a@1=42.3% a@3=63.2% | 179.3s
[ 9700/10000] loss=0.0027 (cls=0.0001 res=0.0025 f=0.0001 u=0.0000) | val: 2.89deg/3840mm R@10/2=26.4% R@5/1=12.6% a@1=42.3% a@3=63.2% | 181.2s
[ 9800/10000] loss=0.0023 (cls=0.0001 res=0.0021 f=0.0001 u=0.0000) | val: 2.87deg/3844mm R@10/2=26.9% R@5/1=12.6% a@1=42.3% a@3=63.2% | 183.0s
[ 9900/10000] loss=0.0029 (cls=0.0001 res=0.0028 f=0.0001 u=0.0000) | val: 2.88deg/3842mm R@10/2=26.4% R@5/1=12.6% a@1=42.3% a@3=63.2% | 184.9s
[10000/10000] loss=0.0025 (cls=0.0001 res=0.0024 f=0.0001 u=0.0000) | val: 2.89deg/3841mm R@10/2=26.9% R@5/1=12.6% a@1=42.3% a@3=63.2% | 186.8s

Training done. Best epoch: 190, score=3.3826

======================================================================
EVALUATION RESULTS (Center + Frustum)
======================================================================
Rotation  (median): 3.15deg
Translation (median): 3114mm
  R@5deg_1m: 14.8%  (rot_pass=78.6%, trans_pass=15.9%)
  R@10deg_2m: 35.2%  (rot_pass=95.1%, trans_pass=35.2%)
  R@15deg_5m: 74.7%  (rot_pass=98.9%, trans_pass=74.7%)
  R@25deg_5m: 74.7%  (rot_pass=100.0%, trans_pass=74.7%)

======================================================================
EVALUATION RESULTS (Retrieval Mode)
======================================================================
Retrieval median: 11.21deg / 3872mm
  R@5deg_1m: 2.2%  (rot=7.7%, trans=13.7%)
  R@10deg_2m: 15.4%  (rot=42.3%, trans=29.7%)
  R@15deg_5m: 56.0%  (rot=74.7%, trans=69.2%)
  R@25deg_5m: 67.6%  (rot=97.3%, trans=69.2%)
