=== exp23c_patchvote_sum_seed314 ===
Random seed: 314
Using device: cuda:4

Loading data (fine=True, coarse=True, summary_broadcast=True)...
/root/miniconda3/envs/iclpose/lib/python3.9/site-packages/torch/_utils.py:776: UserWarning: TypedStorage is deprecated. It will be removed in the future and UntypedStorage will be the only storage class. This should only matter to you if you are using storages directly.  To access UntypedStorage directly, use tensor.untyped_storage() instead of tensor.storage()
  return self.fget.__get__(instance, owner)()
  Loaded fine_geo: torch.Size([895, 128, 68, 120])
  Loaded coarse_sem: torch.Size([895, 128, 68, 120])
  Loaded summary: torch.Size([895, 2560])
  [train] 895 images, 8160 patches/image, 7303200 total patches
  Loaded fine_geo: torch.Size([182, 128, 68, 120])
  Loaded coarse_sem: torch.Size([182, 128, 68, 120])
  Loaded summary: torch.Size([182, 2560])
  [test] 182 images, 8160 patches/image, 1485120 total patches
Translation norm: mean=[13.19548    -0.64731836 23.103329  ], std=[10.827089    0.94348246  9.766839  ]
Model: input_dim=2818, params=3,548,681
[    1/200] loss=7.4180 (t=5.5557 r=1.8670 β=1.00) | val: 54.30deg/435017mm | R@10/2m=0.0% R@5/1m=0.0% | 28.2s
[   10/200] loss=3.3725 (t=2.8415 r=0.5446 β=0.97) | val: 27.60deg/50507mm | R@10/2m=0.0% R@5/1m=0.0% | 82.9s
[   20/200] loss=2.1678 (t=1.6753 r=0.5183 β=0.95) | val: 28.03deg/13964mm | R@10/2m=0.0% R@5/1m=0.0% | 134.0s
[   30/200] loss=1.4356 (t=1.0760 r=0.3888 β=0.93) | val: 27.35deg/12193mm | R@10/2m=2.2% R@5/1m=1.1% | 184.0s
[   40/200] loss=1.1892 (t=0.7886 r=0.4450 β=0.90) | val: 24.37deg/11481mm | R@10/2m=0.0% R@5/1m=0.0% | 234.6s
[   50/200] loss=1.0339 (t=0.7152 r=0.3642 β=0.88) | val: 25.74deg/11389mm | R@10/2m=0.0% R@5/1m=0.0% | 286.9s
[   60/200] loss=0.9113 (t=0.5972 r=0.3695 β=0.85) | val: 21.72deg/9285mm | R@10/2m=0.0% R@5/1m=0.0% | 342.6s
[   70/200] loss=0.7840 (t=0.4563 r=0.3971 β=0.82) | val: 19.86deg/13497mm | R@10/2m=0.0% R@5/1m=0.0% | 392.4s
[   80/200] loss=0.6822 (t=0.4104 r=0.3397 β=0.80) | val: 16.49deg/11018mm | R@10/2m=0.0% R@5/1m=0.0% | 443.0s
[   90/200] loss=0.6132 (t=0.3624 r=0.3236 β=0.78) | val: 13.91deg/10242mm | R@10/2m=0.5% R@5/1m=0.0% | 492.2s
[  100/200] loss=0.5446 (t=0.3429 r=0.2689 β=0.75) | val: 12.08deg/5923mm | R@10/2m=1.1% R@5/1m=0.0% | 542.7s
[  110/200] loss=0.5125 (t=0.3144 r=0.2733 β=0.72) | val: 12.16deg/6226mm | R@10/2m=7.1% R@5/1m=0.5% | 592.7s
[  120/200] loss=0.4743 (t=0.2963 r=0.2542 β=0.70) | val: 10.89deg/4828mm | R@10/2m=4.9% R@5/1m=0.0% | 643.3s
[  130/200] loss=0.4639 (t=0.3090 r=0.2294 β=0.68) | val: 10.83deg/4423mm | R@10/2m=13.7% R@5/1m=1.6% | 693.2s
[  140/200] loss=0.4556 (t=0.2913 r=0.2528 β=0.65) | val: 9.58deg/3929mm | R@10/2m=13.2% R@5/1m=0.0% | 745.6s
[  150/200] loss=0.4244 (t=0.2838 r=0.2250 β=0.62) | val: 9.89deg/5001mm | R@10/2m=8.2% R@5/1m=1.1% | 803.4s
[  160/200] loss=0.3994 (t=0.2708 r=0.2144 β=0.60) | val: 9.62deg/4876mm | R@10/2m=14.3% R@5/1m=2.7% | 853.1s
[  170/200] loss=0.3999 (t=0.2584 r=0.2461 β=0.57) | val: 9.47deg/3800mm | R@10/2m=19.8% R@5/1m=3.8% | 903.1s
[  180/200] loss=0.3739 (t=0.2456 r=0.2333 β=0.55) | val: 9.18deg/4238mm | R@10/2m=19.2% R@5/1m=3.8% | 954.0s
[  190/200] loss=0.3646 (t=0.2543 r=0.2100 β=0.53) | val: 9.19deg/3896mm | R@10/2m=18.1% R@5/1m=2.7% | 1005.4s
[  200/200] loss=0.3508 (t=0.2447 r=0.2122 β=0.50) | val: 9.17deg/3857mm | R@10/2m=18.7% R@5/1m=2.7% | 1057.6s

Training done. Best epoch: 145, score: 4.6471

Loaded best model from epoch 145

  Aggregation: median
    Rot: 10.43deg | Trans: 3604mm
    R@5deg_1m: 0.5%  (rot=21.4%, trans=3.3%)
    R@10deg_2m: 13.2%  (rot=47.8%, trans=22.0%)

  Aggregation: trimmed_20
    Rot: 10.43deg | Trans: 3619mm
    R@5deg_1m: 0.5%  (rot=21.4%, trans=3.3%)
    R@10deg_2m: 13.2%  (rot=47.8%, trans=22.0%)

  Aggregation: trimmed_10
    Rot: 10.43deg | Trans: 3631mm
    R@5deg_1m: 0.5%  (rot=21.4%, trans=3.3%)
    R@10deg_2m: 13.2%  (rot=47.8%, trans=22.0%)

  Aggregation: center_50
    Rot: 10.09deg | Trans: 3496mm
    R@5deg_1m: 2.2%  (rot=20.9%, trans=6.0%)
    R@10deg_2m: 14.3%  (rot=49.5%, trans=22.5%)

  Aggregation: center_70
    Rot: 10.37deg | Trans: 3490mm
    R@5deg_1m: 0.5%  (rot=20.9%, trans=3.8%)
    R@10deg_2m: 12.6%  (rot=48.4%, trans=21.4%)

======================================================================
BEST AGGREGATION: center_50
======================================================================

Rotation  (median): 10.09deg
Translation (median): 3496mm
  R@5deg_1m: 2.2%
  R@10deg_2m: 14.3%
  R@15deg_5m: 50.0%
  R@25deg_5m: 65.4%

Done!
--- done ---
=== exp23c_patchvote_sum_seed123 ===
Random seed: 123
Using device: cuda:4

Loading data (fine=True, coarse=True, summary_broadcast=True)...
/root/miniconda3/envs/iclpose/lib/python3.9/site-packages/torch/_utils.py:776: UserWarning: TypedStorage is deprecated. It will be removed in the future and UntypedStorage will be the only storage class. This should only matter to you if you are using storages directly.  To access UntypedStorage directly, use tensor.untyped_storage() instead of tensor.storage()
  return self.fget.__get__(instance, owner)()
  Loaded fine_geo: torch.Size([895, 128, 68, 120])
  Loaded coarse_sem: torch.Size([895, 128, 68, 120])
  Loaded summary: torch.Size([895, 2560])
  [train] 895 images, 8160 patches/image, 7303200 total patches
  Loaded fine_geo: torch.Size([182, 128, 68, 120])
  Loaded coarse_sem: torch.Size([182, 128, 68, 120])
  Loaded summary: torch.Size([182, 2560])
  [test] 182 images, 8160 patches/image, 1485120 total patches
Translation norm: mean=[13.19548    -0.64731836 23.103329  ], std=[10.827089    0.94348246  9.766839  ]
Model: input_dim=2818, params=3,548,681
[    1/200] loss=7.8770 (t=5.7980 r=2.0843 β=1.00) | val: 68.82deg/161705mm | R@10/2m=0.0% R@5/1m=0.0% | 25.1s
[   10/200] loss=2.5956 (t=1.9507 r=0.6614 β=0.97) | val: 27.44deg/25862mm | R@10/2m=0.0% R@5/1m=0.0% | 80.6s
[   20/200] loss=1.7575 (t=1.3243 r=0.4560 β=0.95) | val: 29.11deg/12678mm | R@10/2m=0.0% R@5/1m=0.0% | 130.6s
