=== exp24a_attn_h4_seed123 on GPU 0 ===
======================================================================
Experiment: exp24a_attn_h4_seed123
Pool: attn, Features: both+sum
======================================================================
Random seed: 123
Using device: cuda:0

Loading data (fine=True, coarse=True, summary=True)...
  Loaded fine_geo: torch.Size([895, 128, 68, 120])
  Loaded coarse_sem: torch.Size([895, 128, 68, 120])
  Loaded summary: torch.Size([895, 2560])
  [train] 895 samples loaded
  Loaded fine_geo: torch.Size([182, 128, 68, 120])
  Loaded coarse_sem: torch.Size([182, 128, 68, 120])
  Loaded summary: torch.Size([182, 2560])
  [test] 182 samples loaded
Translation norm: mean=[13.19548    -0.64731836 23.103329  ], std=[10.827089    0.94348246  9.766839  ]
  Feature dim after pooling: 3584
Model parameters: 4,357,266
Model parameters: 4,357,266
[    1/10000] loss=3.1343 (t=0.4928 r=2.6415 beta=1.00) | val: 39.66deg/32445mm | 0.4s
[  100/10000] loss=0.1135 (t=0.0440 r=0.0751 beta=0.93) | val: 4.84deg/3226mm | 2.8s
[  200/10000] loss=0.0751 (t=0.0255 r=0.0566 beta=0.88) | val: 3.44deg/2205mm | 4.9s
[  300/10000] loss=0.0628 (t=0.0202 r=0.0511 beta=0.83) | val: 2.61deg/2198mm | 6.9s
[  400/10000] loss=0.0539 (t=0.0194 r=0.0434 beta=0.80) | val: 2.24deg/1933mm | 8.9s
[  500/10000] loss=0.0450 (t=0.0153 r=0.0391 beta=0.76) | val: 2.63deg/1868mm | 10.7s
[  600/10000] loss=0.0387 (t=0.0106 r=0.0386 beta=0.73) | val: 2.34deg/1675mm | 12.6s
[  700/10000] loss=0.0336 (t=0.0085 r=0.0362 beta=0.69) | val: 2.13deg/1610mm | 14.6s
[  800/10000] loss=0.0359 (t=0.0117 r=0.0364 beta=0.66) | val: 2.60deg/1462mm | 16.4s
[  900/10000] loss=0.0277 (t=0.0067 r=0.0331 beta=0.64) | val: 2.50deg/1575mm | 18.2s
[ 1000/10000] loss=0.0270 (t=0.0064 r=0.0336 beta=0.61) | val: 2.15deg/1301mm | 20.0s
[ 1100/10000] loss=0.0269 (t=0.0097 r=0.0294 beta=0.58) | val: 2.37deg/1687mm | 21.8s
[ 1200/10000] loss=0.0231 (t=0.0054 r=0.0316 beta=0.56) | val: 2.52deg/1501mm | 23.6s
[ 1300/10000] loss=0.0206 (t=0.0051 r=0.0288 beta=0.54) | val: 2.35deg/1401mm | 25.4s
[ 1400/10000] loss=0.0202 (t=0.0053 r=0.0287 beta=0.52) | val: 2.28deg/1640mm | 27.2s
[ 1500/10000] loss=0.0188 (t=0.0049 r=0.0279 beta=0.50) | val: 2.27deg/1666mm | 29.0s
[ 1600/10000] loss=0.0181 (t=0.0048 r=0.0280 beta=0.48) | val: 2.20deg/1554mm | 30.9s
[ 1700/10000] loss=0.0173 (t=0.0047 r=0.0276 beta=0.46) | val: 2.54deg/1711mm | 32.7s
[ 1800/10000] loss=0.0162 (t=0.0045 r=0.0266 beta=0.44) | val: 2.31deg/1537mm | 34.5s
[ 1900/10000] loss=0.0162 (t=0.0045 r=0.0277 beta=0.42) | val: 2.29deg/1562mm | 36.3s
[ 2000/10000] loss=0.0178 (t=0.0049 r=0.0317 beta=0.41) | val: 2.31deg/1792mm | 38.1s
[ 2100/10000] loss=0.0143 (t=0.0042 r=0.0256 beta=0.39) | val: 2.37deg/1430mm | 39.9s
[ 2200/10000] loss=0.0152 (t=0.0048 r=0.0275 beta=0.38) | val: 2.44deg/1646mm | 41.8s
[ 2300/10000] loss=0.0121 (t=0.0033 r=0.0243 beta=0.36) | val: 2.32deg/1692mm | 43.6s
[ 2400/10000] loss=0.0131 (t=0.0038 r=0.0265 beta=0.35) | val: 2.42deg/1511mm | 45.4s
[ 2500/10000] loss=0.0117 (t=0.0030 r=0.0255 beta=0.34) | val: 2.28deg/1678mm | 47.2s
[ 2600/10000] loss=0.0118 (t=0.0034 r=0.0259 beta=0.33) | val: 2.38deg/1645mm | 49.0s
[ 2700/10000] loss=0.0114 (t=0.0033 r=0.0258 beta=0.31) | val: 2.27deg/1586mm | 50.9s
[ 2800/10000] loss=0.0110 (t=0.0026 r=0.0277 beta=0.30) | val: 2.30deg/1460mm | 52.7s
[ 2900/10000] loss=0.0102 (t=0.0031 r=0.0241 beta=0.29) | val: 2.31deg/1463mm | 54.5s
[ 3000/10000] loss=0.0108 (t=0.0037 r=0.0251 beta=0.28) | val: 2.31deg/1498mm | 56.3s
[ 3100/10000] loss=0.0096 (t=0.0035 r=0.0223 beta=0.27) | val: 2.34deg/1648mm | 58.1s
[ 3200/10000] loss=0.0097 (t=0.0032 r=0.0247 beta=0.26) | val: 2.36deg/1651mm | 60.0s
[ 3300/10000] loss=0.0098 (t=0.0035 r=0.0243 beta=0.26) | val: 2.39deg/1606mm | 61.8s
[ 3400/10000] loss=0.0102 (t=0.0040 r=0.0250 beta=0.25) | val: 2.52deg/1592mm | 63.6s
[ 3500/10000] loss=0.0093 (t=0.0041 r=0.0219 beta=0.24) | val: 2.36deg/1562mm | 65.4s
[ 3600/10000] loss=0.0088 (t=0.0029 r=0.0251 beta=0.23) | val: 2.49deg/1790mm | 67.2s
[ 3700/10000] loss=0.0082 (t=0.0031 r=0.0225 beta=0.23) | val: 2.23deg/1637mm | 69.1s
[ 3800/10000] loss=0.0086 (t=0.0032 r=0.0245 beta=0.22) | val: 2.39deg/1572mm | 70.9s
[ 3900/10000] loss=0.0081 (t=0.0031 r=0.0233 beta=0.21) | val: 2.29deg/1496mm | 72.7s
[ 4000/10000] loss=0.0082 (t=0.0031 r=0.0247 beta=0.21) | val: 2.46deg/1672mm | 74.5s
[ 4100/10000] loss=0.0072 (t=0.0027 r=0.0227 beta=0.20) | val: 2.51deg/1632mm | 76.4s
[ 4200/10000] loss=0.0086 (t=0.0037 r=0.0251 beta=0.19) | val: 2.33deg/1665mm | 78.2s
[ 4300/10000] loss=0.0071 (t=0.0027 r=0.0233 beta=0.19) | val: 2.38deg/1753mm | 80.0s
[ 4400/10000] loss=0.0076 (t=0.0030 r=0.0252 beta=0.18) | val: 2.37deg/1626mm | 81.9s
[ 4500/10000] loss=0.0060 (t=0.0021 r=0.0216 beta=0.18) | val: 2.48deg/1621mm | 83.7s
[ 4600/10000] loss=0.0068 (t=0.0025 r=0.0245 beta=0.17) | val: 2.58deg/1715mm | 85.5s
[ 4700/10000] loss=0.0061 (t=0.0024 r=0.0218 beta=0.17) | val: 2.31deg/1608mm | 87.3s
[ 4800/10000] loss=0.0074 (t=0.0033 r=0.0248 beta=0.16) | val: 2.24deg/1572mm | 89.1s
[ 4900/10000] loss=0.0067 (t=0.0026 r=0.0252 beta=0.16) | val: 2.30deg/1553mm | 91.0s
[ 5000/10000] loss=0.0062 (t=0.0025 r=0.0242 beta=0.16) | val: 2.52deg/1815mm | 92.8s
[ 5100/10000] loss=0.0065 (t=0.0026 r=0.0256 beta=0.15) | val: 2.26deg/1666mm | 94.6s
[ 5200/10000] loss=0.0070 (t=0.0037 r=0.0223 beta=0.15) | val: 2.32deg/1538mm | 96.4s
[ 5300/10000] loss=0.0067 (t=0.0031 r=0.0249 beta=0.15) | val: 2.46deg/1670mm | 98.3s
[ 5400/10000] loss=0.0058 (t=0.0024 r=0.0236 beta=0.14) | val: 2.48deg/1717mm | 100.1s
[ 5500/10000] loss=0.0060 (t=0.0030 r=0.0216 beta=0.14) | val: 2.47deg/1461mm | 101.9s
[ 5600/10000] loss=0.0053 (t=0.0024 r=0.0209 beta=0.14) | val: 2.38deg/1559mm | 103.8s
[ 5700/10000] loss=0.0053 (t=0.0024 r=0.0222 beta=0.13) | val: 2.54deg/1632mm | 105.6s
[ 5800/10000] loss=0.0056 (t=0.0024 r=0.0238 beta=0.13) | val: 2.47deg/1612mm | 107.4s
[ 5900/10000] loss=0.0056 (t=0.0028 r=0.0222 beta=0.13) | val: 2.35deg/1555mm | 109.3s
[ 6000/10000] loss=0.0056 (t=0.0026 r=0.0240 beta=0.13) | val: 2.52deg/1559mm | 111.1s
