=== exp24c_attn_h16_seed314_full on GPU 4 ===
======================================================================
Experiment: exp24c_attn_h16_seed314_full
Pool: attn, Features: both+sum
======================================================================
Random seed: 314
Using device: cuda:4

Loading data (fine=True, coarse=True, summary=True)...
  Loaded fine_geo: torch.Size([895, 128, 68, 120])
  Loaded coarse_sem: torch.Size([895, 128, 68, 120])
  Loaded summary: torch.Size([895, 2560])
  [train] 895 samples loaded
  Loaded fine_geo: torch.Size([182, 128, 68, 120])
  Loaded coarse_sem: torch.Size([182, 128, 68, 120])
  Loaded summary: torch.Size([182, 2560])
  [test] 182 samples loaded
Translation norm: mean=[13.19548    -0.64731836 23.103329  ], std=[10.827089    0.94348246  9.766839  ]
  Feature dim after pooling: 6656
Model parameters: 7,510,698
Model parameters: 7,510,698
[    1/10000] loss=3.1439 (t=0.5797 r=2.5642 beta=1.00) | val: 28.42deg/15727mm | 0.4s
[  100/10000] loss=0.0924 (t=0.0309 r=0.0665 beta=0.93) | val: 3.82deg/2134mm | 3.5s
[  200/10000] loss=0.0676 (t=0.0215 r=0.0528 beta=0.87) | val: 2.73deg/1997mm | 6.0s
[  300/10000] loss=0.0566 (t=0.0221 r=0.0417 beta=0.83) | val: 2.38deg/1621mm | 8.1s
[  400/10000] loss=0.0490 (t=0.0164 r=0.0414 beta=0.79) | val: 2.21deg/1645mm | 10.3s
[  500/10000] loss=0.0423 (t=0.0143 r=0.0373 beta=0.75) | val: 2.04deg/1729mm | 12.4s
[  600/10000] loss=0.0342 (t=0.0097 r=0.0343 beta=0.71) | val: 1.97deg/1540mm | 14.6s
[  700/10000] loss=0.0336 (t=0.0090 r=0.0361 beta=0.68) | val: 2.33deg/1557mm | 16.6s
[  800/10000] loss=0.0286 (t=0.0078 r=0.0319 beta=0.65) | val: 2.15deg/1669mm | 18.8s
[  900/10000] loss=0.0232 (t=0.0061 r=0.0276 beta=0.62) | val: 2.02deg/1525mm | 20.8s
[ 1000/10000] loss=0.0267 (t=0.0076 r=0.0321 beta=0.59) | val: 1.93deg/1443mm | 22.8s
[ 1100/10000] loss=0.0218 (t=0.0051 r=0.0295 beta=0.57) | val: 1.82deg/1592mm | 24.8s
[ 1200/10000] loss=0.0226 (t=0.0063 r=0.0300 beta=0.54) | val: 2.13deg/1576mm | 26.9s
[ 1300/10000] loss=0.0182 (t=0.0044 r=0.0266 beta=0.52) | val: 1.96deg/1539mm | 29.0s
[ 1400/10000] loss=0.0181 (t=0.0048 r=0.0266 beta=0.50) | val: 1.85deg/1405mm | 31.1s
[ 1500/10000] loss=0.0182 (t=0.0051 r=0.0275 beta=0.48) | val: 1.87deg/1500mm | 33.1s
[ 1600/10000] loss=0.0177 (t=0.0044 r=0.0292 beta=0.46) | val: 1.96deg/1541mm | 35.1s
[ 1700/10000] loss=0.0142 (t=0.0037 r=0.0239 beta=0.44) | val: 1.96deg/1639mm | 37.3s
[ 1800/10000] loss=0.0148 (t=0.0037 r=0.0263 beta=0.42) | val: 1.95deg/1638mm | 39.3s
[ 1900/10000] loss=0.0139 (t=0.0039 r=0.0248 beta=0.41) | val: 2.01deg/1478mm | 41.4s
[ 2000/10000] loss=0.0148 (t=0.0040 r=0.0279 beta=0.39) | val: 2.08deg/1404mm | 43.4s
[ 2100/10000] loss=0.0138 (t=0.0043 r=0.0253 beta=0.37) | val: 1.87deg/1497mm | 45.5s
[ 2200/10000] loss=0.0123 (t=0.0036 r=0.0242 beta=0.36) | val: 2.06deg/1229mm | 47.5s
[ 2300/10000] loss=0.0128 (t=0.0038 r=0.0258 beta=0.35) | val: 2.07deg/1542mm | 49.7s
[ 2400/10000] loss=0.0114 (t=0.0038 r=0.0228 beta=0.33) | val: 1.89deg/1498mm | 51.7s
[ 2500/10000] loss=0.0113 (t=0.0038 r=0.0234 beta=0.32) | val: 2.06deg/1484mm | 53.7s
[ 2600/10000] loss=0.0111 (t=0.0042 r=0.0225 beta=0.31) | val: 2.05deg/1460mm | 55.8s
[ 2700/10000] loss=0.0102 (t=0.0034 r=0.0227 beta=0.30) | val: 1.89deg/1490mm | 57.8s
[ 2800/10000] loss=0.0112 (t=0.0036 r=0.0265 beta=0.29) | val: 2.23deg/1637mm | 59.8s
[ 2900/10000] loss=0.0105 (t=0.0037 r=0.0244 beta=0.28) | val: 1.96deg/1513mm | 61.9s
[ 3000/10000] loss=0.0103 (t=0.0042 r=0.0230 beta=0.27) | val: 1.92deg/1518mm | 64.1s
[ 3100/10000] loss=0.0100 (t=0.0040 r=0.0232 beta=0.26) | val: 1.97deg/1601mm | 66.2s
[ 3200/10000] loss=0.0088 (t=0.0031 r=0.0227 beta=0.25) | val: 1.81deg/1445mm | 68.2s
[ 3300/10000] loss=0.0089 (t=0.0031 r=0.0241 beta=0.24) | val: 1.85deg/1429mm | 70.3s
[ 3400/10000] loss=0.0087 (t=0.0033 r=0.0231 beta=0.23) | val: 2.07deg/1668mm | 72.3s
[ 3500/10000] loss=0.0087 (t=0.0034 r=0.0234 beta=0.23) | val: 2.02deg/1451mm | 74.4s
[ 3600/10000] loss=0.0087 (t=0.0034 r=0.0243 beta=0.22) | val: 2.15deg/1704mm | 76.4s
[ 3700/10000] loss=0.0079 (t=0.0028 r=0.0238 beta=0.21) | val: 1.98deg/1400mm | 78.5s
[ 3800/10000] loss=0.0076 (t=0.0026 r=0.0239 beta=0.21) | val: 1.99deg/1568mm | 80.5s
[ 3900/10000] loss=0.0075 (t=0.0028 r=0.0236 beta=0.20) | val: 2.11deg/1395mm | 82.5s
[ 4000/10000] loss=0.0071 (t=0.0031 r=0.0209 beta=0.19) | val: 2.16deg/1418mm | 84.6s
[ 4100/10000] loss=0.0073 (t=0.0030 r=0.0228 beta=0.19) | val: 2.00deg/1533mm | 86.6s
[ 4200/10000] loss=0.0070 (t=0.0025 r=0.0247 beta=0.18) | val: 2.20deg/1459mm | 88.7s
[ 4300/10000] loss=0.0068 (t=0.0027 r=0.0228 beta=0.18) | val: 1.90deg/1682mm | 90.7s
[ 4400/10000] loss=0.0069 (t=0.0027 r=0.0245 beta=0.17) | val: 2.03deg/1446mm | 92.7s
[ 4500/10000] loss=0.0066 (t=0.0030 r=0.0215 beta=0.17) | val: 1.85deg/1347mm | 94.7s
[ 4600/10000] loss=0.0064 (t=0.0026 r=0.0235 beta=0.16) | val: 2.02deg/1715mm | 96.8s
[ 4700/10000] loss=0.0060 (t=0.0025 r=0.0222 beta=0.16) | val: 2.14deg/1773mm | 98.8s
[ 4800/10000] loss=0.0061 (t=0.0025 r=0.0227 beta=0.15) | val: 1.91deg/1741mm | 100.8s
[ 4900/10000] loss=0.0066 (t=0.0028 r=0.0246 beta=0.15) | val: 1.92deg/1497mm | 102.8s
[ 5000/10000] loss=0.0057 (t=0.0024 r=0.0220 beta=0.15) | val: 1.85deg/1508mm | 104.9s
[ 5100/10000] loss=0.0066 (t=0.0033 r=0.0231 beta=0.14) | val: 2.01deg/1529mm | 106.9s
[ 5200/10000] loss=0.0054 (t=0.0023 r=0.0222 beta=0.14) | val: 2.08deg/1972mm | 108.9s
[ 5300/10000] loss=0.0052 (t=0.0022 r=0.0224 beta=0.14) | val: 2.00deg/1729mm | 111.0s
[ 5400/10000] loss=0.0051 (t=0.0022 r=0.0214 beta=0.13) | val: 1.89deg/1673mm | 113.0s
[ 5500/10000] loss=0.0062 (t=0.0030 r=0.0241 beta=0.13) | val: 2.06deg/1597mm | 115.0s
[ 5600/10000] loss=0.0051 (t=0.0023 r=0.0217 beta=0.13) | val: 1.87deg/1411mm | 117.1s
[ 5700/10000] loss=0.0056 (t=0.0026 r=0.0239 beta=0.12) | val: 2.19deg/1981mm | 119.1s
[ 5800/10000] loss=0.0052 (t=0.0026 r=0.0213 beta=0.12) | val: 1.98deg/1648mm | 121.1s
[ 5900/10000] loss=0.0052 (t=0.0023 r=0.0242 beta=0.12) | val: 2.09deg/1574mm | 123.2s
[ 6000/10000] loss=0.0047 (t=0.0022 r=0.0209 beta=0.12) | val: 1.91deg/1488mm | 125.2s
[ 6100/10000] loss=0.0046 (t=0.0021 r=0.0216 beta=0.11) | val: 1.87deg/1553mm | 127.2s
[ 6200/10000] loss=0.0047 (t=0.0021 r=0.0229 beta=0.11) | val: 2.07deg/1498mm | 129.3s
[ 6300/10000] loss=0.0051 (t=0.0024 r=0.0240 beta=0.11) | val: 2.04deg/1487mm | 131.3s
[ 6400/10000] loss=0.0043 (t=0.0022 r=0.0198 beta=0.11) | val: 2.03deg/1563mm | 133.3s
[ 6500/10000] loss=0.0050 (t=0.0026 r=0.0230 beta=0.11) | val: 1.89deg/1574mm | 135.4s
[ 6600/10000] loss=0.0049 (t=0.0026 r=0.0221 beta=0.11) | val: 2.06deg/1494mm | 137.4s
[ 6700/10000] loss=0.0048 (t=0.0025 r=0.0224 beta=0.10) | val: 2.12deg/1623mm | 139.5s
[ 6800/10000] loss=0.0044 (t=0.0023 r=0.0203 beta=0.10) | val: 2.18deg/1612mm | 141.5s
[ 6900/10000] loss=0.0038 (t=0.0017 r=0.0200 beta=0.10) | val: 2.05deg/1418mm | 143.5s
[ 7000/10000] loss=0.0051 (t=0.0028 r=0.0234 beta=0.10) | val: 2.20deg/1749mm | 145.6s
[ 7100/10000] loss=0.0048 (t=0.0024 r=0.0246 beta=0.10) | val: 2.18deg/1983mm | 147.6s
[ 7200/10000] loss=0.0042 (t=0.0020 r=0.0222 beta=0.10) | val: 2.09deg/1609mm | 149.6s
[ 7300/10000] loss=0.0047 (t=0.0025 r=0.0229 beta=0.10) | val: 1.96deg/1482mm | 151.6s
[ 7400/10000] loss=0.0047 (t=0.0026 r=0.0221 beta=0.09) | val: 2.06deg/1516mm | 153.7s
[ 7500/10000] loss=0.0042 (t=0.0021 r=0.0225 beta=0.09) | val: 2.09deg/1574mm | 155.7s
[ 7600/10000] loss=0.0046 (t=0.0025 r=0.0232 beta=0.09) | val: 2.02deg/1581mm | 157.8s
[ 7700/10000] loss=0.0043 (t=0.0022 r=0.0229 beta=0.09) | val: 2.10deg/1376mm | 159.8s
[ 7800/10000] loss=0.0043 (t=0.0021 r=0.0244 beta=0.09) | val: 1.98deg/1585mm | 161.8s
[ 7900/10000] loss=0.0047 (t=0.0026 r=0.0240 beta=0.09) | val: 2.09deg/1586mm | 163.9s
[ 8000/10000] loss=0.0044 (t=0.0024 r=0.0221 beta=0.09) | val: 2.07deg/1523mm | 165.9s
[ 8100/10000] loss=0.0046 (t=0.0026 r=0.0225 beta=0.09) | val: 2.04deg/1522mm | 168.0s
[ 8200/10000] loss=0.0043 (t=0.0023 r=0.0227 beta=0.09) | val: 2.10deg/1608mm | 170.0s
[ 8300/10000] loss=0.0038 (t=0.0019 r=0.0213 beta=0.09) | val: 2.08deg/1532mm | 172.1s
[ 8400/10000] loss=0.0035 (t=0.0017 r=0.0203 beta=0.09) | val: 2.08deg/1588mm | 174.2s
[ 8500/10000] loss=0.0039 (t=0.0022 r=0.0206 beta=0.09) | val: 1.97deg/1534mm | 176.2s
[ 8600/10000] loss=0.0039 (t=0.0020 r=0.0223 beta=0.09) | val: 2.16deg/1582mm | 178.2s
[ 8700/10000] loss=0.0042 (t=0.0023 r=0.0226 beta=0.09) | val: 2.07deg/1524mm | 180.3s
[ 8800/10000] loss=0.0039 (t=0.0020 r=0.0221 beta=0.09) | val: 2.04deg/1512mm | 182.3s
[ 8900/10000] loss=0.0043 (t=0.0022 r=0.0240 beta=0.09) | val: 2.08deg/1585mm | 184.3s
[ 9000/10000] loss=0.0042 (t=0.0022 r=0.0225 beta=0.09) | val: 2.07deg/1584mm | 186.4s
[ 9100/10000] loss=0.0043 (t=0.0023 r=0.0232 beta=0.09) | val: 2.05deg/1545mm | 188.4s
[ 9200/10000] loss=0.0035 (t=0.0017 r=0.0208 beta=0.09) | val: 2.10deg/1512mm | 190.5s
[ 9300/10000] loss=0.0039 (t=0.0021 r=0.0213 beta=0.09) | val: 2.12deg/1547mm | 192.6s
[ 9400/10000] loss=0.0043 (t=0.0024 r=0.0219 beta=0.09) | val: 2.11deg/1533mm | 194.6s
[ 9500/10000] loss=0.0037 (t=0.0019 r=0.0211 beta=0.08) | val: 2.13deg/1537mm | 196.7s
[ 9600/10000] loss=0.0044 (t=0.0025 r=0.0218 beta=0.08) | val: 2.10deg/1542mm | 198.7s
[ 9700/10000] loss=0.0036 (t=0.0018 r=0.0202 beta=0.08) | val: 2.11deg/1541mm | 200.8s
[ 9800/10000] loss=0.0038 (t=0.0019 r=0.0224 beta=0.08) | val: 2.08deg/1531mm | 202.8s
[ 9900/10000] loss=0.0044 (t=0.0025 r=0.0221 beta=0.08) | val: 2.08deg/1530mm | 204.8s
[10000/10000] loss=0.0037 (t=0.0019 r=0.0214 beta=0.08) | val: 2.07deg/1517mm | 206.9s

Training done. Best epoch: 2910, score: 1.4098

Loaded best model from epoch 2910

======================================================================
EVALUATION RESULTS (Direct Regression)
======================================================================
Rotation  (median): 2.22deg
Translation (median): 1193mm

  R@5deg_1m: 41.8%  (rot_pass=92.3%, trans_pass=42.9%)
  R@10deg_2m: 65.9%  (rot_pass=99.5%, trans_pass=65.9%)
  R@15deg_5m: 86.8%  (rot_pass=100.0%, trans_pass=86.8%)
  R@25deg_5m: 86.8%  (rot_pass=100.0%, trans_pass=86.8%)

======================================================================
EVALUATION RESULTS (Retrieval Mode)
======================================================================
Retrieval median: 11.50deg / 2470mm
  R@5deg_1m: 1.6%  (rot=4.9%, trans=24.7%)
  R@10deg_2m: 17.6%  (rot=42.3%, trans=45.1%)
  R@15deg_5m: 52.7%  (rot=70.3%, trans=80.8%)
  R@25deg_5m: 79.1%  (rot=98.4%, trans=80.8%)
======================================================================

Done!
=== exp24c_attn_h16_seed314_full DONE ===
