=== exp24a_attn_h4_seed123 on GPU 0 ===
======================================================================
Experiment: exp24a_attn_h4_seed123
Pool: attn, Features: both+sum
======================================================================
Random seed: 123
Using device: cuda:0

Loading data (fine=True, coarse=True, summary=True)...
  Loaded fine_geo: torch.Size([895, 128, 68, 120])
  Loaded coarse_sem: torch.Size([895, 128, 68, 120])
  Loaded summary: torch.Size([895, 2560])
  [train] 895 samples loaded
  Loaded fine_geo: torch.Size([182, 128, 68, 120])
  Loaded coarse_sem: torch.Size([182, 128, 68, 120])
  Loaded summary: torch.Size([182, 2560])
  [test] 182 samples loaded
Translation norm: mean=[13.19548    -0.64731836 23.103329  ], std=[10.827089    0.94348246  9.766839  ]
  Feature dim after pooling: 3584
Model parameters: 4,357,266
Model parameters: 4,357,266
[    1/10000] loss=3.1343 (t=0.4928 r=2.6415 beta=1.00) | val: 39.66deg/32445mm | 0.4s
[  100/10000] loss=0.1135 (t=0.0440 r=0.0751 beta=0.93) | val: 4.84deg/3226mm | 2.8s
[  200/10000] loss=0.0751 (t=0.0255 r=0.0566 beta=0.88) | val: 3.44deg/2205mm | 4.9s
[  300/10000] loss=0.0628 (t=0.0202 r=0.0511 beta=0.83) | val: 2.61deg/2198mm | 6.8s
[  400/10000] loss=0.0539 (t=0.0194 r=0.0434 beta=0.80) | val: 2.24deg/1933mm | 8.8s
[  500/10000] loss=0.0450 (t=0.0153 r=0.0391 beta=0.76) | val: 2.63deg/1868mm | 10.6s
[  600/10000] loss=0.0387 (t=0.0106 r=0.0386 beta=0.73) | val: 2.34deg/1675mm | 12.5s
[  700/10000] loss=0.0336 (t=0.0085 r=0.0362 beta=0.69) | val: 2.13deg/1610mm | 14.4s
[  800/10000] loss=0.0359 (t=0.0117 r=0.0364 beta=0.66) | val: 2.60deg/1462mm | 16.2s
[  900/10000] loss=0.0277 (t=0.0067 r=0.0331 beta=0.64) | val: 2.50deg/1575mm | 18.0s
[ 1000/10000] loss=0.0270 (t=0.0064 r=0.0336 beta=0.61) | val: 2.15deg/1301mm | 19.8s
[ 1100/10000] loss=0.0269 (t=0.0097 r=0.0294 beta=0.58) | val: 2.37deg/1687mm | 21.6s
[ 1200/10000] loss=0.0231 (t=0.0054 r=0.0316 beta=0.56) | val: 2.52deg/1501mm | 23.4s
[ 1300/10000] loss=0.0206 (t=0.0051 r=0.0288 beta=0.54) | val: 2.35deg/1401mm | 25.3s
[ 1400/10000] loss=0.0202 (t=0.0053 r=0.0287 beta=0.52) | val: 2.28deg/1640mm | 27.1s
[ 1500/10000] loss=0.0188 (t=0.0049 r=0.0279 beta=0.50) | val: 2.27deg/1666mm | 28.9s
[ 1600/10000] loss=0.0181 (t=0.0048 r=0.0280 beta=0.48) | val: 2.20deg/1554mm | 30.7s
[ 1700/10000] loss=0.0173 (t=0.0047 r=0.0276 beta=0.46) | val: 2.54deg/1711mm | 32.5s
[ 1800/10000] loss=0.0162 (t=0.0045 r=0.0266 beta=0.44) | val: 2.31deg/1537mm | 34.4s
[ 1900/10000] loss=0.0162 (t=0.0045 r=0.0277 beta=0.42) | val: 2.29deg/1562mm | 36.2s
[ 2000/10000] loss=0.0178 (t=0.0049 r=0.0317 beta=0.41) | val: 2.31deg/1792mm | 38.0s
[ 2100/10000] loss=0.0143 (t=0.0042 r=0.0256 beta=0.39) | val: 2.37deg/1430mm | 39.8s
[ 2200/10000] loss=0.0152 (t=0.0048 r=0.0275 beta=0.38) | val: 2.44deg/1646mm | 41.7s
[ 2300/10000] loss=0.0121 (t=0.0033 r=0.0243 beta=0.36) | val: 2.32deg/1692mm | 43.5s
[ 2400/10000] loss=0.0131 (t=0.0038 r=0.0265 beta=0.35) | val: 2.42deg/1511mm | 45.3s
[ 2500/10000] loss=0.0117 (t=0.0030 r=0.0255 beta=0.34) | val: 2.28deg/1678mm | 47.1s
[ 2600/10000] loss=0.0118 (t=0.0034 r=0.0259 beta=0.33) | val: 2.38deg/1645mm | 48.9s
[ 2700/10000] loss=0.0114 (t=0.0033 r=0.0258 beta=0.31) | val: 2.27deg/1586mm | 50.7s
[ 2800/10000] loss=0.0110 (t=0.0026 r=0.0277 beta=0.30) | val: 2.30deg/1460mm | 52.5s
[ 2900/10000] loss=0.0102 (t=0.0031 r=0.0241 beta=0.29) | val: 2.31deg/1463mm | 54.3s
[ 3000/10000] loss=0.0108 (t=0.0037 r=0.0251 beta=0.28) | val: 2.31deg/1498mm | 56.2s
[ 3100/10000] loss=0.0096 (t=0.0035 r=0.0223 beta=0.27) | val: 2.34deg/1648mm | 58.0s
[ 3200/10000] loss=0.0097 (t=0.0032 r=0.0247 beta=0.26) | val: 2.36deg/1651mm | 59.8s
[ 3300/10000] loss=0.0098 (t=0.0035 r=0.0243 beta=0.26) | val: 2.39deg/1606mm | 61.6s
[ 3400/10000] loss=0.0102 (t=0.0040 r=0.0250 beta=0.25) | val: 2.52deg/1592mm | 63.4s
[ 3500/10000] loss=0.0093 (t=0.0041 r=0.0219 beta=0.24) | val: 2.36deg/1562mm | 65.3s
[ 3600/10000] loss=0.0088 (t=0.0029 r=0.0251 beta=0.23) | val: 2.49deg/1790mm | 67.1s
[ 3700/10000] loss=0.0082 (t=0.0031 r=0.0225 beta=0.23) | val: 2.23deg/1637mm | 68.9s
[ 3800/10000] loss=0.0086 (t=0.0032 r=0.0245 beta=0.22) | val: 2.39deg/1572mm | 70.7s
[ 3900/10000] loss=0.0081 (t=0.0031 r=0.0233 beta=0.21) | val: 2.29deg/1496mm | 72.5s
[ 4000/10000] loss=0.0082 (t=0.0031 r=0.0247 beta=0.21) | val: 2.46deg/1672mm | 74.3s
[ 4100/10000] loss=0.0072 (t=0.0027 r=0.0227 beta=0.20) | val: 2.51deg/1632mm | 76.2s
[ 4200/10000] loss=0.0086 (t=0.0037 r=0.0251 beta=0.19) | val: 2.33deg/1665mm | 78.0s
[ 4300/10000] loss=0.0071 (t=0.0027 r=0.0233 beta=0.19) | val: 2.38deg/1753mm | 79.8s
[ 4400/10000] loss=0.0076 (t=0.0030 r=0.0252 beta=0.18) | val: 2.37deg/1626mm | 81.6s
[ 4500/10000] loss=0.0060 (t=0.0021 r=0.0216 beta=0.18) | val: 2.48deg/1621mm | 83.5s
[ 4600/10000] loss=0.0068 (t=0.0025 r=0.0245 beta=0.17) | val: 2.58deg/1715mm | 85.3s
[ 4700/10000] loss=0.0061 (t=0.0024 r=0.0218 beta=0.17) | val: 2.31deg/1608mm | 87.1s
[ 4800/10000] loss=0.0074 (t=0.0033 r=0.0248 beta=0.16) | val: 2.24deg/1572mm | 88.9s
[ 4900/10000] loss=0.0067 (t=0.0026 r=0.0252 beta=0.16) | val: 2.30deg/1553mm | 90.7s
[ 5000/10000] loss=0.0062 (t=0.0025 r=0.0242 beta=0.16) | val: 2.52deg/1815mm | 92.6s
[ 5100/10000] loss=0.0065 (t=0.0026 r=0.0256 beta=0.15) | val: 2.26deg/1666mm | 94.4s
[ 5200/10000] loss=0.0070 (t=0.0037 r=0.0223 beta=0.15) | val: 2.32deg/1538mm | 96.2s
[ 5300/10000] loss=0.0067 (t=0.0031 r=0.0249 beta=0.15) | val: 2.46deg/1670mm | 98.0s
[ 5400/10000] loss=0.0058 (t=0.0024 r=0.0236 beta=0.14) | val: 2.48deg/1717mm | 99.9s
[ 5500/10000] loss=0.0060 (t=0.0030 r=0.0216 beta=0.14) | val: 2.47deg/1461mm | 101.7s
[ 5600/10000] loss=0.0053 (t=0.0024 r=0.0209 beta=0.14) | val: 2.38deg/1559mm | 103.5s
[ 5700/10000] loss=0.0053 (t=0.0024 r=0.0222 beta=0.13) | val: 2.54deg/1632mm | 105.3s
[ 5800/10000] loss=0.0056 (t=0.0024 r=0.0238 beta=0.13) | val: 2.47deg/1612mm | 107.1s
[ 5900/10000] loss=0.0056 (t=0.0028 r=0.0222 beta=0.13) | val: 2.35deg/1555mm | 109.0s
[ 6000/10000] loss=0.0056 (t=0.0026 r=0.0240 beta=0.13) | val: 2.52deg/1559mm | 110.8s
[ 6100/10000] loss=0.0053 (t=0.0026 r=0.0219 beta=0.12) | val: 2.55deg/1591mm | 112.6s
[ 6200/10000] loss=0.0056 (t=0.0026 r=0.0253 beta=0.12) | val: 2.46deg/1496mm | 114.4s
[ 6300/10000] loss=0.0050 (t=0.0024 r=0.0224 beta=0.12) | val: 2.37deg/1598mm | 116.3s
[ 6400/10000] loss=0.0052 (t=0.0025 r=0.0235 beta=0.12) | val: 2.58deg/1713mm | 118.1s
[ 6500/10000] loss=0.0058 (t=0.0031 r=0.0230 beta=0.11) | val: 2.39deg/1486mm | 119.9s
[ 6600/10000] loss=0.0049 (t=0.0025 r=0.0213 beta=0.11) | val: 2.55deg/1658mm | 121.7s
[ 6700/10000] loss=0.0049 (t=0.0022 r=0.0241 beta=0.11) | val: 2.29deg/1548mm | 123.6s
[ 6800/10000] loss=0.0052 (t=0.0027 r=0.0235 beta=0.11) | val: 2.27deg/1499mm | 125.4s
[ 6900/10000] loss=0.0053 (t=0.0028 r=0.0231 beta=0.11) | val: 2.56deg/1576mm | 127.2s
[ 7000/10000] loss=0.0050 (t=0.0027 r=0.0218 beta=0.11) | val: 2.51deg/1656mm | 129.0s
[ 7100/10000] loss=0.0046 (t=0.0024 r=0.0214 beta=0.10) | val: 2.48deg/1692mm | 130.9s
[ 7200/10000] loss=0.0045 (t=0.0022 r=0.0222 beta=0.10) | val: 2.53deg/1539mm | 132.7s
[ 7300/10000] loss=0.0049 (t=0.0025 r=0.0231 beta=0.10) | val: 2.50deg/1617mm | 134.5s
[ 7400/10000] loss=0.0045 (t=0.0021 r=0.0239 beta=0.10) | val: 2.49deg/1556mm | 136.3s
[ 7500/10000] loss=0.0044 (t=0.0023 r=0.0209 beta=0.10) | val: 2.43deg/1552mm | 138.2s
[ 7600/10000] loss=0.0040 (t=0.0019 r=0.0212 beta=0.10) | val: 2.53deg/1696mm | 140.0s
[ 7700/10000] loss=0.0041 (t=0.0021 r=0.0204 beta=0.10) | val: 2.53deg/1749mm | 141.8s
[ 7800/10000] loss=0.0047 (t=0.0025 r=0.0230 beta=0.10) | val: 2.50deg/1591mm | 143.6s
[ 7900/10000] loss=0.0038 (t=0.0018 r=0.0210 beta=0.10) | val: 2.50deg/1689mm | 145.5s
[ 8000/10000] loss=0.0043 (t=0.0022 r=0.0221 beta=0.10) | val: 2.46deg/1554mm | 147.3s
[ 8100/10000] loss=0.0040 (t=0.0019 r=0.0220 beta=0.10) | val: 2.50deg/1626mm | 149.1s
[ 8200/10000] loss=0.0037 (t=0.0017 r=0.0205 beta=0.09) | val: 2.47deg/1598mm | 150.9s
[ 8300/10000] loss=0.0048 (t=0.0025 r=0.0245 beta=0.09) | val: 2.48deg/1576mm | 152.8s
[ 8400/10000] loss=0.0046 (t=0.0024 r=0.0230 beta=0.09) | val: 2.50deg/1552mm | 154.6s
[ 8500/10000] loss=0.0040 (t=0.0020 r=0.0208 beta=0.09) | val: 2.47deg/1598mm | 156.4s
[ 8600/10000] loss=0.0046 (t=0.0025 r=0.0230 beta=0.09) | val: 2.50deg/1523mm | 158.2s
[ 8700/10000] loss=0.0043 (t=0.0021 r=0.0233 beta=0.09) | val: 2.52deg/1683mm | 160.0s
[ 8800/10000] loss=0.0044 (t=0.0024 r=0.0219 beta=0.09) | val: 2.57deg/1689mm | 161.9s
[ 8900/10000] loss=0.0040 (t=0.0020 r=0.0212 beta=0.09) | val: 2.54deg/1589mm | 163.7s
[ 9000/10000] loss=0.0040 (t=0.0020 r=0.0213 beta=0.09) | val: 2.51deg/1586mm | 165.5s
[ 9100/10000] loss=0.0044 (t=0.0025 r=0.0214 beta=0.09) | val: 2.51deg/1571mm | 167.3s
[ 9200/10000] loss=0.0038 (t=0.0018 r=0.0213 beta=0.09) | val: 2.53deg/1697mm | 169.2s
[ 9300/10000] loss=0.0039 (t=0.0020 r=0.0208 beta=0.09) | val: 2.54deg/1629mm | 171.0s
[ 9400/10000] loss=0.0040 (t=0.0019 r=0.0232 beta=0.09) | val: 2.52deg/1608mm | 172.8s
[ 9500/10000] loss=0.0043 (t=0.0024 r=0.0203 beta=0.09) | val: 2.55deg/1626mm | 174.6s
[ 9600/10000] loss=0.0042 (t=0.0021 r=0.0228 beta=0.09) | val: 2.55deg/1612mm | 176.5s
[ 9700/10000] loss=0.0038 (t=0.0019 r=0.0209 beta=0.09) | val: 2.54deg/1610mm | 178.3s
[ 9800/10000] loss=0.0044 (t=0.0023 r=0.0229 beta=0.09) | val: 2.54deg/1614mm | 180.1s
[ 9900/10000] loss=0.0040 (t=0.0020 r=0.0213 beta=0.09) | val: 2.57deg/1618mm | 181.9s
[10000/10000] loss=0.0044 (t=0.0022 r=0.0237 beta=0.09) | val: 2.56deg/1602mm | 183.7s

Training done. Best epoch: 680, score: 1.5028

Loaded best model from epoch 680

======================================================================
EVALUATION RESULTS (Direct Regression)
======================================================================
Rotation  (median): 2.14deg
Translation (median): 1290mm

  R@5deg_1m: 31.9%  (rot_pass=96.2%, trans_pass=33.5%)
  R@10deg_2m: 70.9%  (rot_pass=100.0%, trans_pass=70.9%)
  R@15deg_5m: 94.0%  (rot_pass=100.0%, trans_pass=94.0%)
  R@25deg_5m: 94.0%  (rot_pass=100.0%, trans_pass=94.0%)

======================================================================
EVALUATION RESULTS (Retrieval Mode)
======================================================================
Retrieval median: 11.23deg / 2378mm
  R@5deg_1m: 3.3%  (rot=6.0%, trans=22.5%)
  R@10deg_2m: 18.1%  (rot=42.9%, trans=45.6%)
  R@15deg_5m: 60.4%  (rot=72.5%, trans=86.8%)
  R@25deg_5m: 84.1%  (rot=96.7%, trans=86.8%)
======================================================================

Done!
--- seed123 done ---
=== exp24a_attn_h4_seed456 on GPU 0 ===
======================================================================
Experiment: exp24a_attn_h4_seed456
Pool: attn, Features: both+sum
======================================================================
Random seed: 456
Using device: cuda:0

Loading data (fine=True, coarse=True, summary=True)...
  Loaded fine_geo: torch.Size([895, 128, 68, 120])
  Loaded coarse_sem: torch.Size([895, 128, 68, 120])
  Loaded summary: torch.Size([895, 2560])
  [train] 895 samples loaded
  Loaded fine_geo: torch.Size([182, 128, 68, 120])
  Loaded coarse_sem: torch.Size([182, 128, 68, 120])
  Loaded summary: torch.Size([182, 2560])
  [test] 182 samples loaded
Translation norm: mean=[13.19548    -0.64731836 23.103329  ], std=[10.827089    0.94348246  9.766839  ]
  Feature dim after pooling: 3584
Model parameters: 4,357,266
Model parameters: 4,357,266
[    1/10000] loss=2.7253 (t=0.7679 r=1.9573 beta=1.00) | val: 45.20deg/32966mm | 1.1s
[  100/10000] loss=0.1125 (t=0.0346 r=0.0839 beta=0.93) | val: 5.36deg/2216mm | 3.5s
[  200/10000] loss=0.0804 (t=0.0268 r=0.0608 beta=0.88) | val: 3.77deg/1898mm | 5.7s
[  300/10000] loss=0.0578 (t=0.0192 r=0.0459 beta=0.84) | val: 2.67deg/1650mm | 7.7s
[  400/10000] loss=0.0476 (t=0.0149 r=0.0407 beta=0.80) | val: 2.65deg/1960mm | 9.7s
[  500/10000] loss=0.0492 (t=0.0185 r=0.0398 beta=0.77) | val: 2.35deg/1717mm | 11.5s
[  600/10000] loss=0.0362 (t=0.0097 r=0.0360 beta=0.74) | val: 2.13deg/1608mm | 13.4s
[  700/10000] loss=0.0338 (t=0.0094 r=0.0346 beta=0.71) | val: 2.00deg/1621mm | 15.3s
[  800/10000] loss=0.0334 (t=0.0100 r=0.0346 beta=0.68) | val: 2.33deg/1601mm | 17.1s
[  900/10000] loss=0.0274 (t=0.0073 r=0.0310 beta=0.65) | val: 2.12deg/1452mm | 19.0s
[ 1000/10000] loss=0.0276 (t=0.0078 r=0.0317 beta=0.62) | val: 2.14deg/1619mm | 20.8s
[ 1100/10000] loss=0.0240 (t=0.0067 r=0.0289 beta=0.60) | val: 2.20deg/1543mm | 22.7s
[ 1200/10000] loss=0.0252 (t=0.0072 r=0.0313 beta=0.58) | val: 2.02deg/1547mm | 24.5s
[ 1300/10000] loss=0.0222 (t=0.0067 r=0.0280 beta=0.55) | val: 2.39deg/1891mm | 26.3s
[ 1400/10000] loss=0.0197 (t=0.0056 r=0.0265 beta=0.53) | val: 2.16deg/1596mm | 28.1s
[ 1500/10000] loss=0.0201 (t=0.0056 r=0.0283 beta=0.51) | val: 1.93deg/1677mm | 30.0s
[ 1600/10000] loss=0.0199 (t=0.0051 r=0.0301 beta=0.49) | val: 1.93deg/1490mm | 31.8s
[ 1700/10000] loss=0.0170 (t=0.0051 r=0.0253 beta=0.47) | val: 2.06deg/1652mm | 33.6s
[ 1800/10000] loss=0.0167 (t=0.0047 r=0.0262 beta=0.46) | val: 2.21deg/1600mm | 35.5s
[ 1900/10000] loss=0.0176 (t=0.0054 r=0.0277 beta=0.44) | val: 1.95deg/1696mm | 37.3s
[ 2000/10000] loss=0.0155 (t=0.0048 r=0.0255 beta=0.42) | val: 2.13deg/1697mm | 39.2s
[ 2100/10000] loss=0.0137 (t=0.0045 r=0.0226 beta=0.41) | val: 2.18deg/1719mm | 41.0s
[ 2200/10000] loss=0.0146 (t=0.0045 r=0.0256 beta=0.39) | val: 2.26deg/1652mm | 42.8s
[ 2300/10000] loss=0.0143 (t=0.0046 r=0.0255 beta=0.38) | val: 2.01deg/1586mm | 44.6s
[ 2400/10000] loss=0.0147 (t=0.0045 r=0.0280 beta=0.37) | val: 2.21deg/1545mm | 46.5s
[ 2500/10000] loss=0.0134 (t=0.0041 r=0.0264 beta=0.35) | val: 2.06deg/1683mm | 48.3s
[ 2600/10000] loss=0.0133 (t=0.0038 r=0.0280 beta=0.34) | val: 1.98deg/1367mm | 50.1s
[ 2700/10000] loss=0.0115 (t=0.0032 r=0.0252 beta=0.33) | val: 2.00deg/1554mm | 52.1s
[ 2800/10000] loss=0.0117 (t=0.0032 r=0.0266 beta=0.32) | val: 2.09deg/1519mm | 53.9s
[ 2900/10000] loss=0.0118 (t=0.0039 r=0.0259 beta=0.31) | val: 2.21deg/1451mm | 55.7s
[ 3000/10000] loss=0.0103 (t=0.0031 r=0.0243 beta=0.30) | val: 2.11deg/1475mm | 57.5s
[ 3100/10000] loss=0.0112 (t=0.0043 r=0.0241 beta=0.29) | val: 2.16deg/1576mm | 59.4s
[ 3200/10000] loss=0.0109 (t=0.0041 r=0.0246 beta=0.28) | val: 2.35deg/1502mm | 61.2s
[ 3300/10000] loss=0.0101 (t=0.0037 r=0.0236 beta=0.27) | val: 2.07deg/1470mm | 63.0s
[ 3400/10000] loss=0.0092 (t=0.0028 r=0.0246 beta=0.26) | val: 2.17deg/1542mm | 64.8s
[ 3500/10000] loss=0.0088 (t=0.0031 r=0.0225 beta=0.25) | val: 1.95deg/1562mm | 66.6s
[ 3600/10000] loss=0.0092 (t=0.0031 r=0.0250 beta=0.24) | val: 2.15deg/1527mm | 68.5s
[ 3700/10000] loss=0.0084 (t=0.0030 r=0.0230 beta=0.24) | val: 2.15deg/1582mm | 70.3s
[ 3800/10000] loss=0.0095 (t=0.0037 r=0.0254 beta=0.23) | val: 2.06deg/1495mm | 72.1s
[ 3900/10000] loss=0.0081 (t=0.0030 r=0.0228 beta=0.22) | val: 2.05deg/1602mm | 73.9s
[ 4000/10000] loss=0.0079 (t=0.0028 r=0.0235 beta=0.22) | val: 1.83deg/1364mm | 75.8s
[ 4100/10000] loss=0.0086 (t=0.0033 r=0.0249 beta=0.21) | val: 2.12deg/1629mm | 77.6s
[ 4200/10000] loss=0.0089 (t=0.0038 r=0.0250 beta=0.20) | val: 2.17deg/1520mm | 79.4s
[ 4300/10000] loss=0.0081 (t=0.0032 r=0.0246 beta=0.20) | val: 2.18deg/1481mm | 81.2s
[ 4400/10000] loss=0.0073 (t=0.0031 r=0.0217 beta=0.19) | val: 2.17deg/1578mm | 83.0s
[ 4500/10000] loss=0.0073 (t=0.0031 r=0.0225 beta=0.19) | val: 2.29deg/1492mm | 84.9s
[ 4600/10000] loss=0.0067 (t=0.0025 r=0.0228 beta=0.18) | val: 2.18deg/1501mm | 86.7s
[ 4700/10000] loss=0.0064 (t=0.0027 r=0.0208 beta=0.18) | val: 2.15deg/1469mm | 88.5s
[ 4800/10000] loss=0.0077 (t=0.0033 r=0.0253 beta=0.17) | val: 2.14deg/1507mm | 90.3s
[ 4900/10000] loss=0.0063 (t=0.0025 r=0.0225 beta=0.17) | val: 2.06deg/1487mm | 92.2s
[ 5000/10000] loss=0.0071 (t=0.0029 r=0.0253 beta=0.17) | val: 2.15deg/1563mm | 94.0s
[ 5100/10000] loss=0.0066 (t=0.0031 r=0.0216 beta=0.16) | val: 2.17deg/1535mm | 95.8s
[ 5200/10000] loss=0.0065 (t=0.0027 r=0.0246 beta=0.16) | val: 2.14deg/1458mm | 97.7s
[ 5300/10000] loss=0.0060 (t=0.0026 r=0.0225 beta=0.15) | val: 2.30deg/1535mm | 99.5s
[ 5400/10000] loss=0.0062 (t=0.0026 r=0.0239 beta=0.15) | val: 2.23deg/1610mm | 101.3s
[ 5500/10000] loss=0.0065 (t=0.0026 r=0.0264 beta=0.15) | val: 2.17deg/1553mm | 103.2s
[ 5600/10000] loss=0.0055 (t=0.0024 r=0.0219 beta=0.14) | val: 2.23deg/1516mm | 105.0s
[ 5700/10000] loss=0.0061 (t=0.0025 r=0.0256 beta=0.14) | val: 2.16deg/1629mm | 106.8s
[ 5800/10000] loss=0.0064 (t=0.0030 r=0.0243 beta=0.14) | val: 2.11deg/1399mm | 108.6s
[ 5900/10000] loss=0.0049 (t=0.0021 r=0.0213 beta=0.14) | val: 2.23deg/1592mm | 110.4s
[ 6000/10000] loss=0.0061 (t=0.0032 r=0.0222 beta=0.13) | val: 2.20deg/1443mm | 112.3s
[ 6100/10000] loss=0.0056 (t=0.0029 r=0.0209 beta=0.13) | val: 2.22deg/1505mm | 114.1s
[ 6200/10000] loss=0.0053 (t=0.0024 r=0.0228 beta=0.13) | val: 2.25deg/1563mm | 115.9s
[ 6300/10000] loss=0.0057 (t=0.0029 r=0.0221 beta=0.13) | val: 2.18deg/1474mm | 117.8s
[ 6400/10000] loss=0.0054 (t=0.0026 r=0.0224 beta=0.12) | val: 2.25deg/1503mm | 119.6s
[ 6500/10000] loss=0.0054 (t=0.0026 r=0.0229 beta=0.12) | val: 2.23deg/1451mm | 121.4s
[ 6600/10000] loss=0.0054 (t=0.0026 r=0.0239 beta=0.12) | val: 2.14deg/1430mm | 123.2s
[ 6700/10000] loss=0.0056 (t=0.0028 r=0.0240 beta=0.12) | val: 2.23deg/1543mm | 125.1s
[ 6800/10000] loss=0.0056 (t=0.0029 r=0.0231 beta=0.12) | val: 2.08deg/1455mm | 126.9s
[ 6900/10000] loss=0.0048 (t=0.0022 r=0.0226 beta=0.11) | val: 2.11deg/1503mm | 128.7s
[ 7000/10000] loss=0.0048 (t=0.0024 r=0.0218 beta=0.11) | val: 2.07deg/1560mm | 130.5s
[ 7100/10000] loss=0.0050 (t=0.0026 r=0.0212 beta=0.11) | val: 2.10deg/1450mm | 132.4s
[ 7200/10000] loss=0.0049 (t=0.0026 r=0.0212 beta=0.11) | val: 2.16deg/1523mm | 134.2s
[ 7300/10000] loss=0.0044 (t=0.0021 r=0.0213 beta=0.11) | val: 2.12deg/1451mm | 136.0s
[ 7400/10000] loss=0.0051 (t=0.0025 r=0.0247 beta=0.11) | val: 2.17deg/1514mm | 137.9s
[ 7500/10000] loss=0.0043 (t=0.0020 r=0.0215 beta=0.11) | val: 2.05deg/1490mm | 139.7s
[ 7600/10000] loss=0.0044 (t=0.0020 r=0.0234 beta=0.11) | val: 2.29deg/1475mm | 141.5s
[ 7700/10000] loss=0.0042 (t=0.0021 r=0.0206 beta=0.10) | val: 2.23deg/1484mm | 143.4s
[ 7800/10000] loss=0.0048 (t=0.0025 r=0.0224 beta=0.10) | val: 2.13deg/1447mm | 145.2s
[ 7900/10000] loss=0.0042 (t=0.0022 r=0.0199 beta=0.10) | val: 2.18deg/1445mm | 147.0s
[ 8000/10000] loss=0.0043 (t=0.0024 r=0.0196 beta=0.10) | val: 2.16deg/1449mm | 148.9s
[ 8100/10000] loss=0.0043 (t=0.0020 r=0.0229 beta=0.10) | val: 2.19deg/1458mm | 150.7s
[ 8200/10000] loss=0.0041 (t=0.0020 r=0.0213 beta=0.10) | val: 2.08deg/1397mm | 152.6s
[ 8300/10000] loss=0.0049 (t=0.0029 r=0.0204 beta=0.10) | val: 2.12deg/1450mm | 154.4s
[ 8400/10000] loss=0.0041 (t=0.0020 r=0.0214 beta=0.10) | val: 2.19deg/1412mm | 156.2s
[ 8500/10000] loss=0.0042 (t=0.0020 r=0.0219 beta=0.10) | val: 2.15deg/1433mm | 158.1s
[ 8600/10000] loss=0.0039 (t=0.0018 r=0.0207 beta=0.10) | val: 2.20deg/1442mm | 159.9s
[ 8700/10000] loss=0.0041 (t=0.0022 r=0.0200 beta=0.10) | val: 2.14deg/1405mm | 161.7s
[ 8800/10000] loss=0.0049 (t=0.0027 r=0.0223 beta=0.10) | val: 2.16deg/1446mm | 163.5s
[ 8900/10000] loss=0.0048 (t=0.0026 r=0.0231 beta=0.10) | val: 2.19deg/1472mm | 165.4s
[ 9000/10000] loss=0.0041 (t=0.0020 r=0.0216 beta=0.10) | val: 2.17deg/1409mm | 167.2s
[ 9100/10000] loss=0.0046 (t=0.0024 r=0.0225 beta=0.10) | val: 2.15deg/1408mm | 169.1s
[ 9200/10000] loss=0.0046 (t=0.0025 r=0.0211 beta=0.10) | val: 2.16deg/1441mm | 170.9s
[ 9300/10000] loss=0.0040 (t=0.0019 r=0.0219 beta=0.10) | val: 2.15deg/1476mm | 172.7s
[ 9400/10000] loss=0.0042 (t=0.0022 r=0.0204 beta=0.10) | val: 2.15deg/1470mm | 174.5s
[ 9500/10000] loss=0.0045 (t=0.0023 r=0.0226 beta=0.10) | val: 2.16deg/1455mm | 176.4s
[ 9600/10000] loss=0.0042 (t=0.0021 r=0.0209 beta=0.10) | val: 2.17deg/1448mm | 178.2s
[ 9700/10000] loss=0.0041 (t=0.0021 r=0.0208 beta=0.10) | val: 2.18deg/1441mm | 180.0s
[ 9800/10000] loss=0.0044 (t=0.0024 r=0.0213 beta=0.10) | val: 2.19deg/1431mm | 181.8s
[ 9900/10000] loss=0.0040 (t=0.0019 r=0.0218 beta=0.10) | val: 2.19deg/1433mm | 183.7s
[10000/10000] loss=0.0042 (t=0.0020 r=0.0224 beta=0.10) | val: 2.18deg/1436mm | 185.5s

Training done. Best epoch: 2620, score: 1.5429

Loaded best model from epoch 2620

======================================================================
EVALUATION RESULTS (Direct Regression)
======================================================================
Rotation  (median): 2.00deg
Translation (median): 1347mm

  R@5deg_1m: 31.9%  (rot_pass=91.8%, trans_pass=33.5%)
  R@10deg_2m: 62.1%  (rot_pass=99.5%, trans_pass=62.6%)
  R@15deg_5m: 87.9%  (rot_pass=100.0%, trans_pass=87.9%)
  R@25deg_5m: 87.9%  (rot_pass=100.0%, trans_pass=87.9%)

======================================================================
EVALUATION RESULTS (Retrieval Mode)
======================================================================
Retrieval median: 11.03deg / 2384mm
  R@5deg_1m: 1.1%  (rot=2.7%, trans=20.9%)
  R@10deg_2m: 17.0%  (rot=42.9%, trans=43.4%)
  R@15deg_5m: 54.9%  (rot=70.3%, trans=80.8%)
  R@25deg_5m: 80.2%  (rot=99.5%, trans=80.8%)
======================================================================

Done!
--- seed456 done ---
=== exp24a_attn_h4_seed42 on GPU 0 ===
======================================================================
Experiment: exp24a_attn_h4_seed42
Pool: attn, Features: both+sum
======================================================================
Random seed: 42
Using device: cuda:0

Loading data (fine=True, coarse=True, summary=True)...
  Loaded fine_geo: torch.Size([895, 128, 68, 120])
  Loaded coarse_sem: torch.Size([895, 128, 68, 120])
  Loaded summary: torch.Size([895, 2560])
  [train] 895 samples loaded
  Loaded fine_geo: torch.Size([182, 128, 68, 120])
  Loaded coarse_sem: torch.Size([182, 128, 68, 120])
  Loaded summary: torch.Size([182, 2560])
  [test] 182 samples loaded
Translation norm: mean=[13.19548    -0.64731836 23.103329  ], std=[10.827089    0.94348246  9.766839  ]
  Feature dim after pooling: 3584
Model parameters: 4,357,266
Model parameters: 4,357,266
[    1/10000] loss=2.0091 (t=0.5745 r=1.4346 beta=1.00) | val: 31.45deg/20471mm | 0.8s
[  100/10000] loss=0.1169 (t=0.0420 r=0.0805 beta=0.93) | val: 4.64deg/2717mm | 3.2s
[  200/10000] loss=0.0800 (t=0.0331 r=0.0530 beta=0.88) | val: 3.60deg/2077mm | 5.6s
[  300/10000] loss=0.0629 (t=0.0217 r=0.0490 beta=0.84) | val: 2.96deg/1749mm | 7.5s
[  400/10000] loss=0.0466 (t=0.0142 r=0.0403 beta=0.80) | val: 2.27deg/1590mm | 9.4s
[  500/10000] loss=0.0444 (t=0.0145 r=0.0389 beta=0.77) | val: 2.25deg/1982mm | 11.4s
[  600/10000] loss=0.0374 (t=0.0123 r=0.0342 beta=0.74) | val: 2.28deg/1854mm | 13.2s
[  700/10000] loss=0.0312 (t=0.0077 r=0.0334 beta=0.70) | val: 2.37deg/1687mm | 15.1s
[  800/10000] loss=0.0293 (t=0.0080 r=0.0316 beta=0.67) | val: 1.93deg/1732mm | 16.9s
[  900/10000] loss=0.0305 (t=0.0084 r=0.0342 beta=0.65) | val: 2.16deg/2163mm | 18.8s
[ 1000/10000] loss=0.0267 (t=0.0072 r=0.0314 beta=0.62) | val: 2.18deg/1870mm | 20.6s
[ 1100/10000] loss=0.0255 (t=0.0074 r=0.0304 beta=0.59) | val: 2.13deg/1904mm | 22.4s
[ 1200/10000] loss=0.0241 (t=0.0079 r=0.0283 beta=0.57) | val: 2.17deg/1803mm | 24.2s
[ 1300/10000] loss=0.0216 (t=0.0061 r=0.0283 beta=0.55) | val: 2.07deg/1718mm | 26.1s
[ 1400/10000] loss=0.0212 (t=0.0053 r=0.0302 beta=0.53) | val: 2.09deg/1775mm | 27.9s
[ 1500/10000] loss=0.0180 (t=0.0049 r=0.0259 beta=0.51) | val: 2.31deg/1791mm | 29.7s
[ 1600/10000] loss=0.0174 (t=0.0050 r=0.0254 beta=0.49) | val: 2.24deg/1771mm | 31.6s
[ 1700/10000] loss=0.0185 (t=0.0050 r=0.0290 beta=0.47) | val: 2.35deg/1806mm | 33.4s
[ 1800/10000] loss=0.0173 (t=0.0052 r=0.0270 beta=0.45) | val: 2.07deg/1771mm | 35.3s
[ 1900/10000] loss=0.0170 (t=0.0052 r=0.0272 beta=0.43) | val: 2.25deg/1662mm | 37.1s
[ 2000/10000] loss=0.0173 (t=0.0055 r=0.0283 beta=0.42) | val: 2.14deg/1657mm | 38.9s
[ 2100/10000] loss=0.0159 (t=0.0051 r=0.0268 beta=0.40) | val: 2.06deg/1624mm | 40.8s
[ 2200/10000] loss=0.0140 (t=0.0044 r=0.0246 beta=0.39) | val: 2.15deg/2149mm | 42.6s
[ 2300/10000] loss=0.0137 (t=0.0039 r=0.0263 beta=0.37) | val: 2.14deg/1525mm | 44.5s
[ 2400/10000] loss=0.0137 (t=0.0043 r=0.0262 beta=0.36) | val: 2.10deg/1873mm | 46.6s
[ 2500/10000] loss=0.0138 (t=0.0047 r=0.0263 beta=0.35) | val: 2.01deg/1868mm | 48.4s
[ 2600/10000] loss=0.0115 (t=0.0038 r=0.0231 beta=0.33) | val: 1.94deg/1809mm | 50.3s
[ 2700/10000] loss=0.0114 (t=0.0039 r=0.0230 beta=0.32) | val: 2.05deg/1783mm | 52.1s
[ 2800/10000] loss=0.0111 (t=0.0037 r=0.0238 beta=0.31) | val: 1.95deg/1529mm | 53.9s
[ 2900/10000] loss=0.0122 (t=0.0049 r=0.0243 beta=0.30) | val: 2.06deg/1871mm | 55.7s
[ 3000/10000] loss=0.0114 (t=0.0036 r=0.0267 beta=0.29) | val: 2.21deg/1812mm | 57.6s
[ 3100/10000] loss=0.0105 (t=0.0034 r=0.0253 beta=0.28) | val: 2.16deg/1831mm | 59.4s
[ 3200/10000] loss=0.0110 (t=0.0039 r=0.0258 beta=0.27) | val: 1.97deg/1775mm | 61.2s
[ 3300/10000] loss=0.0098 (t=0.0035 r=0.0238 beta=0.26) | val: 2.19deg/1760mm | 63.0s
[ 3400/10000] loss=0.0091 (t=0.0032 r=0.0232 beta=0.26) | val: 2.15deg/1807mm | 64.8s
[ 3500/10000] loss=0.0093 (t=0.0033 r=0.0239 beta=0.25) | val: 2.11deg/1811mm | 66.7s
[ 3600/10000] loss=0.0090 (t=0.0033 r=0.0240 beta=0.24) | val: 2.24deg/1698mm | 68.5s
[ 3700/10000] loss=0.0088 (t=0.0033 r=0.0237 beta=0.23) | val: 2.15deg/1687mm | 70.3s
[ 3800/10000] loss=0.0079 (t=0.0029 r=0.0226 beta=0.23) | val: 2.19deg/1780mm | 72.1s
[ 3900/10000] loss=0.0082 (t=0.0032 r=0.0225 beta=0.22) | val: 2.28deg/1873mm | 74.0s
[ 4000/10000] loss=0.0072 (t=0.0028 r=0.0208 beta=0.21) | val: 2.18deg/1847mm | 75.8s
[ 4100/10000] loss=0.0092 (t=0.0040 r=0.0252 beta=0.21) | val: 2.15deg/1718mm | 77.6s
[ 4200/10000] loss=0.0076 (t=0.0031 r=0.0226 beta=0.20) | val: 2.09deg/1815mm | 79.4s
[ 4300/10000] loss=0.0082 (t=0.0032 r=0.0253 beta=0.19) | val: 2.02deg/1746mm | 81.3s
[ 4400/10000] loss=0.0080 (t=0.0037 r=0.0228 beta=0.19) | val: 2.05deg/1786mm | 83.1s
[ 4500/10000] loss=0.0073 (t=0.0032 r=0.0222 beta=0.18) | val: 2.08deg/1799mm | 84.9s
[ 4600/10000] loss=0.0074 (t=0.0029 r=0.0250 beta=0.18) | val: 2.15deg/1623mm | 86.8s
[ 4700/10000] loss=0.0067 (t=0.0025 r=0.0238 beta=0.17) | val: 2.17deg/1849mm | 88.6s
[ 4800/10000] loss=0.0072 (t=0.0034 r=0.0224 beta=0.17) | val: 2.07deg/1700mm | 90.4s
[ 4900/10000] loss=0.0074 (t=0.0032 r=0.0250 beta=0.17) | val: 2.25deg/1756mm | 92.2s
[ 5000/10000] loss=0.0070 (t=0.0028 r=0.0260 beta=0.16) | val: 2.20deg/1705mm | 94.1s
[ 5100/10000] loss=0.0060 (t=0.0028 r=0.0208 beta=0.16) | val: 2.00deg/1801mm | 95.9s
[ 5200/10000] loss=0.0067 (t=0.0029 r=0.0245 beta=0.15) | val: 2.21deg/2070mm | 97.7s
[ 5300/10000] loss=0.0061 (t=0.0026 r=0.0237 beta=0.15) | val: 2.15deg/1806mm | 99.6s
[ 5400/10000] loss=0.0064 (t=0.0029 r=0.0235 beta=0.15) | val: 2.32deg/1913mm | 101.4s
[ 5500/10000] loss=0.0062 (t=0.0028 r=0.0233 beta=0.14) | val: 2.20deg/1742mm | 103.3s
[ 5600/10000] loss=0.0058 (t=0.0026 r=0.0225 beta=0.14) | val: 2.18deg/1790mm | 105.1s
[ 5700/10000] loss=0.0060 (t=0.0028 r=0.0236 beta=0.14) | val: 2.31deg/1769mm | 106.9s
[ 5800/10000] loss=0.0059 (t=0.0030 r=0.0218 beta=0.13) | val: 2.26deg/1804mm | 108.7s
[ 5900/10000] loss=0.0069 (t=0.0037 r=0.0239 beta=0.13) | val: 2.21deg/1896mm | 110.6s
[ 6000/10000] loss=0.0056 (t=0.0027 r=0.0225 beta=0.13) | val: 2.26deg/1844mm | 112.4s
[ 6100/10000] loss=0.0052 (t=0.0024 r=0.0222 beta=0.13) | val: 2.20deg/1886mm | 114.2s
[ 6200/10000] loss=0.0054 (t=0.0026 r=0.0225 beta=0.12) | val: 2.30deg/1881mm | 116.1s
[ 6300/10000] loss=0.0053 (t=0.0029 r=0.0200 beta=0.12) | val: 2.17deg/1744mm | 117.9s
[ 6400/10000] loss=0.0052 (t=0.0025 r=0.0220 beta=0.12) | val: 2.19deg/1845mm | 119.7s
[ 6500/10000] loss=0.0051 (t=0.0024 r=0.0228 beta=0.12) | val: 2.14deg/1966mm | 121.5s
[ 6600/10000] loss=0.0058 (t=0.0028 r=0.0254 beta=0.12) | val: 2.32deg/1849mm | 123.4s
[ 6700/10000] loss=0.0062 (t=0.0033 r=0.0249 beta=0.11) | val: 2.25deg/1941mm | 125.2s
[ 6800/10000] loss=0.0053 (t=0.0026 r=0.0233 beta=0.11) | val: 2.19deg/1779mm | 127.0s
[ 6900/10000] loss=0.0054 (t=0.0029 r=0.0222 beta=0.11) | val: 2.34deg/1880mm | 128.8s
[ 7000/10000] loss=0.0043 (t=0.0020 r=0.0203 beta=0.11) | val: 2.25deg/1871mm | 130.7s
[ 7100/10000] loss=0.0048 (t=0.0024 r=0.0226 beta=0.11) | val: 2.16deg/1779mm | 132.5s
[ 7200/10000] loss=0.0049 (t=0.0023 r=0.0237 beta=0.11) | val: 2.25deg/1823mm | 134.3s
[ 7300/10000] loss=0.0045 (t=0.0022 r=0.0213 beta=0.11) | val: 2.24deg/1707mm | 136.1s
[ 7400/10000] loss=0.0041 (t=0.0020 r=0.0208 beta=0.10) | val: 2.22deg/1739mm | 138.0s
[ 7500/10000] loss=0.0045 (t=0.0023 r=0.0217 beta=0.10) | val: 2.27deg/1707mm | 139.8s
[ 7600/10000] loss=0.0045 (t=0.0023 r=0.0211 beta=0.10) | val: 2.29deg/1865mm | 141.6s
[ 7700/10000] loss=0.0050 (t=0.0027 r=0.0230 beta=0.10) | val: 2.30deg/1760mm | 143.4s
[ 7800/10000] loss=0.0044 (t=0.0021 r=0.0234 beta=0.10) | val: 2.20deg/1711mm | 145.3s
[ 7900/10000] loss=0.0044 (t=0.0022 r=0.0227 beta=0.10) | val: 2.27deg/1786mm | 147.1s
[ 8000/10000] loss=0.0042 (t=0.0021 r=0.0210 beta=0.10) | val: 2.28deg/1817mm | 148.9s
[ 8100/10000] loss=0.0048 (t=0.0025 r=0.0231 beta=0.10) | val: 2.19deg/1785mm | 150.7s
[ 8200/10000] loss=0.0042 (t=0.0021 r=0.0212 beta=0.10) | val: 2.18deg/1725mm | 152.6s
[ 8300/10000] loss=0.0038 (t=0.0018 r=0.0202 beta=0.10) | val: 2.17deg/1729mm | 154.4s
[ 8400/10000] loss=0.0043 (t=0.0022 r=0.0223 beta=0.10) | val: 2.24deg/1802mm | 156.2s
[ 8500/10000] loss=0.0045 (t=0.0022 r=0.0230 beta=0.10) | val: 2.19deg/1783mm | 158.1s
[ 8600/10000] loss=0.0038 (t=0.0018 r=0.0208 beta=0.10) | val: 2.20deg/1771mm | 159.9s
[ 8700/10000] loss=0.0044 (t=0.0023 r=0.0222 beta=0.10) | val: 2.28deg/1829mm | 161.7s
[ 8800/10000] loss=0.0041 (t=0.0021 r=0.0214 beta=0.10) | val: 2.21deg/1758mm | 163.6s
[ 8900/10000] loss=0.0043 (t=0.0022 r=0.0229 beta=0.09) | val: 2.17deg/1809mm | 165.4s
[ 9000/10000] loss=0.0043 (t=0.0022 r=0.0222 beta=0.09) | val: 2.25deg/1816mm | 167.2s
[ 9100/10000] loss=0.0047 (t=0.0023 r=0.0252 beta=0.09) | val: 2.25deg/1849mm | 169.0s
[ 9200/10000] loss=0.0041 (t=0.0021 r=0.0213 beta=0.09) | val: 2.22deg/1773mm | 170.9s
[ 9300/10000] loss=0.0040 (t=0.0020 r=0.0217 beta=0.09) | val: 2.19deg/1842mm | 172.7s
[ 9400/10000] loss=0.0047 (t=0.0026 r=0.0223 beta=0.09) | val: 2.17deg/1796mm | 174.5s
[ 9500/10000] loss=0.0039 (t=0.0019 r=0.0212 beta=0.09) | val: 2.16deg/1782mm | 176.3s
[ 9600/10000] loss=0.0037 (t=0.0017 r=0.0216 beta=0.09) | val: 2.16deg/1780mm | 178.2s
[ 9700/10000] loss=0.0044 (t=0.0023 r=0.0226 beta=0.09) | val: 2.18deg/1808mm | 180.0s
[ 9800/10000] loss=0.0040 (t=0.0021 r=0.0204 beta=0.09) | val: 2.18deg/1802mm | 181.8s
[ 9900/10000] loss=0.0043 (t=0.0023 r=0.0211 beta=0.09) | val: 2.19deg/1772mm | 183.6s
[10000/10000] loss=0.0034 (t=0.0016 r=0.0194 beta=0.09) | val: 2.18deg/1791mm | 185.5s

Training done. Best epoch: 2360, score: 1.7080

Loaded best model from epoch 2360

======================================================================
EVALUATION RESULTS (Direct Regression)
======================================================================
Rotation  (median): 2.20deg
Translation (median): 1507mm

  R@5deg_1m: 28.0%  (rot_pass=91.2%, trans_pass=28.6%)
  R@10deg_2m: 58.8%  (rot_pass=100.0%, trans_pass=58.8%)
  R@15deg_5m: 87.4%  (rot_pass=100.0%, trans_pass=87.4%)
  R@25deg_5m: 87.4%  (rot_pass=100.0%, trans_pass=87.4%)

======================================================================
EVALUATION RESULTS (Retrieval Mode)
======================================================================
Retrieval median: 11.16deg / 2594mm
  R@5deg_1m: 2.7%  (rot=6.0%, trans=18.1%)
  R@10deg_2m: 19.2%  (rot=40.1%, trans=41.2%)
  R@15deg_5m: 54.9%  (rot=68.1%, trans=81.3%)
  R@25deg_5m: 79.7%  (rot=98.4%, trans=81.3%)
======================================================================

Done!
--- seed42 done ---
=== exp24a_attn_h4_seed7 on GPU 0 ===
======================================================================
Experiment: exp24a_attn_h4_seed7
Pool: attn, Features: both+sum
======================================================================
Random seed: 7
Using device: cuda:0

Loading data (fine=True, coarse=True, summary=True)...
  Loaded fine_geo: torch.Size([895, 128, 68, 120])
  Loaded coarse_sem: torch.Size([895, 128, 68, 120])
  Loaded summary: torch.Size([895, 2560])
  [train] 895 samples loaded
  Loaded fine_geo: torch.Size([182, 128, 68, 120])
  Loaded coarse_sem: torch.Size([182, 128, 68, 120])
  Loaded summary: torch.Size([182, 2560])
  [test] 182 samples loaded
Translation norm: mean=[13.19548    -0.64731836 23.103329  ], std=[10.827089    0.94348246  9.766839  ]
  Feature dim after pooling: 3584
Model parameters: 4,357,266
Model parameters: 4,357,266
[    1/10000] loss=3.2615 (t=0.6693 r=2.5922 beta=1.00) | val: 91.14deg/17076mm | 0.7s
[  100/10000] loss=0.1041 (t=0.0312 r=0.0783 beta=0.93) | val: 4.87deg/2626mm | 2.9s
[  200/10000] loss=0.0790 (t=0.0296 r=0.0558 beta=0.89) | val: 2.84deg/2051mm | 5.1s
[  300/10000] loss=0.0625 (t=0.0208 r=0.0492 beta=0.85) | val: 2.33deg/1838mm | 7.1s
[  400/10000] loss=0.0526 (t=0.0154 r=0.0458 beta=0.81) | val: 2.38deg/1623mm | 9.1s
[  500/10000] loss=0.0481 (t=0.0166 r=0.0405 beta=0.78) | val: 2.50deg/1837mm | 11.1s
[  600/10000] loss=0.0384 (t=0.0109 r=0.0369 beta=0.74) | val: 2.17deg/1448mm | 12.9s
[  700/10000] loss=0.0338 (t=0.0099 r=0.0334 beta=0.71) | val: 2.08deg/1533mm | 14.8s
[  800/10000] loss=0.0339 (t=0.0088 r=0.0366 beta=0.69) | val: 2.20deg/1736mm | 16.6s
[  900/10000] loss=0.0274 (t=0.0073 r=0.0304 beta=0.66) | val: 2.14deg/1566mm | 18.4s
[ 1000/10000] loss=0.0295 (t=0.0087 r=0.0328 beta=0.63) | val: 2.45deg/1643mm | 20.3s
[ 1100/10000] loss=0.0244 (t=0.0056 r=0.0310 beta=0.61) | val: 2.11deg/1598mm | 22.2s
[ 1200/10000] loss=0.0241 (t=0.0074 r=0.0286 beta=0.58) | val: 2.09deg/1712mm | 24.0s
[ 1300/10000] loss=0.0208 (t=0.0059 r=0.0265 beta=0.56) | val: 2.03deg/1547mm | 25.9s
[ 1400/10000] loss=0.0205 (t=0.0052 r=0.0284 beta=0.54) | val: 2.00deg/1526mm | 27.7s
[ 1500/10000] loss=0.0203 (t=0.0055 r=0.0285 beta=0.52) | val: 1.99deg/1366mm | 29.6s
[ 1600/10000] loss=0.0181 (t=0.0056 r=0.0250 beta=0.50) | val: 2.07deg/1392mm | 31.5s
[ 1700/10000] loss=0.0177 (t=0.0051 r=0.0262 beta=0.48) | val: 2.09deg/1395mm | 33.3s
[ 1800/10000] loss=0.0175 (t=0.0051 r=0.0267 beta=0.46) | val: 2.16deg/1364mm | 35.2s
[ 1900/10000] loss=0.0162 (t=0.0047 r=0.0256 beta=0.45) | val: 2.26deg/1404mm | 37.0s
[ 2000/10000] loss=0.0158 (t=0.0040 r=0.0274 beta=0.43) | val: 2.18deg/1508mm | 38.8s
[ 2100/10000] loss=0.0158 (t=0.0046 r=0.0269 beta=0.41) | val: 2.19deg/1678mm | 40.7s
[ 2200/10000] loss=0.0147 (t=0.0044 r=0.0257 beta=0.40) | val: 2.09deg/1448mm | 42.5s
[ 2300/10000] loss=0.0142 (t=0.0033 r=0.0281 beta=0.38) | val: 2.16deg/1619mm | 44.3s
[ 2400/10000] loss=0.0131 (t=0.0043 r=0.0236 beta=0.37) | val: 2.24deg/1482mm | 46.1s
[ 2500/10000] loss=0.0126 (t=0.0039 r=0.0245 beta=0.36) | val: 2.15deg/1541mm | 48.0s
[ 2600/10000] loss=0.0120 (t=0.0040 r=0.0231 beta=0.35) | val: 2.05deg/1574mm | 49.8s
[ 2700/10000] loss=0.0123 (t=0.0042 r=0.0242 beta=0.33) | val: 2.01deg/1547mm | 51.6s
[ 2800/10000] loss=0.0119 (t=0.0038 r=0.0252 beta=0.32) | val: 2.07deg/1480mm | 53.4s
[ 2900/10000] loss=0.0119 (t=0.0039 r=0.0258 beta=0.31) | val: 2.00deg/1710mm | 55.3s
[ 3000/10000] loss=0.0111 (t=0.0039 r=0.0239 beta=0.30) | val: 1.96deg/1578mm | 57.1s
[ 3100/10000] loss=0.0114 (t=0.0037 r=0.0265 beta=0.29) | val: 2.04deg/1583mm | 58.9s
[ 3200/10000] loss=0.0100 (t=0.0032 r=0.0241 beta=0.28) | val: 2.08deg/1498mm | 60.8s
[ 3300/10000] loss=0.0097 (t=0.0031 r=0.0241 beta=0.27) | val: 2.25deg/1536mm | 62.6s
[ 3400/10000] loss=0.0097 (t=0.0034 r=0.0237 beta=0.27) | val: 2.10deg/1738mm | 64.5s
[ 3500/10000] loss=0.0111 (t=0.0046 r=0.0255 beta=0.26) | val: 2.06deg/1574mm | 66.3s
[ 3600/10000] loss=0.0089 (t=0.0034 r=0.0222 beta=0.25) | val: 2.23deg/1435mm | 68.1s
[ 3700/10000] loss=0.0090 (t=0.0034 r=0.0235 beta=0.24) | val: 2.17deg/1542mm | 70.0s
[ 3800/10000] loss=0.0098 (t=0.0044 r=0.0232 beta=0.23) | val: 2.02deg/1577mm | 71.8s
[ 3900/10000] loss=0.0091 (t=0.0032 r=0.0258 beta=0.23) | val: 2.16deg/1436mm | 73.6s
[ 4000/10000] loss=0.0091 (t=0.0034 r=0.0261 beta=0.22) | val: 2.25deg/1602mm | 75.5s
[ 4100/10000] loss=0.0081 (t=0.0031 r=0.0237 beta=0.21) | val: 2.15deg/1655mm | 77.3s
[ 4200/10000] loss=0.0075 (t=0.0025 r=0.0237 beta=0.21) | val: 2.18deg/1471mm | 79.1s
[ 4300/10000] loss=0.0069 (t=0.0025 r=0.0221 beta=0.20) | val: 2.23deg/1521mm | 80.9s
[ 4400/10000] loss=0.0074 (t=0.0029 r=0.0228 beta=0.20) | val: 2.12deg/1582mm | 82.7s
[ 4500/10000] loss=0.0077 (t=0.0032 r=0.0236 beta=0.19) | val: 2.01deg/1420mm | 84.6s
[ 4600/10000] loss=0.0072 (t=0.0028 r=0.0237 beta=0.19) | val: 2.20deg/1565mm | 86.5s
[ 4700/10000] loss=0.0076 (t=0.0029 r=0.0257 beta=0.18) | val: 2.29deg/1526mm | 88.3s
[ 4800/10000] loss=0.0066 (t=0.0027 r=0.0221 beta=0.18) | val: 2.04deg/1539mm | 90.1s
[ 4900/10000] loss=0.0076 (t=0.0034 r=0.0241 beta=0.17) | val: 2.14deg/1456mm | 91.9s
[ 5000/10000] loss=0.0064 (t=0.0023 r=0.0243 beta=0.17) | val: 2.23deg/1647mm | 93.8s
[ 5100/10000] loss=0.0072 (t=0.0033 r=0.0238 beta=0.16) | val: 2.12deg/1744mm | 95.6s
[ 5200/10000] loss=0.0067 (t=0.0032 r=0.0223 beta=0.16) | val: 1.92deg/1600mm | 97.4s
[ 5300/10000] loss=0.0058 (t=0.0021 r=0.0236 beta=0.16) | val: 2.29deg/1580mm | 99.3s
[ 5400/10000] loss=0.0064 (t=0.0030 r=0.0225 beta=0.15) | val: 2.17deg/1569mm | 101.1s
[ 5500/10000] loss=0.0063 (t=0.0029 r=0.0224 beta=0.15) | val: 2.31deg/1554mm | 102.9s
[ 5600/10000] loss=0.0060 (t=0.0026 r=0.0229 beta=0.15) | val: 2.09deg/1575mm | 104.7s
[ 5700/10000] loss=0.0054 (t=0.0023 r=0.0218 beta=0.14) | val: 2.53deg/1545mm | 106.5s
[ 5800/10000] loss=0.0056 (t=0.0026 r=0.0216 beta=0.14) | val: 2.05deg/1618mm | 108.4s
[ 5900/10000] loss=0.0053 (t=0.0023 r=0.0218 beta=0.14) | val: 2.14deg/1535mm | 110.2s
[ 6000/10000] loss=0.0053 (t=0.0021 r=0.0235 beta=0.13) | val: 2.13deg/1670mm | 112.0s
[ 6100/10000] loss=0.0053 (t=0.0023 r=0.0231 beta=0.13) | val: 2.23deg/1623mm | 113.8s
[ 6200/10000] loss=0.0053 (t=0.0025 r=0.0217 beta=0.13) | val: 2.02deg/1480mm | 115.7s
[ 6300/10000] loss=0.0058 (t=0.0029 r=0.0229 beta=0.13) | val: 2.23deg/1591mm | 117.5s
[ 6400/10000] loss=0.0057 (t=0.0029 r=0.0224 beta=0.13) | val: 2.14deg/1637mm | 119.3s
[ 6500/10000] loss=0.0047 (t=0.0021 r=0.0218 beta=0.12) | val: 2.34deg/1664mm | 121.1s
[ 6600/10000] loss=0.0050 (t=0.0025 r=0.0204 beta=0.12) | val: 2.24deg/1552mm | 123.0s
[ 6700/10000] loss=0.0053 (t=0.0026 r=0.0231 beta=0.12) | val: 2.31deg/1589mm | 124.8s
[ 6800/10000] loss=0.0052 (t=0.0027 r=0.0219 beta=0.12) | val: 2.17deg/1614mm | 126.6s
[ 6900/10000] loss=0.0048 (t=0.0023 r=0.0215 beta=0.12) | val: 2.27deg/1514mm | 128.4s
[ 7000/10000] loss=0.0048 (t=0.0023 r=0.0219 beta=0.11) | val: 2.15deg/1531mm | 130.3s
[ 7100/10000] loss=0.0047 (t=0.0021 r=0.0227 beta=0.11) | val: 2.19deg/1620mm | 132.1s
[ 7200/10000] loss=0.0051 (t=0.0028 r=0.0209 beta=0.11) | val: 2.17deg/1625mm | 133.9s
[ 7300/10000] loss=0.0057 (t=0.0032 r=0.0230 beta=0.11) | val: 2.20deg/1625mm | 135.7s
[ 7400/10000] loss=0.0047 (t=0.0024 r=0.0218 beta=0.11) | val: 2.12deg/1491mm | 137.6s
[ 7500/10000] loss=0.0048 (t=0.0025 r=0.0217 beta=0.11) | val: 2.15deg/1595mm | 139.4s
[ 7600/10000] loss=0.0047 (t=0.0025 r=0.0205 beta=0.11) | val: 2.21deg/1568mm | 141.2s
[ 7700/10000] loss=0.0044 (t=0.0021 r=0.0212 beta=0.11) | val: 2.07deg/1499mm | 143.0s
[ 7800/10000] loss=0.0049 (t=0.0028 r=0.0205 beta=0.11) | val: 2.15deg/1571mm | 144.9s
[ 7900/10000] loss=0.0043 (t=0.0020 r=0.0216 beta=0.10) | val: 2.07deg/1573mm | 146.7s
[ 8000/10000] loss=0.0043 (t=0.0020 r=0.0222 beta=0.10) | val: 2.19deg/1524mm | 148.5s
[ 8100/10000] loss=0.0049 (t=0.0025 r=0.0230 beta=0.10) | val: 2.14deg/1502mm | 150.3s
[ 8200/10000] loss=0.0048 (t=0.0025 r=0.0227 beta=0.10) | val: 2.22deg/1532mm | 152.2s
[ 8300/10000] loss=0.0047 (t=0.0024 r=0.0224 beta=0.10) | val: 2.12deg/1565mm | 154.0s
[ 8400/10000] loss=0.0047 (t=0.0024 r=0.0220 beta=0.10) | val: 2.17deg/1553mm | 155.8s
[ 8500/10000] loss=0.0045 (t=0.0023 r=0.0214 beta=0.10) | val: 2.17deg/1580mm | 157.6s
[ 8600/10000] loss=0.0045 (t=0.0022 r=0.0227 beta=0.10) | val: 2.12deg/1529mm | 159.5s
[ 8700/10000] loss=0.0041 (t=0.0020 r=0.0207 beta=0.10) | val: 2.13deg/1531mm | 161.3s
[ 8800/10000] loss=0.0041 (t=0.0020 r=0.0212 beta=0.10) | val: 2.17deg/1559mm | 163.1s
[ 8900/10000] loss=0.0042 (t=0.0021 r=0.0206 beta=0.10) | val: 2.09deg/1527mm | 164.9s
[ 9000/10000] loss=0.0043 (t=0.0022 r=0.0211 beta=0.10) | val: 2.13deg/1543mm | 166.8s
[ 9100/10000] loss=0.0043 (t=0.0023 r=0.0204 beta=0.10) | val: 2.16deg/1529mm | 168.6s
[ 9200/10000] loss=0.0039 (t=0.0018 r=0.0213 beta=0.10) | val: 2.12deg/1556mm | 170.4s
[ 9300/10000] loss=0.0040 (t=0.0020 r=0.0208 beta=0.10) | val: 2.15deg/1564mm | 172.2s
[ 9400/10000] loss=0.0041 (t=0.0021 r=0.0204 beta=0.10) | val: 2.09deg/1524mm | 174.0s
[ 9500/10000] loss=0.0041 (t=0.0020 r=0.0211 beta=0.10) | val: 2.11deg/1551mm | 175.9s
[ 9600/10000] loss=0.0041 (t=0.0022 r=0.0202 beta=0.10) | val: 2.10deg/1520mm | 177.7s
[ 9700/10000] loss=0.0048 (t=0.0026 r=0.0227 beta=0.10) | val: 2.11deg/1531mm | 179.5s
[ 9800/10000] loss=0.0042 (t=0.0021 r=0.0213 beta=0.10) | val: 2.11deg/1538mm | 181.3s
[ 9900/10000] loss=0.0041 (t=0.0020 r=0.0214 beta=0.10) | val: 2.11deg/1541mm | 183.2s
[10000/10000] loss=0.0043 (t=0.0022 r=0.0210 beta=0.10) | val: 2.11deg/1544mm | 185.0s

Training done. Best epoch: 4550, score: 1.5294

Loaded best model from epoch 4550

======================================================================
EVALUATION RESULTS (Direct Regression)
======================================================================
Rotation  (median): 2.05deg
Translation (median): 1341mm

  R@5deg_1m: 36.8%  (rot_pass=91.8%, trans_pass=36.8%)
  R@10deg_2m: 64.8%  (rot_pass=100.0%, trans_pass=64.8%)
  R@15deg_5m: 85.7%  (rot_pass=100.0%, trans_pass=85.7%)
  R@25deg_5m: 85.7%  (rot_pass=100.0%, trans_pass=85.7%)

======================================================================
EVALUATION RESULTS (Retrieval Mode)
======================================================================
Retrieval median: 11.27deg / 2779mm
  R@5deg_1m: 2.7%  (rot=4.4%, trans=19.2%)
  R@10deg_2m: 15.9%  (rot=41.8%, trans=41.2%)
  R@15deg_5m: 58.8%  (rot=75.8%, trans=81.3%)
  R@25deg_5m: 80.8%  (rot=98.9%, trans=81.3%)
======================================================================

Done!
--- seed7 done ---
=== exp24a_attn_h4_seed999 on GPU 0 ===
======================================================================
Experiment: exp24a_attn_h4_seed999
Pool: attn, Features: both+sum
======================================================================
Random seed: 999
Using device: cuda:0

Loading data (fine=True, coarse=True, summary=True)...
  Loaded fine_geo: torch.Size([895, 128, 68, 120])
  Loaded coarse_sem: torch.Size([895, 128, 68, 120])
  Loaded summary: torch.Size([895, 2560])
  [train] 895 samples loaded
  Loaded fine_geo: torch.Size([182, 128, 68, 120])
  Loaded coarse_sem: torch.Size([182, 128, 68, 120])
  Loaded summary: torch.Size([182, 2560])
  [test] 182 samples loaded
Translation norm: mean=[13.19548    -0.64731836 23.103329  ], std=[10.827089    0.94348246  9.766839  ]
  Feature dim after pooling: 3584
Model parameters: 4,357,266
Model parameters: 4,357,266
[    1/10000] loss=2.5250 (t=0.6026 r=1.9223 beta=1.00) | val: 55.95deg/18177mm | 0.7s
[  100/10000] loss=0.1029 (t=0.0311 r=0.0774 beta=0.93) | val: 5.11deg/2750mm | 3.0s
[  200/10000] loss=0.0801 (t=0.0290 r=0.0583 beta=0.88) | val: 3.19deg/2139mm | 5.2s
[  300/10000] loss=0.0570 (t=0.0212 r=0.0428 beta=0.84) | val: 2.71deg/1813mm | 7.1s
[  400/10000] loss=0.0505 (t=0.0188 r=0.0397 beta=0.80) | val: 2.26deg/1810mm | 9.0s
[  500/10000] loss=0.0468 (t=0.0142 r=0.0427 beta=0.76) | val: 2.19deg/1480mm | 11.1s
[  600/10000] loss=0.0383 (t=0.0123 r=0.0357 beta=0.73) | val: 2.32deg/1494mm | 12.9s
[  700/10000] loss=0.0349 (t=0.0108 r=0.0346 beta=0.70) | val: 2.70deg/1971mm | 14.8s
[  800/10000] loss=0.0312 (t=0.0083 r=0.0344 beta=0.67) | val: 2.01deg/1543mm | 16.6s
[  900/10000] loss=0.0297 (t=0.0081 r=0.0339 beta=0.64) | val: 2.30deg/1692mm | 18.5s
[ 1000/10000] loss=0.0281 (t=0.0088 r=0.0316 beta=0.61) | val: 2.12deg/1394mm | 20.4s
[ 1100/10000] loss=0.0252 (t=0.0072 r=0.0307 beta=0.59) | val: 2.24deg/1655mm | 22.2s
[ 1200/10000] loss=0.0244 (t=0.0074 r=0.0301 beta=0.56) | val: 2.41deg/1740mm | 24.1s
[ 1300/10000] loss=0.0204 (t=0.0050 r=0.0284 beta=0.54) | val: 2.36deg/1564mm | 25.9s
[ 1400/10000] loss=0.0210 (t=0.0062 r=0.0287 beta=0.52) | val: 2.18deg/1445mm | 27.8s
[ 1500/10000] loss=0.0184 (t=0.0041 r=0.0288 beta=0.50) | val: 2.00deg/1494mm | 29.7s
[ 1600/10000] loss=0.0190 (t=0.0048 r=0.0298 beta=0.48) | val: 1.99deg/1629mm | 31.5s
[ 1700/10000] loss=0.0178 (t=0.0051 r=0.0277 beta=0.46) | val: 2.12deg/1488mm | 33.3s
[ 1800/10000] loss=0.0167 (t=0.0047 r=0.0272 beta=0.44) | val: 1.97deg/1503mm | 35.1s
[ 1900/10000] loss=0.0164 (t=0.0041 r=0.0288 beta=0.42) | val: 2.03deg/1584mm | 36.9s
[ 2000/10000] loss=0.0153 (t=0.0042 r=0.0270 beta=0.41) | val: 2.04deg/1649mm | 38.8s
[ 2100/10000] loss=0.0132 (t=0.0036 r=0.0244 beta=0.39) | val: 1.98deg/1688mm | 40.6s
[ 2200/10000] loss=0.0157 (t=0.0042 r=0.0303 beta=0.38) | val: 1.94deg/1443mm | 42.4s
[ 2300/10000] loss=0.0141 (t=0.0045 r=0.0263 beta=0.37) | val: 2.15deg/1452mm | 44.3s
[ 2400/10000] loss=0.0132 (t=0.0038 r=0.0268 beta=0.35) | val: 2.03deg/1581mm | 46.1s
[ 2500/10000] loss=0.0131 (t=0.0045 r=0.0254 beta=0.34) | val: 1.93deg/1578mm | 48.0s
[ 2600/10000] loss=0.0124 (t=0.0032 r=0.0279 beta=0.33) | val: 2.09deg/1568mm | 49.8s
[ 2700/10000] loss=0.0117 (t=0.0031 r=0.0270 beta=0.32) | val: 2.14deg/1526mm | 51.7s
[ 2800/10000] loss=0.0112 (t=0.0035 r=0.0252 beta=0.31) | val: 2.10deg/1497mm | 53.5s
[ 2900/10000] loss=0.0115 (t=0.0044 r=0.0239 beta=0.29) | val: 2.00deg/1597mm | 55.3s
[ 3000/10000] loss=0.0106 (t=0.0036 r=0.0244 beta=0.28) | val: 2.04deg/1510mm | 57.2s
[ 3100/10000] loss=0.0092 (t=0.0035 r=0.0207 beta=0.28) | val: 2.03deg/1595mm | 59.0s
[ 3200/10000] loss=0.0098 (t=0.0031 r=0.0250 beta=0.27) | val: 2.01deg/1428mm | 60.8s
[ 3300/10000] loss=0.0111 (t=0.0041 r=0.0270 beta=0.26) | val: 2.16deg/1620mm | 62.6s
[ 3400/10000] loss=0.0095 (t=0.0034 r=0.0244 beta=0.25) | val: 2.10deg/1488mm | 64.4s
[ 3500/10000] loss=0.0090 (t=0.0033 r=0.0238 beta=0.24) | val: 2.22deg/1586mm | 66.3s
[ 3600/10000] loss=0.0095 (t=0.0032 r=0.0271 beta=0.23) | val: 2.14deg/1594mm | 68.1s
[ 3700/10000] loss=0.0091 (t=0.0034 r=0.0250 beta=0.23) | val: 2.20deg/1515mm | 69.9s
[ 3800/10000] loss=0.0091 (t=0.0036 r=0.0252 beta=0.22) | val: 2.21deg/1676mm | 71.7s
[ 3900/10000] loss=0.0087 (t=0.0035 r=0.0244 beta=0.21) | val: 1.95deg/1544mm | 73.6s
[ 4000/10000] loss=0.0084 (t=0.0034 r=0.0242 beta=0.21) | val: 2.19deg/1549mm | 75.4s
[ 4100/10000] loss=0.0081 (t=0.0029 r=0.0262 beta=0.20) | val: 2.08deg/1517mm | 77.2s
[ 4200/10000] loss=0.0083 (t=0.0037 r=0.0237 beta=0.20) | val: 2.01deg/1419mm | 79.0s
[ 4300/10000] loss=0.0074 (t=0.0029 r=0.0236 beta=0.19) | val: 2.17deg/1612mm | 80.9s
[ 4400/10000] loss=0.0072 (t=0.0027 r=0.0243 beta=0.18) | val: 2.02deg/1478mm | 82.7s
[ 4500/10000] loss=0.0074 (t=0.0032 r=0.0231 beta=0.18) | val: 2.19deg/1486mm | 84.6s
[ 4600/10000] loss=0.0072 (t=0.0030 r=0.0240 beta=0.17) | val: 2.22deg/1442mm | 86.5s
[ 4700/10000] loss=0.0076 (t=0.0031 r=0.0266 beta=0.17) | val: 2.04deg/1551mm | 88.3s
[ 4800/10000] loss=0.0072 (t=0.0031 r=0.0245 beta=0.17) | val: 2.03deg/1365mm | 90.1s
[ 4900/10000] loss=0.0066 (t=0.0028 r=0.0234 beta=0.16) | val: 2.09deg/1483mm | 92.0s
[ 5000/10000] loss=0.0060 (t=0.0023 r=0.0230 beta=0.16) | val: 2.04deg/1554mm | 93.8s
[ 5100/10000] loss=0.0067 (t=0.0029 r=0.0247 beta=0.15) | val: 2.19deg/1460mm | 95.6s
[ 5200/10000] loss=0.0065 (t=0.0030 r=0.0236 beta=0.15) | val: 2.02deg/1566mm | 97.5s
[ 5300/10000] loss=0.0060 (t=0.0026 r=0.0232 beta=0.15) | val: 2.07deg/1419mm | 99.3s
[ 5400/10000] loss=0.0058 (t=0.0027 r=0.0217 beta=0.14) | val: 1.99deg/1477mm | 101.1s
[ 5500/10000] loss=0.0064 (t=0.0030 r=0.0240 beta=0.14) | val: 2.10deg/1629mm | 103.0s
[ 5600/10000] loss=0.0055 (t=0.0026 r=0.0208 beta=0.14) | val: 2.32deg/1619mm | 104.8s
[ 5700/10000] loss=0.0060 (t=0.0028 r=0.0243 beta=0.13) | val: 2.02deg/1431mm | 106.6s
[ 5800/10000] loss=0.0054 (t=0.0022 r=0.0244 beta=0.13) | val: 2.04deg/1526mm | 108.5s
[ 5900/10000] loss=0.0050 (t=0.0021 r=0.0225 beta=0.13) | val: 2.20deg/1618mm | 110.3s
[ 6000/10000] loss=0.0056 (t=0.0027 r=0.0229 beta=0.13) | val: 2.15deg/1642mm | 112.1s
[ 6100/10000] loss=0.0054 (t=0.0026 r=0.0223 beta=0.12) | val: 2.19deg/1484mm | 114.0s
[ 6200/10000] loss=0.0051 (t=0.0024 r=0.0223 beta=0.12) | val: 2.30deg/1531mm | 115.8s
[ 6300/10000] loss=0.0047 (t=0.0020 r=0.0223 beta=0.12) | val: 2.09deg/1521mm | 117.6s
[ 6400/10000] loss=0.0052 (t=0.0022 r=0.0258 beta=0.12) | val: 2.20deg/1550mm | 119.5s
[ 6500/10000] loss=0.0052 (t=0.0025 r=0.0229 beta=0.12) | val: 2.18deg/1528mm | 121.3s
[ 6600/10000] loss=0.0048 (t=0.0023 r=0.0224 beta=0.11) | val: 2.18deg/1552mm | 123.1s
[ 6700/10000] loss=0.0049 (t=0.0023 r=0.0238 beta=0.11) | val: 2.26deg/1499mm | 124.9s
[ 6800/10000] loss=0.0048 (t=0.0024 r=0.0212 beta=0.11) | val: 2.12deg/1576mm | 126.8s
[ 6900/10000] loss=0.0042 (t=0.0021 r=0.0196 beta=0.11) | val: 2.21deg/1606mm | 128.6s
[ 7000/10000] loss=0.0050 (t=0.0027 r=0.0221 beta=0.11) | val: 2.18deg/1484mm | 130.4s
[ 7100/10000] loss=0.0044 (t=0.0020 r=0.0229 beta=0.11) | val: 2.24deg/1508mm | 132.3s
[ 7200/10000] loss=0.0045 (t=0.0021 r=0.0238 beta=0.10) | val: 2.13deg/1526mm | 134.1s
[ 7300/10000] loss=0.0041 (t=0.0019 r=0.0216 beta=0.10) | val: 2.21deg/1533mm | 135.9s
[ 7400/10000] loss=0.0041 (t=0.0020 r=0.0208 beta=0.10) | val: 2.12deg/1533mm | 137.7s
[ 7500/10000] loss=0.0049 (t=0.0024 r=0.0245 beta=0.10) | val: 2.13deg/1533mm | 139.6s
[ 7600/10000] loss=0.0041 (t=0.0020 r=0.0211 beta=0.10) | val: 2.20deg/1564mm | 141.4s
[ 7700/10000] loss=0.0043 (t=0.0021 r=0.0215 beta=0.10) | val: 2.17deg/1540mm | 143.3s
[ 7800/10000] loss=0.0044 (t=0.0022 r=0.0222 beta=0.10) | val: 2.16deg/1563mm | 145.2s
[ 7900/10000] loss=0.0039 (t=0.0017 r=0.0218 beta=0.10) | val: 2.17deg/1435mm | 147.0s
[ 8000/10000] loss=0.0046 (t=0.0024 r=0.0230 beta=0.10) | val: 2.25deg/1594mm | 148.8s
[ 8100/10000] loss=0.0049 (t=0.0027 r=0.0229 beta=0.10) | val: 2.18deg/1487mm | 150.7s
[ 8200/10000] loss=0.0045 (t=0.0024 r=0.0217 beta=0.10) | val: 2.19deg/1440mm | 152.5s
[ 8300/10000] loss=0.0044 (t=0.0023 r=0.0217 beta=0.09) | val: 2.14deg/1500mm | 154.3s
[ 8400/10000] loss=0.0046 (t=0.0025 r=0.0224 beta=0.09) | val: 2.22deg/1498mm | 156.1s
[ 8500/10000] loss=0.0044 (t=0.0023 r=0.0219 beta=0.09) | val: 2.25deg/1603mm | 158.0s
[ 8600/10000] loss=0.0039 (t=0.0020 r=0.0205 beta=0.09) | val: 2.23deg/1578mm | 159.8s
[ 8700/10000] loss=0.0036 (t=0.0017 r=0.0212 beta=0.09) | val: 2.15deg/1531mm | 161.6s
[ 8800/10000] loss=0.0037 (t=0.0017 r=0.0208 beta=0.09) | val: 2.12deg/1579mm | 163.5s
[ 8900/10000] loss=0.0041 (t=0.0020 r=0.0227 beta=0.09) | val: 2.16deg/1575mm | 165.3s
[ 9000/10000] loss=0.0042 (t=0.0022 r=0.0213 beta=0.09) | val: 2.17deg/1516mm | 167.1s
[ 9100/10000] loss=0.0039 (t=0.0020 r=0.0203 beta=0.09) | val: 2.18deg/1519mm | 168.9s
[ 9200/10000] loss=0.0043 (t=0.0021 r=0.0234 beta=0.09) | val: 2.19deg/1492mm | 170.8s
[ 9300/10000] loss=0.0039 (t=0.0019 r=0.0216 beta=0.09) | val: 2.19deg/1592mm | 172.6s
[ 9400/10000] loss=0.0044 (t=0.0022 r=0.0240 beta=0.09) | val: 2.22deg/1498mm | 174.4s
[ 9500/10000] loss=0.0041 (t=0.0022 r=0.0213 beta=0.09) | val: 2.22deg/1549mm | 176.2s
[ 9600/10000] loss=0.0040 (t=0.0019 r=0.0235 beta=0.09) | val: 2.20deg/1587mm | 178.1s
[ 9700/10000] loss=0.0039 (t=0.0019 r=0.0209 beta=0.09) | val: 2.20deg/1552mm | 179.9s
[ 9800/10000] loss=0.0036 (t=0.0015 r=0.0225 beta=0.09) | val: 2.18deg/1513mm | 181.7s
[ 9900/10000] loss=0.0042 (t=0.0021 r=0.0229 beta=0.09) | val: 2.18deg/1531mm | 183.5s
[10000/10000] loss=0.0044 (t=0.0022 r=0.0238 beta=0.09) | val: 2.20deg/1535mm | 185.3s

Training done. Best epoch: 2630, score: 1.4912

Loaded best model from epoch 2630

======================================================================
EVALUATION RESULTS (Direct Regression)
======================================================================
Rotation  (median): 2.04deg
Translation (median): 1288mm

  R@5deg_1m: 37.9%  (rot_pass=91.8%, trans_pass=38.5%)
  R@10deg_2m: 62.1%  (rot_pass=99.5%, trans_pass=62.6%)
  R@15deg_5m: 86.8%  (rot_pass=100.0%, trans_pass=86.8%)
  R@25deg_5m: 86.8%  (rot_pass=100.0%, trans_pass=86.8%)

======================================================================
EVALUATION RESULTS (Retrieval Mode)
======================================================================
Retrieval median: 11.54deg / 2704mm
  R@5deg_1m: 1.6%  (rot=2.7%, trans=18.7%)
  R@10deg_2m: 17.6%  (rot=40.7%, trans=40.7%)
  R@15deg_5m: 52.7%  (rot=69.2%, trans=81.3%)
  R@25deg_5m: 79.1%  (rot=97.8%, trans=81.3%)
======================================================================

Done!
--- seed999 done ---
=== GPU0 a ALL DONE ===
