[Mon 20 Apr 2026 12:50:24 PM CST] Starting grid classifier on GPU=0, cells=32, seeds=(123)
[Mon 20 Apr 2026 12:50:24 PM CST] Training exp26_gridcls_k32_seed123 ...
Random seed: 123
Using device: cuda:0

Loading data (fine=True, coarse=True, summary=True)...
  Loaded fine_geo: torch.Size([895, 128, 68, 120])
  Loaded coarse_sem: torch.Size([895, 128, 68, 120])
  Loaded summary: torch.Size([895, 2560])
  [train] 895 samples loaded
  Loaded fine_geo: torch.Size([182, 128, 68, 120])
  Loaded coarse_sem: torch.Size([182, 128, 68, 120])
  Loaded summary: torch.Size([182, 2560])
  [test] 182 samples loaded

Building spatial cells...
  Camera K-means: K=32, inertia=5151.9
  Samples per cell: min=13, mean=28.0, median=27, max=56
  Residual std: [1.6799154  0.33601812 1.681575  ]
  Feature dim after pooling: 3584
Model parameters: 10,065,167
[    1/10000] loss=6.3392 (cls=3.5645 res=0.6036 rot=2.1710 beta=1.00) | val: 52.11deg/29079mm R@10/2=0.0% R@5/1=0.0% cell@1=3.3% cell@3=4.4% | 0.5s
[  100/10000] loss=0.5361 (cls=0.1882 res=0.2625 rot=0.0926 beta=0.92) | val: 7.60deg/3615mm R@10/2=24.7% R@5/1=6.0% cell@1=61.5% cell@3=94.0% | 4.0s
[  200/10000] loss=0.2773 (cls=0.0478 res=0.1639 rot=0.0773 beta=0.85) | val: 5.83deg/2969mm R@10/2=30.8% R@5/1=12.1% cell@1=73.1% cell@3=96.2% | 6.7s
[  300/10000] loss=0.1994 (cls=0.0237 res=0.1228 rot=0.0674 beta=0.79) | val: 6.20deg/3395mm R@10/2=32.4% R@5/1=10.4% cell@1=76.4% cell@3=95.1% | 8.9s
[  400/10000] loss=0.1555 (cls=0.0087 res=0.1029 rot=0.0596 beta=0.74) | val: 6.51deg/3216mm R@10/2=30.8% R@5/1=12.6% cell@1=68.7% cell@3=94.0% | 10.9s
[  500/10000] loss=0.1067 (cls=0.0096 res=0.0617 rot=0.0512 beta=0.69) | val: 5.24deg/3286mm R@10/2=35.7% R@5/1=12.6% cell@1=72.5% cell@3=95.1% | 12.8s
[  600/10000] loss=0.0797 (cls=0.0044 res=0.0437 rot=0.0483 beta=0.65) | val: 4.45deg/3404mm R@10/2=34.6% R@5/1=14.8% cell@1=72.5% cell@3=94.5% | 14.7s
[  700/10000] loss=0.0796 (cls=0.0023 res=0.0511 rot=0.0422 beta=0.62) | val: 4.89deg/3301mm R@10/2=31.3% R@5/1=12.6% cell@1=72.0% cell@3=94.5% | 16.5s
[  800/10000] loss=0.0563 (cls=0.0029 res=0.0313 rot=0.0376 beta=0.59) | val: 4.22deg/3320mm R@10/2=30.8% R@5/1=13.2% cell@1=69.8% cell@3=94.5% | 18.4s
[  900/10000] loss=0.0564 (cls=0.0026 res=0.0328 rot=0.0371 beta=0.56) | val: 4.29deg/3261mm R@10/2=31.9% R@5/1=13.2% cell@1=75.3% cell@3=94.5% | 20.3s
[ 1000/10000] loss=0.0495 (cls=0.0013 res=0.0277 rot=0.0382 beta=0.54) | val: 3.80deg/3139mm R@10/2=30.8% R@5/1=13.7% cell@1=72.0% cell@3=95.1% | 22.1s
[ 1100/10000] loss=0.0456 (cls=0.0017 res=0.0263 rot=0.0342 beta=0.51) | val: 4.09deg/3301mm R@10/2=30.2% R@5/1=13.2% cell@1=72.0% cell@3=95.1% | 24.0s
[ 1200/10000] loss=0.0675 (cls=0.0042 res=0.0415 rot=0.0446 beta=0.49) | val: 4.44deg/3243mm R@10/2=30.8% R@5/1=8.2% cell@1=74.7% cell@3=92.3% | 25.8s
[ 1300/10000] loss=0.0405 (cls=0.0009 res=0.0243 rot=0.0327 beta=0.47) | val: 3.96deg/3391mm R@10/2=29.7% R@5/1=13.2% cell@1=70.9% cell@3=94.5% | 27.7s
[ 1400/10000] loss=0.0341 (cls=0.0012 res=0.0197 rot=0.0296 beta=0.45) | val: 3.82deg/3505mm R@10/2=29.1% R@5/1=13.2% cell@1=71.4% cell@3=94.5% | 29.6s
[ 1500/10000] loss=0.0283 (cls=0.0005 res=0.0150 rot=0.0298 beta=0.43) | val: 3.69deg/3411mm R@10/2=30.2% R@5/1=14.3% cell@1=71.4% cell@3=94.0% | 31.4s
[ 1600/10000] loss=0.0274 (cls=0.0009 res=0.0148 rot=0.0285 beta=0.41) | val: 3.60deg/3388mm R@10/2=30.8% R@5/1=12.1% cell@1=73.6% cell@3=94.0% | 33.3s
[ 1700/10000] loss=0.0313 (cls=0.0007 res=0.0184 rot=0.0306 beta=0.40) | val: 3.75deg/3342mm R@10/2=30.8% R@5/1=12.6% cell@1=71.4% cell@3=93.4% | 35.2s
[ 1800/10000] loss=0.0283 (cls=0.0005 res=0.0165 rot=0.0294 beta=0.38) | val: 3.62deg/3367mm R@10/2=30.8% R@5/1=14.3% cell@1=72.0% cell@3=93.4% | 37.0s
[ 1900/10000] loss=0.0258 (cls=0.0008 res=0.0147 rot=0.0280 beta=0.37) | val: 3.32deg/3411mm R@10/2=31.3% R@5/1=14.3% cell@1=69.8% cell@3=94.0% | 38.9s
[ 2000/10000] loss=0.0253 (cls=0.0012 res=0.0144 rot=0.0274 beta=0.35) | val: 3.41deg/3557mm R@10/2=29.1% R@5/1=14.8% cell@1=68.7% cell@3=94.0% | 40.8s
[ 2100/10000] loss=0.0223 (cls=0.0004 res=0.0114 rot=0.0306 beta=0.34) | val: 3.76deg/3415mm R@10/2=30.8% R@5/1=12.1% cell@1=72.0% cell@3=94.0% | 42.6s
[ 2200/10000] loss=0.0207 (cls=0.0005 res=0.0119 rot=0.0254 beta=0.33) | val: 3.63deg/3502mm R@10/2=29.7% R@5/1=14.3% cell@1=70.3% cell@3=92.9% | 44.5s
[ 2300/10000] loss=0.0210 (cls=0.0004 res=0.0117 rot=0.0278 beta=0.32) | val: 3.41deg/3567mm R@10/2=28.6% R@5/1=13.7% cell@1=70.3% cell@3=93.4% | 46.3s
[ 2400/10000] loss=0.0245 (cls=0.0004 res=0.0145 rot=0.0311 beta=0.31) | val: 3.94deg/3472mm R@10/2=31.3% R@5/1=14.3% cell@1=74.7% cell@3=95.1% | 48.2s
[ 2500/10000] loss=0.0187 (cls=0.0005 res=0.0102 rot=0.0268 beta=0.30) | val: 3.43deg/3482mm R@10/2=29.1% R@5/1=12.6% cell@1=72.0% cell@3=94.0% | 50.1s
[ 2600/10000] loss=0.0183 (cls=0.0004 res=0.0107 rot=0.0255 beta=0.29) | val: 3.54deg/3494mm R@10/2=29.1% R@5/1=13.2% cell@1=70.9% cell@3=94.0% | 51.9s
[ 2700/10000] loss=0.0199 (cls=0.0003 res=0.0121 rot=0.0271 beta=0.28) | val: 3.20deg/3521mm R@10/2=30.2% R@5/1=13.2% cell@1=69.8% cell@3=94.0% | 53.8s
[ 2800/10000] loss=0.0183 (cls=0.0004 res=0.0107 rot=0.0270 beta=0.27) | val: 3.50deg/3451mm R@10/2=29.7% R@5/1=14.8% cell@1=70.3% cell@3=93.4% | 55.6s
[ 2900/10000] loss=0.0173 (cls=0.0003 res=0.0105 rot=0.0253 beta=0.26) | val: 3.43deg/3608mm R@10/2=30.2% R@5/1=15.4% cell@1=70.9% cell@3=93.4% | 57.5s
[ 3000/10000] loss=0.0181 (cls=0.0003 res=0.0116 rot=0.0246 beta=0.25) | val: 3.45deg/3512mm R@10/2=30.8% R@5/1=13.2% cell@1=71.4% cell@3=94.0% | 59.4s
[ 3100/10000] loss=0.0174 (cls=0.0003 res=0.0111 rot=0.0247 beta=0.24) | val: 3.21deg/3441mm R@10/2=30.2% R@5/1=12.1% cell@1=70.9% cell@3=93.4% | 61.2s
[ 3200/10000] loss=0.0131 (cls=0.0003 res=0.0068 rot=0.0257 beta=0.23) | val: 3.38deg/3452mm R@10/2=29.7% R@5/1=14.3% cell@1=70.3% cell@3=94.5% | 63.1s
[ 3300/10000] loss=0.0141 (cls=0.0004 res=0.0077 rot=0.0266 beta=0.23) | val: 3.63deg/3481mm R@10/2=28.6% R@5/1=13.7% cell@1=72.0% cell@3=93.4% | 65.0s
[ 3400/10000] loss=0.0162 (cls=0.0005 res=0.0101 rot=0.0257 beta=0.22) | val: 3.51deg/3586mm R@10/2=27.5% R@5/1=12.1% cell@1=69.2% cell@3=93.4% | 66.8s
[ 3500/10000] loss=0.0143 (cls=0.0003 res=0.0088 rot=0.0246 beta=0.21) | val: 3.47deg/3443mm R@10/2=29.7% R@5/1=14.8% cell@1=70.3% cell@3=93.4% | 68.7s
[ 3600/10000] loss=0.0129 (cls=0.0004 res=0.0073 rot=0.0252 beta=0.21) | val: 3.39deg/3513mm R@10/2=29.1% R@5/1=12.6% cell@1=73.6% cell@3=94.0% | 70.6s
[ 3700/10000] loss=0.0132 (cls=0.0003 res=0.0082 rot=0.0235 beta=0.20) | val: 3.44deg/3642mm R@10/2=30.8% R@5/1=13.2% cell@1=72.0% cell@3=93.4% | 72.5s
[ 3800/10000] loss=0.0132 (cls=0.0005 res=0.0079 rot=0.0249 beta=0.19) | val: 3.42deg/3558mm R@10/2=29.1% R@5/1=12.1% cell@1=72.5% cell@3=94.0% | 74.4s
[ 3900/10000] loss=0.0120 (cls=0.0004 res=0.0073 rot=0.0229 beta=0.19) | val: 3.62deg/3583mm R@10/2=29.7% R@5/1=12.1% cell@1=72.0% cell@3=93.4% | 76.3s
[ 4000/10000] loss=0.0129 (cls=0.0002 res=0.0083 rot=0.0236 beta=0.18) | val: 3.63deg/3548mm R@10/2=29.7% R@5/1=13.7% cell@1=72.5% cell@3=94.0% | 78.1s
[ 4100/10000] loss=0.0119 (cls=0.0002 res=0.0075 rot=0.0237 beta=0.18) | val: 3.46deg/3604mm R@10/2=29.7% R@5/1=12.6% cell@1=74.7% cell@3=94.0% | 80.0s
[ 4200/10000] loss=0.0123 (cls=0.0002 res=0.0079 rot=0.0243 beta=0.17) | val: 3.48deg/3573mm R@10/2=28.0% R@5/1=13.7% cell@1=71.4% cell@3=94.5% | 81.8s
[ 4300/10000] loss=0.0120 (cls=0.0002 res=0.0078 rot=0.0241 beta=0.17) | val: 3.52deg/3607mm R@10/2=28.6% R@5/1=12.6% cell@1=70.9% cell@3=93.4% | 83.7s
[ 4400/10000] loss=0.0116 (cls=0.0002 res=0.0077 rot=0.0225 beta=0.16) | val: 3.62deg/3633mm R@10/2=29.7% R@5/1=14.3% cell@1=72.5% cell@3=92.9% | 85.6s
[ 4500/10000] loss=0.0102 (cls=0.0002 res=0.0064 rot=0.0226 beta=0.16) | val: 3.58deg/3510mm R@10/2=29.1% R@5/1=13.7% cell@1=71.4% cell@3=92.3% | 87.4s
[ 4600/10000] loss=0.0099 (cls=0.0002 res=0.0059 rot=0.0238 beta=0.16) | val: 3.48deg/3493mm R@10/2=29.1% R@5/1=13.2% cell@1=71.4% cell@3=93.4% | 89.3s
[ 4700/10000] loss=0.0089 (cls=0.0002 res=0.0055 rot=0.0211 beta=0.15) | val: 3.49deg/3585mm R@10/2=29.1% R@5/1=13.2% cell@1=71.4% cell@3=92.9% | 91.2s
[ 4800/10000] loss=0.0094 (cls=0.0007 res=0.0052 rot=0.0235 beta=0.15) | val: 3.58deg/3511mm R@10/2=28.6% R@5/1=12.6% cell@1=74.2% cell@3=94.0% | 93.1s
[ 4900/10000] loss=0.0514 (cls=0.0075 res=0.0373 rot=0.0473 beta=0.14) | val: 4.84deg/3748mm R@10/2=28.6% R@5/1=9.9% cell@1=68.1% cell@3=91.8% | 94.9s
[ 5000/10000] loss=0.0140 (cls=0.0002 res=0.0097 rot=0.0299 beta=0.14) | val: 3.80deg/3655mm R@10/2=28.6% R@5/1=13.2% cell@1=69.8% cell@3=95.6% | 96.8s
[ 5100/10000] loss=0.0144 (cls=0.0001 res=0.0105 rot=0.0283 beta=0.13) | val: 3.93deg/3635mm R@10/2=27.5% R@5/1=13.2% cell@1=70.3% cell@3=94.5% | 98.7s
[ 5200/10000] loss=0.0102 (cls=0.0001 res=0.0068 rot=0.0255 beta=0.13) | val: 3.90deg/3608mm R@10/2=27.5% R@5/1=12.1% cell@1=69.8% cell@3=95.6% | 100.6s
[ 5300/10000] loss=0.0104 (cls=0.0001 res=0.0069 rot=0.0270 beta=0.13) | val: 3.81deg/3557mm R@10/2=27.5% R@5/1=13.2% cell@1=70.9% cell@3=95.6% | 102.5s
[ 5400/10000] loss=0.0099 (cls=0.0001 res=0.0064 rot=0.0275 beta=0.12) | val: 3.83deg/3609mm R@10/2=28.0% R@5/1=13.2% cell@1=71.4% cell@3=95.6% | 104.4s
[ 5500/10000] loss=0.0088 (cls=0.0001 res=0.0055 rot=0.0255 beta=0.12) | val: 3.82deg/3572mm R@10/2=28.0% R@5/1=13.7% cell@1=72.5% cell@3=95.6% | 106.3s
[ 5600/10000] loss=0.0091 (cls=0.0001 res=0.0061 rot=0.0237 beta=0.12) | val: 3.89deg/3625mm R@10/2=28.0% R@5/1=12.6% cell@1=72.5% cell@3=95.6% | 108.2s
[ 5700/10000] loss=0.0095 (cls=0.0001 res=0.0064 rot=0.0254 beta=0.12) | val: 3.77deg/3564mm R@10/2=29.1% R@5/1=13.2% cell@1=73.1% cell@3=95.6% | 110.2s
[ 5800/10000] loss=0.0082 (cls=0.0001 res=0.0052 rot=0.0261 beta=0.11) | val: 3.88deg/3625mm R@10/2=28.6% R@5/1=13.2% cell@1=73.6% cell@3=95.1% | 112.1s
[ 5900/10000] loss=0.0076 (cls=0.0002 res=0.0046 rot=0.0251 beta=0.11) | val: 3.92deg/3620mm R@10/2=29.7% R@5/1=13.7% cell@1=73.1% cell@3=95.6% | 113.9s
[ 6000/10000] loss=0.0076 (cls=0.0001 res=0.0048 rot=0.0247 beta=0.11) | val: 3.94deg/3543mm R@10/2=28.6% R@5/1=13.2% cell@1=73.6% cell@3=95.6% | 115.8s
[ 6100/10000] loss=0.0075 (cls=0.0001 res=0.0051 rot=0.0213 beta=0.11) | val: 3.93deg/3568mm R@10/2=30.2% R@5/1=12.6% cell@1=73.6% cell@3=95.6% | 117.6s
[ 6200/10000] loss=0.0068 (cls=0.0001 res=0.0040 rot=0.0251 beta=0.11) | val: 3.86deg/3570mm R@10/2=29.1% R@5/1=13.2% cell@1=73.6% cell@3=95.1% | 119.5s
[ 6300/10000] loss=0.0086 (cls=0.0001 res=0.0061 rot=0.0235 beta=0.10) | val: 3.91deg/3519mm R@10/2=28.6% R@5/1=13.7% cell@1=74.2% cell@3=95.6% | 121.4s
[ 6400/10000] loss=0.0068 (cls=0.0001 res=0.0041 rot=0.0253 beta=0.10) | val: 3.86deg/3590mm R@10/2=28.6% R@5/1=13.2% cell@1=73.6% cell@3=95.1% | 123.2s
[ 6500/10000] loss=0.0082 (cls=0.0001 res=0.0059 rot=0.0230 beta=0.10) | val: 3.89deg/3636mm R@10/2=27.5% R@5/1=13.2% cell@1=73.1% cell@3=95.6% | 125.1s
[ 6600/10000] loss=0.0074 (cls=0.0001 res=0.0050 rot=0.0232 beta=0.10) | val: 3.88deg/3539mm R@10/2=28.0% R@5/1=13.2% cell@1=74.2% cell@3=95.6% | 127.0s
[ 6700/10000] loss=0.0076 (cls=0.0002 res=0.0050 rot=0.0251 beta=0.10) | val: 3.94deg/3567mm R@10/2=28.0% R@5/1=11.5% cell@1=72.5% cell@3=95.6% | 128.9s
[ 6800/10000] loss=0.0069 (cls=0.0001 res=0.0049 rot=0.0207 beta=0.10) | val: 3.75deg/3588mm R@10/2=29.1% R@5/1=12.1% cell@1=74.7% cell@3=95.6% | 130.7s
[ 6900/10000] loss=0.0074 (cls=0.0001 res=0.0049 rot=0.0251 beta=0.09) | val: 3.96deg/3662mm R@10/2=28.6% R@5/1=13.2% cell@1=74.7% cell@3=95.6% | 132.6s
[ 7000/10000] loss=0.0063 (cls=0.0001 res=0.0041 rot=0.0224 beta=0.09) | val: 4.02deg/3557mm R@10/2=28.6% R@5/1=11.5% cell@1=74.2% cell@3=95.6% | 134.4s
[ 7100/10000] loss=0.0066 (cls=0.0001 res=0.0045 rot=0.0226 beta=0.09) | val: 3.95deg/3618mm R@10/2=28.0% R@5/1=13.2% cell@1=74.2% cell@3=95.6% | 136.3s
[ 7200/10000] loss=0.0061 (cls=0.0001 res=0.0040 rot=0.0229 beta=0.09) | val: 3.96deg/3603mm R@10/2=28.6% R@5/1=13.2% cell@1=74.2% cell@3=95.6% | 138.1s
[ 7300/10000] loss=0.0069 (cls=0.0001 res=0.0046 rot=0.0245 beta=0.09) | val: 3.82deg/3547mm R@10/2=29.1% R@5/1=13.2% cell@1=73.6% cell@3=95.6% | 140.0s
[ 7400/10000] loss=0.0067 (cls=0.0001 res=0.0046 rot=0.0233 beta=0.09) | val: 3.96deg/3606mm R@10/2=28.6% R@5/1=13.2% cell@1=74.2% cell@3=95.1% | 141.9s
[ 7500/10000] loss=0.0071 (cls=0.0001 res=0.0051 rot=0.0222 beta=0.09) | val: 3.92deg/3544mm R@10/2=29.1% R@5/1=11.5% cell@1=74.2% cell@3=95.6% | 143.7s
[ 7600/10000] loss=0.0063 (cls=0.0001 res=0.0043 rot=0.0212 beta=0.09) | val: 3.91deg/3666mm R@10/2=28.6% R@5/1=13.2% cell@1=74.2% cell@3=95.1% | 145.6s
[ 7700/10000] loss=0.0053 (cls=0.0001 res=0.0033 rot=0.0226 beta=0.09) | val: 4.04deg/3558mm R@10/2=28.6% R@5/1=13.7% cell@1=74.7% cell@3=95.1% | 147.5s
[ 7800/10000] loss=0.0054 (cls=0.0001 res=0.0036 rot=0.0205 beta=0.09) | val: 4.03deg/3578mm R@10/2=29.1% R@5/1=13.2% cell@1=74.2% cell@3=95.1% | 149.3s
[ 7900/10000] loss=0.0057 (cls=0.0001 res=0.0038 rot=0.0222 beta=0.09) | val: 3.89deg/3579mm R@10/2=29.1% R@5/1=13.2% cell@1=74.7% cell@3=95.1% | 151.2s
[ 8000/10000] loss=0.0054 (cls=0.0001 res=0.0033 rot=0.0224 beta=0.08) | val: 3.93deg/3649mm R@10/2=29.1% R@5/1=13.2% cell@1=74.2% cell@3=95.1% | 153.1s
[ 8100/10000] loss=0.0061 (cls=0.0001 res=0.0040 rot=0.0228 beta=0.08) | val: 3.81deg/3703mm R@10/2=29.1% R@5/1=13.7% cell@1=73.6% cell@3=95.6% | 155.0s
[ 8200/10000] loss=0.0056 (cls=0.0001 res=0.0037 rot=0.0214 beta=0.08) | val: 3.82deg/3609mm R@10/2=29.1% R@5/1=13.7% cell@1=74.7% cell@3=95.1% | 156.8s
[ 8300/10000] loss=0.0056 (cls=0.0001 res=0.0036 rot=0.0233 beta=0.08) | val: 3.91deg/3665mm R@10/2=29.1% R@5/1=13.2% cell@1=74.2% cell@3=95.1% | 158.7s
[ 8400/10000] loss=0.0057 (cls=0.0001 res=0.0037 rot=0.0230 beta=0.08) | val: 3.92deg/3633mm R@10/2=29.1% R@5/1=13.2% cell@1=73.6% cell@3=95.1% | 160.5s
[ 8500/10000] loss=0.0052 (cls=0.0001 res=0.0034 rot=0.0210 beta=0.08) | val: 3.87deg/3628mm R@10/2=28.6% R@5/1=13.7% cell@1=73.6% cell@3=95.1% | 162.4s
[ 8600/10000] loss=0.0057 (cls=0.0001 res=0.0038 rot=0.0217 beta=0.08) | val: 3.92deg/3626mm R@10/2=28.6% R@5/1=13.7% cell@1=73.6% cell@3=95.1% | 164.2s
[ 8700/10000] loss=0.0062 (cls=0.0001 res=0.0044 rot=0.0221 beta=0.08) | val: 4.00deg/3681mm R@10/2=28.6% R@5/1=13.2% cell@1=73.6% cell@3=95.1% | 166.1s
[ 8800/10000] loss=0.0058 (cls=0.0001 res=0.0038 rot=0.0229 beta=0.08) | val: 3.91deg/3618mm R@10/2=29.1% R@5/1=13.2% cell@1=74.2% cell@3=95.1% | 168.0s
[ 8900/10000] loss=0.0057 (cls=0.0001 res=0.0038 rot=0.0218 beta=0.08) | val: 3.98deg/3657mm R@10/2=29.1% R@5/1=13.2% cell@1=74.2% cell@3=95.1% | 169.8s
[ 9000/10000] loss=0.0053 (cls=0.0001 res=0.0035 rot=0.0217 beta=0.08) | val: 3.88deg/3622mm R@10/2=29.1% R@5/1=13.2% cell@1=74.2% cell@3=95.1% | 171.7s
[ 9100/10000] loss=0.0056 (cls=0.0001 res=0.0037 rot=0.0223 beta=0.08) | val: 3.89deg/3547mm R@10/2=29.1% R@5/1=13.7% cell@1=75.3% cell@3=95.1% | 173.6s
[ 9200/10000] loss=0.0060 (cls=0.0001 res=0.0042 rot=0.0213 beta=0.08) | val: 3.97deg/3627mm R@10/2=28.6% R@5/1=13.7% cell@1=74.7% cell@3=95.1% | 175.5s
[ 9300/10000] loss=0.0055 (cls=0.0001 res=0.0036 rot=0.0230 beta=0.08) | val: 3.99deg/3651mm R@10/2=28.6% R@5/1=13.2% cell@1=73.6% cell@3=95.1% | 177.4s
[ 9400/10000] loss=0.0056 (cls=0.0001 res=0.0038 rot=0.0212 beta=0.08) | val: 3.93deg/3613mm R@10/2=28.6% R@5/1=13.2% cell@1=74.2% cell@3=95.1% | 179.3s
[ 9500/10000] loss=0.0048 (cls=0.0001 res=0.0030 rot=0.0218 beta=0.08) | val: 3.95deg/3633mm R@10/2=28.6% R@5/1=13.7% cell@1=73.6% cell@3=95.1% | 181.1s
[ 9600/10000] loss=0.0051 (cls=0.0001 res=0.0033 rot=0.0220 beta=0.08) | val: 3.95deg/3649mm R@10/2=28.6% R@5/1=13.7% cell@1=73.6% cell@3=95.1% | 183.0s
[ 9700/10000] loss=0.0054 (cls=0.0001 res=0.0036 rot=0.0213 beta=0.08) | val: 3.92deg/3657mm R@10/2=28.6% R@5/1=13.7% cell@1=73.6% cell@3=95.1% | 184.8s
[ 9800/10000] loss=0.0046 (cls=0.0001 res=0.0028 rot=0.0220 beta=0.08) | val: 3.93deg/3657mm R@10/2=28.6% R@5/1=13.7% cell@1=73.6% cell@3=95.1% | 186.7s
[ 9900/10000] loss=0.0052 (cls=0.0001 res=0.0034 rot=0.0217 beta=0.08) | val: 3.95deg/3644mm R@10/2=28.6% R@5/1=13.2% cell@1=73.6% cell@3=95.1% | 188.6s
[10000/10000] loss=0.0051 (cls=0.0001 res=0.0035 rot=0.0204 beta=0.08) | val: 3.94deg/3645mm R@10/2=28.6% R@5/1=13.2% cell@1=73.6% cell@3=95.1% | 190.5s

Training done. Best epoch: 330, score: 3.3870

======================================================================
EVALUATION RESULTS (Grid Classification + Residual)
======================================================================
Rotation  (median): 5.88deg
Translation (median): 2816mm
  R@5deg_1m: 13.7%  (rot_pass=44.0%, trans_pass=17.0%)
  R@10deg_2m: 32.4%  (rot_pass=84.1%, trans_pass=33.5%)
  R@15deg_5m: 71.4%  (rot_pass=96.2%, trans_pass=74.7%)
  R@25deg_5m: 74.7%  (rot_pass=100.0%, trans_pass=74.7%)

======================================================================
EVALUATION RESULTS (Retrieval Mode)
======================================================================
Retrieval median: 10.17deg / 3066mm
  R@5deg_1m: 3.8%  (rot=9.9%, trans=17.0%)
  R@10deg_2m: 19.2%  (rot=48.9%, trans=32.4%)
  R@15deg_5m: 56.0%  (rot=75.8%, trans=73.1%)
  R@25deg_5m: 73.1%  (rot=96.7%, trans=73.1%)

======================================================================
CLASSIFICATION
======================================================================
  Top-1 cell acc: 70.9%
  Top-3 cell acc: 92.3%
[Mon 20 Apr 2026 12:53:48 PM CST] Done cells=32 on GPU=0
