Random seed: 123
Using device: cuda:0
  Feature dim after pooling: 3584

Loading raw data for frozen pooling (fine=True, coarse=True, summary=True)...
  Loaded fine_geo: torch.Size([895, 128, 68, 120])
  Loaded coarse_sem: torch.Size([895, 128, 68, 120])
  Loaded summary: torch.Size([895, 2560])
  [train] 895 samples loaded
  Loaded fine_geo: torch.Size([182, 128, 68, 120])
  Loaded coarse_sem: torch.Size([182, 128, 68, 120])
  Loaded summary: torch.Size([182, 2560])
  [test] 182 samples loaded

Precomputing frozen pooled features...
  Pre-computed pooled features: torch.Size([895, 3584]) (12.8 MB)
  Pre-computed pooled features: torch.Size([182, 3584]) (2.6 MB)
Trainable parameters: 8,672,011
[    1/10000] loss=3.1279 (t=0.2504 rank=5.7551 rot=2.3618 beta=0.00) | val: 153.83deg/18821mm R@10/2=0.0% R@5/1=0.0% attn_top1<2m=27.5% | 0.3s
[  100/10000] loss=1.7431 (t=0.0228 rank=3.4406 rot=2.3829 beta=0.00) | val: 154.12deg/2169mm R@10/2=0.0% R@5/1=0.0% attn_top1<2m=39.0% | 2.1s
[  200/10000] loss=1.6898 (t=0.0119 rank=3.3559 rot=2.3078 beta=0.00) | val: 154.46deg/2347mm R@10/2=0.0% R@5/1=0.0% attn_top1<2m=42.3% | 3.6s
[  300/10000] loss=1.6820 (t=0.0106 rank=3.3430 rot=2.3449 beta=0.00) | val: 154.00deg/2287mm R@10/2=0.0% R@5/1=0.0% attn_top1<2m=41.2% | 5.3s
[  400/10000] loss=1.6652 (t=0.0054 rank=3.3195 rot=2.2852 beta=0.00) | val: 153.78deg/2446mm R@10/2=0.0% R@5/1=0.0% attn_top1<2m=42.9% | 6.7s
[  500/10000] loss=1.6586 (t=0.0054 rank=3.3064 rot=2.3936 beta=0.00) | val: 153.52deg/2337mm R@10/2=0.0% R@5/1=0.0% attn_top1<2m=41.8% | 7.6s
[  600/10000] loss=1.6849 (t=0.0060 rank=3.3576 rot=2.3485 beta=0.00) | val: 153.43deg/2340mm R@10/2=0.0% R@5/1=0.0% attn_top1<2m=40.7% | 8.5s
[  700/10000] loss=1.7029 (t=0.0044 rank=3.3968 rot=2.2987 beta=0.00) | val: 153.37deg/2465mm R@10/2=0.0% R@5/1=0.0% attn_top1<2m=39.6% | 9.4s
[  800/10000] loss=1.6937 (t=0.0039 rank=3.3797 rot=2.4000 beta=0.00) | val: 153.39deg/2283mm R@10/2=0.0% R@5/1=0.0% attn_top1<2m=39.6% | 10.4s
[  900/10000] loss=1.6476 (t=0.0029 rank=3.2895 rot=2.3337 beta=0.00) | val: 153.40deg/2289mm R@10/2=0.0% R@5/1=0.0% attn_top1<2m=38.5% | 11.7s
[ 1000/10000] loss=1.6158 (t=0.0026 rank=3.2264 rot=2.3048 beta=0.00) | val: 153.75deg/2320mm R@10/2=0.0% R@5/1=0.0% attn_top1<2m=38.5% | 12.8s
[ 1100/10000] loss=1.6658 (t=0.0029 rank=3.3257 rot=2.2784 beta=0.00) | val: 153.63deg/2303mm R@10/2=0.0% R@5/1=0.0% attn_top1<2m=37.4% | 14.1s
[ 1200/10000] loss=1.6692 (t=0.0021 rank=3.3342 rot=2.3735 beta=0.00) | val: 153.91deg/2292mm R@10/2=0.0% R@5/1=0.0% attn_top1<2m=39.0% | 15.3s
[ 1300/10000] loss=1.6251 (t=0.0019 rank=3.2464 rot=2.3247 beta=0.00) | val: 153.69deg/2354mm R@10/2=0.0% R@5/1=0.0% attn_top1<2m=37.4% | 16.4s
[ 1400/10000] loss=1.6836 (t=0.0016 rank=3.3640 rot=2.3787 beta=0.00) | val: 153.28deg/2260mm R@10/2=0.0% R@5/1=0.0% attn_top1<2m=38.5% | 17.5s
[ 1500/10000] loss=1.6684 (t=0.0017 rank=3.3333 rot=2.3397 beta=0.00) | val: 152.44deg/2362mm R@10/2=0.0% R@5/1=0.0% attn_top1<2m=36.8% | 18.6s
[ 1600/10000] loss=1.6231 (t=0.0015 rank=3.2432 rot=2.3432 beta=0.00) | val: 152.61deg/2331mm R@10/2=0.0% R@5/1=0.0% attn_top1<2m=38.5% | 19.6s
[ 1700/10000] loss=1.5893 (t=0.0017 rank=3.1753 rot=2.2462 beta=0.00) | val: 152.67deg/2245mm R@10/2=0.0% R@5/1=0.0% attn_top1<2m=37.9% | 20.7s
[ 1800/10000] loss=1.6742 (t=0.0017 rank=3.3450 rot=2.3340 beta=0.00) | val: 152.32deg/2296mm R@10/2=0.0% R@5/1=0.0% attn_top1<2m=36.8% | 21.8s
[ 1900/10000] loss=1.6797 (t=0.0010 rank=3.3573 rot=2.2355 beta=0.00) | val: 151.95deg/2285mm R@10/2=0.0% R@5/1=0.0% attn_top1<2m=36.8% | 23.0s
[ 2000/10000] loss=1.7028 (t=0.0016 rank=3.4023 rot=2.4800 beta=0.00) | val: 151.52deg/2298mm R@10/2=0.0% R@5/1=0.0% attn_top1<2m=36.8% | 24.3s
[ 2100/10000] loss=1.6568 (t=0.0015 rank=3.3107 rot=2.3108 beta=0.00) | val: 150.95deg/2318mm R@10/2=0.0% R@5/1=0.0% attn_top1<2m=37.4% | 25.4s
[ 2200/10000] loss=1.6399 (t=0.0012 rank=3.2775 rot=2.3260 beta=0.00) | val: 150.72deg/2147mm R@10/2=0.0% R@5/1=0.0% attn_top1<2m=37.4% | 26.4s
[ 2300/10000] loss=1.6345 (t=0.0010 rank=3.2671 rot=2.3449 beta=0.00) | val: 150.12deg/2184mm R@10/2=0.0% R@5/1=0.0% attn_top1<2m=37.4% | 27.4s
[ 2400/10000] loss=1.6498 (t=0.0014 rank=3.2968 rot=2.3663 beta=0.00) | val: 149.40deg/2283mm R@10/2=0.0% R@5/1=0.0% attn_top1<2m=36.3% | 28.5s
[ 2500/10000] loss=1.6347 (t=0.0013 rank=3.2667 rot=2.2681 beta=0.00) | val: 148.95deg/2251mm R@10/2=0.0% R@5/1=0.0% attn_top1<2m=36.8% | 29.6s
[ 2600/10000] loss=1.6855 (t=0.0015 rank=3.3681 rot=2.3147 beta=0.00) | val: 148.65deg/2192mm R@10/2=0.0% R@5/1=0.0% attn_top1<2m=36.8% | 30.4s
[ 2700/10000] loss=1.6428 (t=0.0009 rank=3.2838 rot=2.3015 beta=0.00) | val: 148.45deg/2279mm R@10/2=0.0% R@5/1=0.0% attn_top1<2m=36.3% | 31.5s
[ 2800/10000] loss=1.6679 (t=0.0010 rank=3.3338 rot=2.3292 beta=0.00) | val: 148.40deg/2145mm R@10/2=0.0% R@5/1=0.0% attn_top1<2m=36.8% | 32.5s
[ 2900/10000] loss=1.6159 (t=0.0010 rank=3.2298 rot=2.3159 beta=0.00) | val: 148.55deg/2208mm R@10/2=0.0% R@5/1=0.0% attn_top1<2m=36.8% | 33.4s
[ 3000/10000] loss=1.6533 (t=0.0009 rank=3.3048 rot=2.3137 beta=0.00) | val: 148.84deg/2159mm R@10/2=0.0% R@5/1=0.0% attn_top1<2m=37.9% | 34.3s
[ 3100/10000] loss=1.6038 (t=0.0010 rank=3.2057 rot=2.2454 beta=0.00) | val: 148.67deg/2184mm R@10/2=0.0% R@5/1=0.0% attn_top1<2m=38.5% | 35.4s
[ 3200/10000] loss=1.6556 (t=0.0009 rank=3.3095 rot=2.2595 beta=0.00) | val: 148.50deg/2073mm R@10/2=0.0% R@5/1=0.0% attn_top1<2m=38.5% | 36.4s
[ 3300/10000] loss=1.6939 (t=0.0008 rank=3.3862 rot=2.3158 beta=0.00) | val: 149.06deg/2207mm R@10/2=0.0% R@5/1=0.0% attn_top1<2m=36.8% | 37.4s
[ 3400/10000] loss=1.6447 (t=0.0011 rank=3.2873 rot=2.3000 beta=0.00) | val: 148.55deg/2227mm R@10/2=0.0% R@5/1=0.0% attn_top1<2m=36.8% | 38.3s
[ 3500/10000] loss=1.7031 (t=0.0007 rank=3.4048 rot=2.2737 beta=0.00) | val: 148.53deg/2199mm R@10/2=0.0% R@5/1=0.0% attn_top1<2m=36.8% | 39.1s
[ 3600/10000] loss=1.6780 (t=0.0008 rank=3.3543 rot=2.2360 beta=0.00) | val: 148.83deg/2250mm R@10/2=0.0% R@5/1=0.0% attn_top1<2m=37.4% | 39.9s
[ 3700/10000] loss=1.6745 (t=0.0008 rank=3.3473 rot=2.2756 beta=0.00) | val: 148.49deg/2277mm R@10/2=0.0% R@5/1=0.0% attn_top1<2m=37.4% | 40.8s
[ 3800/10000] loss=1.6404 (t=0.0008 rank=3.2791 rot=2.3110 beta=0.00) | val: 148.53deg/2141mm R@10/2=0.0% R@5/1=0.0% attn_top1<2m=37.4% | 41.8s
[ 3900/10000] loss=1.6740 (t=0.0008 rank=3.3464 rot=2.2319 beta=0.00) | val: 148.31deg/2136mm R@10/2=0.0% R@5/1=0.0% attn_top1<2m=34.6% | 42.7s
[ 4000/10000] loss=1.6911 (t=0.0007 rank=3.3808 rot=2.3268 beta=0.00) | val: 147.28deg/2111mm R@10/2=0.0% R@5/1=0.0% attn_top1<2m=38.5% | 43.6s
[ 4100/10000] loss=1.6572 (t=0.0008 rank=3.3129 rot=2.3159 beta=0.00) | val: 147.19deg/2173mm R@10/2=0.0% R@5/1=0.0% attn_top1<2m=36.8% | 44.6s
[ 4200/10000] loss=1.7126 (t=0.0008 rank=3.4237 rot=2.2947 beta=0.00) | val: 145.11deg/2158mm R@10/2=0.0% R@5/1=0.0% attn_top1<2m=36.8% | 45.6s
[ 4300/10000] loss=1.6479 (t=0.0006 rank=3.2947 rot=2.1895 beta=0.00) | val: 145.06deg/2162mm R@10/2=0.0% R@5/1=0.0% attn_top1<2m=36.8% | 46.5s
[ 4400/10000] loss=1.6571 (t=0.0006 rank=3.3129 rot=2.2007 beta=0.00) | val: 145.01deg/2237mm R@10/2=0.0% R@5/1=0.0% attn_top1<2m=36.8% | 47.6s
[ 4500/10000] loss=1.6113 (t=0.0008 rank=3.2212 rot=2.2603 beta=0.00) | val: 144.59deg/2144mm R@10/2=0.0% R@5/1=0.0% attn_top1<2m=38.5% | 48.7s
[ 4600/10000] loss=1.6650 (t=0.0006 rank=3.3289 rot=2.3166 beta=0.00) | val: 144.39deg/2132mm R@10/2=0.0% R@5/1=0.0% attn_top1<2m=38.5% | 49.7s
[ 4700/10000] loss=1.6849 (t=0.0006 rank=3.3685 rot=2.1955 beta=0.00) | val: 144.28deg/2295mm R@10/2=0.0% R@5/1=0.0% attn_top1<2m=37.4% | 50.7s
[ 4800/10000] loss=1.6744 (t=0.0006 rank=3.3476 rot=2.2450 beta=0.00) | val: 143.44deg/2166mm R@10/2=0.0% R@5/1=0.0% attn_top1<2m=38.5% | 51.6s
[ 4900/10000] loss=1.6159 (t=0.0008 rank=3.2302 rot=2.3192 beta=0.00) | val: 143.39deg/2250mm R@10/2=0.0% R@5/1=0.0% attn_top1<2m=38.5% | 52.7s
[ 5000/10000] loss=1.6023 (t=0.0007 rank=3.2033 rot=2.2572 beta=0.00) | val: 143.34deg/2217mm R@10/2=0.0% R@5/1=0.0% attn_top1<2m=38.5% | 53.7s
[ 5100/10000] loss=1.6709 (t=0.0007 rank=3.3404 rot=2.2711 beta=0.00) | val: 143.20deg/2203mm R@10/2=0.0% R@5/1=0.0% attn_top1<2m=39.0% | 54.6s
[ 5200/10000] loss=1.6650 (t=0.0007 rank=3.3285 rot=2.2677 beta=0.00) | val: 142.58deg/2108mm R@10/2=0.0% R@5/1=0.0% attn_top1<2m=37.9% | 55.7s
[ 5300/10000] loss=1.6995 (t=0.0006 rank=3.3978 rot=2.3303 beta=0.00) | val: 141.89deg/2321mm R@10/2=0.0% R@5/1=0.0% attn_top1<2m=39.0% | 56.5s
[ 5400/10000] loss=1.6340 (t=0.0005 rank=3.2668 rot=2.2761 beta=0.00) | val: 141.47deg/2200mm R@10/2=0.0% R@5/1=0.0% attn_top1<2m=39.0% | 57.5s
[ 5500/10000] loss=1.6409 (t=0.0007 rank=3.2804 rot=2.2483 beta=0.00) | val: 141.86deg/2101mm R@10/2=0.0% R@5/1=0.0% attn_top1<2m=38.5% | 58.4s
[ 5600/10000] loss=1.6968 (t=0.0005 rank=3.3925 rot=2.2813 beta=0.00) | val: 142.20deg/2185mm R@10/2=0.0% R@5/1=0.0% attn_top1<2m=37.4% | 59.2s
[ 5700/10000] loss=1.6763 (t=0.0007 rank=3.3512 rot=2.2468 beta=0.00) | val: 142.49deg/2241mm R@10/2=0.0% R@5/1=0.0% attn_top1<2m=37.9% | 60.1s
[ 5800/10000] loss=1.6325 (t=0.0006 rank=3.2638 rot=2.2547 beta=0.00) | val: 142.55deg/2304mm R@10/2=0.0% R@5/1=0.0% attn_top1<2m=39.0% | 61.0s
[ 5900/10000] loss=1.6302 (t=0.0006 rank=3.2591 rot=2.2701 beta=0.00) | val: 142.34deg/2199mm R@10/2=0.0% R@5/1=0.0% attn_top1<2m=37.9% | 62.0s
[ 6000/10000] loss=1.6430 (t=0.0005 rank=3.2849 rot=2.2650 beta=0.00) | val: 142.17deg/2081mm R@10/2=0.0% R@5/1=0.0% attn_top1<2m=37.9% | 62.9s
[ 6100/10000] loss=1.6600 (t=0.0007 rank=3.3186 rot=2.3514 beta=0.00) | val: 142.35deg/2157mm R@10/2=0.0% R@5/1=0.0% attn_top1<2m=39.0% | 63.9s
[ 6200/10000] loss=1.6622 (t=0.0005 rank=3.3233 rot=2.2813 beta=0.00) | val: 142.25deg/2141mm R@10/2=0.0% R@5/1=0.0% attn_top1<2m=39.0% | 64.9s
[ 6300/10000] loss=1.6874 (t=0.0005 rank=3.3738 rot=2.2610 beta=0.00) | val: 142.21deg/2196mm R@10/2=0.0% R@5/1=0.0% attn_top1<2m=38.5% | 65.9s
[ 6400/10000] loss=1.6503 (t=0.0004 rank=3.2997 rot=2.3193 beta=0.00) | val: 142.17deg/2099mm R@10/2=0.0% R@5/1=0.0% attn_top1<2m=38.5% | 66.9s
[ 6500/10000] loss=1.6437 (t=0.0006 rank=3.2861 rot=2.2866 beta=0.00) | val: 142.21deg/2107mm R@10/2=0.0% R@5/1=0.0% attn_top1<2m=37.4% | 67.8s
[ 6600/10000] loss=1.6980 (t=0.0005 rank=3.3949 rot=2.2791 beta=0.00) | val: 142.34deg/2142mm R@10/2=0.0% R@5/1=0.0% attn_top1<2m=39.6% | 68.7s
[ 6700/10000] loss=1.6833 (t=0.0005 rank=3.3657 rot=2.2181 beta=0.00) | val: 142.48deg/2133mm R@10/2=0.0% R@5/1=0.0% attn_top1<2m=36.3% | 69.6s
[ 6800/10000] loss=1.6466 (t=0.0005 rank=3.2921 rot=2.1716 beta=0.00) | val: 142.30deg/2177mm R@10/2=0.0% R@5/1=0.0% attn_top1<2m=38.5% | 70.5s
[ 6900/10000] loss=1.6617 (t=0.0004 rank=3.3227 rot=2.2061 beta=0.00) | val: 142.48deg/2168mm R@10/2=0.0% R@5/1=0.0% attn_top1<2m=38.5% | 71.5s
[ 7000/10000] loss=1.6765 (t=0.0005 rank=3.3521 rot=2.2888 beta=0.00) | val: 142.38deg/2220mm R@10/2=0.0% R@5/1=0.0% attn_top1<2m=38.5% | 72.3s
[ 7100/10000] loss=1.6797 (t=0.0005 rank=3.3583 rot=2.2043 beta=0.00) | val: 142.58deg/2185mm R@10/2=0.0% R@5/1=0.0% attn_top1<2m=38.5% | 73.1s
[ 7200/10000] loss=1.6977 (t=0.0005 rank=3.3946 rot=2.1824 beta=0.00) | val: 142.74deg/2203mm R@10/2=0.0% R@5/1=0.0% attn_top1<2m=37.9% | 74.0s
[ 7300/10000] loss=1.7081 (t=0.0005 rank=3.4151 rot=2.2089 beta=0.00) | val: 142.69deg/2119mm R@10/2=0.0% R@5/1=0.0% attn_top1<2m=39.0% | 75.0s
[ 7400/10000] loss=1.6443 (t=0.0006 rank=3.2875 rot=2.2507 beta=0.00) | val: 142.70deg/2159mm R@10/2=0.0% R@5/1=0.0% attn_top1<2m=39.0% | 75.9s
[ 7500/10000] loss=1.6336 (t=0.0005 rank=3.2661 rot=2.3493 beta=0.00) | val: 142.71deg/2101mm R@10/2=0.0% R@5/1=0.0% attn_top1<2m=38.5% | 76.8s
[ 7600/10000] loss=1.6279 (t=0.0006 rank=3.2547 rot=2.2721 beta=0.00) | val: 142.92deg/2114mm R@10/2=0.0% R@5/1=0.0% attn_top1<2m=38.5% | 77.6s
[ 7700/10000] loss=1.6520 (t=0.0005 rank=3.3030 rot=2.2223 beta=0.00) | val: 142.94deg/2143mm R@10/2=0.0% R@5/1=0.0% attn_top1<2m=37.9% | 78.8s
[ 7800/10000] loss=1.6673 (t=0.0006 rank=3.3335 rot=2.2794 beta=0.00) | val: 142.87deg/2174mm R@10/2=0.0% R@5/1=0.0% attn_top1<2m=38.5% | 79.7s
[ 7900/10000] loss=1.6193 (t=0.0005 rank=3.2378 rot=2.2552 beta=0.00) | val: 142.63deg/2145mm R@10/2=0.0% R@5/1=0.0% attn_top1<2m=37.9% | 80.6s
[ 8000/10000] loss=1.6644 (t=0.0004 rank=3.3280 rot=2.2045 beta=0.00) | val: 142.62deg/2105mm R@10/2=0.0% R@5/1=0.0% attn_top1<2m=37.9% | 81.6s
[ 8100/10000] loss=1.6544 (t=0.0004 rank=3.3079 rot=2.2276 beta=0.00) | val: 142.95deg/2122mm R@10/2=0.0% R@5/1=0.0% attn_top1<2m=37.9% | 82.4s
[ 8200/10000] loss=1.6931 (t=0.0005 rank=3.3852 rot=2.2763 beta=0.00) | val: 142.99deg/2119mm R@10/2=0.0% R@5/1=0.0% attn_top1<2m=37.4% | 83.3s
[ 8300/10000] loss=1.6733 (t=0.0005 rank=3.3456 rot=2.2869 beta=0.00) | val: 143.18deg/2162mm R@10/2=0.0% R@5/1=0.0% attn_top1<2m=37.9% | 84.2s
[ 8400/10000] loss=1.6194 (t=0.0006 rank=3.2377 rot=2.2266 beta=0.00) | val: 143.31deg/2118mm R@10/2=0.0% R@5/1=0.0% attn_top1<2m=37.9% | 85.1s
[ 8500/10000] loss=1.6170 (t=0.0004 rank=3.2332 rot=2.2089 beta=0.00) | val: 143.18deg/2117mm R@10/2=0.0% R@5/1=0.0% attn_top1<2m=38.5% | 86.0s
[ 8600/10000] loss=1.6496 (t=0.0005 rank=3.2983 rot=2.3030 beta=0.00) | val: 143.08deg/2110mm R@10/2=0.0% R@5/1=0.0% attn_top1<2m=39.0% | 86.9s
[ 8700/10000] loss=1.6891 (t=0.0005 rank=3.3774 rot=2.1642 beta=0.00) | val: 143.16deg/2068mm R@10/2=0.0% R@5/1=0.0% attn_top1<2m=39.0% | 87.8s
[ 8800/10000] loss=1.6563 (t=0.0005 rank=3.3116 rot=2.3364 beta=0.00) | val: 143.20deg/2144mm R@10/2=0.0% R@5/1=0.0% attn_top1<2m=39.0% | 88.8s
[ 8900/10000] loss=1.6501 (t=0.0004 rank=3.2995 rot=2.3354 beta=0.00) | val: 143.27deg/2143mm R@10/2=0.0% R@5/1=0.0% attn_top1<2m=39.0% | 89.8s
[ 9000/10000] loss=1.6606 (t=0.0004 rank=3.3204 rot=2.3790 beta=0.00) | val: 143.19deg/2173mm R@10/2=0.0% R@5/1=0.0% attn_top1<2m=39.6% | 90.8s
[ 9100/10000] loss=1.6902 (t=0.0004 rank=3.3798 rot=2.2140 beta=0.00) | val: 143.16deg/2205mm R@10/2=0.0% R@5/1=0.0% attn_top1<2m=38.5% | 91.7s
[ 9200/10000] loss=1.6884 (t=0.0005 rank=3.3757 rot=2.2515 beta=0.00) | val: 143.16deg/2194mm R@10/2=0.0% R@5/1=0.0% attn_top1<2m=38.5% | 92.5s
[ 9300/10000] loss=1.6550 (t=0.0005 rank=3.3089 rot=2.3154 beta=0.00) | val: 143.06deg/2136mm R@10/2=0.0% R@5/1=0.0% attn_top1<2m=39.0% | 93.4s
[ 9400/10000] loss=1.6709 (t=0.0005 rank=3.3408 rot=2.3510 beta=0.00) | val: 143.15deg/2148mm R@10/2=0.0% R@5/1=0.0% attn_top1<2m=38.5% | 94.2s
[ 9500/10000] loss=1.6765 (t=0.0004 rank=3.3524 rot=2.3094 beta=0.00) | val: 143.10deg/2161mm R@10/2=0.0% R@5/1=0.0% attn_top1<2m=38.5% | 95.1s
[ 9600/10000] loss=1.6493 (t=0.0004 rank=3.2978 rot=2.3157 beta=0.00) | val: 143.10deg/2146mm R@10/2=0.0% R@5/1=0.0% attn_top1<2m=39.0% | 96.0s
[ 9700/10000] loss=1.6037 (t=0.0004 rank=3.2067 rot=2.2417 beta=0.00) | val: 143.13deg/2151mm R@10/2=0.0% R@5/1=0.0% attn_top1<2m=39.0% | 96.8s
[ 9800/10000] loss=1.7080 (t=0.0005 rank=3.4150 rot=2.2057 beta=0.00) | val: 143.10deg/2133mm R@10/2=0.0% R@5/1=0.0% attn_top1<2m=39.0% | 97.5s
[ 9900/10000] loss=1.6265 (t=0.0004 rank=3.2522 rot=2.1324 beta=0.00) | val: 143.10deg/2130mm R@10/2=0.0% R@5/1=0.0% attn_top1<2m=39.0% | 98.3s
[10000/10000] loss=1.6892 (t=0.0004 rank=3.3775 rot=2.4039 beta=0.00) | val: 143.10deg/2133mm R@10/2=0.0% R@5/1=0.0% attn_top1<2m=39.0% | 99.1s

Training done. Best epoch: 5410, score: 16.2451

======================================================================
EVALUATION RESULTS (Memory Translation + Rotation Regression)
======================================================================
Rotation  (median): 142.23deg
Translation (median): 2114mm
  R@5deg_1m: 0.0%  (rot_pass=0.0%, trans_pass=20.3%)
  R@10deg_2m: 0.0%  (rot_pass=0.0%, trans_pass=47.3%)
  R@15deg_5m: 0.0%  (rot_pass=0.0%, trans_pass=81.9%)
  R@25deg_5m: 0.0%  (rot_pass=0.0%, trans_pass=81.9%)

======================================================================
EVALUATION RESULTS (Retrieval Mode)
======================================================================
Retrieval median: 9.64deg / 2591mm
  R@5deg_1m: 2.2%  (rot=7.7%, trans=18.7%)
  R@10deg_2m: 21.4%  (rot=53.8%, trans=37.9%)
  R@15deg_5m: 65.9%  (rot=85.2%, trans=79.1%)
  R@25deg_5m: 78.6%  (rot=99.5%, trans=79.1%)

======================================================================
MEMORY
======================================================================
  attn_top1_lt2m: 38.5
  attn_top3_lt2m: 42.9
