[Mon 20 Apr 2026 12:50:24 PM CST] Starting grid classifier on GPU=1, cells=64, seeds=(123)
[Mon 20 Apr 2026 12:50:24 PM CST] Training exp26_gridcls_k64_seed123 ...
Random seed: 123
Using device: cuda:1

Loading data (fine=True, coarse=True, summary=True)...
  Loaded fine_geo: torch.Size([895, 128, 68, 120])
  Loaded coarse_sem: torch.Size([895, 128, 68, 120])
  Loaded summary: torch.Size([895, 2560])
  [train] 895 samples loaded
  Loaded fine_geo: torch.Size([182, 128, 68, 120])
  Loaded coarse_sem: torch.Size([182, 128, 68, 120])
  Loaded summary: torch.Size([182, 2560])
  [test] 182 samples loaded

Building spatial cells...
  Camera K-means: K=64, inertia=2106.9
  Samples per cell: min=6, mean=14.0, median=13, max=32
  Residual std: [1.0352123  0.30186546 1.0926783 ]
  Feature dim after pooling: 3584
Model parameters: 10,130,831
[    1/10000] loss=7.2591 (cls=4.3992 res=0.5162 rot=2.3436 beta=1.00) | val: 70.46deg/25138mm R@10/2=0.0% R@5/1=0.0% cell@1=0.0% cell@3=3.3% | 0.5s
[  100/10000] loss=0.8746 (cls=0.4512 res=0.3245 rot=0.1064 beta=0.93) | val: 7.08deg/4192mm R@10/2=18.7% R@5/1=3.8% cell@1=40.7% cell@3=68.7% | 3.8s
[  200/10000] loss=0.3514 (cls=0.1040 res=0.1797 rot=0.0783 beta=0.87) | val: 5.90deg/3993mm R@10/2=23.1% R@5/1=8.8% cell@1=46.7% cell@3=79.1% | 6.2s
[  300/10000] loss=0.2222 (cls=0.0337 res=0.1370 rot=0.0642 beta=0.80) | val: 4.62deg/3986mm R@10/2=26.9% R@5/1=10.4% cell@1=46.2% cell@3=68.7% | 8.2s
[  400/10000] loss=0.1597 (cls=0.0205 res=0.0989 rot=0.0536 beta=0.75) | val: 4.64deg/3936mm R@10/2=25.8% R@5/1=8.2% cell@1=44.5% cell@3=72.0% | 10.1s
[  500/10000] loss=0.1274 (cls=0.0066 res=0.0855 rot=0.0499 beta=0.71) | val: 4.06deg/4063mm R@10/2=25.8% R@5/1=10.4% cell@1=47.8% cell@3=67.6% | 11.9s
[  600/10000] loss=0.1004 (cls=0.0064 res=0.0623 rot=0.0474 beta=0.67) | val: 4.68deg/4036mm R@10/2=25.3% R@5/1=9.9% cell@1=46.7% cell@3=68.1% | 13.8s
[  700/10000] loss=0.0906 (cls=0.0056 res=0.0559 rot=0.0459 beta=0.63) | val: 3.91deg/4162mm R@10/2=25.3% R@5/1=10.4% cell@1=47.3% cell@3=68.1% | 15.7s
[  800/10000] loss=0.0844 (cls=0.0031 res=0.0541 rot=0.0452 beta=0.60) | val: 4.17deg/4060mm R@10/2=23.6% R@5/1=6.6% cell@1=47.3% cell@3=64.8% | 17.6s
[  900/10000] loss=0.0649 (cls=0.0044 res=0.0384 rot=0.0386 beta=0.57) | val: 4.28deg/4135mm R@10/2=23.6% R@5/1=10.4% cell@1=44.5% cell@3=65.4% | 19.4s
[ 1000/10000] loss=0.0555 (cls=0.0029 res=0.0314 rot=0.0387 beta=0.55) | val: 3.75deg/4168mm R@10/2=24.2% R@5/1=8.8% cell@1=44.5% cell@3=63.2% | 21.3s
[ 1100/10000] loss=0.0559 (cls=0.0034 res=0.0341 rot=0.0353 beta=0.52) | val: 3.98deg/4105mm R@10/2=24.7% R@5/1=9.3% cell@1=44.0% cell@3=64.8% | 23.1s
[ 1200/10000] loss=0.0510 (cls=0.0026 res=0.0289 rot=0.0389 beta=0.50) | val: 4.31deg/4150mm R@10/2=23.1% R@5/1=7.1% cell@1=42.9% cell@3=64.8% | 25.0s
[ 1300/10000] loss=0.0541 (cls=0.0032 res=0.0331 rot=0.0373 beta=0.48) | val: 3.75deg/4139mm R@10/2=24.7% R@5/1=9.3% cell@1=46.2% cell@3=65.9% | 26.9s
[ 1400/10000] loss=0.0471 (cls=0.0022 res=0.0291 rot=0.0345 beta=0.46) | val: 3.60deg/3936mm R@10/2=24.2% R@5/1=9.3% cell@1=46.7% cell@3=64.3% | 28.7s
[ 1500/10000] loss=0.0349 (cls=0.0013 res=0.0209 rot=0.0291 beta=0.44) | val: 3.94deg/4195mm R@10/2=24.2% R@5/1=8.2% cell@1=44.0% cell@3=64.8% | 30.6s
[ 1600/10000] loss=0.0381 (cls=0.0016 res=0.0222 rot=0.0340 beta=0.42) | val: 4.22deg/4279mm R@10/2=24.2% R@5/1=8.8% cell@1=44.0% cell@3=64.8% | 32.5s
[ 1700/10000] loss=0.0334 (cls=0.0013 res=0.0182 rot=0.0342 beta=0.40) | val: 4.11deg/4126mm R@10/2=23.6% R@5/1=8.2% cell@1=44.5% cell@3=64.3% | 34.3s
[ 1800/10000] loss=0.0339 (cls=0.0012 res=0.0206 rot=0.0311 beta=0.39) | val: 3.81deg/4229mm R@10/2=23.6% R@5/1=7.1% cell@1=44.5% cell@3=64.8% | 36.2s
[ 1900/10000] loss=0.0329 (cls=0.0013 res=0.0204 rot=0.0301 beta=0.37) | val: 4.56deg/4147mm R@10/2=22.5% R@5/1=7.1% cell@1=42.3% cell@3=64.3% | 38.0s
[ 2000/10000] loss=0.0280 (cls=0.0011 res=0.0161 rot=0.0301 beta=0.36) | val: 4.09deg/4202mm R@10/2=22.5% R@5/1=7.7% cell@1=41.8% cell@3=64.8% | 39.9s
[ 2100/10000] loss=0.0290 (cls=0.0009 res=0.0179 rot=0.0292 beta=0.35) | val: 4.06deg/4149mm R@10/2=23.6% R@5/1=8.2% cell@1=44.5% cell@3=63.2% | 41.8s
[ 2200/10000] loss=0.0269 (cls=0.0011 res=0.0158 rot=0.0300 beta=0.33) | val: 3.94deg/4091mm R@10/2=23.6% R@5/1=8.2% cell@1=45.1% cell@3=64.8% | 43.6s
[ 2300/10000] loss=0.0237 (cls=0.0012 res=0.0133 rot=0.0289 beta=0.32) | val: 3.75deg/4087mm R@10/2=23.1% R@5/1=7.1% cell@1=43.4% cell@3=64.8% | 45.5s
[ 2400/10000] loss=0.0263 (cls=0.0007 res=0.0160 rot=0.0307 beta=0.31) | val: 4.09deg/4158mm R@10/2=21.4% R@5/1=7.1% cell@1=44.5% cell@3=64.8% | 47.3s
[ 2500/10000] loss=0.0238 (cls=0.0007 res=0.0142 rot=0.0299 beta=0.30) | val: 3.72deg/4115mm R@10/2=22.5% R@5/1=8.2% cell@1=44.5% cell@3=64.8% | 49.2s
[ 2600/10000] loss=0.0227 (cls=0.0008 res=0.0143 rot=0.0262 beta=0.29) | val: 3.88deg/4085mm R@10/2=22.0% R@5/1=7.1% cell@1=45.1% cell@3=64.3% | 51.0s
[ 2700/10000] loss=0.0232 (cls=0.0006 res=0.0145 rot=0.0292 beta=0.28) | val: 3.99deg/4046mm R@10/2=22.5% R@5/1=9.9% cell@1=43.4% cell@3=64.3% | 52.9s
[ 2800/10000] loss=0.0209 (cls=0.0008 res=0.0123 rot=0.0290 beta=0.27) | val: 4.08deg/4215mm R@10/2=21.4% R@5/1=8.2% cell@1=42.9% cell@3=63.7% | 54.8s
[ 2900/10000] loss=0.0252 (cls=0.0013 res=0.0160 rot=0.0301 beta=0.26) | val: 4.20deg/4079mm R@10/2=21.4% R@5/1=8.2% cell@1=43.4% cell@3=60.4% | 56.6s
[ 3000/10000] loss=0.0230 (cls=0.0007 res=0.0151 rot=0.0288 beta=0.25) | val: 4.05deg/4195mm R@10/2=23.1% R@5/1=8.8% cell@1=44.0% cell@3=64.3% | 58.5s
[ 3100/10000] loss=0.0190 (cls=0.0006 res=0.0117 rot=0.0274 beta=0.24) | val: 4.27deg/4224mm R@10/2=22.5% R@5/1=8.2% cell@1=42.9% cell@3=64.3% | 60.3s
[ 3200/10000] loss=0.0180 (cls=0.0004 res=0.0108 rot=0.0294 beta=0.23) | val: 3.77deg/4024mm R@10/2=22.5% R@5/1=8.8% cell@1=44.0% cell@3=63.7% | 62.2s
[ 3300/10000] loss=0.0168 (cls=0.0007 res=0.0100 rot=0.0272 beta=0.23) | val: 3.97deg/4221mm R@10/2=23.1% R@5/1=7.1% cell@1=44.5% cell@3=63.7% | 64.1s
[ 3400/10000] loss=0.0180 (cls=0.0004 res=0.0119 rot=0.0261 beta=0.22) | val: 4.32deg/4051mm R@10/2=23.1% R@5/1=7.7% cell@1=43.4% cell@3=63.2% | 65.9s
[ 3500/10000] loss=0.0158 (cls=0.0005 res=0.0095 rot=0.0274 beta=0.21) | val: 4.00deg/4229mm R@10/2=23.6% R@5/1=8.2% cell@1=45.1% cell@3=62.1% | 67.8s
[ 3600/10000] loss=0.0153 (cls=0.0004 res=0.0092 rot=0.0275 beta=0.21) | val: 4.25deg/4107mm R@10/2=22.5% R@5/1=8.2% cell@1=43.4% cell@3=60.4% | 69.7s
[ 3700/10000] loss=0.0147 (cls=0.0005 res=0.0092 rot=0.0253 beta=0.20) | val: 3.86deg/4113mm R@10/2=23.1% R@5/1=8.2% cell@1=45.1% cell@3=65.9% | 71.5s
[ 3800/10000] loss=0.0150 (cls=0.0004 res=0.0095 rot=0.0263 beta=0.19) | val: 4.04deg/4145mm R@10/2=22.0% R@5/1=6.6% cell@1=44.5% cell@3=62.6% | 73.4s
[ 3900/10000] loss=0.0137 (cls=0.0005 res=0.0085 rot=0.0248 beta=0.19) | val: 4.16deg/4104mm R@10/2=23.1% R@5/1=8.2% cell@1=44.0% cell@3=63.7% | 75.2s
[ 4000/10000] loss=0.0140 (cls=0.0003 res=0.0087 rot=0.0274 beta=0.18) | val: 3.99deg/4234mm R@10/2=22.5% R@5/1=8.2% cell@1=43.4% cell@3=61.5% | 77.1s
[ 4100/10000] loss=0.0138 (cls=0.0003 res=0.0087 rot=0.0268 beta=0.18) | val: 3.99deg/4060mm R@10/2=23.1% R@5/1=8.8% cell@1=45.6% cell@3=63.7% | 79.0s
[ 4200/10000] loss=0.0130 (cls=0.0006 res=0.0075 rot=0.0284 beta=0.17) | val: 3.67deg/4135mm R@10/2=23.1% R@5/1=8.8% cell@1=45.1% cell@3=63.2% | 80.9s
[ 4300/10000] loss=0.0128 (cls=0.0004 res=0.0079 rot=0.0267 beta=0.17) | val: 3.70deg/4193mm R@10/2=22.5% R@5/1=9.3% cell@1=43.4% cell@3=62.1% | 82.7s
[ 4400/10000] loss=0.0130 (cls=0.0004 res=0.0085 rot=0.0252 beta=0.16) | val: 3.69deg/4134mm R@10/2=24.2% R@5/1=8.2% cell@1=47.3% cell@3=61.5% | 84.6s
[ 4500/10000] loss=0.0113 (cls=0.0003 res=0.0070 rot=0.0252 beta=0.16) | val: 4.09deg/4083mm R@10/2=23.1% R@5/1=7.7% cell@1=46.2% cell@3=63.7% | 86.5s
[ 4600/10000] loss=0.0115 (cls=0.0003 res=0.0072 rot=0.0262 beta=0.16) | val: 3.86deg/4180mm R@10/2=22.5% R@5/1=7.7% cell@1=45.6% cell@3=63.2% | 88.3s
[ 4700/10000] loss=0.0120 (cls=0.0002 res=0.0080 rot=0.0251 beta=0.15) | val: 4.38deg/4150mm R@10/2=22.0% R@5/1=8.8% cell@1=44.5% cell@3=61.5% | 90.2s
[ 4800/10000] loss=0.0119 (cls=0.0003 res=0.0078 rot=0.0262 beta=0.15) | val: 3.80deg/4119mm R@10/2=22.5% R@5/1=8.2% cell@1=44.5% cell@3=61.5% | 92.1s
[ 4900/10000] loss=0.0104 (cls=0.0003 res=0.0063 rot=0.0266 beta=0.14) | val: 3.98deg/4218mm R@10/2=23.6% R@5/1=8.2% cell@1=45.6% cell@3=62.6% | 93.9s
[ 5000/10000] loss=0.0103 (cls=0.0003 res=0.0063 rot=0.0264 beta=0.14) | val: 4.37deg/4305mm R@10/2=21.4% R@5/1=8.2% cell@1=45.1% cell@3=61.0% | 95.8s
[ 5100/10000] loss=0.0124 (cls=0.0003 res=0.0083 rot=0.0281 beta=0.14) | val: 3.91deg/4165mm R@10/2=22.5% R@5/1=8.8% cell@1=45.6% cell@3=62.6% | 97.6s
[ 5200/10000] loss=0.0127 (cls=0.0002 res=0.0088 rot=0.0274 beta=0.13) | val: 4.08deg/4176mm R@10/2=22.5% R@5/1=8.2% cell@1=45.6% cell@3=59.9% | 99.5s
[ 5300/10000] loss=0.0100 (cls=0.0003 res=0.0061 rot=0.0273 beta=0.13) | val: 3.96deg/4199mm R@10/2=22.0% R@5/1=8.2% cell@1=44.5% cell@3=62.1% | 101.4s
[ 5400/10000] loss=0.0109 (cls=0.0003 res=0.0072 rot=0.0267 beta=0.13) | val: 4.20deg/4256mm R@10/2=22.5% R@5/1=8.2% cell@1=46.2% cell@3=61.5% | 103.2s
[ 5500/10000] loss=0.0111 (cls=0.0002 res=0.0074 rot=0.0276 beta=0.13) | val: 3.84deg/4078mm R@10/2=23.1% R@5/1=9.3% cell@1=46.2% cell@3=61.5% | 105.1s
[ 5600/10000] loss=0.0104 (cls=0.0005 res=0.0070 rot=0.0235 beta=0.12) | val: 3.78deg/4211mm R@10/2=22.5% R@5/1=8.2% cell@1=44.5% cell@3=62.1% | 107.0s
[ 5700/10000] loss=0.0095 (cls=0.0002 res=0.0063 rot=0.0248 beta=0.12) | val: 3.62deg/4168mm R@10/2=23.1% R@5/1=8.2% cell@1=45.6% cell@3=60.4% | 108.8s
[ 5800/10000] loss=0.0092 (cls=0.0002 res=0.0062 rot=0.0230 beta=0.12) | val: 3.87deg/4311mm R@10/2=22.5% R@5/1=8.2% cell@1=45.6% cell@3=59.9% | 110.7s
[ 5900/10000] loss=0.0086 (cls=0.0002 res=0.0056 rot=0.0246 beta=0.12) | val: 4.08deg/4223mm R@10/2=22.5% R@5/1=8.2% cell@1=45.1% cell@3=61.0% | 112.6s
[ 6000/10000] loss=0.0087 (cls=0.0002 res=0.0058 rot=0.0243 beta=0.11) | val: 3.86deg/4150mm R@10/2=21.4% R@5/1=8.2% cell@1=44.5% cell@3=60.4% | 114.4s
[ 6100/10000] loss=0.0080 (cls=0.0001 res=0.0052 rot=0.0242 beta=0.11) | val: 3.86deg/4200mm R@10/2=22.5% R@5/1=8.2% cell@1=44.5% cell@3=61.0% | 116.3s
[ 6200/10000] loss=0.0082 (cls=0.0001 res=0.0050 rot=0.0272 beta=0.11) | val: 3.89deg/4317mm R@10/2=21.4% R@5/1=8.2% cell@1=44.0% cell@3=61.0% | 118.1s
[ 6300/10000] loss=0.0089 (cls=0.0002 res=0.0063 rot=0.0229 beta=0.11) | val: 3.58deg/4114mm R@10/2=23.1% R@5/1=8.8% cell@1=45.1% cell@3=61.5% | 120.0s
[ 6400/10000] loss=0.0074 (cls=0.0002 res=0.0048 rot=0.0232 beta=0.11) | val: 3.87deg/4169mm R@10/2=22.0% R@5/1=8.2% cell@1=44.5% cell@3=61.0% | 121.9s
[ 6500/10000] loss=0.0091 (cls=0.0002 res=0.0064 rot=0.0249 beta=0.10) | val: 3.88deg/4083mm R@10/2=22.0% R@5/1=8.2% cell@1=45.6% cell@3=61.5% | 123.8s
[ 6600/10000] loss=0.0082 (cls=0.0002 res=0.0056 rot=0.0238 beta=0.10) | val: 3.87deg/4201mm R@10/2=22.0% R@5/1=8.2% cell@1=45.1% cell@3=60.4% | 125.6s
[ 6700/10000] loss=0.0067 (cls=0.0001 res=0.0044 rot=0.0217 beta=0.10) | val: 3.99deg/4262mm R@10/2=22.0% R@5/1=8.8% cell@1=45.1% cell@3=59.9% | 127.5s
[ 6800/10000] loss=0.0077 (cls=0.0001 res=0.0053 rot=0.0227 beta=0.10) | val: 4.11deg/4302mm R@10/2=21.4% R@5/1=7.7% cell@1=44.5% cell@3=61.5% | 129.4s
[ 6900/10000] loss=0.0079 (cls=0.0002 res=0.0054 rot=0.0233 beta=0.10) | val: 3.91deg/4274mm R@10/2=22.0% R@5/1=8.2% cell@1=44.0% cell@3=59.9% | 131.3s
[ 7000/10000] loss=0.0061 (cls=0.0001 res=0.0038 rot=0.0221 beta=0.10) | val: 3.86deg/4312mm R@10/2=22.0% R@5/1=8.2% cell@1=44.5% cell@3=61.5% | 133.1s
[ 7100/10000] loss=0.0065 (cls=0.0001 res=0.0043 rot=0.0211 beta=0.10) | val: 3.89deg/4203mm R@10/2=22.0% R@5/1=8.2% cell@1=44.5% cell@3=60.4% | 135.0s
[ 7200/10000] loss=0.0063 (cls=0.0001 res=0.0040 rot=0.0229 beta=0.09) | val: 3.94deg/4296mm R@10/2=22.0% R@5/1=8.2% cell@1=45.6% cell@3=61.5% | 136.9s
[ 7300/10000] loss=0.0066 (cls=0.0002 res=0.0041 rot=0.0245 beta=0.09) | val: 3.91deg/4362mm R@10/2=20.9% R@5/1=7.7% cell@1=44.0% cell@3=59.9% | 138.7s
[ 7400/10000] loss=0.0063 (cls=0.0002 res=0.0040 rot=0.0235 beta=0.09) | val: 3.96deg/4300mm R@10/2=22.5% R@5/1=8.8% cell@1=45.1% cell@3=59.9% | 140.6s
[ 7500/10000] loss=0.0064 (cls=0.0002 res=0.0041 rot=0.0230 beta=0.09) | val: 3.83deg/4132mm R@10/2=22.5% R@5/1=8.2% cell@1=45.6% cell@3=59.9% | 142.5s
[ 7600/10000] loss=0.0065 (cls=0.0001 res=0.0044 rot=0.0218 beta=0.09) | val: 3.73deg/4155mm R@10/2=22.5% R@5/1=8.2% cell@1=45.6% cell@3=60.4% | 144.4s
[ 7700/10000] loss=0.0062 (cls=0.0001 res=0.0041 rot=0.0228 beta=0.09) | val: 3.78deg/4306mm R@10/2=22.5% R@5/1=8.2% cell@1=44.5% cell@3=60.4% | 146.2s
[ 7800/10000] loss=0.0061 (cls=0.0001 res=0.0039 rot=0.0234 beta=0.09) | val: 3.89deg/4299mm R@10/2=22.5% R@5/1=8.2% cell@1=45.1% cell@3=59.9% | 148.1s
[ 7900/10000] loss=0.0060 (cls=0.0001 res=0.0040 rot=0.0217 beta=0.09) | val: 4.04deg/4320mm R@10/2=22.5% R@5/1=8.8% cell@1=45.1% cell@3=59.9% | 149.9s
[ 8000/10000] loss=0.0061 (cls=0.0001 res=0.0039 rot=0.0239 beta=0.09) | val: 3.97deg/4362mm R@10/2=22.0% R@5/1=8.8% cell@1=44.5% cell@3=61.5% | 151.8s
[ 8100/10000] loss=0.0065 (cls=0.0001 res=0.0040 rot=0.0273 beta=0.09) | val: 4.11deg/4335mm R@10/2=22.5% R@5/1=8.8% cell@1=44.0% cell@3=61.5% | 153.7s
[ 8200/10000] loss=0.0058 (cls=0.0001 res=0.0036 rot=0.0231 beta=0.09) | val: 3.83deg/4324mm R@10/2=23.1% R@5/1=8.8% cell@1=44.5% cell@3=61.5% | 155.6s
[ 8300/10000] loss=0.0051 (cls=0.0001 res=0.0031 rot=0.0227 beta=0.09) | val: 3.83deg/4170mm R@10/2=22.5% R@5/1=8.8% cell@1=45.1% cell@3=60.4% | 157.4s
[ 8400/10000] loss=0.0054 (cls=0.0001 res=0.0036 rot=0.0203 beta=0.09) | val: 4.00deg/4286mm R@10/2=22.5% R@5/1=8.2% cell@1=44.5% cell@3=60.4% | 159.3s
[ 8500/10000] loss=0.0053 (cls=0.0001 res=0.0033 rot=0.0224 beta=0.09) | val: 3.96deg/4318mm R@10/2=22.0% R@5/1=8.2% cell@1=44.5% cell@3=61.5% | 161.2s
[ 8600/10000] loss=0.0058 (cls=0.0001 res=0.0036 rot=0.0242 beta=0.08) | val: 4.08deg/4308mm R@10/2=22.5% R@5/1=8.2% cell@1=44.5% cell@3=61.0% | 163.0s
[ 8700/10000] loss=0.0062 (cls=0.0001 res=0.0041 rot=0.0230 beta=0.08) | val: 4.08deg/4343mm R@10/2=23.1% R@5/1=8.2% cell@1=44.5% cell@3=59.9% | 164.9s
[ 8800/10000] loss=0.0059 (cls=0.0001 res=0.0038 rot=0.0241 beta=0.08) | val: 4.02deg/4176mm R@10/2=23.1% R@5/1=8.2% cell@1=45.1% cell@3=60.4% | 166.8s
[ 8900/10000] loss=0.0054 (cls=0.0001 res=0.0035 rot=0.0222 beta=0.08) | val: 3.87deg/4345mm R@10/2=23.1% R@5/1=8.2% cell@1=44.0% cell@3=60.4% | 168.6s
[ 9000/10000] loss=0.0053 (cls=0.0001 res=0.0034 rot=0.0213 beta=0.08) | val: 4.10deg/4305mm R@10/2=22.5% R@5/1=8.2% cell@1=44.5% cell@3=59.9% | 170.5s
[ 9100/10000] loss=0.0054 (cls=0.0001 res=0.0034 rot=0.0227 beta=0.08) | val: 3.95deg/4274mm R@10/2=23.6% R@5/1=8.2% cell@1=44.5% cell@3=60.4% | 172.4s
[ 9200/10000] loss=0.0053 (cls=0.0001 res=0.0034 rot=0.0209 beta=0.08) | val: 3.95deg/4286mm R@10/2=23.1% R@5/1=8.2% cell@1=44.5% cell@3=60.4% | 174.2s
[ 9300/10000] loss=0.0052 (cls=0.0001 res=0.0034 rot=0.0208 beta=0.08) | val: 3.94deg/4304mm R@10/2=22.5% R@5/1=8.2% cell@1=44.5% cell@3=60.4% | 176.1s
[ 9400/10000] loss=0.0046 (cls=0.0003 res=0.0025 rot=0.0211 beta=0.08) | val: 3.96deg/4323mm R@10/2=23.1% R@5/1=8.2% cell@1=44.5% cell@3=61.0% | 178.0s
[ 9500/10000] loss=0.0055 (cls=0.0001 res=0.0037 rot=0.0206 beta=0.08) | val: 3.94deg/4337mm R@10/2=23.1% R@5/1=8.2% cell@1=44.5% cell@3=61.0% | 179.8s
[ 9600/10000] loss=0.0053 (cls=0.0001 res=0.0033 rot=0.0235 beta=0.08) | val: 3.98deg/4343mm R@10/2=23.1% R@5/1=8.2% cell@1=44.5% cell@3=61.0% | 181.7s
[ 9700/10000] loss=0.0055 (cls=0.0001 res=0.0036 rot=0.0221 beta=0.08) | val: 4.02deg/4343mm R@10/2=23.1% R@5/1=8.2% cell@1=44.5% cell@3=59.9% | 183.6s
[ 9800/10000] loss=0.0056 (cls=0.0001 res=0.0036 rot=0.0233 beta=0.08) | val: 4.01deg/4344mm R@10/2=23.1% R@5/1=8.2% cell@1=44.5% cell@3=59.9% | 185.4s
[ 9900/10000] loss=0.0050 (cls=0.0001 res=0.0030 rot=0.0227 beta=0.08) | val: 4.00deg/4293mm R@10/2=22.5% R@5/1=8.2% cell@1=44.5% cell@3=60.4% | 187.3s
[10000/10000] loss=0.0053 (cls=0.0001 res=0.0035 rot=0.0218 beta=0.08) | val: 3.98deg/4292mm R@10/2=23.1% R@5/1=8.2% cell@1=44.5% cell@3=59.9% | 189.1s

Training done. Best epoch: 290, score: 4.2177

======================================================================
EVALUATION RESULTS (Grid Classification + Residual)
======================================================================
Rotation  (median): 5.22deg
Translation (median): 3699mm
  R@5deg_1m: 5.5%  (rot_pass=47.3%, trans_pass=11.0%)
  R@10deg_2m: 26.4%  (rot_pass=87.9%, trans_pass=28.0%)
  R@15deg_5m: 64.8%  (rot_pass=95.1%, trans_pass=68.7%)
  R@25deg_5m: 68.7%  (rot_pass=100.0%, trans_pass=68.7%)

======================================================================
EVALUATION RESULTS (Retrieval Mode)
======================================================================
Retrieval median: 9.13deg / 3872mm
  R@5deg_1m: 2.2%  (rot=13.2%, trans=9.3%)
  R@10deg_2m: 16.5%  (rot=57.7%, trans=27.5%)
  R@15deg_5m: 59.3%  (rot=89.0%, trans=68.7%)
  R@25deg_5m: 67.6%  (rot=98.4%, trans=68.7%)

======================================================================
CLASSIFICATION
======================================================================
  Top-1 cell acc: 51.1%
  Top-3 cell acc: 75.3%
[Mon 20 Apr 2026 12:53:47 PM CST] Done cells=64 on GPU=1
