Random seed: 123
Using device: cuda:1
  Feature dim after pooling: 4608

Loading raw data for frozen pooling (fine=True, coarse=True, summary=True)...
  Loaded fine_geo: torch.Size([895, 128, 68, 120])
  Loaded coarse_sem: torch.Size([895, 128, 68, 120])
  Loaded summary: torch.Size([895, 2560])
  [train] 895 samples loaded
  Loaded fine_geo: torch.Size([182, 128, 68, 120])
  Loaded coarse_sem: torch.Size([182, 128, 68, 120])
  Loaded summary: torch.Size([182, 2560])
  [test] 182 samples loaded

Precomputing frozen pooled features...
  Pre-computed pooled features: torch.Size([895, 4608]) (16.5 MB)
  Pre-computed pooled features: torch.Size([182, 4608]) (3.4 MB)
Trainable parameters: 10,771,211
[    1/10000] loss=3.1174 (t=0.3643 rank=5.5061 rot=1.7016 beta=0.00) | val: 87.68deg/24991mm R@10/2=0.0% R@5/1=0.0% attn_top1<2m=29.1% | 0.3s
[  100/10000] loss=1.7323 (t=0.0216 rank=3.4214 rot=1.8053 beta=0.00) | val: 88.32deg/2235mm R@10/2=0.0% R@5/1=0.0% attn_top1<2m=42.3% | 2.7s
[  200/10000] loss=1.6799 (t=0.0121 rank=3.3356 rot=1.6887 beta=0.00) | val: 88.86deg/2063mm R@10/2=0.0% R@5/1=0.0% attn_top1<2m=41.8% | 4.4s
[  300/10000] loss=1.6712 (t=0.0099 rank=3.3227 rot=1.6899 beta=0.00) | val: 89.35deg/2123mm R@10/2=0.0% R@5/1=0.0% attn_top1<2m=39.6% | 5.9s
[  400/10000] loss=1.6599 (t=0.0046 rank=3.3106 rot=1.5680 beta=0.00) | val: 89.56deg/2205mm R@10/2=0.0% R@5/1=0.0% attn_top1<2m=39.6% | 7.6s
[  500/10000] loss=1.6527 (t=0.0041 rank=3.2971 rot=1.6902 beta=0.00) | val: 89.67deg/2177mm R@10/2=0.0% R@5/1=0.0% attn_top1<2m=40.1% | 8.8s
[  600/10000] loss=1.6752 (t=0.0035 rank=3.3433 rot=1.6526 beta=0.00) | val: 89.71deg/2148mm R@10/2=0.0% R@5/1=0.0% attn_top1<2m=39.0% | 9.9s
[  700/10000] loss=1.6962 (t=0.0033 rank=3.3858 rot=1.7144 beta=0.00) | val: 90.01deg/2251mm R@10/2=0.0% R@5/1=0.0% attn_top1<2m=39.0% | 11.3s
[  800/10000] loss=1.6874 (t=0.0023 rank=3.3703 rot=1.6193 beta=0.00) | val: 90.20deg/2378mm R@10/2=0.0% R@5/1=0.0% attn_top1<2m=37.4% | 12.3s
[  900/10000] loss=1.6432 (t=0.0028 rank=3.2809 rot=1.7985 beta=0.00) | val: 90.51deg/2471mm R@10/2=0.0% R@5/1=0.0% attn_top1<2m=39.0% | 13.5s
[ 1000/10000] loss=1.6116 (t=0.0026 rank=3.2180 rot=1.7107 beta=0.00) | val: 90.79deg/2248mm R@10/2=0.0% R@5/1=0.0% attn_top1<2m=40.7% | 14.6s
[ 1100/10000] loss=1.6603 (t=0.0025 rank=3.3155 rot=1.6604 beta=0.00) | val: 90.95deg/2261mm R@10/2=0.0% R@5/1=0.0% attn_top1<2m=40.1% | 15.9s
[ 1200/10000] loss=1.6661 (t=0.0018 rank=3.3287 rot=1.6982 beta=0.00) | val: 91.06deg/2431mm R@10/2=0.0% R@5/1=0.0% attn_top1<2m=39.6% | 17.1s
[ 1300/10000] loss=1.6222 (t=0.0019 rank=3.2405 rot=1.7039 beta=0.00) | val: 91.00deg/2168mm R@10/2=0.0% R@5/1=0.0% attn_top1<2m=39.6% | 18.6s
[ 1400/10000] loss=1.6800 (t=0.0019 rank=3.3563 rot=1.7076 beta=0.00) | val: 90.92deg/2383mm R@10/2=0.0% R@5/1=0.0% attn_top1<2m=39.6% | 19.8s
[ 1500/10000] loss=1.6660 (t=0.0017 rank=3.3287 rot=1.6758 beta=0.00) | val: 90.82deg/2443mm R@10/2=0.0% R@5/1=0.0% attn_top1<2m=39.6% | 21.1s
[ 1600/10000] loss=1.6216 (t=0.0014 rank=3.2404 rot=1.6706 beta=0.00) | val: 90.78deg/2358mm R@10/2=0.0% R@5/1=0.0% attn_top1<2m=40.1% | 22.4s
[ 1700/10000] loss=1.5880 (t=0.0014 rank=3.1733 rot=1.7564 beta=0.00) | val: 90.67deg/2388mm R@10/2=0.0% R@5/1=0.0% attn_top1<2m=40.1% | 23.8s
[ 1800/10000] loss=1.6728 (t=0.0013 rank=3.3432 rot=1.7533 beta=0.00) | val: 90.89deg/2569mm R@10/2=0.0% R@5/1=0.0% attn_top1<2m=39.6% | 25.1s
[ 1900/10000] loss=1.6793 (t=0.0013 rank=3.3561 rot=1.7501 beta=0.00) | val: 91.02deg/2315mm R@10/2=0.0% R@5/1=0.0% attn_top1<2m=40.1% | 26.4s
[ 2000/10000] loss=1.7007 (t=0.0009 rank=3.3996 rot=1.7268 beta=0.00) | val: 91.21deg/2306mm R@10/2=0.0% R@5/1=0.0% attn_top1<2m=39.0% | 27.6s
[ 2100/10000] loss=1.6544 (t=0.0011 rank=3.3066 rot=1.6640 beta=0.00) | val: 91.39deg/2700mm R@10/2=0.5% R@5/1=0.0% attn_top1<2m=39.6% | 29.0s
[ 2200/10000] loss=1.6374 (t=0.0010 rank=3.2728 rot=1.7249 beta=0.00) | val: 91.59deg/2631mm R@10/2=0.5% R@5/1=0.0% attn_top1<2m=40.1% | 30.2s
[ 2300/10000] loss=1.6335 (t=0.0010 rank=3.2651 rot=1.8139 beta=0.00) | val: 91.47deg/2623mm R@10/2=0.5% R@5/1=0.0% attn_top1<2m=39.6% | 31.5s
[ 2400/10000] loss=1.6472 (t=0.0007 rank=3.2929 rot=1.6749 beta=0.00) | val: 91.26deg/2639mm R@10/2=0.5% R@5/1=0.0% attn_top1<2m=39.6% | 32.6s
[ 2500/10000] loss=1.6330 (t=0.0010 rank=3.2639 rot=1.7254 beta=0.00) | val: 91.40deg/2837mm R@10/2=0.5% R@5/1=0.0% attn_top1<2m=39.6% | 33.8s
[ 2600/10000] loss=1.6836 (t=0.0009 rank=3.3653 rot=1.5817 beta=0.00) | val: 91.25deg/2774mm R@10/2=0.5% R@5/1=0.0% attn_top1<2m=39.0% | 35.0s
[ 2700/10000] loss=1.6424 (t=0.0013 rank=3.2822 rot=1.8522 beta=0.00) | val: 91.65deg/2756mm R@10/2=0.5% R@5/1=0.0% attn_top1<2m=37.9% | 36.1s
[ 2800/10000] loss=1.6677 (t=0.0009 rank=3.3335 rot=1.6287 beta=0.00) | val: 92.31deg/2710mm R@10/2=0.5% R@5/1=0.0% attn_top1<2m=39.6% | 37.4s
[ 2900/10000] loss=1.6147 (t=0.0011 rank=3.2272 rot=1.8435 beta=0.00) | val: 92.22deg/2634mm R@10/2=0.5% R@5/1=0.0% attn_top1<2m=39.0% | 38.6s
[ 3000/10000] loss=1.6529 (t=0.0009 rank=3.3041 rot=1.7731 beta=0.00) | val: 92.09deg/2785mm R@10/2=0.5% R@5/1=0.0% attn_top1<2m=39.0% | 39.8s
[ 3100/10000] loss=1.6031 (t=0.0012 rank=3.2039 rot=1.7812 beta=0.00) | val: 91.99deg/2555mm R@10/2=0.5% R@5/1=0.0% attn_top1<2m=38.5% | 40.8s
[ 3200/10000] loss=1.6533 (t=0.0007 rank=3.3053 rot=1.7725 beta=0.00) | val: 91.84deg/2715mm R@10/2=0.5% R@5/1=0.0% attn_top1<2m=37.4% | 42.1s
[ 3300/10000] loss=1.6938 (t=0.0010 rank=3.3857 rot=1.8508 beta=0.00) | val: 92.06deg/2776mm R@10/2=0.5% R@5/1=0.0% attn_top1<2m=37.9% | 43.2s
[ 3400/10000] loss=1.6435 (t=0.0007 rank=3.2857 rot=1.7785 beta=0.00) | val: 92.40deg/2643mm R@10/2=0.0% R@5/1=0.0% attn_top1<2m=39.0% | 44.5s
[ 3500/10000] loss=1.7029 (t=0.0009 rank=3.4040 rot=1.8123 beta=0.00) | val: 92.57deg/2761mm R@10/2=0.5% R@5/1=0.0% attn_top1<2m=38.5% | 45.5s
[ 3600/10000] loss=1.6763 (t=0.0009 rank=3.3507 rot=1.6977 beta=0.00) | val: 92.73deg/2701mm R@10/2=0.5% R@5/1=0.0% attn_top1<2m=36.8% | 46.8s
[ 3700/10000] loss=1.6744 (t=0.0007 rank=3.3473 rot=1.6923 beta=0.00) | val: 93.13deg/2742mm R@10/2=0.5% R@5/1=0.0% attn_top1<2m=37.9% | 48.2s
[ 3800/10000] loss=1.6393 (t=0.0007 rank=3.2772 rot=1.7975 beta=0.00) | val: 93.54deg/2773mm R@10/2=0.5% R@5/1=0.0% attn_top1<2m=36.8% | 49.5s
[ 3900/10000] loss=1.6731 (t=0.0010 rank=3.3440 rot=1.8855 beta=0.00) | val: 93.76deg/2615mm R@10/2=0.5% R@5/1=0.0% attn_top1<2m=37.4% | 50.8s
[ 4000/10000] loss=1.6897 (t=0.0006 rank=3.3782 rot=1.7493 beta=0.00) | val: 93.95deg/2647mm R@10/2=0.5% R@5/1=0.0% attn_top1<2m=37.9% | 52.0s
[ 4100/10000] loss=1.6572 (t=0.0006 rank=3.3132 rot=1.9126 beta=0.00) | val: 94.30deg/2684mm R@10/2=1.1% R@5/1=0.0% attn_top1<2m=37.9% | 53.2s
[ 4200/10000] loss=1.7127 (t=0.0007 rank=3.4239 rot=1.6510 beta=0.00) | val: 94.56deg/2653mm R@10/2=1.1% R@5/1=0.0% attn_top1<2m=37.9% | 54.4s
[ 4300/10000] loss=1.6478 (t=0.0006 rank=3.2943 rot=1.7562 beta=0.00) | val: 94.72deg/2508mm R@10/2=1.1% R@5/1=0.0% attn_top1<2m=37.4% | 55.6s
[ 4400/10000] loss=1.6577 (t=0.0007 rank=3.3139 rot=1.8322 beta=0.00) | val: 94.90deg/2641mm R@10/2=1.1% R@5/1=0.0% attn_top1<2m=38.5% | 56.8s
[ 4500/10000] loss=1.6106 (t=0.0006 rank=3.2200 rot=1.7245 beta=0.00) | val: 95.47deg/2875mm R@10/2=1.1% R@5/1=0.0% attn_top1<2m=37.9% | 58.0s
[ 4600/10000] loss=1.6650 (t=0.0007 rank=3.3287 rot=1.8143 beta=0.00) | val: 95.97deg/2591mm R@10/2=1.1% R@5/1=0.0% attn_top1<2m=37.4% | 59.2s
[ 4700/10000] loss=1.6847 (t=0.0007 rank=3.3680 rot=1.7671 beta=0.00) | val: 96.12deg/2680mm R@10/2=1.1% R@5/1=0.0% attn_top1<2m=38.5% | 60.5s
[ 4800/10000] loss=1.6739 (t=0.0007 rank=3.3465 rot=1.7839 beta=0.00) | val: 96.25deg/2688mm R@10/2=1.1% R@5/1=0.0% attn_top1<2m=39.6% | 61.7s
[ 4900/10000] loss=1.6151 (t=0.0006 rank=3.2290 rot=1.7734 beta=0.00) | val: 96.48deg/2616mm R@10/2=1.1% R@5/1=0.0% attn_top1<2m=39.6% | 63.0s
[ 5000/10000] loss=1.6021 (t=0.0007 rank=3.2028 rot=1.7986 beta=0.00) | val: 96.71deg/2584mm R@10/2=1.1% R@5/1=0.0% attn_top1<2m=39.0% | 64.2s
[ 5100/10000] loss=1.6707 (t=0.0006 rank=3.3402 rot=1.7952 beta=0.00) | val: 96.89deg/2727mm R@10/2=1.1% R@5/1=0.0% attn_top1<2m=39.6% | 65.4s
[ 5200/10000] loss=1.6640 (t=0.0005 rank=3.3269 rot=1.7499 beta=0.00) | val: 97.00deg/2557mm R@10/2=0.5% R@5/1=0.0% attn_top1<2m=37.9% | 66.7s
[ 5300/10000] loss=1.6990 (t=0.0005 rank=3.3969 rot=1.7854 beta=0.00) | val: 97.23deg/2657mm R@10/2=0.5% R@5/1=0.0% attn_top1<2m=38.5% | 67.9s
[ 5400/10000] loss=1.6335 (t=0.0007 rank=3.2657 rot=1.8642 beta=0.00) | val: 97.47deg/2680mm R@10/2=0.5% R@5/1=0.0% attn_top1<2m=39.6% | 69.1s
[ 5500/10000] loss=1.6406 (t=0.0005 rank=3.2803 rot=1.6894 beta=0.00) | val: 97.36deg/2653mm R@10/2=0.5% R@5/1=0.0% attn_top1<2m=38.5% | 70.4s
[ 5600/10000] loss=1.6969 (t=0.0006 rank=3.3926 rot=1.7449 beta=0.00) | val: 97.85deg/2682mm R@10/2=0.5% R@5/1=0.0% attn_top1<2m=37.4% | 71.6s
[ 5700/10000] loss=1.6754 (t=0.0005 rank=3.3497 rot=1.7838 beta=0.00) | val: 97.92deg/2644mm R@10/2=0.5% R@5/1=0.0% attn_top1<2m=39.6% | 72.8s
[ 5800/10000] loss=1.6318 (t=0.0006 rank=3.2625 rot=1.6845 beta=0.00) | val: 98.09deg/2608mm R@10/2=0.5% R@5/1=0.0% attn_top1<2m=39.6% | 74.0s
[ 5900/10000] loss=1.6300 (t=0.0006 rank=3.2587 rot=1.8456 beta=0.00) | val: 98.11deg/2757mm R@10/2=0.5% R@5/1=0.0% attn_top1<2m=39.0% | 75.1s
[ 6000/10000] loss=1.6423 (t=0.0005 rank=3.2836 rot=1.8295 beta=0.00) | val: 98.06deg/2783mm R@10/2=0.5% R@5/1=0.0% attn_top1<2m=38.5% | 76.4s
[ 6100/10000] loss=1.6589 (t=0.0004 rank=3.3170 rot=1.7889 beta=0.00) | val: 98.04deg/2605mm R@10/2=0.5% R@5/1=0.0% attn_top1<2m=37.9% | 77.6s
[ 6200/10000] loss=1.6626 (t=0.0006 rank=3.3239 rot=1.7748 beta=0.00) | val: 98.00deg/2717mm R@10/2=0.5% R@5/1=0.0% attn_top1<2m=38.5% | 78.8s
[ 6300/10000] loss=1.6868 (t=0.0005 rank=3.3727 rot=1.7185 beta=0.00) | val: 98.03deg/2706mm R@10/2=0.5% R@5/1=0.0% attn_top1<2m=38.5% | 80.0s
[ 6400/10000] loss=1.6502 (t=0.0004 rank=3.2995 rot=1.8879 beta=0.00) | val: 98.07deg/2727mm R@10/2=0.5% R@5/1=0.0% attn_top1<2m=37.9% | 81.3s
[ 6500/10000] loss=1.6435 (t=0.0006 rank=3.2860 rot=1.7805 beta=0.00) | val: 98.13deg/2694mm R@10/2=0.5% R@5/1=0.0% attn_top1<2m=39.0% | 82.5s
[ 6600/10000] loss=1.6981 (t=0.0006 rank=3.3951 rot=1.8222 beta=0.00) | val: 98.19deg/2662mm R@10/2=0.5% R@5/1=0.0% attn_top1<2m=38.5% | 83.7s
[ 6700/10000] loss=1.6836 (t=0.0005 rank=3.3660 rot=1.7353 beta=0.00) | val: 98.10deg/2694mm R@10/2=0.5% R@5/1=0.0% attn_top1<2m=38.5% | 85.0s
[ 6800/10000] loss=1.6468 (t=0.0007 rank=3.2921 rot=1.8724 beta=0.00) | val: 98.05deg/2599mm R@10/2=0.5% R@5/1=0.0% attn_top1<2m=37.9% | 86.2s
[ 6900/10000] loss=1.6611 (t=0.0004 rank=3.3213 rot=1.8921 beta=0.00) | val: 98.04deg/2645mm R@10/2=0.5% R@5/1=0.0% attn_top1<2m=39.0% | 87.3s
[ 7000/10000] loss=1.6763 (t=0.0005 rank=3.3517 rot=1.6554 beta=0.00) | val: 98.02deg/2667mm R@10/2=0.5% R@5/1=0.0% attn_top1<2m=38.5% | 88.4s
[ 7100/10000] loss=1.6795 (t=0.0006 rank=3.3579 rot=1.6821 beta=0.00) | val: 97.98deg/2639mm R@10/2=0.5% R@5/1=0.0% attn_top1<2m=38.5% | 89.5s
[ 7200/10000] loss=1.6975 (t=0.0005 rank=3.3940 rot=1.6982 beta=0.00) | val: 97.97deg/2482mm R@10/2=0.5% R@5/1=0.0% attn_top1<2m=38.5% | 90.8s
[ 7300/10000] loss=1.7086 (t=0.0005 rank=3.4162 rot=1.6262 beta=0.00) | val: 97.97deg/2582mm R@10/2=0.5% R@5/1=0.0% attn_top1<2m=37.9% | 92.0s
[ 7400/10000] loss=1.6437 (t=0.0005 rank=3.2865 rot=1.8318 beta=0.00) | val: 97.95deg/2634mm R@10/2=0.5% R@5/1=0.0% attn_top1<2m=37.9% | 93.2s
[ 7500/10000] loss=1.6334 (t=0.0005 rank=3.2659 rot=1.7626 beta=0.00) | val: 97.93deg/2596mm R@10/2=0.5% R@5/1=0.0% attn_top1<2m=37.9% | 94.3s
[ 7600/10000] loss=1.6274 (t=0.0005 rank=3.2537 rot=1.7865 beta=0.00) | val: 97.91deg/2673mm R@10/2=0.5% R@5/1=0.0% attn_top1<2m=37.4% | 95.4s
[ 7700/10000] loss=1.6518 (t=0.0005 rank=3.3026 rot=1.7324 beta=0.00) | val: 97.96deg/2618mm R@10/2=0.5% R@5/1=0.0% attn_top1<2m=37.9% | 96.7s
[ 7800/10000] loss=1.6665 (t=0.0004 rank=3.3322 rot=1.8769 beta=0.00) | val: 97.92deg/2651mm R@10/2=0.5% R@5/1=0.0% attn_top1<2m=37.9% | 97.8s
[ 7900/10000] loss=1.6190 (t=0.0004 rank=3.2372 rot=1.8015 beta=0.00) | val: 97.92deg/2672mm R@10/2=0.5% R@5/1=0.0% attn_top1<2m=38.5% | 99.0s
[ 8000/10000] loss=1.6642 (t=0.0005 rank=3.3274 rot=1.7812 beta=0.00) | val: 97.86deg/2578mm R@10/2=0.5% R@5/1=0.0% attn_top1<2m=37.9% | 100.2s
[ 8100/10000] loss=1.6541 (t=0.0004 rank=3.3074 rot=1.8811 beta=0.00) | val: 97.86deg/2626mm R@10/2=0.5% R@5/1=0.0% attn_top1<2m=37.9% | 101.4s
[ 8200/10000] loss=1.6928 (t=0.0003 rank=3.3850 rot=1.7442 beta=0.00) | val: 97.86deg/2517mm R@10/2=0.5% R@5/1=0.0% attn_top1<2m=37.9% | 102.6s
[ 8300/10000] loss=1.6730 (t=0.0004 rank=3.3453 rot=1.8440 beta=0.00) | val: 97.87deg/2608mm R@10/2=0.5% R@5/1=0.0% attn_top1<2m=38.5% | 103.8s
[ 8400/10000] loss=1.6189 (t=0.0004 rank=3.2369 rot=1.8217 beta=0.00) | val: 97.85deg/2589mm R@10/2=0.5% R@5/1=0.0% attn_top1<2m=37.9% | 105.1s
[ 8500/10000] loss=1.6162 (t=0.0004 rank=3.2315 rot=1.8309 beta=0.00) | val: 97.85deg/2647mm R@10/2=0.5% R@5/1=0.0% attn_top1<2m=37.4% | 106.3s
[ 8600/10000] loss=1.6490 (t=0.0005 rank=3.2971 rot=1.7600 beta=0.00) | val: 97.88deg/2639mm R@10/2=0.5% R@5/1=0.0% attn_top1<2m=37.4% | 107.9s
[ 8700/10000] loss=1.6887 (t=0.0004 rank=3.3767 rot=1.7306 beta=0.00) | val: 97.86deg/2719mm R@10/2=0.5% R@5/1=0.0% attn_top1<2m=37.4% | 109.6s
[ 8800/10000] loss=1.6551 (t=0.0004 rank=3.3094 rot=1.7099 beta=0.00) | val: 97.88deg/2655mm R@10/2=0.5% R@5/1=0.0% attn_top1<2m=37.4% | 111.2s
[ 8900/10000] loss=1.6500 (t=0.0004 rank=3.2992 rot=1.7174 beta=0.00) | val: 97.88deg/2630mm R@10/2=0.5% R@5/1=0.0% attn_top1<2m=37.9% | 112.2s
[ 9000/10000] loss=1.6610 (t=0.0004 rank=3.3212 rot=1.8033 beta=0.00) | val: 97.89deg/2688mm R@10/2=0.5% R@5/1=0.0% attn_top1<2m=37.4% | 113.4s
[ 9100/10000] loss=1.6903 (t=0.0004 rank=3.3796 rot=1.7204 beta=0.00) | val: 97.87deg/2706mm R@10/2=0.5% R@5/1=0.0% attn_top1<2m=37.9% | 114.6s
[ 9200/10000] loss=1.6879 (t=0.0004 rank=3.3750 rot=1.7668 beta=0.00) | val: 97.87deg/2726mm R@10/2=0.5% R@5/1=0.0% attn_top1<2m=37.4% | 115.9s
[ 9300/10000] loss=1.6549 (t=0.0004 rank=3.3089 rot=1.7977 beta=0.00) | val: 97.87deg/2667mm R@10/2=0.5% R@5/1=0.0% attn_top1<2m=37.4% | 117.1s
[ 9400/10000] loss=1.6708 (t=0.0005 rank=3.3405 rot=1.8033 beta=0.00) | val: 97.87deg/2643mm R@10/2=0.5% R@5/1=0.0% attn_top1<2m=37.4% | 118.3s
[ 9500/10000] loss=1.6764 (t=0.0004 rank=3.3519 rot=1.7185 beta=0.00) | val: 97.86deg/2670mm R@10/2=0.5% R@5/1=0.0% attn_top1<2m=37.4% | 119.5s
[ 9600/10000] loss=1.6484 (t=0.0004 rank=3.2962 rot=1.7411 beta=0.00) | val: 97.86deg/2674mm R@10/2=0.5% R@5/1=0.0% attn_top1<2m=37.4% | 120.6s
[ 9700/10000] loss=1.6036 (t=0.0004 rank=3.2063 rot=1.7726 beta=0.00) | val: 97.86deg/2669mm R@10/2=0.5% R@5/1=0.0% attn_top1<2m=37.4% | 121.8s
[ 9800/10000] loss=1.7082 (t=0.0003 rank=3.4157 rot=1.7281 beta=0.00) | val: 97.86deg/2672mm R@10/2=0.5% R@5/1=0.0% attn_top1<2m=37.4% | 122.9s
[ 9900/10000] loss=1.6264 (t=0.0003 rank=3.2521 rot=1.7771 beta=0.00) | val: 97.86deg/2679mm R@10/2=0.5% R@5/1=0.0% attn_top1<2m=37.4% | 124.0s
[10000/10000] loss=1.6891 (t=0.0005 rank=3.3772 rot=1.8046 beta=0.00) | val: 97.86deg/2679mm R@10/2=0.5% R@5/1=0.0% attn_top1<2m=37.4% | 125.2s

Training done. Best epoch: 120, score: 10.7464

======================================================================
EVALUATION RESULTS (Memory Translation + Rotation Regression)
======================================================================
Rotation  (median): 88.45deg
Translation (median): 1944mm
  R@5deg_1m: 0.0%  (rot_pass=0.0%, trans_pass=21.4%)
  R@10deg_2m: 0.0%  (rot_pass=0.0%, trans_pass=51.1%)
  R@15deg_5m: 0.0%  (rot_pass=0.0%, trans_pass=85.7%)
  R@25deg_5m: 0.5%  (rot_pass=0.5%, trans_pass=85.7%)

======================================================================
EVALUATION RESULTS (Retrieval Mode)
======================================================================
Retrieval median: 10.20deg / 2574mm
  R@5deg_1m: 1.6%  (rot=5.5%, trans=18.1%)
  R@10deg_2m: 18.7%  (rot=48.4%, trans=40.1%)
  R@15deg_5m: 61.5%  (rot=84.1%, trans=76.4%)
  R@25deg_5m: 74.2%  (rot=97.8%, trans=76.4%)

======================================================================
MEMORY
======================================================================
  attn_top1_lt2m: 42.3
  attn_top3_lt2m: 45.6
