=== exp24b_attn_h8_seed314 ===
======================================================================
Experiment: exp24b_attn_h8_seed314
Pool: attn, Features: both+sum
======================================================================
Random seed: 314
Using device: cuda:1

Loading data (fine=True, coarse=True, summary=True)...
  Loaded fine_geo: torch.Size([895, 128, 68, 120])
  Loaded coarse_sem: torch.Size([895, 128, 68, 120])
  Loaded summary: torch.Size([895, 2560])
  [train] 895 samples loaded
  Loaded fine_geo: torch.Size([182, 128, 68, 120])
  Loaded coarse_sem: torch.Size([182, 128, 68, 120])
  Loaded summary: torch.Size([182, 2560])
  [test] 182 samples loaded
Translation norm: mean=[13.19548    -0.64731836 23.103329  ], std=[10.827089    0.94348246  9.766839  ]
  Feature dim after pooling: 4608
Model parameters: 5,408,410
Model parameters: 5,408,410
[    1/10000] loss=3.0676 (t=0.4852 r=2.5824 beta=1.00) | val: 49.76deg/24905mm | 0.4s
[  100/10000] loss=0.1015 (t=0.0325 r=0.0745 beta=0.93) | val: 4.52deg/2872mm | 3.1s
[  200/10000] loss=0.0766 (t=0.0260 r=0.0580 beta=0.87) | val: 3.36deg/2264mm | 5.3s
[  300/10000] loss=0.0588 (t=0.0208 r=0.0458 beta=0.83) | val: 2.83deg/1714mm | 7.3s
[  400/10000] loss=0.0496 (t=0.0163 r=0.0422 beta=0.79) | val: 2.34deg/1764mm | 9.3s
[  500/10000] loss=0.0415 (t=0.0136 r=0.0371 beta=0.75) | val: 2.14deg/1845mm | 11.2s
[  600/10000] loss=0.0382 (t=0.0108 r=0.0381 beta=0.72) | val: 2.11deg/1627mm | 13.2s
[  700/10000] loss=0.0358 (t=0.0101 r=0.0373 beta=0.69) | val: 2.39deg/2110mm | 15.0s
[  800/10000] loss=0.0346 (t=0.0093 r=0.0386 beta=0.66) | val: 2.13deg/1541mm | 16.9s
[  900/10000] loss=0.0287 (t=0.0081 r=0.0328 beta=0.63) | val: 2.18deg/1534mm | 18.9s
[ 1000/10000] loss=0.0269 (t=0.0071 r=0.0329 beta=0.60) | val: 2.28deg/1553mm | 20.7s
[ 1100/10000] loss=0.0232 (t=0.0050 r=0.0316 beta=0.58) | val: 2.09deg/1470mm | 22.6s
[ 1200/10000] loss=0.0228 (t=0.0065 r=0.0293 beta=0.55) | val: 1.95deg/1638mm | 24.5s
[ 1300/10000] loss=0.0199 (t=0.0046 r=0.0289 beta=0.53) | val: 2.11deg/1579mm | 26.4s
[ 1400/10000] loss=0.0204 (t=0.0052 r=0.0299 beta=0.51) | val: 2.18deg/1701mm | 28.2s
[ 1500/10000] loss=0.0178 (t=0.0045 r=0.0272 beta=0.49) | val: 2.12deg/1770mm | 30.1s
[ 1600/10000] loss=0.0191 (t=0.0052 r=0.0296 beta=0.47) | val: 2.28deg/1461mm | 32.1s
[ 1700/10000] loss=0.0159 (t=0.0046 r=0.0250 beta=0.45) | val: 1.87deg/1502mm | 34.0s
[ 1800/10000] loss=0.0157 (t=0.0047 r=0.0255 beta=0.43) | val: 2.08deg/1703mm | 35.9s
[ 1900/10000] loss=0.0163 (t=0.0054 r=0.0258 beta=0.42) | val: 1.99deg/1552mm | 37.8s
[ 2000/10000] loss=0.0149 (t=0.0041 r=0.0270 beta=0.40) | val: 1.87deg/1413mm | 39.7s
[ 2100/10000] loss=0.0147 (t=0.0043 r=0.0268 beta=0.39) | val: 2.14deg/1392mm | 41.6s
[ 2200/10000] loss=0.0144 (t=0.0042 r=0.0273 beta=0.37) | val: 1.92deg/1671mm | 43.5s
[ 2300/10000] loss=0.0126 (t=0.0040 r=0.0239 beta=0.36) | val: 2.42deg/1619mm | 45.3s
[ 2400/10000] loss=0.0127 (t=0.0043 r=0.0245 beta=0.35) | val: 1.96deg/1581mm | 47.2s
[ 2500/10000] loss=0.0121 (t=0.0041 r=0.0241 beta=0.33) | val: 2.08deg/1571mm | 49.1s
[ 2600/10000] loss=0.0118 (t=0.0034 r=0.0261 beta=0.32) | val: 1.91deg/1560mm | 51.0s
[ 2700/10000] loss=0.0121 (t=0.0037 r=0.0268 beta=0.31) | val: 2.01deg/1665mm | 52.9s
[ 2800/10000] loss=0.0114 (t=0.0035 r=0.0265 beta=0.30) | val: 2.03deg/1610mm | 54.8s
[ 2900/10000] loss=0.0104 (t=0.0036 r=0.0235 beta=0.29) | val: 1.96deg/1479mm | 56.8s
[ 3000/10000] loss=0.0110 (t=0.0035 r=0.0265 beta=0.28) | val: 2.24deg/1494mm | 58.6s
[ 3100/10000] loss=0.0091 (t=0.0027 r=0.0237 beta=0.27) | val: 2.12deg/1548mm | 60.5s
[ 3200/10000] loss=0.0099 (t=0.0036 r=0.0242 beta=0.26) | val: 1.82deg/1617mm | 62.4s
[ 3300/10000] loss=0.0093 (t=0.0032 r=0.0240 beta=0.25) | val: 2.01deg/1422mm | 64.3s
[ 3400/10000] loss=0.0094 (t=0.0037 r=0.0231 beta=0.25) | val: 2.00deg/1610mm | 66.1s
[ 3500/10000] loss=0.0085 (t=0.0031 r=0.0229 beta=0.24) | val: 1.95deg/1524mm | 68.0s
[ 3600/10000] loss=0.0087 (t=0.0033 r=0.0235 beta=0.23) | val: 1.89deg/1559mm | 70.0s
[ 3700/10000] loss=0.0084 (t=0.0030 r=0.0239 beta=0.22) | val: 2.07deg/1634mm | 71.8s
[ 3800/10000] loss=0.0074 (t=0.0027 r=0.0221 beta=0.22) | val: 1.95deg/1495mm | 73.7s
[ 3900/10000] loss=0.0072 (t=0.0024 r=0.0227 beta=0.21) | val: 2.10deg/1590mm | 75.6s
[ 4000/10000] loss=0.0082 (t=0.0034 r=0.0234 beta=0.20) | val: 2.06deg/1492mm | 77.5s
[ 4100/10000] loss=0.0076 (t=0.0030 r=0.0235 beta=0.20) | val: 2.06deg/1457mm | 79.4s
[ 4200/10000] loss=0.0071 (t=0.0030 r=0.0210 beta=0.19) | val: 1.97deg/1581mm | 81.2s
[ 4300/10000] loss=0.0075 (t=0.0032 r=0.0228 beta=0.19) | val: 2.13deg/1528mm | 83.1s
[ 4400/10000] loss=0.0068 (t=0.0028 r=0.0218 beta=0.18) | val: 1.95deg/1592mm | 85.0s
[ 4500/10000] loss=0.0069 (t=0.0029 r=0.0228 beta=0.18) | val: 1.95deg/1622mm | 86.9s
[ 4600/10000] loss=0.0067 (t=0.0029 r=0.0220 beta=0.17) | val: 1.94deg/1425mm | 88.8s
[ 4700/10000] loss=0.0066 (t=0.0028 r=0.0228 beta=0.17) | val: 2.01deg/1558mm | 90.6s
[ 4800/10000] loss=0.0066 (t=0.0028 r=0.0233 beta=0.16) | val: 2.10deg/1386mm | 92.5s
[ 4900/10000] loss=0.0062 (t=0.0027 r=0.0219 beta=0.16) | val: 1.95deg/1373mm | 94.4s
[ 5000/10000] loss=0.0063 (t=0.0028 r=0.0229 beta=0.15) | val: 1.94deg/1414mm | 96.3s
[ 5100/10000] loss=0.0064 (t=0.0027 r=0.0245 beta=0.15) | val: 2.00deg/1514mm | 98.2s
[ 5200/10000] loss=0.0057 (t=0.0024 r=0.0222 beta=0.15) | val: 1.89deg/1546mm | 100.0s
[ 5300/10000] loss=0.0062 (t=0.0030 r=0.0223 beta=0.14) | val: 1.97deg/1469mm | 101.9s
[ 5400/10000] loss=0.0062 (t=0.0027 r=0.0253 beta=0.14) | val: 2.04deg/1492mm | 103.8s
[ 5500/10000] loss=0.0056 (t=0.0025 r=0.0222 beta=0.14) | val: 1.94deg/1487mm | 105.7s
[ 5600/10000] loss=0.0057 (t=0.0025 r=0.0241 beta=0.13) | val: 2.13deg/1531mm | 107.6s
[ 5700/10000] loss=0.0053 (t=0.0022 r=0.0238 beta=0.13) | val: 2.07deg/1532mm | 109.5s
[ 5800/10000] loss=0.0056 (t=0.0028 r=0.0221 beta=0.13) | val: 2.04deg/1570mm | 111.4s
