
=== exp22_128d_fixdrop_seed456 ===
======================================================================
Experiment: exp22_128d_fixdrop_seed456
Pool: spp, Features: both+sum
======================================================================
Random seed: 456
Using device: cuda:0

Loading data (fine=True, coarse=True, summary=True)...
  Loaded fine_geo: torch.Size([895, 128, 68, 120])
  Loaded coarse_sem: torch.Size([895, 128, 68, 120])
  Loaded summary: torch.Size([895, 2560])
  [train] 895 samples loaded
  Loaded fine_geo: torch.Size([182, 128, 68, 120])
  Loaded coarse_sem: torch.Size([182, 128, 68, 120])
  Loaded summary: torch.Size([182, 2560])
  [test] 182 samples loaded
Translation norm: mean=[13.19548    -0.64731836 23.103329  ], std=[10.827089    0.94348246  9.766839  ]
  Feature dim after pooling: 7936
Model parameters: 18,905,610

Pre-computing pooled features (OOM-safe mode)...
  Pre-computed pooled features: torch.Size([895, 7936]) (28.4 MB)
  Pre-computed pooled features: torch.Size([182, 7936]) (5.8 MB)
  GPU memory freed. Training with pre-pooled features (7936d)
Model parameters: 18,905,610
[    1/5000] loss=2.6214 (t=0.5522 r=2.0693 beta=1.00) | val: 31.66deg/15380mm | 0.2s
[  100/5000] loss=0.0645 (t=0.0227 r=0.0451 beta=0.93) | val: 2.34deg/1694mm | 3.4s
[  200/5000] loss=0.0380 (t=0.0108 r=0.0307 beta=0.88) | val: 1.94deg/1543mm | 5.0s
[  300/5000] loss=0.0287 (t=0.0073 r=0.0252 beta=0.85) | val: 1.76deg/1503mm | 5.5s
[  400/5000] loss=0.0241 (t=0.0058 r=0.0225 beta=0.81) | val: 1.86deg/1578mm | 7.7s
[  500/5000] loss=0.0201 (t=0.0039 r=0.0207 beta=0.78) | val: 1.80deg/1430mm | 8.6s
[  600/5000] loss=0.0192 (t=0.0036 r=0.0208 beta=0.75) | val: 1.76deg/1400mm | 9.5s
[  700/5000] loss=0.0177 (t=0.0032 r=0.0200 beta=0.72) | val: 1.56deg/1316mm | 10.8s
[  800/5000] loss=0.0162 (t=0.0028 r=0.0194 beta=0.69) | val: 1.89deg/1379mm | 11.7s
[  900/5000] loss=0.0146 (t=0.0027 r=0.0179 beta=0.67) | val: 1.65deg/1316mm | 12.2s
[ 1000/5000] loss=0.0139 (t=0.0028 r=0.0172 beta=0.64) | val: 1.53deg/1366mm | 13.5s
[ 1100/5000] loss=0.0128 (t=0.0025 r=0.0167 beta=0.62) | val: 1.60deg/1223mm | 14.0s
[ 1200/5000] loss=0.0127 (t=0.0025 r=0.0170 beta=0.60) | val: 1.57deg/1386mm | 14.9s
[ 1300/5000] loss=0.0125 (t=0.0025 r=0.0173 beta=0.58) | val: 1.71deg/1439mm | 15.4s
[ 1400/5000] loss=0.0111 (t=0.0022 r=0.0160 beta=0.56) | val: 1.66deg/1466mm | 16.0s
[ 1500/5000] loss=0.0106 (t=0.0021 r=0.0159 beta=0.54) | val: 1.60deg/1442mm | 16.6s
[ 1600/5000] loss=0.0102 (t=0.0021 r=0.0156 beta=0.52) | val: 1.58deg/1449mm | 17.2s
[ 1700/5000] loss=0.0097 (t=0.0020 r=0.0153 beta=0.50) | val: 1.63deg/1384mm | 17.7s
[ 1800/5000] loss=0.0093 (t=0.0018 r=0.0154 beta=0.49) | val: 1.62deg/1375mm | 18.3s
[ 1900/5000] loss=0.0097 (t=0.0020 r=0.0161 beta=0.47) | val: 1.67deg/1441mm | 18.8s
[ 2000/5000] loss=0.0087 (t=0.0018 r=0.0150 beta=0.46) | val: 1.61deg/1305mm | 19.4s
[ 2100/5000] loss=0.0086 (t=0.0018 r=0.0150 beta=0.45) | val: 1.76deg/1355mm | 19.9s
[ 2200/5000] loss=0.0082 (t=0.0018 r=0.0148 beta=0.44) | val: 1.62deg/1347mm | 20.5s
[ 2300/5000] loss=0.0079 (t=0.0018 r=0.0144 beta=0.43) | val: 1.68deg/1488mm | 21.0s
[ 2400/5000] loss=0.0078 (t=0.0018 r=0.0145 beta=0.41) | val: 1.69deg/1418mm | 21.6s
[ 2500/5000] loss=0.0073 (t=0.0017 r=0.0138 beta=0.40) | val: 1.90deg/1535mm | 22.1s
[ 2600/5000] loss=0.0074 (t=0.0017 r=0.0145 beta=0.40) | val: 1.71deg/1474mm | 22.6s
[ 2700/5000] loss=0.0074 (t=0.0018 r=0.0145 beta=0.39) | val: 1.70deg/1440mm | 23.2s
[ 2800/5000] loss=0.0070 (t=0.0017 r=0.0141 beta=0.38) | val: 1.78deg/1429mm | 23.7s
[ 2900/5000] loss=0.0066 (t=0.0016 r=0.0134 beta=0.37) | val: 1.73deg/1445mm | 24.3s
[ 3000/5000] loss=0.0066 (t=0.0015 r=0.0141 beta=0.37) | val: 1.66deg/1392mm | 24.8s
[ 3100/5000] loss=0.0064 (t=0.0015 r=0.0135 beta=0.36) | val: 1.64deg/1417mm | 25.4s
[ 3200/5000] loss=0.0066 (t=0.0017 r=0.0139 beta=0.35) | val: 1.62deg/1367mm | 25.9s
[ 3300/5000] loss=0.0063 (t=0.0016 r=0.0134 beta=0.35) | val: 1.71deg/1452mm | 26.4s
[ 3400/5000] loss=0.0064 (t=0.0016 r=0.0140 beta=0.35) | val: 1.70deg/1407mm | 27.0s
[ 3500/5000] loss=0.0064 (t=0.0016 r=0.0140 beta=0.34) | val: 1.68deg/1450mm | 27.5s
[ 3600/5000] loss=0.0063 (t=0.0017 r=0.0137 beta=0.34) | val: 1.69deg/1485mm | 28.1s
[ 3700/5000] loss=0.0061 (t=0.0015 r=0.0139 beta=0.33) | val: 1.73deg/1494mm | 28.6s
[ 3800/5000] loss=0.0059 (t=0.0014 r=0.0135 beta=0.33) | val: 1.65deg/1405mm | 29.2s
[ 3900/5000] loss=0.0058 (t=0.0015 r=0.0133 beta=0.33) | val: 1.75deg/1402mm | 29.7s
[ 4000/5000] loss=0.0058 (t=0.0014 r=0.0135 beta=0.33) | val: 1.66deg/1412mm | 30.2s
[ 4100/5000] loss=0.0059 (t=0.0015 r=0.0135 beta=0.33) | val: 1.75deg/1449mm | 30.8s
[ 4200/5000] loss=0.0055 (t=0.0014 r=0.0127 beta=0.32) | val: 1.73deg/1427mm | 31.3s
[ 4300/5000] loss=0.0058 (t=0.0014 r=0.0136 beta=0.32) | val: 1.73deg/1417mm | 31.9s
[ 4400/5000] loss=0.0056 (t=0.0014 r=0.0130 beta=0.32) | val: 1.77deg/1461mm | 32.4s
[ 4500/5000] loss=0.0057 (t=0.0015 r=0.0134 beta=0.32) | val: 1.75deg/1421mm | 33.0s
[ 4600/5000] loss=0.0056 (t=0.0014 r=0.0132 beta=0.32) | val: 1.76deg/1466mm | 33.5s
[ 4700/5000] loss=0.0055 (t=0.0014 r=0.0128 beta=0.32) | val: 1.72deg/1432mm | 34.1s
[ 4800/5000] loss=0.0057 (t=0.0015 r=0.0130 beta=0.32) | val: 1.74deg/1430mm | 34.6s
[ 4900/5000] loss=0.0056 (t=0.0015 r=0.0128 beta=0.32) | val: 1.75deg/1424mm | 35.2s
[ 5000/5000] loss=0.0055 (t=0.0013 r=0.0131 beta=0.32) | val: 1.71deg/1442mm | 35.7s

Training done. Best epoch: 1100, score: 1.3821

Loaded best model from epoch 1100

======================================================================
EVALUATION RESULTS (Direct Regression)
======================================================================
Rotation  (median): 1.60deg
Translation (median): 1238mm

  R@5deg_1m: 37.4%  (rot_pass=94.0%, trans_pass=37.9%)
  R@10deg_2m: 69.8%  (rot_pass=100.0%, trans_pass=69.8%)
  R@15deg_5m: 91.2%  (rot_pass=100.0%, trans_pass=91.2%)
  R@25deg_5m: 91.2%  (rot_pass=100.0%, trans_pass=91.2%)

======================================================================
EVALUATION RESULTS (Retrieval Mode)
======================================================================
Retrieval median: 11.39deg / 2375mm
  R@5deg_1m: 2.2%  (rot=6.0%, trans=21.4%)
  R@10deg_2m: 19.8%  (rot=43.4%, trans=44.5%)
  R@15deg_5m: 56.6%  (rot=70.3%, trans=86.3%)
  R@25deg_5m: 83.0%  (rot=96.7%, trans=86.3%)
======================================================================

Done!
--- exp22_128d_fixdrop_seed456 done ---

=== exp22_128d_fixdrop_seed9999 ===
======================================================================
Experiment: exp22_128d_fixdrop_seed9999
Pool: spp, Features: both+sum
======================================================================
Random seed: 9999
Using device: cuda:0

Loading data (fine=True, coarse=True, summary=True)...
  Loaded fine_geo: torch.Size([895, 128, 68, 120])
  Loaded coarse_sem: torch.Size([895, 128, 68, 120])
  Loaded summary: torch.Size([895, 2560])
  [train] 895 samples loaded
  Loaded fine_geo: torch.Size([182, 128, 68, 120])
  Loaded coarse_sem: torch.Size([182, 128, 68, 120])
  Loaded summary: torch.Size([182, 2560])
  [test] 182 samples loaded
Translation norm: mean=[13.19548    -0.64731836 23.103329  ], std=[10.827089    0.94348246  9.766839  ]
  Feature dim after pooling: 7936
Model parameters: 18,905,610

Pre-computing pooled features (OOM-safe mode)...
  Pre-computed pooled features: torch.Size([895, 7936]) (28.4 MB)
  Pre-computed pooled features: torch.Size([182, 7936]) (5.8 MB)
  GPU memory freed. Training with pre-pooled features (7936d)
Model parameters: 18,905,610
[    1/5000] loss=3.0950 (t=0.6058 r=2.4892 beta=1.00) | val: 30.00deg/33529mm | 0.7s
[  100/5000] loss=0.0601 (t=0.0207 r=0.0428 beta=0.92) | val: 2.49deg/1568mm | 5.5s
[  200/5000] loss=0.0363 (t=0.0102 r=0.0299 beta=0.87) | val: 2.09deg/1647mm | 7.3s
[  300/5000] loss=0.0282 (t=0.0064 r=0.0263 beta=0.83) | val: 1.93deg/1866mm | 8.2s
[  400/5000] loss=0.0227 (t=0.0044 r=0.0230 beta=0.79) | val: 1.82deg/1556mm | 8.7s
[  500/5000] loss=0.0198 (t=0.0040 r=0.0208 beta=0.76) | val: 1.93deg/1562mm | 10.5s
[  600/5000] loss=0.0180 (t=0.0038 r=0.0195 beta=0.73) | val: 2.02deg/1345mm | 11.1s
[  700/5000] loss=0.0169 (t=0.0033 r=0.0196 beta=0.69) | val: 1.73deg/1592mm | 12.0s
[  800/5000] loss=0.0155 (t=0.0027 r=0.0193 beta=0.66) | val: 2.08deg/1500mm | 12.6s
[  900/5000] loss=0.0144 (t=0.0028 r=0.0182 beta=0.64) | val: 1.66deg/1428mm | 13.1s
[ 1000/5000] loss=0.0128 (t=0.0023 r=0.0173 beta=0.61) | val: 1.71deg/1618mm | 13.7s
[ 1100/5000] loss=0.0125 (t=0.0024 r=0.0172 beta=0.59) | val: 1.72deg/1422mm | 14.3s
[ 1200/5000] loss=0.0118 (t=0.0022 r=0.0169 beta=0.56) | val: 1.70deg/1595mm | 15.3s
[ 1300/5000] loss=0.0114 (t=0.0023 r=0.0166 beta=0.54) | val: 1.88deg/1369mm | 15.9s
[ 1400/5000] loss=0.0109 (t=0.0022 r=0.0166 beta=0.52) | val: 1.75deg/1430mm | 16.4s
[ 1500/5000] loss=0.0101 (t=0.0021 r=0.0158 beta=0.51) | val: 1.65deg/1615mm | 17.0s
[ 1600/5000] loss=0.0098 (t=0.0020 r=0.0161 beta=0.49) | val: 1.66deg/1596mm | 17.6s
[ 1700/5000] loss=0.0093 (t=0.0020 r=0.0156 beta=0.47) | val: 1.65deg/1436mm | 18.2s
[ 1800/5000] loss=0.0088 (t=0.0019 r=0.0151 beta=0.46) | val: 1.70deg/1513mm | 18.7s
[ 1900/5000] loss=0.0090 (t=0.0022 r=0.0153 beta=0.44) | val: 1.71deg/1470mm | 19.3s
[ 2000/5000] loss=0.0083 (t=0.0019 r=0.0149 beta=0.43) | val: 1.78deg/1496mm | 19.9s
[ 2100/5000] loss=0.0081 (t=0.0018 r=0.0152 beta=0.42) | val: 1.70deg/1606mm | 20.5s
[ 2200/5000] loss=0.0079 (t=0.0018 r=0.0150 beta=0.40) | val: 1.72deg/1472mm | 21.1s
[ 2300/5000] loss=0.0077 (t=0.0018 r=0.0150 beta=0.39) | val: 1.74deg/1525mm | 21.7s
[ 2400/5000] loss=0.0074 (t=0.0017 r=0.0148 beta=0.38) | val: 1.73deg/1553mm | 22.2s
[ 2500/5000] loss=0.0070 (t=0.0018 r=0.0141 beta=0.37) | val: 1.70deg/1596mm | 22.9s
[ 2600/5000] loss=0.0070 (t=0.0017 r=0.0145 beta=0.37) | val: 1.67deg/1534mm | 23.4s
[ 2700/5000] loss=0.0066 (t=0.0016 r=0.0140 beta=0.36) | val: 1.70deg/1361mm | 24.0s
[ 2800/5000] loss=0.0067 (t=0.0016 r=0.0144 beta=0.35) | val: 1.78deg/1552mm | 24.6s
[ 2900/5000] loss=0.0065 (t=0.0016 r=0.0143 beta=0.34) | val: 1.66deg/1408mm | 25.2s
[ 3000/5000] loss=0.0064 (t=0.0015 r=0.0144 beta=0.34) | val: 1.69deg/1412mm | 25.8s
[ 3100/5000] loss=0.0062 (t=0.0015 r=0.0140 beta=0.33) | val: 1.61deg/1352mm | 26.4s
[ 3200/5000] loss=0.0062 (t=0.0017 r=0.0138 beta=0.33) | val: 1.70deg/1631mm | 27.0s
[ 3300/5000] loss=0.0058 (t=0.0014 r=0.0136 beta=0.32) | val: 1.63deg/1494mm | 27.6s
[ 3400/5000] loss=0.0058 (t=0.0015 r=0.0136 beta=0.32) | val: 1.68deg/1473mm | 28.2s
[ 3500/5000] loss=0.0058 (t=0.0014 r=0.0138 beta=0.31) | val: 1.67deg/1485mm | 28.7s
[ 3600/5000] loss=0.0057 (t=0.0014 r=0.0137 beta=0.31) | val: 1.73deg/1501mm | 29.3s
[ 3700/5000] loss=0.0056 (t=0.0014 r=0.0137 beta=0.31) | val: 1.73deg/1421mm | 29.9s
[ 3800/5000] loss=0.0055 (t=0.0014 r=0.0133 beta=0.30) | val: 1.73deg/1596mm | 30.5s
[ 3900/5000] loss=0.0055 (t=0.0015 r=0.0134 beta=0.30) | val: 1.76deg/1462mm | 31.1s
[ 4000/5000] loss=0.0055 (t=0.0014 r=0.0135 beta=0.30) | val: 1.73deg/1428mm | 31.7s
[ 4100/5000] loss=0.0053 (t=0.0014 r=0.0132 beta=0.30) | val: 1.65deg/1447mm | 32.2s
[ 4200/5000] loss=0.0054 (t=0.0014 r=0.0134 beta=0.30) | val: 1.66deg/1517mm | 32.8s
[ 4300/5000] loss=0.0054 (t=0.0014 r=0.0134 beta=0.30) | val: 1.64deg/1423mm | 33.4s
[ 4400/5000] loss=0.0054 (t=0.0014 r=0.0135 beta=0.30) | val: 1.67deg/1465mm | 33.9s
[ 4500/5000] loss=0.0053 (t=0.0014 r=0.0132 beta=0.30) | val: 1.70deg/1475mm | 34.5s
[ 4600/5000] loss=0.0053 (t=0.0014 r=0.0131 beta=0.29) | val: 1.69deg/1391mm | 35.0s
[ 4700/5000] loss=0.0052 (t=0.0014 r=0.0130 beta=0.29) | val: 1.69deg/1422mm | 35.6s
[ 4800/5000] loss=0.0054 (t=0.0013 r=0.0138 beta=0.29) | val: 1.71deg/1490mm | 36.2s
[ 4900/5000] loss=0.0053 (t=0.0014 r=0.0132 beta=0.29) | val: 1.72deg/1469mm | 36.7s
[ 5000/5000] loss=0.0053 (t=0.0013 r=0.0135 beta=0.29) | val: 1.70deg/1479mm | 37.3s

Training done. Best epoch: 1190, score: 1.4327

Loaded best model from epoch 1190

======================================================================
EVALUATION RESULTS (Direct Regression)
======================================================================
Rotation  (median): 1.60deg
Translation (median): 1282mm

  R@5deg_1m: 37.4%  (rot_pass=92.9%, trans_pass=37.9%)
  R@10deg_2m: 68.1%  (rot_pass=100.0%, trans_pass=68.1%)
  R@15deg_5m: 91.2%  (rot_pass=100.0%, trans_pass=91.2%)
  R@25deg_5m: 91.2%  (rot_pass=100.0%, trans_pass=91.2%)

======================================================================
EVALUATION RESULTS (Retrieval Mode)
======================================================================
Retrieval median: 11.38deg / 2447mm
  R@5deg_1m: 2.7%  (rot=5.5%, trans=21.4%)
  R@10deg_2m: 20.9%  (rot=42.9%, trans=42.9%)
  R@15deg_5m: 57.1%  (rot=69.8%, trans=86.8%)
  R@25deg_5m: 81.9%  (rot=95.1%, trans=86.8%)
======================================================================

Done!
--- exp22_128d_fixdrop_seed9999 done ---

=== exp22_128d_fixdrop_seed11111 ===
======================================================================
Experiment: exp22_128d_fixdrop_seed11111
Pool: spp, Features: both+sum
======================================================================
Random seed: 11111
Using device: cuda:0

Loading data (fine=True, coarse=True, summary=True)...
  Loaded fine_geo: torch.Size([895, 128, 68, 120])
  Loaded coarse_sem: torch.Size([895, 128, 68, 120])
  Loaded summary: torch.Size([895, 2560])
  [train] 895 samples loaded
  Loaded fine_geo: torch.Size([182, 128, 68, 120])
  Loaded coarse_sem: torch.Size([182, 128, 68, 120])
  Loaded summary: torch.Size([182, 2560])
  [test] 182 samples loaded
Translation norm: mean=[13.19548    -0.64731836 23.103329  ], std=[10.827089    0.94348246  9.766839  ]
  Feature dim after pooling: 7936
Model parameters: 18,905,610

Pre-computing pooled features (OOM-safe mode)...
  Pre-computed pooled features: torch.Size([895, 7936]) (28.4 MB)
  Pre-computed pooled features: torch.Size([182, 7936]) (5.8 MB)
  GPU memory freed. Training with pre-pooled features (7936d)
Model parameters: 18,905,610
[    1/5000] loss=2.9836 (t=0.6012 r=2.3824 beta=1.00) | val: 39.78deg/13275mm | 0.7s
[  100/5000] loss=0.0626 (t=0.0229 r=0.0429 beta=0.93) | val: 2.43deg/1502mm | 5.2s
[  200/5000] loss=0.0390 (t=0.0123 r=0.0302 beta=0.88) | val: 1.96deg/1499mm | 6.9s
[  300/5000] loss=0.0288 (t=0.0074 r=0.0252 beta=0.85) | val: 1.78deg/1389mm | 8.0s
[  400/5000] loss=0.0242 (t=0.0053 r=0.0233 beta=0.81) | val: 1.85deg/1501mm | 8.6s
[  500/5000] loss=0.0225 (t=0.0041 r=0.0235 beta=0.78) | val: 1.83deg/1399mm | 10.0s
[  600/5000] loss=0.0184 (t=0.0034 r=0.0200 beta=0.75) | val: 1.68deg/1353mm | 11.2s
[  700/5000] loss=0.0171 (t=0.0033 r=0.0191 beta=0.72) | val: 1.74deg/1441mm | 11.8s
[  800/5000] loss=0.0158 (t=0.0029 r=0.0185 beta=0.69) | val: 1.71deg/1371mm | 13.4s
[  900/5000] loss=0.0154 (t=0.0029 r=0.0188 beta=0.67) | val: 1.80deg/1355mm | 14.0s
[ 1000/5000] loss=0.0142 (t=0.0026 r=0.0179 beta=0.64) | val: 1.73deg/1455mm | 14.6s
[ 1100/5000] loss=0.0131 (t=0.0026 r=0.0170 beta=0.62) | val: 1.78deg/1430mm | 15.1s
[ 1200/5000] loss=0.0126 (t=0.0024 r=0.0171 beta=0.60) | val: 1.63deg/1448mm | 15.7s
[ 1300/5000] loss=0.0119 (t=0.0022 r=0.0167 beta=0.58) | val: 1.56deg/1493mm | 16.3s
[ 1400/5000] loss=0.0110 (t=0.0022 r=0.0159 beta=0.56) | val: 1.66deg/1400mm | 16.8s
[ 1500/5000] loss=0.0108 (t=0.0024 r=0.0156 beta=0.54) | val: 1.58deg/1351mm | 17.4s
[ 1600/5000] loss=0.0102 (t=0.0020 r=0.0158 beta=0.52) | val: 1.67deg/1356mm | 18.0s
[ 1700/5000] loss=0.0097 (t=0.0019 r=0.0155 beta=0.50) | val: 1.58deg/1516mm | 18.5s
[ 1800/5000] loss=0.0092 (t=0.0018 r=0.0150 beta=0.49) | val: 1.59deg/1465mm | 19.1s
[ 1900/5000] loss=0.0092 (t=0.0020 r=0.0151 beta=0.47) | val: 1.57deg/1489mm | 19.7s
[ 2000/5000] loss=0.0088 (t=0.0018 r=0.0152 beta=0.46) | val: 1.78deg/1409mm | 20.3s
[ 2100/5000] loss=0.0085 (t=0.0018 r=0.0148 beta=0.45) | val: 1.71deg/1532mm | 20.8s
[ 2200/5000] loss=0.0081 (t=0.0018 r=0.0146 beta=0.44) | val: 1.68deg/1427mm | 21.4s
[ 2300/5000] loss=0.0079 (t=0.0019 r=0.0142 beta=0.43) | val: 1.54deg/1602mm | 22.0s
[ 2400/5000] loss=0.0078 (t=0.0018 r=0.0145 beta=0.41) | val: 1.78deg/1477mm | 22.6s
[ 2500/5000] loss=0.0076 (t=0.0018 r=0.0142 beta=0.41) | val: 1.63deg/1541mm | 23.1s
[ 2600/5000] loss=0.0072 (t=0.0016 r=0.0141 beta=0.40) | val: 1.82deg/1491mm | 23.7s
[ 2700/5000] loss=0.0072 (t=0.0016 r=0.0144 beta=0.39) | val: 1.84deg/1469mm | 24.3s
[ 2800/5000] loss=0.0071 (t=0.0018 r=0.0141 beta=0.38) | val: 1.85deg/1485mm | 24.8s
[ 2900/5000] loss=0.0068 (t=0.0015 r=0.0142 beta=0.37) | val: 1.81deg/1545mm | 25.4s
[ 3000/5000] loss=0.0070 (t=0.0018 r=0.0143 beta=0.37) | val: 1.80deg/1485mm | 26.0s
[ 3100/5000] loss=0.0067 (t=0.0016 r=0.0144 beta=0.36) | val: 1.69deg/1466mm | 26.5s
[ 3200/5000] loss=0.0067 (t=0.0016 r=0.0143 beta=0.36) | val: 1.79deg/1610mm | 27.1s
[ 3300/5000] loss=0.0063 (t=0.0015 r=0.0137 beta=0.35) | val: 1.76deg/1551mm | 27.7s
[ 3400/5000] loss=0.0063 (t=0.0016 r=0.0136 beta=0.35) | val: 1.72deg/1505mm | 28.3s
[ 3500/5000] loss=0.0062 (t=0.0015 r=0.0138 beta=0.34) | val: 1.82deg/1560mm | 28.8s
[ 3600/5000] loss=0.0060 (t=0.0015 r=0.0133 beta=0.34) | val: 1.74deg/1502mm | 29.4s
[ 3700/5000] loss=0.0061 (t=0.0015 r=0.0140 beta=0.33) | val: 1.81deg/1528mm | 30.0s
[ 3800/5000] loss=0.0062 (t=0.0015 r=0.0141 beta=0.33) | val: 1.78deg/1578mm | 30.6s
[ 3900/5000] loss=0.0060 (t=0.0015 r=0.0137 beta=0.33) | val: 1.74deg/1516mm | 31.1s
[ 4000/5000] loss=0.0059 (t=0.0015 r=0.0133 beta=0.33) | val: 1.78deg/1579mm | 31.7s
[ 4100/5000] loss=0.0058 (t=0.0015 r=0.0132 beta=0.33) | val: 1.74deg/1547mm | 32.3s
[ 4200/5000] loss=0.0057 (t=0.0014 r=0.0132 beta=0.32) | val: 1.79deg/1590mm | 32.9s
[ 4300/5000] loss=0.0056 (t=0.0014 r=0.0128 beta=0.32) | val: 1.84deg/1585mm | 33.5s
[ 4400/5000] loss=0.0057 (t=0.0014 r=0.0135 beta=0.32) | val: 1.80deg/1590mm | 34.1s
[ 4500/5000] loss=0.0058 (t=0.0014 r=0.0137 beta=0.32) | val: 1.80deg/1561mm | 34.7s
[ 4600/5000] loss=0.0057 (t=0.0014 r=0.0132 beta=0.32) | val: 1.78deg/1558mm | 35.2s
[ 4700/5000] loss=0.0056 (t=0.0014 r=0.0131 beta=0.32) | val: 1.78deg/1615mm | 35.8s
[ 4800/5000] loss=0.0057 (t=0.0014 r=0.0135 beta=0.32) | val: 1.77deg/1592mm | 36.4s
[ 4900/5000] loss=0.0055 (t=0.0013 r=0.0130 beta=0.32) | val: 1.77deg/1608mm | 36.9s
[ 5000/5000] loss=0.0056 (t=0.0013 r=0.0133 beta=0.32) | val: 1.79deg/1597mm | 37.5s

Training done. Best epoch: 760, score: 1.3677

Loaded best model from epoch 760

======================================================================
EVALUATION RESULTS (Direct Regression)
======================================================================
Rotation  (median): 1.63deg
Translation (median): 1229mm

  R@5deg_1m: 37.4%  (rot_pass=92.3%, trans_pass=37.9%)
  R@10deg_2m: 68.1%  (rot_pass=99.5%, trans_pass=68.7%)
  R@15deg_5m: 91.8%  (rot_pass=100.0%, trans_pass=91.8%)
  R@25deg_5m: 91.8%  (rot_pass=100.0%, trans_pass=91.8%)

======================================================================
EVALUATION RESULTS (Retrieval Mode)
======================================================================
Retrieval median: 11.41deg / 2408mm
  R@5deg_1m: 2.2%  (rot=6.0%, trans=20.3%)
  R@10deg_2m: 19.8%  (rot=43.4%, trans=43.4%)
  R@15deg_5m: 58.2%  (rot=70.3%, trans=87.4%)
  R@25deg_5m: 83.0%  (rot=95.6%, trans=87.4%)
======================================================================

Done!
--- exp22_128d_fixdrop_seed11111 done ---

=== exp22_128d_fixdrop_seed1 ===
======================================================================
Experiment: exp22_128d_fixdrop_seed1
Pool: spp, Features: both+sum
======================================================================
Random seed: 1
Using device: cuda:0

Loading data (fine=True, coarse=True, summary=True)...
  Loaded fine_geo: torch.Size([895, 128, 68, 120])
  Loaded coarse_sem: torch.Size([895, 128, 68, 120])
  Loaded summary: torch.Size([895, 2560])
  [train] 895 samples loaded
  Loaded fine_geo: torch.Size([182, 128, 68, 120])
  Loaded coarse_sem: torch.Size([182, 128, 68, 120])
  Loaded summary: torch.Size([182, 2560])
  [test] 182 samples loaded
Translation norm: mean=[13.19548    -0.64731836 23.103329  ], std=[10.827089    0.94348246  9.766839  ]
  Feature dim after pooling: 7936
Model parameters: 18,905,610

Pre-computing pooled features (OOM-safe mode)...
  Pre-computed pooled features: torch.Size([895, 7936]) (28.4 MB)
  Pre-computed pooled features: torch.Size([182, 7936]) (5.8 MB)
  GPU memory freed. Training with pre-pooled features (7936d)
Model parameters: 18,905,610
[    1/5000] loss=2.8770 (t=0.6119 r=2.2651 beta=1.00) | val: 42.17deg/22740mm | 0.7s
[  100/5000] loss=0.0615 (t=0.0215 r=0.0432 beta=0.93) | val: 2.24deg/1630mm | 4.8s
[  200/5000] loss=0.0369 (t=0.0116 r=0.0286 beta=0.88) | val: 2.14deg/1815mm | 7.0s
[  300/5000] loss=0.0268 (t=0.0065 r=0.0239 beta=0.85) | val: 1.80deg/1546mm | 8.5s
[  400/5000] loss=0.0230 (t=0.0045 r=0.0227 beta=0.81) | val: 1.70deg/1492mm | 9.5s
[  500/5000] loss=0.0208 (t=0.0039 r=0.0216 beta=0.78) | val: 1.69deg/1492mm | 10.4s
[  600/5000] loss=0.0190 (t=0.0037 r=0.0205 beta=0.75) | val: 1.62deg/1386mm | 10.9s
[  700/5000] loss=0.0173 (t=0.0033 r=0.0194 beta=0.72) | val: 1.84deg/1557mm | 11.4s
[  800/5000] loss=0.0162 (t=0.0031 r=0.0189 beta=0.69) | val: 1.73deg/1491mm | 12.0s
[  900/5000] loss=0.0148 (t=0.0027 r=0.0182 beta=0.67) | val: 1.62deg/1371mm | 12.5s
[ 1000/5000] loss=0.0142 (t=0.0027 r=0.0180 beta=0.64) | val: 1.69deg/1543mm | 13.1s
[ 1100/5000] loss=0.0125 (t=0.0023 r=0.0166 beta=0.62) | val: 1.67deg/1499mm | 13.6s
[ 1200/5000] loss=0.0126 (t=0.0023 r=0.0173 beta=0.60) | val: 1.75deg/1573mm | 14.2s
[ 1300/5000] loss=0.0122 (t=0.0025 r=0.0169 beta=0.57) | val: 1.59deg/1478mm | 14.7s
[ 1400/5000] loss=0.0112 (t=0.0023 r=0.0160 beta=0.55) | val: 1.69deg/1497mm | 15.3s
[ 1500/5000] loss=0.0110 (t=0.0023 r=0.0163 beta=0.54) | val: 1.63deg/1487mm | 15.8s
[ 1600/5000] loss=0.0102 (t=0.0021 r=0.0156 beta=0.52) | val: 1.66deg/1570mm | 16.7s
[ 1700/5000] loss=0.0099 (t=0.0021 r=0.0157 beta=0.50) | val: 1.71deg/1513mm | 17.2s
[ 1800/5000] loss=0.0094 (t=0.0019 r=0.0154 beta=0.49) | val: 1.70deg/1448mm | 17.8s
[ 1900/5000] loss=0.0089 (t=0.0018 r=0.0150 beta=0.47) | val: 1.63deg/1471mm | 18.3s
[ 2000/5000] loss=0.0087 (t=0.0019 r=0.0148 beta=0.46) | val: 1.61deg/1488mm | 18.9s
[ 2100/5000] loss=0.0082 (t=0.0017 r=0.0144 beta=0.45) | val: 1.69deg/1627mm | 19.4s
[ 2200/5000] loss=0.0085 (t=0.0019 r=0.0151 beta=0.43) | val: 1.65deg/1526mm | 20.0s
[ 2300/5000] loss=0.0081 (t=0.0019 r=0.0145 beta=0.42) | val: 1.65deg/1510mm | 20.6s
[ 2400/5000] loss=0.0077 (t=0.0016 r=0.0148 beta=0.41) | val: 1.67deg/1433mm | 21.1s
[ 2500/5000] loss=0.0076 (t=0.0017 r=0.0146 beta=0.40) | val: 1.70deg/1644mm | 21.7s
[ 2600/5000] loss=0.0074 (t=0.0018 r=0.0142 beta=0.39) | val: 1.60deg/1502mm | 22.2s
[ 2700/5000] loss=0.0072 (t=0.0016 r=0.0145 beta=0.38) | val: 1.69deg/1547mm | 22.8s
[ 2800/5000] loss=0.0070 (t=0.0017 r=0.0142 beta=0.38) | val: 1.72deg/1493mm | 23.4s
[ 2900/5000] loss=0.0068 (t=0.0016 r=0.0141 beta=0.37) | val: 1.65deg/1467mm | 24.0s
[ 3000/5000] loss=0.0068 (t=0.0017 r=0.0140 beta=0.36) | val: 1.75deg/1612mm | 24.5s
[ 3100/5000] loss=0.0066 (t=0.0017 r=0.0137 beta=0.36) | val: 1.59deg/1546mm | 25.1s
[ 3200/5000] loss=0.0065 (t=0.0015 r=0.0142 beta=0.35) | val: 1.66deg/1449mm | 25.6s
[ 3300/5000] loss=0.0063 (t=0.0015 r=0.0138 beta=0.35) | val: 1.75deg/1518mm | 26.2s
[ 3400/5000] loss=0.0064 (t=0.0016 r=0.0138 beta=0.34) | val: 1.77deg/1508mm | 26.7s
[ 3500/5000] loss=0.0061 (t=0.0015 r=0.0135 beta=0.34) | val: 1.78deg/1566mm | 27.3s
[ 3600/5000] loss=0.0061 (t=0.0015 r=0.0136 beta=0.33) | val: 1.72deg/1471mm | 27.8s
[ 3700/5000] loss=0.0060 (t=0.0015 r=0.0134 beta=0.33) | val: 1.82deg/1446mm | 28.3s
[ 3800/5000] loss=0.0059 (t=0.0015 r=0.0135 beta=0.33) | val: 1.72deg/1488mm | 28.9s
[ 3900/5000] loss=0.0057 (t=0.0014 r=0.0131 beta=0.33) | val: 1.81deg/1562mm | 29.4s
[ 4000/5000] loss=0.0060 (t=0.0016 r=0.0135 beta=0.32) | val: 1.68deg/1499mm | 30.0s
[ 4100/5000] loss=0.0057 (t=0.0015 r=0.0131 beta=0.32) | val: 1.77deg/1447mm | 30.5s
[ 4200/5000] loss=0.0058 (t=0.0015 r=0.0135 beta=0.32) | val: 1.78deg/1490mm | 31.1s
[ 4300/5000] loss=0.0058 (t=0.0014 r=0.0136 beta=0.32) | val: 1.74deg/1472mm | 31.6s
[ 4400/5000] loss=0.0056 (t=0.0014 r=0.0131 beta=0.32) | val: 1.78deg/1459mm | 32.1s
[ 4500/5000] loss=0.0058 (t=0.0014 r=0.0136 beta=0.32) | val: 1.74deg/1465mm | 32.7s
[ 4600/5000] loss=0.0057 (t=0.0015 r=0.0135 beta=0.32) | val: 1.75deg/1470mm | 33.2s
[ 4700/5000] loss=0.0055 (t=0.0015 r=0.0128 beta=0.32) | val: 1.79deg/1447mm | 33.8s
[ 4800/5000] loss=0.0057 (t=0.0014 r=0.0133 beta=0.32) | val: 1.77deg/1435mm | 34.3s
[ 4900/5000] loss=0.0056 (t=0.0014 r=0.0130 beta=0.32) | val: 1.76deg/1425mm | 34.9s
[ 5000/5000] loss=0.0056 (t=0.0014 r=0.0133 beta=0.32) | val: 1.77deg/1442mm | 35.4s

Training done. Best epoch: 1540, score: 1.4466

Loaded best model from epoch 1540

======================================================================
EVALUATION RESULTS (Direct Regression)
======================================================================
Rotation  (median): 1.61deg
Translation (median): 1314mm

  R@5deg_1m: 37.9%  (rot_pass=94.0%, trans_pass=37.9%)
  R@10deg_2m: 63.7%  (rot_pass=99.5%, trans_pass=64.3%)
  R@15deg_5m: 88.5%  (rot_pass=100.0%, trans_pass=88.5%)
  R@25deg_5m: 88.5%  (rot_pass=100.0%, trans_pass=88.5%)

======================================================================
EVALUATION RESULTS (Retrieval Mode)
======================================================================
Retrieval median: 11.38deg / 2548mm
  R@5deg_1m: 2.2%  (rot=4.9%, trans=19.2%)
  R@10deg_2m: 19.8%  (rot=40.7%, trans=42.3%)
  R@15deg_5m: 58.2%  (rot=70.3%, trans=84.1%)
  R@25deg_5m: 82.4%  (rot=96.7%, trans=84.1%)
======================================================================

Done!
--- exp22_128d_fixdrop_seed1 done ---

=== exp22_128d_fixdrop_seed2 ===
======================================================================
Experiment: exp22_128d_fixdrop_seed2
Pool: spp, Features: both+sum
======================================================================
Random seed: 2
Using device: cuda:0

Loading data (fine=True, coarse=True, summary=True)...
  Loaded fine_geo: torch.Size([895, 128, 68, 120])
  Loaded coarse_sem: torch.Size([895, 128, 68, 120])
  Loaded summary: torch.Size([895, 2560])
  [train] 895 samples loaded
  Loaded fine_geo: torch.Size([182, 128, 68, 120])
  Loaded coarse_sem: torch.Size([182, 128, 68, 120])
  Loaded summary: torch.Size([182, 2560])
  [test] 182 samples loaded
Translation norm: mean=[13.19548    -0.64731836 23.103329  ], std=[10.827089    0.94348246  9.766839  ]
  Feature dim after pooling: 7936
Model parameters: 18,905,610

Pre-computing pooled features (OOM-safe mode)...
  Pre-computed pooled features: torch.Size([895, 7936]) (28.4 MB)
  Pre-computed pooled features: torch.Size([182, 7936]) (5.8 MB)
  GPU memory freed. Training with pre-pooled features (7936d)
Model parameters: 18,905,610
[    1/5000] loss=2.6732 (t=0.5784 r=2.0948 beta=1.00) | val: 24.41deg/14033mm | 0.3s
[  100/5000] loss=0.0634 (t=0.0213 r=0.0454 beta=0.93) | val: 2.56deg/1772mm | 4.2s
[  200/5000] loss=0.0396 (t=0.0108 r=0.0325 beta=0.89) | val: 2.01deg/1395mm | 7.0s
[  300/5000] loss=0.0310 (t=0.0077 r=0.0273 beta=0.85) | val: 1.72deg/1481mm | 7.9s
[  400/5000] loss=0.0230 (t=0.0046 r=0.0224 beta=0.82) | val: 1.83deg/1398mm | 8.9s
[  500/5000] loss=0.0208 (t=0.0041 r=0.0213 beta=0.79) | val: 1.62deg/1427mm | 9.9s
[  600/5000] loss=0.0194 (t=0.0036 r=0.0209 beta=0.76) | val: 1.62deg/1463mm | 10.8s
[  700/5000] loss=0.0169 (t=0.0030 r=0.0189 beta=0.73) | val: 1.60deg/1438mm | 11.4s
[  800/5000] loss=0.0164 (t=0.0030 r=0.0190 beta=0.70) | val: 1.61deg/1459mm | 11.9s
[  900/5000] loss=0.0152 (t=0.0029 r=0.0182 beta=0.68) | val: 1.53deg/1369mm | 12.8s
[ 1000/5000] loss=0.0146 (t=0.0027 r=0.0181 beta=0.65) | val: 1.57deg/1431mm | 13.4s
[ 1100/5000] loss=0.0134 (t=0.0023 r=0.0176 beta=0.63) | val: 1.54deg/1448mm | 13.9s
[ 1200/5000] loss=0.0127 (t=0.0023 r=0.0171 beta=0.61) | val: 1.56deg/1541mm | 14.5s
[ 1300/5000] loss=0.0120 (t=0.0022 r=0.0167 beta=0.59) | val: 1.53deg/1348mm | 15.4s
[ 1400/5000] loss=0.0116 (t=0.0020 r=0.0168 beta=0.57) | val: 1.53deg/1406mm | 15.9s
[ 1500/5000] loss=0.0114 (t=0.0023 r=0.0167 beta=0.55) | val: 1.67deg/1444mm | 16.8s
[ 1600/5000] loss=0.0104 (t=0.0021 r=0.0156 beta=0.53) | val: 1.62deg/1465mm | 17.3s
[ 1700/5000] loss=0.0098 (t=0.0020 r=0.0151 beta=0.52) | val: 1.52deg/1491mm | 17.9s
[ 1800/5000] loss=0.0096 (t=0.0020 r=0.0152 beta=0.50) | val: 1.76deg/1385mm | 18.4s
[ 1900/5000] loss=0.0092 (t=0.0020 r=0.0149 beta=0.49) | val: 1.63deg/1399mm | 18.9s
[ 2000/5000] loss=0.0090 (t=0.0019 r=0.0150 beta=0.47) | val: 1.53deg/1362mm | 19.5s
[ 2100/5000] loss=0.0089 (t=0.0019 r=0.0152 beta=0.46) | val: 1.66deg/1406mm | 20.0s
[ 2200/5000] loss=0.0085 (t=0.0019 r=0.0147 beta=0.45) | val: 1.56deg/1361mm | 20.6s
[ 2300/5000] loss=0.0083 (t=0.0018 r=0.0148 beta=0.44) | val: 1.76deg/1403mm | 21.1s
[ 2400/5000] loss=0.0079 (t=0.0017 r=0.0147 beta=0.43) | val: 1.70deg/1357mm | 21.7s
[ 2500/5000] loss=0.0080 (t=0.0017 r=0.0151 beta=0.42) | val: 1.64deg/1509mm | 22.2s
[ 2600/5000] loss=0.0073 (t=0.0016 r=0.0140 beta=0.41) | val: 1.67deg/1468mm | 22.8s
[ 2700/5000] loss=0.0075 (t=0.0017 r=0.0146 beta=0.40) | val: 1.66deg/1430mm | 23.3s
[ 2800/5000] loss=0.0072 (t=0.0016 r=0.0143 beta=0.39) | val: 1.62deg/1421mm | 23.9s
[ 2900/5000] loss=0.0071 (t=0.0016 r=0.0144 beta=0.38) | val: 1.57deg/1462mm | 24.4s
[ 3000/5000] loss=0.0070 (t=0.0016 r=0.0142 beta=0.38) | val: 1.56deg/1521mm | 25.0s
[ 3100/5000] loss=0.0067 (t=0.0016 r=0.0139 beta=0.37) | val: 1.65deg/1467mm | 25.6s
[ 3200/5000] loss=0.0067 (t=0.0017 r=0.0137 beta=0.37) | val: 1.73deg/1432mm | 26.1s
[ 3300/5000] loss=0.0064 (t=0.0015 r=0.0134 beta=0.36) | val: 1.72deg/1408mm | 26.7s
[ 3400/5000] loss=0.0067 (t=0.0016 r=0.0143 beta=0.36) | val: 1.69deg/1408mm | 27.2s
[ 3500/5000] loss=0.0067 (t=0.0016 r=0.0143 beta=0.35) | val: 1.70deg/1362mm | 27.8s
[ 3600/5000] loss=0.0061 (t=0.0014 r=0.0134 beta=0.35) | val: 1.69deg/1436mm | 28.4s
[ 3700/5000] loss=0.0060 (t=0.0014 r=0.0134 beta=0.34) | val: 1.73deg/1406mm | 28.9s
[ 3800/5000] loss=0.0063 (t=0.0015 r=0.0140 beta=0.34) | val: 1.70deg/1427mm | 29.5s
[ 3900/5000] loss=0.0059 (t=0.0013 r=0.0135 beta=0.34) | val: 1.74deg/1398mm | 30.0s
[ 4000/5000] loss=0.0060 (t=0.0015 r=0.0133 beta=0.34) | val: 1.70deg/1429mm | 30.6s
[ 4100/5000] loss=0.0061 (t=0.0015 r=0.0137 beta=0.34) | val: 1.64deg/1403mm | 31.1s
[ 4200/5000] loss=0.0059 (t=0.0015 r=0.0131 beta=0.33) | val: 1.66deg/1419mm | 31.6s
[ 4300/5000] loss=0.0058 (t=0.0014 r=0.0132 beta=0.33) | val: 1.72deg/1414mm | 32.2s
[ 4400/5000] loss=0.0058 (t=0.0014 r=0.0135 beta=0.33) | val: 1.69deg/1366mm | 32.7s
[ 4500/5000] loss=0.0057 (t=0.0014 r=0.0132 beta=0.33) | val: 1.62deg/1393mm | 33.3s
[ 4600/5000] loss=0.0059 (t=0.0015 r=0.0132 beta=0.33) | val: 1.67deg/1445mm | 33.8s
[ 4700/5000] loss=0.0058 (t=0.0015 r=0.0130 beta=0.33) | val: 1.72deg/1421mm | 34.4s
[ 4800/5000] loss=0.0057 (t=0.0014 r=0.0130 beta=0.33) | val: 1.71deg/1469mm | 34.9s
[ 4900/5000] loss=0.0057 (t=0.0014 r=0.0129 beta=0.33) | val: 1.70deg/1414mm | 35.5s
[ 5000/5000] loss=0.0057 (t=0.0014 r=0.0130 beta=0.33) | val: 1.70deg/1430mm | 36.0s

Training done. Best epoch: 1420, score: 1.4472

Loaded best model from epoch 1420

======================================================================
EVALUATION RESULTS (Direct Regression)
======================================================================
Rotation  (median): 1.64deg
Translation (median): 1287mm

  R@5deg_1m: 36.8%  (rot_pass=92.3%, trans_pass=36.8%)
  R@10deg_2m: 69.2%  (rot_pass=99.5%, trans_pass=69.8%)
  R@15deg_5m: 91.8%  (rot_pass=100.0%, trans_pass=91.8%)
  R@25deg_5m: 91.8%  (rot_pass=100.0%, trans_pass=91.8%)

======================================================================
EVALUATION RESULTS (Retrieval Mode)
======================================================================
Retrieval median: 11.77deg / 2384mm
  R@5deg_1m: 2.2%  (rot=4.9%, trans=20.9%)
  R@10deg_2m: 18.1%  (rot=39.6%, trans=43.4%)
  R@15deg_5m: 56.6%  (rot=68.7%, trans=87.4%)
  R@25deg_5m: 84.6%  (rot=97.3%, trans=87.4%)
======================================================================

Done!
--- exp22_128d_fixdrop_seed2 done ---

=== exp22_128d_fixdrop_seed3 ===
======================================================================
Experiment: exp22_128d_fixdrop_seed3
Pool: spp, Features: both+sum
======================================================================
Random seed: 3
Using device: cuda:0

Loading data (fine=True, coarse=True, summary=True)...
  Loaded fine_geo: torch.Size([895, 128, 68, 120])
  Loaded coarse_sem: torch.Size([895, 128, 68, 120])
  Loaded summary: torch.Size([895, 2560])
  [train] 895 samples loaded
  Loaded fine_geo: torch.Size([182, 128, 68, 120])
  Loaded coarse_sem: torch.Size([182, 128, 68, 120])
  Loaded summary: torch.Size([182, 2560])
  [test] 182 samples loaded
Translation norm: mean=[13.19548    -0.64731836 23.103329  ], std=[10.827089    0.94348246  9.766839  ]
  Feature dim after pooling: 7936
Model parameters: 18,905,610

Pre-computing pooled features (OOM-safe mode)...
  Pre-computed pooled features: torch.Size([895, 7936]) (28.4 MB)
  Pre-computed pooled features: torch.Size([182, 7936]) (5.8 MB)
  GPU memory freed. Training with pre-pooled features (7936d)
Model parameters: 18,905,610
[    1/5000] loss=2.1440 (t=0.5632 r=1.5808 beta=1.00) | val: 35.26deg/30271mm | 0.6s
[  100/5000] loss=0.0619 (t=0.0226 r=0.0425 beta=0.92) | val: 2.56deg/1876mm | 5.1s
[  200/5000] loss=0.0375 (t=0.0110 r=0.0300 beta=0.88) | val: 1.97deg/1637mm | 7.1s
[  300/5000] loss=0.0271 (t=0.0065 r=0.0245 beta=0.84) | val: 1.85deg/1539mm | 7.7s
[  400/5000] loss=0.0242 (t=0.0046 r=0.0242 beta=0.81) | val: 1.66deg/1562mm | 9.3s
[  500/5000] loss=0.0204 (t=0.0038 r=0.0215 beta=0.77) | val: 1.79deg/1434mm | 10.3s
[  600/5000] loss=0.0183 (t=0.0036 r=0.0199 beta=0.74) | val: 1.79deg/1469mm | 10.8s
[  700/5000] loss=0.0160 (t=0.0031 r=0.0182 beta=0.71) | val: 1.55deg/1402mm | 11.4s
[  800/5000] loss=0.0158 (t=0.0028 r=0.0191 beta=0.68) | val: 1.58deg/1404mm | 11.9s
[  900/5000] loss=0.0144 (t=0.0027 r=0.0178 beta=0.66) | val: 1.59deg/1386mm | 12.5s
[ 1000/5000] loss=0.0133 (t=0.0024 r=0.0172 beta=0.63) | val: 1.64deg/1444mm | 13.0s
[ 1100/5000] loss=0.0126 (t=0.0024 r=0.0168 beta=0.61) | val: 1.66deg/1448mm | 13.6s
[ 1200/5000] loss=0.0122 (t=0.0023 r=0.0169 beta=0.59) | val: 1.58deg/1316mm | 14.5s
[ 1300/5000] loss=0.0116 (t=0.0024 r=0.0164 beta=0.56) | val: 1.59deg/1282mm | 15.0s
[ 1400/5000] loss=0.0112 (t=0.0022 r=0.0165 beta=0.54) | val: 1.63deg/1388mm | 16.0s
[ 1500/5000] loss=0.0108 (t=0.0019 r=0.0169 beta=0.53) | val: 1.63deg/1402mm | 16.5s
[ 1600/5000] loss=0.0102 (t=0.0020 r=0.0160 beta=0.51) | val: 1.70deg/1432mm | 17.1s
[ 1700/5000] loss=0.0096 (t=0.0020 r=0.0154 beta=0.49) | val: 1.78deg/1434mm | 17.6s
[ 1800/5000] loss=0.0091 (t=0.0019 r=0.0151 beta=0.48) | val: 1.69deg/1433mm | 18.2s
[ 1900/5000] loss=0.0088 (t=0.0019 r=0.0151 beta=0.46) | val: 1.66deg/1375mm | 18.7s
[ 2000/5000] loss=0.0086 (t=0.0018 r=0.0150 beta=0.45) | val: 1.68deg/1413mm | 19.3s
[ 2100/5000] loss=0.0081 (t=0.0019 r=0.0143 beta=0.44) | val: 1.72deg/1563mm | 19.8s
[ 2200/5000] loss=0.0079 (t=0.0018 r=0.0145 beta=0.42) | val: 1.76deg/1315mm | 20.4s
[ 2300/5000] loss=0.0077 (t=0.0017 r=0.0146 beta=0.41) | val: 1.54deg/1390mm | 21.0s
[ 2400/5000] loss=0.0076 (t=0.0017 r=0.0146 beta=0.40) | val: 1.82deg/1451mm | 21.5s
[ 2500/5000] loss=0.0072 (t=0.0015 r=0.0145 beta=0.39) | val: 1.58deg/1366mm | 22.1s
[ 2600/5000] loss=0.0072 (t=0.0018 r=0.0142 beta=0.38) | val: 1.77deg/1448mm | 22.6s
[ 2700/5000] loss=0.0071 (t=0.0019 r=0.0140 beta=0.38) | val: 1.67deg/1494mm | 23.2s
[ 2800/5000] loss=0.0070 (t=0.0017 r=0.0144 beta=0.37) | val: 1.71deg/1393mm | 23.7s
[ 2900/5000] loss=0.0067 (t=0.0016 r=0.0142 beta=0.36) | val: 1.67deg/1392mm | 24.3s
[ 3000/5000] loss=0.0066 (t=0.0016 r=0.0139 beta=0.35) | val: 1.68deg/1354mm | 24.8s
[ 3100/5000] loss=0.0064 (t=0.0016 r=0.0136 beta=0.35) | val: 1.78deg/1407mm | 25.4s
[ 3200/5000] loss=0.0062 (t=0.0016 r=0.0135 beta=0.34) | val: 1.74deg/1444mm | 25.9s
[ 3300/5000] loss=0.0062 (t=0.0015 r=0.0139 beta=0.34) | val: 1.70deg/1408mm | 26.4s
[ 3400/5000] loss=0.0059 (t=0.0015 r=0.0132 beta=0.33) | val: 1.71deg/1375mm | 27.0s
[ 3500/5000] loss=0.0060 (t=0.0014 r=0.0139 beta=0.33) | val: 1.71deg/1402mm | 27.5s
[ 3600/5000] loss=0.0059 (t=0.0014 r=0.0137 beta=0.33) | val: 1.73deg/1434mm | 28.1s
[ 3700/5000] loss=0.0058 (t=0.0014 r=0.0137 beta=0.32) | val: 1.81deg/1420mm | 28.6s
[ 3800/5000] loss=0.0058 (t=0.0015 r=0.0135 beta=0.32) | val: 1.81deg/1429mm | 29.2s
[ 3900/5000] loss=0.0058 (t=0.0015 r=0.0134 beta=0.32) | val: 1.70deg/1444mm | 29.7s
[ 4000/5000] loss=0.0056 (t=0.0014 r=0.0131 beta=0.32) | val: 1.82deg/1461mm | 30.3s
[ 4100/5000] loss=0.0057 (t=0.0015 r=0.0134 beta=0.31) | val: 1.80deg/1412mm | 30.8s
[ 4200/5000] loss=0.0057 (t=0.0015 r=0.0135 beta=0.31) | val: 1.74deg/1487mm | 31.4s
[ 4300/5000] loss=0.0055 (t=0.0013 r=0.0133 beta=0.31) | val: 1.72deg/1439mm | 31.9s
[ 4400/5000] loss=0.0056 (t=0.0015 r=0.0133 beta=0.31) | val: 1.74deg/1475mm | 32.4s
[ 4500/5000] loss=0.0055 (t=0.0014 r=0.0134 beta=0.31) | val: 1.74deg/1470mm | 33.0s
[ 4600/5000] loss=0.0054 (t=0.0014 r=0.0129 beta=0.31) | val: 1.77deg/1452mm | 33.5s
[ 4700/5000] loss=0.0054 (t=0.0014 r=0.0129 beta=0.31) | val: 1.75deg/1446mm | 34.1s
[ 4800/5000] loss=0.0055 (t=0.0014 r=0.0134 beta=0.31) | val: 1.75deg/1471mm | 34.6s
[ 4900/5000] loss=0.0055 (t=0.0014 r=0.0132 beta=0.31) | val: 1.76deg/1457mm | 35.1s
[ 5000/5000] loss=0.0056 (t=0.0014 r=0.0136 beta=0.31) | val: 1.75deg/1453mm | 35.7s

Training done. Best epoch: 1300, score: 1.4412

Loaded best model from epoch 1300

======================================================================
EVALUATION RESULTS (Direct Regression)
======================================================================
Rotation  (median): 1.59deg
Translation (median): 1289mm

  R@5deg_1m: 36.8%  (rot_pass=92.9%, trans_pass=37.4%)
  R@10deg_2m: 68.7%  (rot_pass=100.0%, trans_pass=68.7%)
  R@15deg_5m: 90.7%  (rot_pass=100.0%, trans_pass=90.7%)
  R@25deg_5m: 90.7%  (rot_pass=100.0%, trans_pass=90.7%)

======================================================================
EVALUATION RESULTS (Retrieval Mode)
======================================================================
Retrieval median: 11.77deg / 2490mm
  R@5deg_1m: 2.7%  (rot=5.5%, trans=20.3%)
  R@10deg_2m: 18.7%  (rot=40.7%, trans=43.4%)
  R@15deg_5m: 54.9%  (rot=66.5%, trans=86.8%)
  R@25deg_5m: 83.5%  (rot=95.6%, trans=86.8%)
======================================================================

Done!
--- exp22_128d_fixdrop_seed3 done ---

=== exp22_128d_fixdrop_seed4 ===
======================================================================
Experiment: exp22_128d_fixdrop_seed4
Pool: spp, Features: both+sum
======================================================================
Random seed: 4
Using device: cuda:0

Loading data (fine=True, coarse=True, summary=True)...
  Loaded fine_geo: torch.Size([895, 128, 68, 120])
  Loaded coarse_sem: torch.Size([895, 128, 68, 120])
  Loaded summary: torch.Size([895, 2560])
  [train] 895 samples loaded
  Loaded fine_geo: torch.Size([182, 128, 68, 120])
  Loaded coarse_sem: torch.Size([182, 128, 68, 120])
  Loaded summary: torch.Size([182, 2560])
  [test] 182 samples loaded
Translation norm: mean=[13.19548    -0.64731836 23.103329  ], std=[10.827089    0.94348246  9.766839  ]
  Feature dim after pooling: 7936
Model parameters: 18,905,610

Pre-computing pooled features (OOM-safe mode)...
  Pre-computed pooled features: torch.Size([895, 7936]) (28.4 MB)
  Pre-computed pooled features: torch.Size([182, 7936]) (5.8 MB)
  GPU memory freed. Training with pre-pooled features (7936d)
Model parameters: 18,905,610
[    1/5000] loss=3.0426 (t=0.6281 r=2.4145 beta=1.00) | val: 35.08deg/15161mm | 0.7s
[  100/5000] loss=0.0595 (t=0.0211 r=0.0417 beta=0.92) | val: 2.13deg/1704mm | 5.3s
[  200/5000] loss=0.0371 (t=0.0116 r=0.0291 beta=0.87) | val: 2.05deg/1675mm | 7.2s
[  300/5000] loss=0.0271 (t=0.0068 r=0.0243 beta=0.83) | val: 1.97deg/1498mm | 7.7s
[  400/5000] loss=0.0239 (t=0.0050 r=0.0239 beta=0.79) | val: 1.92deg/1536mm | 8.3s
[  500/5000] loss=0.0199 (t=0.0041 r=0.0208 beta=0.76) | val: 1.81deg/1509mm | 10.0s
[  600/5000] loss=0.0197 (t=0.0041 r=0.0214 beta=0.73) | val: 1.81deg/1651mm | 10.6s
[  700/5000] loss=0.0161 (t=0.0030 r=0.0188 beta=0.70) | val: 1.73deg/1473mm | 11.1s
[  800/5000] loss=0.0162 (t=0.0035 r=0.0191 beta=0.67) | val: 1.70deg/1581mm | 12.2s
[  900/5000] loss=0.0148 (t=0.0027 r=0.0189 beta=0.64) | val: 1.60deg/1467mm | 12.7s
[ 1000/5000] loss=0.0133 (t=0.0028 r=0.0172 beta=0.61) | val: 1.63deg/1571mm | 13.3s
[ 1100/5000] loss=0.0123 (t=0.0022 r=0.0170 beta=0.59) | val: 1.59deg/1404mm | 13.9s
[ 1200/5000] loss=0.0119 (t=0.0024 r=0.0167 beta=0.57) | val: 1.73deg/1536mm | 14.5s
[ 1300/5000] loss=0.0112 (t=0.0022 r=0.0165 beta=0.55) | val: 1.62deg/1511mm | 15.1s
[ 1400/5000] loss=0.0105 (t=0.0022 r=0.0157 beta=0.53) | val: 1.68deg/1600mm | 15.6s
[ 1500/5000] loss=0.0103 (t=0.0022 r=0.0161 beta=0.51) | val: 1.52deg/1386mm | 16.2s
[ 1600/5000] loss=0.0100 (t=0.0021 r=0.0162 beta=0.49) | val: 1.63deg/1446mm | 16.8s
[ 1700/5000] loss=0.0094 (t=0.0021 r=0.0155 beta=0.47) | val: 1.83deg/1567mm | 17.4s
[ 1800/5000] loss=0.0091 (t=0.0020 r=0.0155 beta=0.46) | val: 1.59deg/1525mm | 17.9s
[ 1900/5000] loss=0.0088 (t=0.0019 r=0.0155 beta=0.44) | val: 1.77deg/1568mm | 18.5s
[ 2000/5000] loss=0.0083 (t=0.0018 r=0.0151 beta=0.43) | val: 1.87deg/1410mm | 19.1s
[ 2100/5000] loss=0.0082 (t=0.0018 r=0.0151 beta=0.42) | val: 1.70deg/1534mm | 19.6s
[ 2200/5000] loss=0.0078 (t=0.0018 r=0.0147 beta=0.41) | val: 1.67deg/1571mm | 20.2s
[ 2300/5000] loss=0.0077 (t=0.0017 r=0.0151 beta=0.40) | val: 1.70deg/1609mm | 21.2s
[ 2400/5000] loss=0.0075 (t=0.0018 r=0.0147 beta=0.39) | val: 1.68deg/1452mm | 21.7s
[ 2500/5000] loss=0.0072 (t=0.0017 r=0.0146 beta=0.38) | val: 1.79deg/1545mm | 22.3s
[ 2600/5000] loss=0.0070 (t=0.0017 r=0.0146 beta=0.37) | val: 1.74deg/1414mm | 22.9s
[ 2700/5000] loss=0.0065 (t=0.0015 r=0.0139 beta=0.36) | val: 1.67deg/1518mm | 23.5s
[ 2800/5000] loss=0.0067 (t=0.0016 r=0.0144 beta=0.35) | val: 1.68deg/1381mm | 24.1s
[ 2900/5000] loss=0.0067 (t=0.0017 r=0.0143 beta=0.35) | val: 1.80deg/1500mm | 24.7s
[ 3000/5000] loss=0.0064 (t=0.0016 r=0.0139 beta=0.34) | val: 1.80deg/1523mm | 25.2s
[ 3100/5000] loss=0.0062 (t=0.0016 r=0.0138 beta=0.33) | val: 1.73deg/1458mm | 25.8s
[ 3200/5000] loss=0.0060 (t=0.0015 r=0.0138 beta=0.33) | val: 1.66deg/1411mm | 26.4s
[ 3300/5000] loss=0.0058 (t=0.0015 r=0.0133 beta=0.32) | val: 1.68deg/1462mm | 27.0s
[ 3400/5000] loss=0.0062 (t=0.0017 r=0.0139 beta=0.32) | val: 1.73deg/1355mm | 27.5s
[ 3500/5000] loss=0.0059 (t=0.0015 r=0.0140 beta=0.32) | val: 1.70deg/1516mm | 28.1s
[ 3600/5000] loss=0.0057 (t=0.0015 r=0.0135 beta=0.31) | val: 1.79deg/1508mm | 28.7s
[ 3700/5000] loss=0.0056 (t=0.0015 r=0.0133 beta=0.31) | val: 1.75deg/1467mm | 29.3s
[ 3800/5000] loss=0.0057 (t=0.0015 r=0.0136 beta=0.31) | val: 1.74deg/1391mm | 29.9s
[ 3900/5000] loss=0.0057 (t=0.0015 r=0.0139 beta=0.30) | val: 1.72deg/1430mm | 30.4s
[ 4000/5000] loss=0.0056 (t=0.0015 r=0.0137 beta=0.30) | val: 1.75deg/1495mm | 31.0s
[ 4100/5000] loss=0.0053 (t=0.0014 r=0.0132 beta=0.30) | val: 1.77deg/1466mm | 31.6s
[ 4200/5000] loss=0.0054 (t=0.0014 r=0.0132 beta=0.30) | val: 1.71deg/1437mm | 32.2s
[ 4300/5000] loss=0.0053 (t=0.0013 r=0.0134 beta=0.30) | val: 1.76deg/1443mm | 32.7s
[ 4400/5000] loss=0.0053 (t=0.0014 r=0.0129 beta=0.30) | val: 1.75deg/1454mm | 33.3s
[ 4500/5000] loss=0.0055 (t=0.0015 r=0.0137 beta=0.30) | val: 1.76deg/1430mm | 33.9s
[ 4600/5000] loss=0.0054 (t=0.0014 r=0.0133 beta=0.30) | val: 1.74deg/1458mm | 34.5s
[ 4700/5000] loss=0.0053 (t=0.0014 r=0.0132 beta=0.30) | val: 1.71deg/1444mm | 35.0s
[ 4800/5000] loss=0.0053 (t=0.0014 r=0.0130 beta=0.30) | val: 1.74deg/1442mm | 35.6s
[ 4900/5000] loss=0.0053 (t=0.0014 r=0.0132 beta=0.30) | val: 1.76deg/1455mm | 36.2s
[ 5000/5000] loss=0.0051 (t=0.0013 r=0.0129 beta=0.30) | val: 1.76deg/1458mm | 36.8s

Training done. Best epoch: 2210, score: 1.4848

Loaded best model from epoch 2210

======================================================================
EVALUATION RESULTS (Direct Regression)
======================================================================
Rotation  (median): 1.62deg
Translation (median): 1335mm

  R@5deg_1m: 34.1%  (rot_pass=94.0%, trans_pass=34.1%)
  R@10deg_2m: 64.8%  (rot_pass=99.5%, trans_pass=65.4%)
  R@15deg_5m: 89.0%  (rot_pass=100.0%, trans_pass=89.0%)
  R@25deg_5m: 89.0%  (rot_pass=100.0%, trans_pass=89.0%)

======================================================================
EVALUATION RESULTS (Retrieval Mode)
======================================================================
Retrieval median: 11.65deg / 2500mm
  R@5deg_1m: 2.2%  (rot=4.4%, trans=19.8%)
  R@10deg_2m: 17.6%  (rot=39.0%, trans=43.4%)
  R@15deg_5m: 53.8%  (rot=68.1%, trans=84.1%)
  R@25deg_5m: 81.3%  (rot=97.3%, trans=84.1%)
======================================================================

Done!
--- exp22_128d_fixdrop_seed4 done ---

=== exp22_128d_fixdrop_seed5 ===
======================================================================
Experiment: exp22_128d_fixdrop_seed5
Pool: spp, Features: both+sum
======================================================================
Random seed: 5
Using device: cuda:0

Loading data (fine=True, coarse=True, summary=True)...
  Loaded fine_geo: torch.Size([895, 128, 68, 120])
  Loaded coarse_sem: torch.Size([895, 128, 68, 120])
  Loaded summary: torch.Size([895, 2560])
  [train] 895 samples loaded
  Loaded fine_geo: torch.Size([182, 128, 68, 120])
  Loaded coarse_sem: torch.Size([182, 128, 68, 120])
  Loaded summary: torch.Size([182, 2560])
  [test] 182 samples loaded
Translation norm: mean=[13.19548    -0.64731836 23.103329  ], std=[10.827089    0.94348246  9.766839  ]
  Feature dim after pooling: 7936
Model parameters: 18,905,610

Pre-computing pooled features (OOM-safe mode)...
  Pre-computed pooled features: torch.Size([895, 7936]) (28.4 MB)
  Pre-computed pooled features: torch.Size([182, 7936]) (5.8 MB)
  GPU memory freed. Training with pre-pooled features (7936d)
Model parameters: 18,905,610
[    1/5000] loss=3.2714 (t=0.7327 r=2.5387 beta=1.00) | val: 46.17deg/21021mm | 0.4s
[  100/5000] loss=0.0613 (t=0.0216 r=0.0430 beta=0.92) | val: 2.35deg/1534mm | 4.4s
[  200/5000] loss=0.0383 (t=0.0113 r=0.0307 beta=0.88) | val: 2.11deg/1757mm | 5.8s
[  300/5000] loss=0.0279 (t=0.0067 r=0.0252 beta=0.84) | val: 1.88deg/1373mm | 6.8s
[  400/5000] loss=0.0227 (t=0.0052 r=0.0218 beta=0.80) | val: 1.80deg/1572mm | 8.5s
[  500/5000] loss=0.0206 (t=0.0041 r=0.0215 beta=0.77) | val: 1.75deg/1413mm | 9.1s
[  600/5000] loss=0.0180 (t=0.0035 r=0.0197 beta=0.74) | val: 1.84deg/1430mm | 9.7s
[  700/5000] loss=0.0174 (t=0.0036 r=0.0196 beta=0.70) | val: 1.82deg/1461mm | 11.5s
[  800/5000] loss=0.0158 (t=0.0029 r=0.0191 beta=0.68) | val: 1.64deg/1386mm | 12.1s
[  900/5000] loss=0.0155 (t=0.0033 r=0.0188 beta=0.65) | val: 1.54deg/1534mm | 12.7s
[ 1000/5000] loss=0.0135 (t=0.0026 r=0.0175 beta=0.62) | val: 1.83deg/1479mm | 13.3s
[ 1100/5000] loss=0.0129 (t=0.0024 r=0.0175 beta=0.60) | val: 1.68deg/1547mm | 13.9s
[ 1200/5000] loss=0.0124 (t=0.0024 r=0.0173 beta=0.58) | val: 1.60deg/1471mm | 14.4s
[ 1300/5000] loss=0.0115 (t=0.0022 r=0.0168 beta=0.56) | val: 1.64deg/1407mm | 15.0s
[ 1400/5000] loss=0.0111 (t=0.0022 r=0.0165 beta=0.54) | val: 1.66deg/1500mm | 15.6s
[ 1500/5000] loss=0.0107 (t=0.0021 r=0.0166 beta=0.52) | val: 1.68deg/1496mm | 16.2s
[ 1600/5000] loss=0.0098 (t=0.0021 r=0.0154 beta=0.50) | val: 1.56deg/1401mm | 16.7s
[ 1700/5000] loss=0.0094 (t=0.0020 r=0.0153 beta=0.48) | val: 1.54deg/1474mm | 17.3s
[ 1800/5000] loss=0.0090 (t=0.0019 r=0.0152 beta=0.47) | val: 1.62deg/1543mm | 17.9s
[ 1900/5000] loss=0.0088 (t=0.0019 r=0.0153 beta=0.45) | val: 1.73deg/1467mm | 18.4s
[ 2000/5000] loss=0.0086 (t=0.0018 r=0.0154 beta=0.44) | val: 1.68deg/1479mm | 19.0s
[ 2100/5000] loss=0.0084 (t=0.0019 r=0.0151 beta=0.43) | val: 1.50deg/1542mm | 19.6s
[ 2200/5000] loss=0.0077 (t=0.0017 r=0.0145 beta=0.42) | val: 1.65deg/1461mm | 20.2s
[ 2300/5000] loss=0.0075 (t=0.0016 r=0.0145 beta=0.40) | val: 1.67deg/1390mm | 20.8s
[ 2400/5000] loss=0.0073 (t=0.0017 r=0.0143 beta=0.39) | val: 1.61deg/1388mm | 21.3s
[ 2500/5000] loss=0.0072 (t=0.0017 r=0.0143 beta=0.38) | val: 1.67deg/1434mm | 21.9s
[ 2600/5000] loss=0.0071 (t=0.0017 r=0.0144 beta=0.38) | val: 1.69deg/1401mm | 22.5s
[ 2700/5000] loss=0.0070 (t=0.0017 r=0.0144 beta=0.37) | val: 1.65deg/1552mm | 23.0s
[ 2800/5000] loss=0.0069 (t=0.0017 r=0.0143 beta=0.36) | val: 1.75deg/1361mm | 23.6s
[ 2900/5000] loss=0.0066 (t=0.0017 r=0.0141 beta=0.35) | val: 1.71deg/1421mm | 24.2s
[ 3000/5000] loss=0.0063 (t=0.0016 r=0.0137 beta=0.35) | val: 1.56deg/1433mm | 24.7s
[ 3100/5000] loss=0.0062 (t=0.0015 r=0.0136 beta=0.34) | val: 1.67deg/1375mm | 25.4s
[ 3200/5000] loss=0.0060 (t=0.0015 r=0.0135 beta=0.34) | val: 1.69deg/1475mm | 26.0s
[ 3300/5000] loss=0.0062 (t=0.0017 r=0.0138 beta=0.33) | val: 1.73deg/1548mm | 26.6s
[ 3400/5000] loss=0.0060 (t=0.0015 r=0.0138 beta=0.33) | val: 1.65deg/1378mm | 27.1s
[ 3500/5000] loss=0.0059 (t=0.0015 r=0.0137 beta=0.32) | val: 1.72deg/1472mm | 27.7s
[ 3600/5000] loss=0.0059 (t=0.0015 r=0.0137 beta=0.32) | val: 1.68deg/1474mm | 28.2s
[ 3700/5000] loss=0.0057 (t=0.0015 r=0.0134 beta=0.32) | val: 1.63deg/1521mm | 28.8s
[ 3800/5000] loss=0.0057 (t=0.0015 r=0.0135 beta=0.31) | val: 1.69deg/1488mm | 29.3s
[ 3900/5000] loss=0.0058 (t=0.0015 r=0.0136 beta=0.31) | val: 1.68deg/1499mm | 29.9s
[ 4000/5000] loss=0.0055 (t=0.0013 r=0.0136 beta=0.31) | val: 1.68deg/1520mm | 30.4s
[ 4100/5000] loss=0.0056 (t=0.0015 r=0.0135 beta=0.31) | val: 1.66deg/1521mm | 31.0s
[ 4200/5000] loss=0.0057 (t=0.0015 r=0.0137 beta=0.31) | val: 1.65deg/1473mm | 31.5s
[ 4300/5000] loss=0.0054 (t=0.0014 r=0.0133 beta=0.31) | val: 1.66deg/1464mm | 32.1s
[ 4400/5000] loss=0.0055 (t=0.0014 r=0.0132 beta=0.30) | val: 1.65deg/1451mm | 32.6s
[ 4500/5000] loss=0.0053 (t=0.0014 r=0.0128 beta=0.30) | val: 1.66deg/1459mm | 33.2s
[ 4600/5000] loss=0.0054 (t=0.0014 r=0.0132 beta=0.30) | val: 1.66deg/1463mm | 33.7s
[ 4700/5000] loss=0.0056 (t=0.0016 r=0.0133 beta=0.30) | val: 1.66deg/1483mm | 34.2s
[ 4800/5000] loss=0.0053 (t=0.0014 r=0.0129 beta=0.30) | val: 1.63deg/1487mm | 34.8s
[ 4900/5000] loss=0.0053 (t=0.0014 r=0.0131 beta=0.30) | val: 1.65deg/1494mm | 35.3s
[ 5000/5000] loss=0.0055 (t=0.0014 r=0.0135 beta=0.30) | val: 1.67deg/1498mm | 35.9s

Training done. Best epoch: 680, score: 1.4698

Loaded best model from epoch 680

======================================================================
EVALUATION RESULTS (Direct Regression)
======================================================================
Rotation  (median): 1.69deg
Translation (median): 1316mm

  R@5deg_1m: 39.0%  (rot_pass=93.4%, trans_pass=39.6%)
  R@10deg_2m: 67.6%  (rot_pass=99.5%, trans_pass=68.1%)
  R@15deg_5m: 92.9%  (rot_pass=100.0%, trans_pass=92.9%)
  R@25deg_5m: 92.9%  (rot_pass=100.0%, trans_pass=92.9%)

======================================================================
EVALUATION RESULTS (Retrieval Mode)
======================================================================
Retrieval median: 11.97deg / 2338mm
  R@5deg_1m: 2.2%  (rot=4.4%, trans=20.3%)
  R@10deg_2m: 19.8%  (rot=40.7%, trans=43.4%)
  R@15deg_5m: 53.8%  (rot=66.5%, trans=85.7%)
  R@25deg_5m: 80.8%  (rot=95.1%, trans=85.7%)
======================================================================

Done!
--- exp22_128d_fixdrop_seed5 done ---

=== ALL EXP22 VERIFICATION DONE ===
