[Mon 20 Apr 2026 06:06:00 AM CST] Starting config=e on GPU=4, seeds=(40 41 43 44 45 46 47 48 49 50 51 52)
[Mon 20 Apr 2026 06:06:00 AM CST] Training exp24e_attn_h4_wider_seed40 on GPU 4 ...
  R@15deg_5m: 52.2%  (rot=64.3%, trans=87.9%)
  R@25deg_5m: 83.5%  (rot=95.6%, trans=87.9%)
======================================================================

Done!
[Mon 20 Apr 2026 06:09:20 AM CST] Done exp24e_attn_h4_wider_seed40
[Mon 20 Apr 2026 06:09:20 AM CST] Training exp24e_attn_h4_wider_seed41 on GPU 4 ...
  R@15deg_5m: 56.0%  (rot=69.8%, trans=84.6%)
  R@25deg_5m: 81.9%  (rot=97.3%, trans=84.6%)
======================================================================

Done!
[Mon 20 Apr 2026 06:12:39 AM CST] Done exp24e_attn_h4_wider_seed41
[Mon 20 Apr 2026 06:12:39 AM CST] Training exp24e_attn_h4_wider_seed43 on GPU 4 ...
  R@15deg_5m: 59.9%  (rot=71.4%, trans=87.9%)
  R@25deg_5m: 83.5%  (rot=95.6%, trans=87.9%)
======================================================================

Done!
[Mon 20 Apr 2026 06:15:56 AM CST] Done exp24e_attn_h4_wider_seed43
[Mon 20 Apr 2026 06:15:56 AM CST] Training exp24e_attn_h4_wider_seed44 on GPU 4 ...
  R@15deg_5m: 55.5%  (rot=68.1%, trans=84.6%)
  R@25deg_5m: 81.9%  (rot=96.7%, trans=84.6%)
======================================================================

Done!
[Mon 20 Apr 2026 06:19:14 AM CST] Done exp24e_attn_h4_wider_seed44
[Mon 20 Apr 2026 06:19:14 AM CST] Training exp24e_attn_h4_wider_seed45 on GPU 4 ...
  R@15deg_5m: 58.2%  (rot=75.8%, trans=80.8%)
  R@25deg_5m: 79.1%  (rot=98.4%, trans=80.8%)
======================================================================

Done!
[Mon 20 Apr 2026 06:22:30 AM CST] Done exp24e_attn_h4_wider_seed45
[Mon 20 Apr 2026 06:22:30 AM CST] Training exp24e_attn_h4_wider_seed46 on GPU 4 ...
  R@15deg_5m: 52.2%  (rot=65.4%, trans=84.6%)
  R@25deg_5m: 81.3%  (rot=96.7%, trans=84.6%)
======================================================================

Done!
[Mon 20 Apr 2026 06:25:48 AM CST] Done exp24e_attn_h4_wider_seed46
[Mon 20 Apr 2026 06:25:48 AM CST] Training exp24e_attn_h4_wider_seed47 on GPU 4 ...
  R@15deg_5m: 56.0%  (rot=65.4%, trans=90.7%)
  R@25deg_5m: 88.5%  (rot=97.8%, trans=90.7%)
======================================================================

Done!
[Mon 20 Apr 2026 06:29:07 AM CST] Done exp24e_attn_h4_wider_seed47
[Mon 20 Apr 2026 06:29:07 AM CST] Training exp24e_attn_h4_wider_seed48 on GPU 4 ...
  R@15deg_5m: 61.0%  (rot=73.1%, trans=87.4%)
  R@25deg_5m: 84.6%  (rot=97.3%, trans=87.4%)
======================================================================

Done!
[Mon 20 Apr 2026 06:32:25 AM CST] Done exp24e_attn_h4_wider_seed48
[Mon 20 Apr 2026 06:32:25 AM CST] Training exp24e_attn_h4_wider_seed49 on GPU 4 ...
  R@15deg_5m: 55.5%  (rot=69.8%, trans=84.1%)
  R@25deg_5m: 83.0%  (rot=98.9%, trans=84.1%)
======================================================================

Done!
[Mon 20 Apr 2026 06:35:44 AM CST] Done exp24e_attn_h4_wider_seed49
[Mon 20 Apr 2026 06:35:44 AM CST] Training exp24e_attn_h4_wider_seed50 on GPU 4 ...
  R@15deg_5m: 56.0%  (rot=68.1%, trans=85.2%)
  R@25deg_5m: 83.5%  (rot=98.4%, trans=85.2%)
======================================================================

Done!
[Mon 20 Apr 2026 06:38:59 AM CST] Done exp24e_attn_h4_wider_seed50
[Mon 20 Apr 2026 06:38:59 AM CST] Training exp24e_attn_h4_wider_seed51 on GPU 4 ...
  R@15deg_5m: 54.9%  (rot=68.7%, trans=84.6%)
  R@25deg_5m: 81.9%  (rot=96.7%, trans=84.6%)
======================================================================

Done!
[Mon 20 Apr 2026 06:42:15 AM CST] Done exp24e_attn_h4_wider_seed51
[Mon 20 Apr 2026 06:42:15 AM CST] Training exp24e_attn_h4_wider_seed52 on GPU 4 ...
  R@15deg_5m: 54.4%  (rot=71.4%, trans=80.8%)
  R@25deg_5m: 79.1%  (rot=98.4%, trans=80.8%)
======================================================================

Done!
[Mon 20 Apr 2026 06:45:30 AM CST] Done exp24e_attn_h4_wider_seed52
[Mon 20 Apr 2026 06:45:30 AM CST] All done for config=e on GPU=4
