============================================================
DROPOUT FIX VERIFICATION (GPU 0)
Expected: ~70% mean (was 67% with buggy dropout)
============================================================

=== exp22_128d_fixdrop_seed314 ===
======================================================================
Experiment: exp22_128d_fixdrop_seed314
Pool: spp, Features: both+sum
======================================================================
Random seed: 314
Using device: cuda:0

Loading data (fine=True, coarse=True, summary=True)...
  Loaded fine_geo: torch.Size([895, 128, 68, 120])
  Loaded coarse_sem: torch.Size([895, 128, 68, 120])
  Loaded summary: torch.Size([895, 2560])
  [train] 895 samples loaded
  Loaded fine_geo: torch.Size([182, 128, 68, 120])
  Loaded coarse_sem: torch.Size([182, 128, 68, 120])
  Loaded summary: torch.Size([182, 2560])
  [test] 182 samples loaded
Translation norm: mean=[13.19548    -0.64731836 23.103329  ], std=[10.827089    0.94348246  9.766839  ]
  Feature dim after pooling: 7936
Model parameters: 18,905,610

Pre-computing pooled features (OOM-safe mode)...
  Pre-computed pooled features: torch.Size([895, 7936]) (28.4 MB)
  Pre-computed pooled features: torch.Size([182, 7936]) (5.8 MB)
  GPU memory freed. Training with pre-pooled features (7936d)
Model parameters: 18,905,610
[    1/5000] loss=2.7109 (t=0.5472 r=2.1637 beta=1.00) | val: 55.58deg/17164mm | 0.6s
[  100/5000] loss=0.0595 (t=0.0209 r=0.0417 beta=0.92) | val: 2.15deg/1591mm | 4.4s
[  200/5000] loss=0.0368 (t=0.0106 r=0.0298 beta=0.88) | val: 1.78deg/1631mm | 5.7s
[  300/5000] loss=0.0282 (t=0.0064 r=0.0260 beta=0.84) | val: 1.90deg/1495mm | 6.2s
[  400/5000] loss=0.0233 (t=0.0047 r=0.0232 beta=0.80) | val: 1.64deg/1513mm | 7.5s
[  500/5000] loss=0.0202 (t=0.0038 r=0.0214 beta=0.77) | val: 1.60deg/1365mm | 8.4s
[  600/5000] loss=0.0177 (t=0.0034 r=0.0194 beta=0.74) | val: 1.80deg/1498mm | 9.3s
[  700/5000] loss=0.0159 (t=0.0029 r=0.0184 beta=0.71) | val: 1.72deg/1331mm | 10.2s
[  800/5000] loss=0.0157 (t=0.0030 r=0.0187 beta=0.68) | val: 1.62deg/1388mm | 10.7s
[  900/5000] loss=0.0147 (t=0.0030 r=0.0180 beta=0.65) | val: 1.68deg/1416mm | 11.3s
[ 1000/5000] loss=0.0135 (t=0.0026 r=0.0175 beta=0.62) | val: 1.50deg/1475mm | 12.2s
[ 1100/5000] loss=0.0127 (t=0.0024 r=0.0170 beta=0.60) | val: 1.68deg/1349mm | 12.7s
[ 1200/5000] loss=0.0121 (t=0.0022 r=0.0172 beta=0.58) | val: 1.67deg/1438mm | 13.3s
[ 1300/5000] loss=0.0114 (t=0.0023 r=0.0163 beta=0.56) | val: 1.62deg/1470mm | 13.8s
[ 1400/5000] loss=0.0108 (t=0.0021 r=0.0161 beta=0.54) | val: 1.62deg/1319mm | 14.4s
[ 1500/5000] loss=0.0102 (t=0.0021 r=0.0157 beta=0.52) | val: 1.59deg/1375mm | 14.9s
[ 1600/5000] loss=0.0096 (t=0.0020 r=0.0152 beta=0.50) | val: 1.69deg/1381mm | 15.5s
[ 1700/5000] loss=0.0093 (t=0.0019 r=0.0152 beta=0.48) | val: 1.65deg/1335mm | 16.0s
[ 1800/5000] loss=0.0090 (t=0.0019 r=0.0152 beta=0.47) | val: 1.72deg/1445mm | 16.6s
[ 1900/5000] loss=0.0087 (t=0.0019 r=0.0149 beta=0.46) | val: 1.65deg/1308mm | 17.1s
[ 2000/5000] loss=0.0083 (t=0.0018 r=0.0148 beta=0.44) | val: 1.80deg/1390mm | 17.7s
[ 2100/5000] loss=0.0083 (t=0.0020 r=0.0147 beta=0.43) | val: 1.80deg/1366mm | 18.2s
[ 2200/5000] loss=0.0080 (t=0.0018 r=0.0149 beta=0.42) | val: 1.69deg/1412mm | 18.8s
[ 2300/5000] loss=0.0074 (t=0.0017 r=0.0141 beta=0.41) | val: 1.58deg/1343mm | 19.3s
[ 2400/5000] loss=0.0076 (t=0.0017 r=0.0148 beta=0.40) | val: 1.75deg/1326mm | 19.9s
[ 2500/5000] loss=0.0072 (t=0.0017 r=0.0142 beta=0.39) | val: 1.82deg/1364mm | 20.4s
[ 2600/5000] loss=0.0074 (t=0.0018 r=0.0150 beta=0.38) | val: 1.71deg/1364mm | 21.0s
[ 2700/5000] loss=0.0070 (t=0.0017 r=0.0144 beta=0.37) | val: 1.61deg/1426mm | 21.5s
[ 2800/5000] loss=0.0069 (t=0.0017 r=0.0144 beta=0.36) | val: 1.68deg/1455mm | 22.0s
[ 2900/5000] loss=0.0065 (t=0.0015 r=0.0140 beta=0.36) | val: 1.64deg/1350mm | 22.6s
[ 3000/5000] loss=0.0064 (t=0.0015 r=0.0139 beta=0.35) | val: 1.75deg/1402mm | 23.1s
[ 3100/5000] loss=0.0065 (t=0.0016 r=0.0144 beta=0.34) | val: 1.73deg/1436mm | 23.7s
[ 3200/5000] loss=0.0062 (t=0.0016 r=0.0138 beta=0.34) | val: 1.67deg/1396mm | 24.2s
[ 3300/5000] loss=0.0061 (t=0.0015 r=0.0138 beta=0.33) | val: 1.66deg/1380mm | 24.8s
[ 3400/5000] loss=0.0060 (t=0.0015 r=0.0138 beta=0.33) | val: 1.77deg/1461mm | 25.3s
[ 3500/5000] loss=0.0060 (t=0.0016 r=0.0137 beta=0.32) | val: 1.79deg/1385mm | 25.9s
[ 3600/5000] loss=0.0058 (t=0.0015 r=0.0135 beta=0.32) | val: 1.75deg/1431mm | 26.4s
[ 3700/5000] loss=0.0058 (t=0.0015 r=0.0135 beta=0.32) | val: 1.68deg/1375mm | 27.0s
[ 3800/5000] loss=0.0055 (t=0.0014 r=0.0128 beta=0.32) | val: 1.68deg/1433mm | 27.5s
[ 3900/5000] loss=0.0056 (t=0.0014 r=0.0133 beta=0.31) | val: 1.70deg/1445mm | 28.1s
[ 4000/5000] loss=0.0056 (t=0.0014 r=0.0135 beta=0.31) | val: 1.77deg/1438mm | 28.6s
[ 4100/5000] loss=0.0054 (t=0.0014 r=0.0131 beta=0.31) | val: 1.75deg/1520mm | 29.1s
[ 4200/5000] loss=0.0054 (t=0.0014 r=0.0129 beta=0.31) | val: 1.80deg/1495mm | 29.7s
[ 4300/5000] loss=0.0054 (t=0.0014 r=0.0132 beta=0.31) | val: 1.74deg/1452mm | 30.2s
[ 4400/5000] loss=0.0056 (t=0.0015 r=0.0135 beta=0.31) | val: 1.73deg/1442mm | 30.8s
[ 4500/5000] loss=0.0052 (t=0.0014 r=0.0126 beta=0.31) | val: 1.77deg/1434mm | 31.3s
[ 4600/5000] loss=0.0053 (t=0.0014 r=0.0126 beta=0.30) | val: 1.76deg/1454mm | 31.8s
[ 4700/5000] loss=0.0055 (t=0.0014 r=0.0135 beta=0.30) | val: 1.78deg/1429mm | 32.4s
[ 4800/5000] loss=0.0053 (t=0.0014 r=0.0130 beta=0.30) | val: 1.76deg/1406mm | 33.0s
[ 4900/5000] loss=0.0054 (t=0.0015 r=0.0129 beta=0.30) | val: 1.76deg/1418mm | 33.5s
[ 5000/5000] loss=0.0054 (t=0.0014 r=0.0132 beta=0.30) | val: 1.77deg/1418mm | 34.1s

Training done. Best epoch: 960, score: 1.4511

Loaded best model from epoch 960

======================================================================
EVALUATION RESULTS (Direct Regression)
======================================================================
Rotation  (median): 1.66deg
Translation (median): 1299mm

  R@5deg_1m: 36.3%  (rot_pass=95.1%, trans_pass=36.3%)
  R@10deg_2m: 69.8%  (rot_pass=100.0%, trans_pass=69.8%)
  R@15deg_5m: 92.3%  (rot_pass=100.0%, trans_pass=92.3%)
  R@25deg_5m: 92.3%  (rot_pass=100.0%, trans_pass=92.3%)

======================================================================
EVALUATION RESULTS (Retrieval Mode)
======================================================================
Retrieval median: 10.98deg / 2363mm
  R@5deg_1m: 2.7%  (rot=6.6%, trans=18.7%)
  R@10deg_2m: 20.3%  (rot=45.6%, trans=45.1%)
  R@15deg_5m: 58.8%  (rot=72.0%, trans=86.3%)
  R@25deg_5m: 82.4%  (rot=96.2%, trans=86.3%)
======================================================================

Done!
--- exp22_128d_fixdrop_seed314 done ---

=== exp22_128d_fixdrop_seed123 ===
======================================================================
Experiment: exp22_128d_fixdrop_seed123
Pool: spp, Features: both+sum
======================================================================
Random seed: 123
Using device: cuda:0

Loading data (fine=True, coarse=True, summary=True)...
  Loaded fine_geo: torch.Size([895, 128, 68, 120])
  Loaded coarse_sem: torch.Size([895, 128, 68, 120])
  Loaded summary: torch.Size([895, 2560])
  [train] 895 samples loaded
  Loaded fine_geo: torch.Size([182, 128, 68, 120])
  Loaded coarse_sem: torch.Size([182, 128, 68, 120])
  Loaded summary: torch.Size([182, 2560])
  [test] 182 samples loaded
Translation norm: mean=[13.19548    -0.64731836 23.103329  ], std=[10.827089    0.94348246  9.766839  ]
  Feature dim after pooling: 7936
Model parameters: 18,905,610

Pre-computing pooled features (OOM-safe mode)...
  Pre-computed pooled features: torch.Size([895, 7936]) (28.4 MB)
  Pre-computed pooled features: torch.Size([182, 7936]) (5.8 MB)
  GPU memory freed. Training with pre-pooled features (7936d)
Model parameters: 18,905,610
[    1/5000] loss=2.1898 (t=0.5159 r=1.6739 beta=1.00) | val: 26.16deg/20411mm | 0.2s
[  100/5000] loss=0.0626 (t=0.0212 r=0.0450 beta=0.92) | val: 2.39deg/1617mm | 3.6s
[  200/5000] loss=0.0353 (t=0.0101 r=0.0288 beta=0.87) | val: 2.04deg/1770mm | 5.2s
[  300/5000] loss=0.0296 (t=0.0076 r=0.0263 beta=0.83) | val: 1.88deg/1542mm | 6.1s
[  400/5000] loss=0.0226 (t=0.0048 r=0.0223 beta=0.80) | val: 2.02deg/1476mm | 7.0s
[  500/5000] loss=0.0199 (t=0.0043 r=0.0205 beta=0.76) | val: 1.87deg/1612mm | 8.3s
[  600/5000] loss=0.0180 (t=0.0035 r=0.0199 beta=0.73) | val: 1.76deg/1410mm | 9.9s
[  700/5000] loss=0.0167 (t=0.0032 r=0.0194 beta=0.70) | val: 1.86deg/1552mm | 10.5s
[  800/5000] loss=0.0157 (t=0.0029 r=0.0191 beta=0.67) | val: 1.75deg/1408mm | 11.4s
[  900/5000] loss=0.0151 (t=0.0026 r=0.0193 beta=0.64) | val: 1.76deg/1453mm | 11.9s
[ 1000/5000] loss=0.0131 (t=0.0023 r=0.0175 beta=0.62) | val: 1.79deg/1366mm | 12.4s
[ 1100/5000] loss=0.0127 (t=0.0023 r=0.0173 beta=0.60) | val: 1.59deg/1323mm | 13.0s
[ 1200/5000] loss=0.0120 (t=0.0023 r=0.0170 beta=0.57) | val: 1.73deg/1316mm | 13.5s
[ 1300/5000] loss=0.0114 (t=0.0022 r=0.0166 beta=0.55) | val: 1.83deg/1425mm | 14.1s
[ 1400/5000] loss=0.0107 (t=0.0020 r=0.0165 beta=0.53) | val: 1.86deg/1523mm | 14.6s
[ 1500/5000] loss=0.0105 (t=0.0022 r=0.0163 beta=0.51) | val: 1.87deg/1463mm | 15.2s
[ 1600/5000] loss=0.0096 (t=0.0019 r=0.0156 beta=0.50) | val: 1.56deg/1491mm | 15.7s
[ 1700/5000] loss=0.0096 (t=0.0019 r=0.0159 beta=0.48) | val: 1.75deg/1449mm | 16.3s
[ 1800/5000] loss=0.0089 (t=0.0019 r=0.0152 beta=0.46) | val: 1.68deg/1432mm | 16.8s
[ 1900/5000] loss=0.0088 (t=0.0019 r=0.0153 beta=0.45) | val: 1.58deg/1495mm | 17.4s
[ 2000/5000] loss=0.0086 (t=0.0018 r=0.0156 beta=0.44) | val: 1.54deg/1426mm | 18.3s
[ 2100/5000] loss=0.0083 (t=0.0019 r=0.0152 beta=0.42) | val: 1.85deg/1554mm | 18.8s
[ 2200/5000] loss=0.0079 (t=0.0018 r=0.0148 beta=0.41) | val: 1.84deg/1454mm | 19.4s
[ 2300/5000] loss=0.0078 (t=0.0018 r=0.0150 beta=0.40) | val: 1.70deg/1495mm | 20.0s
[ 2400/5000] loss=0.0071 (t=0.0017 r=0.0140 beta=0.39) | val: 1.68deg/1398mm | 20.5s
[ 2500/5000] loss=0.0073 (t=0.0018 r=0.0146 beta=0.38) | val: 1.66deg/1459mm | 21.1s
[ 2600/5000] loss=0.0069 (t=0.0016 r=0.0142 beta=0.37) | val: 1.91deg/1509mm | 21.6s
[ 2700/5000] loss=0.0069 (t=0.0016 r=0.0143 beta=0.36) | val: 1.66deg/1592mm | 22.2s
[ 2800/5000] loss=0.0068 (t=0.0016 r=0.0145 beta=0.36) | val: 1.60deg/1516mm | 22.8s
[ 2900/5000] loss=0.0067 (t=0.0017 r=0.0142 beta=0.35) | val: 1.73deg/1421mm | 23.3s
[ 3000/5000] loss=0.0065 (t=0.0017 r=0.0138 beta=0.34) | val: 1.85deg/1472mm | 23.9s
[ 3100/5000] loss=0.0062 (t=0.0016 r=0.0138 beta=0.34) | val: 1.83deg/1474mm | 24.5s
[ 3200/5000] loss=0.0062 (t=0.0015 r=0.0141 beta=0.33) | val: 1.78deg/1527mm | 25.1s
[ 3300/5000] loss=0.0062 (t=0.0015 r=0.0142 beta=0.33) | val: 1.80deg/1505mm | 25.6s
[ 3400/5000] loss=0.0058 (t=0.0014 r=0.0137 beta=0.32) | val: 1.87deg/1559mm | 26.2s
[ 3500/5000] loss=0.0059 (t=0.0015 r=0.0138 beta=0.32) | val: 1.77deg/1530mm | 26.7s
[ 3600/5000] loss=0.0057 (t=0.0014 r=0.0135 beta=0.32) | val: 1.74deg/1514mm | 27.3s
[ 3700/5000] loss=0.0058 (t=0.0015 r=0.0137 beta=0.31) | val: 1.66deg/1504mm | 27.9s
[ 3800/5000] loss=0.0056 (t=0.0014 r=0.0133 beta=0.31) | val: 1.81deg/1483mm | 28.5s
[ 3900/5000] loss=0.0058 (t=0.0014 r=0.0143 beta=0.31) | val: 1.77deg/1427mm | 29.1s
[ 4000/5000] loss=0.0056 (t=0.0015 r=0.0136 beta=0.31) | val: 1.79deg/1512mm | 29.6s
[ 4100/5000] loss=0.0056 (t=0.0014 r=0.0137 beta=0.30) | val: 1.75deg/1492mm | 30.2s
[ 4200/5000] loss=0.0055 (t=0.0015 r=0.0132 beta=0.30) | val: 1.84deg/1504mm | 30.7s
[ 4300/5000] loss=0.0056 (t=0.0015 r=0.0135 beta=0.30) | val: 1.78deg/1496mm | 31.3s
[ 4400/5000] loss=0.0054 (t=0.0014 r=0.0132 beta=0.30) | val: 1.80deg/1538mm | 31.8s
[ 4500/5000] loss=0.0054 (t=0.0014 r=0.0134 beta=0.30) | val: 1.82deg/1535mm | 32.3s
[ 4600/5000] loss=0.0054 (t=0.0014 r=0.0135 beta=0.30) | val: 1.75deg/1528mm | 32.9s
[ 4700/5000] loss=0.0053 (t=0.0014 r=0.0132 beta=0.30) | val: 1.76deg/1511mm | 33.6s
[ 4800/5000] loss=0.0054 (t=0.0014 r=0.0135 beta=0.30) | val: 1.76deg/1524mm | 34.1s
[ 4900/5000] loss=0.0054 (t=0.0014 r=0.0133 beta=0.30) | val: 1.73deg/1508mm | 34.7s
[ 5000/5000] loss=0.0053 (t=0.0014 r=0.0131 beta=0.30) | val: 1.74deg/1516mm | 35.3s

Training done. Best epoch: 1970, score: 1.4488

Loaded best model from epoch 1970

======================================================================
EVALUATION RESULTS (Direct Regression)
======================================================================
Rotation  (median): 1.68deg
Translation (median): 1286mm

  R@5deg_1m: 40.1%  (rot_pass=94.5%, trans_pass=40.7%)
  R@10deg_2m: 68.7%  (rot_pass=99.5%, trans_pass=69.2%)
  R@15deg_5m: 89.0%  (rot_pass=100.0%, trans_pass=89.0%)
  R@25deg_5m: 89.0%  (rot_pass=100.0%, trans_pass=89.0%)

======================================================================
EVALUATION RESULTS (Retrieval Mode)
======================================================================
Retrieval median: 11.30deg / 2447mm
  R@5deg_1m: 2.7%  (rot=4.9%, trans=23.6%)
  R@10deg_2m: 20.3%  (rot=44.5%, trans=44.0%)
  R@15deg_5m: 57.1%  (rot=71.4%, trans=83.5%)
  R@25deg_5m: 80.8%  (rot=96.2%, trans=83.5%)
======================================================================

Done!
--- exp22_128d_fixdrop_seed123 done ---

=== exp22_128d_fixdrop_seed456 ===
======================================================================
Experiment: exp22_128d_fixdrop_seed456
Pool: spp, Features: both+sum
======================================================================
Random seed: 456
Using device: cuda:0

Loading data (fine=True, coarse=True, summary=True)...
  Loaded fine_geo: torch.Size([895, 128, 68, 120])
  Loaded coarse_sem: torch.Size([895, 128, 68, 120])
  Loaded summary: torch.Size([895, 2560])
  [train] 895 samples loaded
  Loaded fine_geo: torch.Size([182, 128, 68, 120])
  Loaded coarse_sem: torch.Size([182, 128, 68, 120])
  Loaded summary: torch.Size([182, 2560])
  [test] 182 samples loaded
Translation norm: mean=[13.19548    -0.64731836 23.103329  ], std=[10.827089    0.94348246  9.766839  ]
  Feature dim after pooling: 7936
Model parameters: 18,905,610

Pre-computing pooled features (OOM-safe mode)...
  Pre-computed pooled features: torch.Size([895, 7936]) (28.4 MB)
  Pre-computed pooled features: torch.Size([182, 7936]) (5.8 MB)
  GPU memory freed. Training with pre-pooled features (7936d)
Model parameters: 18,905,610
[    1/5000] loss=2.6214 (t=0.5522 r=2.0693 beta=1.00) | val: 31.66deg/15380mm | 0.2s
[  100/5000] loss=0.0645 (t=0.0227 r=0.0451 beta=0.93) | val: 2.34deg/1694mm | 3.4s
[  200/5000] loss=0.0380 (t=0.0108 r=0.0307 beta=0.88) | val: 1.94deg/1543mm | 5.2s
[  300/5000] loss=0.0287 (t=0.0073 r=0.0252 beta=0.85) | val: 1.76deg/1503mm | 5.7s
[  400/5000] loss=0.0241 (t=0.0058 r=0.0225 beta=0.81) | val: 1.86deg/1578mm | 7.7s
[  500/5000] loss=0.0201 (t=0.0039 r=0.0207 beta=0.78) | val: 1.80deg/1430mm | 8.5s
[  600/5000] loss=0.0192 (t=0.0036 r=0.0208 beta=0.75) | val: 1.76deg/1400mm | 9.4s
[  700/5000] loss=0.0177 (t=0.0032 r=0.0200 beta=0.72) | val: 1.56deg/1316mm | 10.6s
[  800/5000] loss=0.0162 (t=0.0028 r=0.0194 beta=0.69) | val: 1.89deg/1379mm | 11.6s
[  900/5000] loss=0.0146 (t=0.0027 r=0.0179 beta=0.67) | val: 1.65deg/1316mm | 12.1s
[ 1000/5000] loss=0.0139 (t=0.0028 r=0.0172 beta=0.64) | val: 1.53deg/1366mm | 13.4s
[ 1100/5000] loss=0.0128 (t=0.0025 r=0.0167 beta=0.62) | val: 1.60deg/1223mm | 13.9s
[ 1200/5000] loss=0.0127 (t=0.0025 r=0.0170 beta=0.60) | val: 1.57deg/1386mm | 14.9s
[ 1300/5000] loss=0.0125 (t=0.0025 r=0.0173 beta=0.58) | val: 1.71deg/1439mm | 15.4s
[ 1400/5000] loss=0.0111 (t=0.0022 r=0.0160 beta=0.56) | val: 1.66deg/1466mm | 16.0s
[ 1500/5000] loss=0.0106 (t=0.0021 r=0.0159 beta=0.54) | val: 1.60deg/1442mm | 16.5s
[ 1600/5000] loss=0.0102 (t=0.0021 r=0.0156 beta=0.52) | val: 1.58deg/1449mm | 17.0s
[ 1700/5000] loss=0.0097 (t=0.0020 r=0.0153 beta=0.50) | val: 1.63deg/1384mm | 17.6s
[ 1800/5000] loss=0.0093 (t=0.0018 r=0.0154 beta=0.49) | val: 1.62deg/1375mm | 18.1s
[ 1900/5000] loss=0.0097 (t=0.0020 r=0.0161 beta=0.47) | val: 1.67deg/1441mm | 18.7s
[ 2000/5000] loss=0.0087 (t=0.0018 r=0.0150 beta=0.46) | val: 1.61deg/1305mm | 19.2s
[ 2100/5000] loss=0.0086 (t=0.0018 r=0.0150 beta=0.45) | val: 1.76deg/1355mm | 19.8s
[ 2200/5000] loss=0.0082 (t=0.0018 r=0.0148 beta=0.44) | val: 1.62deg/1347mm | 20.3s
[ 2300/5000] loss=0.0079 (t=0.0018 r=0.0144 beta=0.43) | val: 1.68deg/1488mm | 20.9s
[ 2400/5000] loss=0.0078 (t=0.0018 r=0.0145 beta=0.41) | val: 1.69deg/1418mm | 21.4s
[ 2500/5000] loss=0.0073 (t=0.0017 r=0.0138 beta=0.40) | val: 1.90deg/1535mm | 22.0s
[ 2600/5000] loss=0.0074 (t=0.0017 r=0.0145 beta=0.40) | val: 1.71deg/1474mm | 22.5s
[ 2700/5000] loss=0.0074 (t=0.0018 r=0.0145 beta=0.39) | val: 1.70deg/1440mm | 23.1s
[ 2800/5000] loss=0.0070 (t=0.0017 r=0.0141 beta=0.38) | val: 1.78deg/1429mm | 23.6s
[ 2900/5000] loss=0.0066 (t=0.0016 r=0.0134 beta=0.37) | val: 1.73deg/1445mm | 24.1s
[ 3000/5000] loss=0.0066 (t=0.0015 r=0.0141 beta=0.37) | val: 1.66deg/1392mm | 24.7s
