=== Training on 128d PCA features ===
Feature dir: output/feature_extract/features_radio_dual_128/OldHospital_pilot

=== exp14m: SPP(1,2,4) both+sum 128d, hidden=[1024,512,256] ===
Traceback (most recent call last):
  File "/root/miniconda3/envs/iclpose/lib/python3.9/runpy.py", line 197, in _run_module_as_main
    return _run_code(code, main_globals, None,
  File "/root/miniconda3/envs/iclpose/lib/python3.9/runpy.py", line 87, in _run_code
    exec(code, run_globals)
  File "/root/ICLPose-loc/feature_retrieval/patch_regressor_v7.py", line 829, in <module>
    main()
  File "/root/ICLPose-loc/feature_retrieval/patch_regressor_v7.py", line 814, in main
    model, train_data, test_data, trans_mean, trans_std, history = train(args)
  File "/root/ICLPose-loc/feature_retrieval/patch_regressor_v7.py", line 459, in train
    train_data = PatchPoseDataset(
  File "/root/ICLPose-loc/feature_retrieval/patch_regressor_v7.py", line 269, in __init__
    self.summary = summary_matrix[indices]
IndexError: index 1081 is out of bounds for dimension 0 with size 1077
======================================================================
Experiment: exp14m_128d_spp
Pool: spp, Features: both+sum
======================================================================
Random seed: 42
Using device: cuda:3

Loading data (fine=True, coarse=True, summary=True)...
  Loaded fine_geo: torch.Size([895, 128, 68, 120])
  Loaded coarse_sem: torch.Size([895, 128, 68, 120])
--- exp14m done ---

=== exp14m2: SPP(1,2,4) both+sum 128d, hidden=[2048,1024,512] ===
Traceback (most recent call last):
  File "/root/miniconda3/envs/iclpose/lib/python3.9/runpy.py", line 197, in _run_module_as_main
    return _run_code(code, main_globals, None,
  File "/root/miniconda3/envs/iclpose/lib/python3.9/runpy.py", line 87, in _run_code
    exec(code, run_globals)
  File "/root/ICLPose-loc/feature_retrieval/patch_regressor_v7.py", line 829, in <module>
    main()
  File "/root/ICLPose-loc/feature_retrieval/patch_regressor_v7.py", line 814, in main
    model, train_data, test_data, trans_mean, trans_std, history = train(args)
  File "/root/ICLPose-loc/feature_retrieval/patch_regressor_v7.py", line 459, in train
    train_data = PatchPoseDataset(
  File "/root/ICLPose-loc/feature_retrieval/patch_regressor_v7.py", line 269, in __init__
    self.summary = summary_matrix[indices]
IndexError: index 1080 is out of bounds for dimension 0 with size 1077
======================================================================
Experiment: exp14m2_128d_wider
Pool: spp, Features: both+sum
======================================================================
Random seed: 42
Using device: cuda:3

Loading data (fine=True, coarse=True, summary=True)...
  Loaded fine_geo: torch.Size([895, 128, 68, 120])
  Loaded coarse_sem: torch.Size([895, 128, 68, 120])
--- exp14m2 done ---

=== exp14m3_seed123: SPP(1,2,4) both+sum 128d ===
Traceback (most recent call last):
  File "/root/miniconda3/envs/iclpose/lib/python3.9/runpy.py", line 197, in _run_module_as_main
    return _run_code(code, main_globals, None,
  File "/root/miniconda3/envs/iclpose/lib/python3.9/runpy.py", line 87, in _run_code
    exec(code, run_globals)
  File "/root/ICLPose-loc/feature_retrieval/patch_regressor_v7.py", line 829, in <module>
    main()
  File "/root/ICLPose-loc/feature_retrieval/patch_regressor_v7.py", line 814, in main
    model, train_data, test_data, trans_mean, trans_std, history = train(args)
  File "/root/ICLPose-loc/feature_retrieval/patch_regressor_v7.py", line 459, in train
    train_data = PatchPoseDataset(
  File "/root/ICLPose-loc/feature_retrieval/patch_regressor_v7.py", line 269, in __init__
    self.summary = summary_matrix[indices]
IndexError: index 1079 is out of bounds for dimension 0 with size 1077
======================================================================
Experiment: exp14m3_128d_seed123
Pool: spp, Features: both+sum
======================================================================
Random seed: 123
Using device: cuda:3

Loading data (fine=True, coarse=True, summary=True)...
  Loaded fine_geo: torch.Size([895, 128, 68, 120])
  Loaded coarse_sem: torch.Size([895, 128, 68, 120])
--- exp14m3_seed123 done ---

=== exp14m3_seed456: SPP(1,2,4) both+sum 128d ===
Traceback (most recent call last):
  File "/root/miniconda3/envs/iclpose/lib/python3.9/runpy.py", line 197, in _run_module_as_main
    return _run_code(code, main_globals, None,
  File "/root/miniconda3/envs/iclpose/lib/python3.9/runpy.py", line 87, in _run_code
    exec(code, run_globals)
  File "/root/ICLPose-loc/feature_retrieval/patch_regressor_v7.py", line 829, in <module>
    main()
  File "/root/ICLPose-loc/feature_retrieval/patch_regressor_v7.py", line 814, in main
    model, train_data, test_data, trans_mean, trans_std, history = train(args)
  File "/root/ICLPose-loc/feature_retrieval/patch_regressor_v7.py", line 459, in train
    train_data = PatchPoseDataset(
  File "/root/ICLPose-loc/feature_retrieval/patch_regressor_v7.py", line 269, in __init__
    self.summary = summary_matrix[indices]
IndexError: index 1078 is out of bounds for dimension 0 with size 1077
======================================================================
Experiment: exp14m3_128d_seed456
Pool: spp, Features: both+sum
======================================================================
Random seed: 456
Using device: cuda:3

Loading data (fine=True, coarse=True, summary=True)...
  Loaded fine_geo: torch.Size([895, 128, 68, 120])
  Loaded coarse_sem: torch.Size([895, 128, 68, 120])
--- exp14m3_seed456 done ---

=== exp14m3_seed789: SPP(1,2,4) both+sum 128d ===
Traceback (most recent call last):
  File "/root/miniconda3/envs/iclpose/lib/python3.9/runpy.py", line 197, in _run_module_as_main
    return _run_code(code, main_globals, None,
  File "/root/miniconda3/envs/iclpose/lib/python3.9/runpy.py", line 87, in _run_code
    exec(code, run_globals)
  File "/root/ICLPose-loc/feature_retrieval/patch_regressor_v7.py", line 829, in <module>
    main()
  File "/root/ICLPose-loc/feature_retrieval/patch_regressor_v7.py", line 814, in main
    model, train_data, test_data, trans_mean, trans_std, history = train(args)
  File "/root/ICLPose-loc/feature_retrieval/patch_regressor_v7.py", line 459, in train
    train_data = PatchPoseDataset(
  File "/root/ICLPose-loc/feature_retrieval/patch_regressor_v7.py", line 269, in __init__
    self.summary = summary_matrix[indices]
IndexError: index 1078 is out of bounds for dimension 0 with size 1077
======================================================================
Experiment: exp14m3_128d_seed789
Pool: spp, Features: both+sum
======================================================================
Random seed: 789
Using device: cuda:3

Loading data (fine=True, coarse=True, summary=True)...
  Loaded fine_geo: torch.Size([895, 128, 68, 120])
  Loaded coarse_sem: torch.Size([895, 128, 68, 120])
--- exp14m3_seed789 done ---

=== exp14m4: SPP(1,2,4) both+sum 128d, hidden=[512,256,128] (small) ===
Traceback (most recent call last):
  File "/root/miniconda3/envs/iclpose/lib/python3.9/runpy.py", line 197, in _run_module_as_main
    return _run_code(code, main_globals, None,
  File "/root/miniconda3/envs/iclpose/lib/python3.9/runpy.py", line 87, in _run_code
    exec(code, run_globals)
  File "/root/ICLPose-loc/feature_retrieval/patch_regressor_v7.py", line 829, in <module>
    main()
  File "/root/ICLPose-loc/feature_retrieval/patch_regressor_v7.py", line 814, in main
    model, train_data, test_data, trans_mean, trans_std, history = train(args)
  File "/root/ICLPose-loc/feature_retrieval/patch_regressor_v7.py", line 459, in train
    train_data = PatchPoseDataset(
  File "/root/ICLPose-loc/feature_retrieval/patch_regressor_v7.py", line 269, in __init__
    self.summary = summary_matrix[indices]
IndexError: index 1082 is out of bounds for dimension 0 with size 1077
======================================================================
Experiment: exp14m4_128d_small
Pool: spp, Features: both+sum
======================================================================
Random seed: 42
Using device: cuda:3

Loading data (fine=True, coarse=True, summary=True)...
  Loaded fine_geo: torch.Size([895, 128, 68, 120])
  Loaded coarse_sem: torch.Size([895, 128, 68, 120])
--- exp14m4 done ---

=== exp14m5: SPP(1,2,4) coarse+sum 128d ===
Traceback (most recent call last):
  File "/root/miniconda3/envs/iclpose/lib/python3.9/runpy.py", line 197, in _run_module_as_main
    return _run_code(code, main_globals, None,
  File "/root/miniconda3/envs/iclpose/lib/python3.9/runpy.py", line 87, in _run_code
    exec(code, run_globals)
  File "/root/ICLPose-loc/feature_retrieval/patch_regressor_v7.py", line 829, in <module>
    main()
  File "/root/ICLPose-loc/feature_retrieval/patch_regressor_v7.py", line 814, in main
    model, train_data, test_data, trans_mean, trans_std, history = train(args)
  File "/root/ICLPose-loc/feature_retrieval/patch_regressor_v7.py", line 459, in train
    train_data = PatchPoseDataset(
  File "/root/ICLPose-loc/feature_retrieval/patch_regressor_v7.py", line 269, in __init__
    self.summary = summary_matrix[indices]
IndexError: index 1082 is out of bounds for dimension 0 with size 1077
======================================================================
Experiment: exp14m5_128d_coarse
Pool: spp, Features: coarse+sum
======================================================================
Random seed: 42
Using device: cuda:3

Loading data (fine=False, coarse=True, summary=True)...
  Loaded coarse_sem: torch.Size([895, 128, 68, 120])
--- exp14m5 done ---

=== All 128d training complete! ===
