======================================================================
Experiment: exp29a_direct_both_seed123
Pool: attn, Features: both
======================================================================
Random seed: 123
Using device: cuda:0

Loading data (fine=True, coarse=True, summary=False)...
  Loaded fine_geo: torch.Size([895, 128, 68, 120])
  Loaded coarse_sem: torch.Size([895, 128, 68, 120])
  [train] 895 samples loaded
  Loaded fine_geo: torch.Size([182, 128, 68, 120])
  Loaded coarse_sem: torch.Size([182, 128, 68, 120])
  [test] 182 samples loaded
Translation norm: mean=[13.19548    -0.64731836 23.103329  ], std=[10.827089    0.94348246  9.766839  ]
  Feature dim after pooling: 1024
Model parameters: 4,753,042
Model parameters: 4,753,042
[    1/10000] loss=3.2817 (t=0.6502 r=2.6316 beta=1.00) | val: 64.26deg/26840mm | 0.5s
[  100/10000] loss=0.0737 (t=0.0260 r=0.0516 beta=0.92) | val: 3.19deg/1745mm | 2.9s
[  200/10000] loss=0.0537 (t=0.0196 r=0.0392 beta=0.87) | val: 2.54deg/1717mm | 4.8s
[  300/10000] loss=0.0412 (t=0.0119 r=0.0357 beta=0.82) | val: 2.67deg/1844mm | 6.8s
[  400/10000] loss=0.0330 (t=0.0091 r=0.0306 beta=0.78) | val: 2.24deg/1442mm | 8.6s
[  500/10000] loss=0.0284 (t=0.0074 r=0.0285 beta=0.74) | val: 2.04deg/1560mm | 10.4s
[  600/10000] loss=0.0263 (t=0.0068 r=0.0278 beta=0.70) | val: 2.04deg/1804mm | 12.3s
[  700/10000] loss=0.0226 (t=0.0050 r=0.0265 beta=0.66) | val: 2.01deg/1898mm | 14.1s
[  800/10000] loss=0.0209 (t=0.0051 r=0.0249 beta=0.63) | val: 2.09deg/1845mm | 16.0s
[  900/10000] loss=0.0205 (t=0.0058 r=0.0243 beta=0.60) | val: 2.05deg/1393mm | 17.8s
[ 1000/10000] loss=0.0172 (t=0.0044 r=0.0221 beta=0.58) | val: 1.87deg/1765mm | 19.7s
[ 1100/10000] loss=0.0183 (t=0.0044 r=0.0252 beta=0.55) | val: 1.94deg/1607mm | 21.5s
[ 1200/10000] loss=0.0165 (t=0.0037 r=0.0242 beta=0.52) | val: 1.91deg/1569mm | 23.3s
[ 1300/10000] loss=0.0149 (t=0.0036 r=0.0225 beta=0.50) | val: 2.04deg/1869mm | 25.1s
[ 1400/10000] loss=0.0129 (t=0.0033 r=0.0200 beta=0.48) | val: 1.93deg/1648mm | 26.9s
[ 1500/10000] loss=0.0134 (t=0.0032 r=0.0220 beta=0.46) | val: 1.87deg/1631mm | 28.7s
[ 1600/10000] loss=0.0124 (t=0.0031 r=0.0210 beta=0.44) | val: 2.08deg/1712mm | 30.5s
[ 1700/10000] loss=0.0116 (t=0.0034 r=0.0195 beta=0.42) | val: 2.03deg/1568mm | 32.3s
[ 1800/10000] loss=0.0118 (t=0.0028 r=0.0222 beta=0.41) | val: 1.80deg/1544mm | 34.2s
[ 1900/10000] loss=0.0117 (t=0.0034 r=0.0213 beta=0.39) | val: 1.77deg/1583mm | 36.0s
[ 2000/10000] loss=0.0102 (t=0.0029 r=0.0197 beta=0.37) | val: 1.92deg/1546mm | 37.8s
[ 2100/10000] loss=0.0094 (t=0.0024 r=0.0196 beta=0.36) | val: 1.90deg/1594mm | 39.6s
[ 2200/10000] loss=0.0101 (t=0.0028 r=0.0211 beta=0.35) | val: 1.94deg/1561mm | 41.4s
[ 2300/10000] loss=0.0089 (t=0.0025 r=0.0192 beta=0.33) | val: 1.92deg/1725mm | 43.3s
[ 2400/10000] loss=0.0079 (t=0.0019 r=0.0188 beta=0.32) | val: 1.92deg/1536mm | 45.1s
[ 2500/10000] loss=0.0081 (t=0.0023 r=0.0188 beta=0.31) | val: 1.93deg/1690mm | 46.9s
[ 2600/10000] loss=0.0079 (t=0.0022 r=0.0189 beta=0.30) | val: 1.93deg/1488mm | 48.8s
[ 2700/10000] loss=0.0069 (t=0.0022 r=0.0161 beta=0.29) | val: 1.90deg/1806mm | 50.6s
[ 2800/10000] loss=0.0078 (t=0.0026 r=0.0188 beta=0.28) | val: 1.86deg/1414mm | 52.4s
[ 2900/10000] loss=0.0076 (t=0.0022 r=0.0201 beta=0.27) | val: 1.84deg/1581mm | 54.3s
[ 3000/10000] loss=0.0068 (t=0.0023 r=0.0174 beta=0.26) | val: 1.79deg/1535mm | 56.1s
[ 3100/10000] loss=0.0067 (t=0.0024 r=0.0175 beta=0.25) | val: 2.15deg/1591mm | 57.9s
[ 3200/10000] loss=0.0066 (t=0.0022 r=0.0179 beta=0.24) | val: 2.03deg/1661mm | 59.8s
[ 3300/10000] loss=0.0064 (t=0.0021 r=0.0185 beta=0.23) | val: 1.92deg/1624mm | 61.6s
[ 3400/10000] loss=0.0065 (t=0.0023 r=0.0183 beta=0.23) | val: 2.05deg/1653mm | 63.4s
[ 3500/10000] loss=0.0062 (t=0.0020 r=0.0191 beta=0.22) | val: 1.93deg/1513mm | 65.3s
[ 3600/10000] loss=0.0058 (t=0.0018 r=0.0189 beta=0.21) | val: 1.83deg/1435mm | 67.1s
[ 3700/10000] loss=0.0063 (t=0.0024 r=0.0187 beta=0.20) | val: 1.95deg/1631mm | 68.9s
[ 3800/10000] loss=0.0059 (t=0.0023 r=0.0182 beta=0.20) | val: 1.92deg/1544mm | 70.7s
[ 3900/10000] loss=0.0048 (t=0.0016 r=0.0163 beta=0.19) | val: 2.10deg/1629mm | 72.5s
[ 4000/10000] loss=0.0052 (t=0.0016 r=0.0191 beta=0.19) | val: 1.88deg/1508mm | 74.4s
[ 4100/10000] loss=0.0050 (t=0.0018 r=0.0174 beta=0.18) | val: 1.96deg/1618mm | 76.2s
[ 4200/10000] loss=0.0048 (t=0.0018 r=0.0170 beta=0.18) | val: 1.91deg/1521mm | 78.0s
[ 4300/10000] loss=0.0045 (t=0.0018 r=0.0161 beta=0.17) | val: 1.87deg/1627mm | 79.9s
[ 4400/10000] loss=0.0046 (t=0.0019 r=0.0167 beta=0.17) | val: 2.04deg/1605mm | 81.7s
[ 4500/10000] loss=0.0053 (t=0.0022 r=0.0188 beta=0.16) | val: 1.97deg/1551mm | 83.5s
[ 4600/10000] loss=0.0046 (t=0.0017 r=0.0190 beta=0.16) | val: 1.84deg/1542mm | 85.3s
[ 4700/10000] loss=0.0043 (t=0.0017 r=0.0170 beta=0.15) | val: 1.95deg/1518mm | 87.2s
[ 4800/10000] loss=0.0045 (t=0.0018 r=0.0182 beta=0.15) | val: 1.99deg/1604mm | 89.1s
[ 4900/10000] loss=0.0044 (t=0.0018 r=0.0180 beta=0.15) | val: 1.90deg/1584mm | 90.9s
[ 5000/10000] loss=0.0039 (t=0.0015 r=0.0171 beta=0.14) | val: 1.80deg/1552mm | 92.8s
[ 5100/10000] loss=0.0035 (t=0.0013 r=0.0158 beta=0.14) | val: 2.02deg/1620mm | 94.6s
[ 5200/10000] loss=0.0040 (t=0.0017 r=0.0167 beta=0.13) | val: 2.05deg/1606mm | 96.4s
[ 5300/10000] loss=0.0040 (t=0.0020 r=0.0149 beta=0.13) | val: 1.94deg/1539mm | 98.4s
[ 5400/10000] loss=0.0037 (t=0.0014 r=0.0174 beta=0.13) | val: 1.97deg/1480mm | 100.2s
[ 5500/10000] loss=0.0033 (t=0.0013 r=0.0161 beta=0.13) | val: 1.99deg/1491mm | 102.0s
[ 5600/10000] loss=0.0033 (t=0.0013 r=0.0164 beta=0.12) | val: 2.05deg/1447mm | 103.9s
[ 5700/10000] loss=0.0039 (t=0.0019 r=0.0166 beta=0.12) | val: 1.96deg/1572mm | 105.7s
[ 5800/10000] loss=0.0037 (t=0.0017 r=0.0166 beta=0.12) | val: 1.97deg/1522mm | 107.6s
[ 5900/10000] loss=0.0036 (t=0.0015 r=0.0179 beta=0.12) | val: 2.01deg/1445mm | 109.4s
[ 6000/10000] loss=0.0034 (t=0.0016 r=0.0158 beta=0.11) | val: 2.03deg/1388mm | 111.3s
[ 6100/10000] loss=0.0030 (t=0.0012 r=0.0159 beta=0.11) | val: 2.03deg/1511mm | 113.1s
[ 6200/10000] loss=0.0030 (t=0.0013 r=0.0156 beta=0.11) | val: 1.96deg/1516mm | 114.9s
[ 6300/10000] loss=0.0032 (t=0.0015 r=0.0155 beta=0.11) | val: 1.99deg/1576mm | 116.8s
[ 6400/10000] loss=0.0032 (t=0.0015 r=0.0165 beta=0.11) | val: 2.03deg/1529mm | 118.7s
[ 6500/10000] loss=0.0033 (t=0.0016 r=0.0160 beta=0.10) | val: 1.99deg/1456mm | 120.5s
[ 6600/10000] loss=0.0029 (t=0.0013 r=0.0156 beta=0.10) | val: 2.02deg/1562mm | 122.3s
[ 6700/10000] loss=0.0034 (t=0.0016 r=0.0184 beta=0.10) | val: 2.02deg/1528mm | 124.2s
[ 6800/10000] loss=0.0028 (t=0.0013 r=0.0151 beta=0.10) | val: 2.08deg/1521mm | 126.0s
[ 6900/10000] loss=0.0027 (t=0.0012 r=0.0156 beta=0.10) | val: 2.04deg/1541mm | 127.8s
[ 7000/10000] loss=0.0030 (t=0.0014 r=0.0159 beta=0.10) | val: 1.97deg/1632mm | 129.6s
[ 7100/10000] loss=0.0028 (t=0.0012 r=0.0166 beta=0.10) | val: 2.14deg/1722mm | 131.5s
[ 7200/10000] loss=0.0027 (t=0.0013 r=0.0151 beta=0.09) | val: 2.14deg/1485mm | 133.3s
[ 7300/10000] loss=0.0029 (t=0.0013 r=0.0166 beta=0.09) | val: 2.07deg/1566mm | 135.1s
[ 7400/10000] loss=0.0030 (t=0.0014 r=0.0175 beta=0.09) | val: 2.18deg/1557mm | 137.0s
[ 7500/10000] loss=0.0026 (t=0.0012 r=0.0147 beta=0.09) | val: 2.00deg/1678mm | 138.8s
[ 7600/10000] loss=0.0029 (t=0.0013 r=0.0168 beta=0.09) | val: 2.04deg/1542mm | 140.6s
[ 7700/10000] loss=0.0028 (t=0.0013 r=0.0163 beta=0.09) | val: 1.99deg/1580mm | 142.5s
[ 7800/10000] loss=0.0026 (t=0.0012 r=0.0151 beta=0.09) | val: 1.96deg/1532mm | 144.3s
[ 7900/10000] loss=0.0026 (t=0.0012 r=0.0163 beta=0.09) | val: 2.08deg/1467mm | 146.1s
[ 8000/10000] loss=0.0026 (t=0.0012 r=0.0160 beta=0.09) | val: 2.06deg/1506mm | 148.0s
[ 8100/10000] loss=0.0026 (t=0.0012 r=0.0157 beta=0.09) | val: 2.01deg/1461mm | 149.8s
[ 8200/10000] loss=0.0030 (t=0.0015 r=0.0175 beta=0.09) | val: 2.00deg/1488mm | 151.6s
[ 8300/10000] loss=0.0023 (t=0.0011 r=0.0150 beta=0.09) | val: 1.95deg/1482mm | 153.5s
[ 8400/10000] loss=0.0023 (t=0.0010 r=0.0152 beta=0.09) | val: 2.03deg/1546mm | 155.3s
[ 8500/10000] loss=0.0025 (t=0.0013 r=0.0150 beta=0.08) | val: 2.12deg/1524mm | 157.1s
[ 8600/10000] loss=0.0025 (t=0.0012 r=0.0157 beta=0.08) | val: 2.02deg/1632mm | 158.9s
[ 8700/10000] loss=0.0024 (t=0.0012 r=0.0145 beta=0.08) | val: 2.00deg/1576mm | 160.8s
[ 8800/10000] loss=0.0026 (t=0.0012 r=0.0163 beta=0.08) | val: 2.02deg/1564mm | 162.6s
[ 8900/10000] loss=0.0023 (t=0.0011 r=0.0139 beta=0.08) | val: 2.03deg/1568mm | 164.4s
[ 9000/10000] loss=0.0022 (t=0.0010 r=0.0145 beta=0.08) | val: 2.04deg/1506mm | 166.2s
[ 9100/10000] loss=0.0025 (t=0.0012 r=0.0153 beta=0.08) | val: 2.05deg/1561mm | 168.1s
[ 9200/10000] loss=0.0026 (t=0.0014 r=0.0154 beta=0.08) | val: 1.99deg/1602mm | 169.9s
[ 9300/10000] loss=0.0024 (t=0.0011 r=0.0156 beta=0.08) | val: 2.08deg/1580mm | 171.7s
[ 9400/10000] loss=0.0023 (t=0.0010 r=0.0150 beta=0.08) | val: 2.05deg/1591mm | 173.5s
[ 9500/10000] loss=0.0024 (t=0.0012 r=0.0145 beta=0.08) | val: 2.06deg/1542mm | 175.4s
[ 9600/10000] loss=0.0028 (t=0.0014 r=0.0157 beta=0.08) | val: 2.04deg/1569mm | 177.2s
[ 9700/10000] loss=0.0022 (t=0.0010 r=0.0149 beta=0.08) | val: 2.04deg/1544mm | 179.0s
[ 9800/10000] loss=0.0024 (t=0.0012 r=0.0152 beta=0.08) | val: 2.05deg/1567mm | 180.8s
[ 9900/10000] loss=0.0023 (t=0.0010 r=0.0152 beta=0.08) | val: 2.03deg/1561mm | 182.7s
[10000/10000] loss=0.0024 (t=0.0011 r=0.0152 beta=0.08) | val: 2.05deg/1565mm | 184.5s

Training done. Best epoch: 5230, score: 1.5812

Loaded best model from epoch 5230

======================================================================
EVALUATION RESULTS (Direct Regression)
======================================================================
Rotation  (median): 1.83deg
Translation (median): 1407mm

  R@5deg_1m: 33.5%  (rot_pass=92.3%, trans_pass=33.5%)
  R@10deg_2m: 57.1%  (rot_pass=98.9%, trans_pass=57.1%)
  R@15deg_5m: 88.5%  (rot_pass=100.0%, trans_pass=88.5%)
  R@25deg_5m: 88.5%  (rot_pass=100.0%, trans_pass=88.5%)

======================================================================
EVALUATION RESULTS (Retrieval Mode)
======================================================================
Retrieval median: 11.05deg / 2693mm
  R@5deg_1m: 2.2%  (rot=5.5%, trans=15.9%)
  R@10deg_2m: 19.8%  (rot=45.1%, trans=40.1%)
  R@15deg_5m: 58.2%  (rot=73.6%, trans=82.4%)
  R@25deg_5m: 80.2%  (rot=97.8%, trans=82.4%)
======================================================================

Done!
