Random seed: 123
Using device: cuda:0

Loading data (fine=True, coarse=True, summary=True)...
  Loaded fine_geo: torch.Size([895, 128, 68, 120])
  Loaded coarse_sem: torch.Size([895, 128, 68, 120])
  Loaded summary: torch.Size([895, 2560])
  [train] 895 samples loaded
  Loaded fine_geo: torch.Size([182, 128, 68, 120])
  Loaded coarse_sem: torch.Size([182, 128, 68, 120])
  Loaded summary: torch.Size([182, 2560])
  [test] 182 samples loaded

Building spatial cells...
  Camera K-means: K=32, inertia=5151.9
  Samples per cell: min=13, mean=28.0, median=27, max=56
  Residual std: [1.6799154  0.33601812 1.681575  ]
  Feature dim after pooling: 3584
Model parameters: 14,264,079
[    1/10000] loss=7.1190 (cls=3.6840 res=0.5886 mix=0.4517 rot=2.3947 beta=1.00) | val: 73.02deg/26986mm R@10/2=0.0% R@5/1=0.0% cell@1=5.5% cell@3=9.9% | 0.9s
[  100/10000] loss=0.5376 (cls=0.1985 res=0.2547 mix=0.0249 rot=0.0642 beta=0.93) | val: 4.71deg/2879mm R@10/2=35.7% R@5/1=7.7% cell@1=69.2% cell@3=98.4% | 4.7s
[  200/10000] loss=0.2413 (cls=0.0544 res=0.1378 mix=0.0126 rot=0.0417 beta=0.87) | val: 2.65deg/2877mm R@10/2=36.8% R@5/1=19.2% cell@1=73.1% cell@3=96.2% | 7.1s
[  300/10000] loss=0.1887 (cls=0.0256 res=0.1205 mix=0.0127 rot=0.0362 beta=0.83) | val: 2.64deg/2980mm R@10/2=36.8% R@5/1=18.1% cell@1=76.9% cell@3=95.1% | 9.2s
[  400/10000] loss=0.1580 (cls=0.0269 res=0.0977 mix=0.0075 rot=0.0330 beta=0.78) | val: 2.43deg/3059mm R@10/2=34.6% R@5/1=16.5% cell@1=69.8% cell@3=92.9% | 11.2s
[  500/10000] loss=0.0821 (cls=0.0026 res=0.0524 mix=0.0046 rot=0.0302 beta=0.74) | val: 2.55deg/2940mm R@10/2=36.3% R@5/1=10.4% cell@1=78.0% cell@3=94.0% | 13.1s
[  600/10000] loss=0.0947 (cls=0.0115 res=0.0593 mix=0.0047 rot=0.0270 beta=0.71) | val: 2.49deg/3179mm R@10/2=37.9% R@5/1=13.7% cell@1=76.9% cell@3=93.4% | 15.0s
[  700/10000] loss=0.0630 (cls=0.0048 res=0.0373 mix=0.0027 rot=0.0269 beta=0.67) | val: 2.54deg/3041mm R@10/2=35.2% R@5/1=14.3% cell@1=75.8% cell@3=94.0% | 17.0s
[  800/10000] loss=0.0619 (cls=0.0017 res=0.0404 mix=0.0037 rot=0.0250 beta=0.64) | val: 2.53deg/3275mm R@10/2=35.2% R@5/1=14.3% cell@1=71.4% cell@3=92.9% | 18.9s
[  900/10000] loss=0.0478 (cls=0.0015 res=0.0292 mix=0.0024 rot=0.0240 beta=0.61) | val: 2.29deg/3036mm R@10/2=35.7% R@5/1=15.4% cell@1=72.5% cell@3=93.4% | 20.8s
[ 1000/10000] loss=0.0390 (cls=0.0017 res=0.0223 mix=0.0015 rot=0.0231 beta=0.59) | val: 2.30deg/3062mm R@10/2=35.2% R@5/1=14.3% cell@1=75.8% cell@3=95.6% | 22.8s
[ 1100/10000] loss=0.0410 (cls=0.0013 res=0.0261 mix=0.0020 rot=0.0207 beta=0.56) | val: 2.55deg/3263mm R@10/2=35.2% R@5/1=15.4% cell@1=75.3% cell@3=95.1% | 24.7s
[ 1200/10000] loss=0.0441 (cls=0.0017 res=0.0285 mix=0.0022 rot=0.0215 beta=0.54) | val: 2.43deg/3280mm R@10/2=36.3% R@5/1=13.2% cell@1=76.4% cell@3=95.1% | 26.7s
[ 1300/10000] loss=0.0343 (cls=0.0011 res=0.0214 mix=0.0015 rot=0.0200 beta=0.52) | val: 2.29deg/3299mm R@10/2=34.1% R@5/1=14.3% cell@1=74.2% cell@3=94.5% | 28.6s
[ 1400/10000] loss=0.0285 (cls=0.0011 res=0.0166 mix=0.0010 rot=0.0197 beta=0.50) | val: 2.64deg/3394mm R@10/2=33.5% R@5/1=14.3% cell@1=74.7% cell@3=94.0% | 30.6s
[ 1500/10000] loss=0.0247 (cls=0.0012 res=0.0137 mix=0.0010 rot=0.0184 beta=0.48) | val: 2.41deg/3092mm R@10/2=33.5% R@5/1=13.2% cell@1=75.8% cell@3=95.1% | 32.5s
[ 1600/10000] loss=0.0795 (cls=0.0182 res=0.0496 mix=0.0032 rot=0.0185 beta=0.46) | val: 2.45deg/2643mm R@10/2=34.1% R@5/1=14.8% cell@1=69.8% cell@3=94.0% | 34.4s
[ 1700/10000] loss=0.0521 (cls=0.0045 res=0.0368 mix=0.0026 rot=0.0188 beta=0.44) | val: 2.70deg/3398mm R@10/2=30.2% R@5/1=9.3% cell@1=68.1% cell@3=92.9% | 36.4s
[ 1800/10000] loss=0.0235 (cls=0.0005 res=0.0144 mix=0.0010 rot=0.0179 beta=0.43) | val: 2.57deg/3464mm R@10/2=31.3% R@5/1=12.6% cell@1=69.2% cell@3=93.4% | 38.3s
[ 1900/10000] loss=0.0231 (cls=0.0006 res=0.0142 mix=0.0011 rot=0.0175 beta=0.41) | val: 2.59deg/3443mm R@10/2=30.2% R@5/1=11.5% cell@1=68.1% cell@3=92.9% | 40.3s
[ 2000/10000] loss=0.0195 (cls=0.0004 res=0.0113 mix=0.0008 rot=0.0176 beta=0.40) | val: 2.53deg/3416mm R@10/2=31.3% R@5/1=12.6% cell@1=69.2% cell@3=94.0% | 42.2s
[ 2100/10000] loss=0.0179 (cls=0.0004 res=0.0105 mix=0.0007 rot=0.0166 beta=0.38) | val: 2.55deg/3474mm R@10/2=30.8% R@5/1=14.8% cell@1=68.1% cell@3=94.0% | 44.1s
[ 2200/10000] loss=0.0193 (cls=0.0004 res=0.0120 mix=0.0008 rot=0.0163 beta=0.37) | val: 2.70deg/3541mm R@10/2=31.3% R@5/1=12.6% cell@1=70.9% cell@3=94.0% | 46.1s
[ 2300/10000] loss=0.0179 (cls=0.0004 res=0.0109 mix=0.0008 rot=0.0166 beta=0.35) | val: 2.68deg/3507mm R@10/2=31.9% R@5/1=13.7% cell@1=69.8% cell@3=94.5% | 48.0s
[ 2400/10000] loss=0.0166 (cls=0.0004 res=0.0099 mix=0.0007 rot=0.0163 beta=0.34) | val: 2.70deg/3373mm R@10/2=33.0% R@5/1=12.1% cell@1=70.3% cell@3=94.0% | 49.9s
[ 2500/10000] loss=0.0148 (cls=0.0003 res=0.0085 mix=0.0005 rot=0.0162 beta=0.33) | val: 2.81deg/3452mm R@10/2=29.7% R@5/1=13.7% cell@1=68.7% cell@3=94.0% | 51.9s
[ 2600/10000] loss=0.0147 (cls=0.0002 res=0.0091 mix=0.0006 rot=0.0148 beta=0.32) | val: 2.46deg/3539mm R@10/2=31.9% R@5/1=11.5% cell@1=69.2% cell@3=94.0% | 53.8s
[ 2700/10000] loss=0.0161 (cls=0.0003 res=0.0105 mix=0.0007 rot=0.0147 beta=0.31) | val: 2.64deg/3462mm R@10/2=31.9% R@5/1=14.3% cell@1=69.8% cell@3=94.0% | 55.8s
[ 2800/10000] loss=0.0130 (cls=0.0003 res=0.0075 mix=0.0005 rot=0.0159 beta=0.30) | val: 2.66deg/3354mm R@10/2=30.2% R@5/1=13.2% cell@1=71.4% cell@3=94.5% | 57.7s
[ 2900/10000] loss=0.0137 (cls=0.0003 res=0.0081 mix=0.0006 rot=0.0163 beta=0.29) | val: 2.73deg/3613mm R@10/2=31.3% R@5/1=11.5% cell@1=69.8% cell@3=94.0% | 59.6s
[ 3000/10000] loss=0.0149 (cls=0.0004 res=0.0094 mix=0.0007 rot=0.0159 beta=0.28) | val: 2.74deg/3405mm R@10/2=31.9% R@5/1=11.5% cell@1=70.3% cell@3=93.4% | 61.6s
[ 3100/10000] loss=0.0136 (cls=0.0003 res=0.0087 mix=0.0006 rot=0.0146 beta=0.27) | val: 2.58deg/3578mm R@10/2=30.8% R@5/1=11.0% cell@1=72.0% cell@3=95.6% | 63.5s
[ 3200/10000] loss=0.0130 (cls=0.0002 res=0.0082 mix=0.0006 rot=0.0151 beta=0.26) | val: 2.73deg/3578mm R@10/2=33.0% R@5/1=11.0% cell@1=72.0% cell@3=95.1% | 65.5s
[ 3300/10000] loss=0.0109 (cls=0.0003 res=0.0067 mix=0.0005 rot=0.0139 beta=0.26) | val: 2.73deg/3366mm R@10/2=30.8% R@5/1=11.5% cell@1=70.9% cell@3=95.1% | 67.4s
[ 3400/10000] loss=0.0121 (cls=0.0003 res=0.0073 mix=0.0005 rot=0.0160 beta=0.25) | val: 2.77deg/3390mm R@10/2=30.8% R@5/1=12.6% cell@1=70.9% cell@3=95.6% | 69.3s
[ 3500/10000] loss=0.0115 (cls=0.0004 res=0.0074 mix=0.0005 rot=0.0135 beta=0.24) | val: 2.78deg/3369mm R@10/2=32.4% R@5/1=12.1% cell@1=71.4% cell@3=95.6% | 71.3s
[ 3600/10000] loss=0.0108 (cls=0.0003 res=0.0064 mix=0.0004 rot=0.0157 beta=0.23) | val: 2.80deg/3382mm R@10/2=30.2% R@5/1=12.1% cell@1=72.5% cell@3=95.1% | 73.2s
[ 3700/10000] loss=0.0119 (cls=0.0002 res=0.0077 mix=0.0006 rot=0.0151 beta=0.23) | val: 2.72deg/3575mm R@10/2=30.8% R@5/1=13.7% cell@1=69.8% cell@3=95.1% | 75.2s
[ 3800/10000] loss=0.0117 (cls=0.0003 res=0.0077 mix=0.0006 rot=0.0143 beta=0.22) | val: 2.71deg/3475mm R@10/2=30.2% R@5/1=13.2% cell@1=71.4% cell@3=95.6% | 77.1s
[ 3900/10000] loss=0.0095 (cls=0.0002 res=0.0057 mix=0.0004 rot=0.0151 beta=0.21) | val: 2.55deg/3406mm R@10/2=31.9% R@5/1=12.6% cell@1=72.5% cell@3=95.6% | 79.1s
[ 4000/10000] loss=0.0111 (cls=0.0002 res=0.0075 mix=0.0006 rot=0.0134 beta=0.21) | val: 2.59deg/3481mm R@10/2=31.9% R@5/1=12.1% cell@1=72.0% cell@3=95.1% | 81.0s
[ 4100/10000] loss=0.0105 (cls=0.0002 res=0.0069 mix=0.0005 rot=0.0142 beta=0.20) | val: 2.91deg/3490mm R@10/2=29.7% R@5/1=12.1% cell@1=70.9% cell@3=93.4% | 82.9s
[ 4200/10000] loss=0.0098 (cls=0.0002 res=0.0062 mix=0.0004 rot=0.0153 beta=0.20) | val: 2.89deg/3389mm R@10/2=30.8% R@5/1=12.6% cell@1=72.0% cell@3=95.1% | 84.9s
[ 4300/10000] loss=0.0110 (cls=0.0003 res=0.0075 mix=0.0005 rot=0.0142 beta=0.19) | val: 2.87deg/3385mm R@10/2=30.8% R@5/1=11.0% cell@1=70.9% cell@3=93.4% | 86.8s
[ 4400/10000] loss=0.0090 (cls=0.0002 res=0.0059 mix=0.0004 rot=0.0135 beta=0.19) | val: 2.72deg/3501mm R@10/2=31.3% R@5/1=11.0% cell@1=72.5% cell@3=94.5% | 88.8s
[ 4500/10000] loss=0.0092 (cls=0.0002 res=0.0062 mix=0.0004 rot=0.0135 beta=0.18) | val: 2.72deg/3363mm R@10/2=31.9% R@5/1=12.6% cell@1=72.5% cell@3=94.5% | 90.7s
[ 4600/10000] loss=0.0092 (cls=0.0002 res=0.0062 mix=0.0004 rot=0.0139 beta=0.18) | val: 2.80deg/3462mm R@10/2=30.2% R@5/1=12.1% cell@1=70.3% cell@3=93.4% | 92.7s
[ 4700/10000] loss=0.0091 (cls=0.0002 res=0.0059 mix=0.0004 rot=0.0148 beta=0.17) | val: 2.85deg/3426mm R@10/2=31.3% R@5/1=11.0% cell@1=72.0% cell@3=95.1% | 94.6s
[ 4800/10000] loss=0.0079 (cls=0.0002 res=0.0053 mix=0.0004 rot=0.0121 beta=0.17) | val: 2.61deg/3299mm R@10/2=31.9% R@5/1=11.0% cell@1=71.4% cell@3=95.1% | 96.6s
[ 4900/10000] loss=0.0084 (cls=0.0002 res=0.0054 mix=0.0003 rot=0.0146 beta=0.16) | val: 2.67deg/3524mm R@10/2=30.8% R@5/1=11.5% cell@1=72.0% cell@3=94.5% | 98.5s
[ 5000/10000] loss=0.0078 (cls=0.0002 res=0.0053 mix=0.0003 rot=0.0128 beta=0.16) | val: 2.70deg/3422mm R@10/2=30.8% R@5/1=12.1% cell@1=72.0% cell@3=93.4% | 100.4s
[ 5100/10000] loss=0.0079 (cls=0.0002 res=0.0052 mix=0.0004 rot=0.0134 beta=0.16) | val: 2.71deg/3639mm R@10/2=30.2% R@5/1=10.4% cell@1=71.4% cell@3=94.0% | 102.4s
[ 5200/10000] loss=0.0074 (cls=0.0002 res=0.0048 mix=0.0003 rot=0.0134 beta=0.15) | val: 2.69deg/3523mm R@10/2=31.3% R@5/1=11.0% cell@1=71.4% cell@3=95.1% | 104.3s
[ 5300/10000] loss=0.0070 (cls=0.0001 res=0.0047 mix=0.0003 rot=0.0129 beta=0.15) | val: 2.66deg/3358mm R@10/2=30.8% R@5/1=9.3% cell@1=74.2% cell@3=95.1% | 106.3s
[ 5400/10000] loss=0.0064 (cls=0.0002 res=0.0041 mix=0.0003 rot=0.0129 beta=0.15) | val: 2.70deg/3298mm R@10/2=31.3% R@5/1=11.0% cell@1=72.5% cell@3=95.1% | 108.2s
[ 5500/10000] loss=0.0074 (cls=0.0001 res=0.0049 mix=0.0003 rot=0.0137 beta=0.14) | val: 2.62deg/3347mm R@10/2=31.9% R@5/1=11.5% cell@1=73.1% cell@3=95.1% | 110.2s
[ 5600/10000] loss=0.0077 (cls=0.0001 res=0.0054 mix=0.0004 rot=0.0125 beta=0.14) | val: 2.77deg/3395mm R@10/2=31.9% R@5/1=12.1% cell@1=73.6% cell@3=95.1% | 112.1s
[ 5700/10000] loss=0.0073 (cls=0.0001 res=0.0051 mix=0.0003 rot=0.0125 beta=0.14) | val: 2.86deg/3336mm R@10/2=31.3% R@5/1=10.4% cell@1=73.6% cell@3=94.5% | 114.1s
[ 5800/10000] loss=0.0065 (cls=0.0001 res=0.0043 mix=0.0003 rot=0.0136 beta=0.14) | val: 2.78deg/3372mm R@10/2=30.8% R@5/1=13.2% cell@1=72.0% cell@3=93.4% | 116.0s
[ 5900/10000] loss=0.0063 (cls=0.0001 res=0.0043 mix=0.0003 rot=0.0121 beta=0.13) | val: 2.70deg/3338mm R@10/2=30.8% R@5/1=11.5% cell@1=72.5% cell@3=95.1% | 118.0s
[ 6000/10000] loss=0.0074 (cls=0.0001 res=0.0050 mix=0.0003 rot=0.0147 beta=0.13) | val: 2.72deg/3331mm R@10/2=31.3% R@5/1=10.4% cell@1=72.5% cell@3=95.1% | 119.9s
[ 6100/10000] loss=0.0061 (cls=0.0001 res=0.0041 mix=0.0003 rot=0.0131 beta=0.13) | val: 2.67deg/3388mm R@10/2=30.8% R@5/1=9.3% cell@1=74.2% cell@3=95.1% | 121.9s
[ 6200/10000] loss=0.0058 (cls=0.0001 res=0.0039 mix=0.0002 rot=0.0122 beta=0.13) | val: 2.78deg/3496mm R@10/2=31.9% R@5/1=11.5% cell@1=74.2% cell@3=95.1% | 123.8s
[ 6300/10000] loss=0.0064 (cls=0.0001 res=0.0044 mix=0.0003 rot=0.0128 beta=0.12) | val: 2.73deg/3336mm R@10/2=32.4% R@5/1=11.5% cell@1=72.5% cell@3=94.5% | 125.7s
[ 6400/10000] loss=0.0060 (cls=0.0001 res=0.0040 mix=0.0003 rot=0.0129 beta=0.12) | val: 2.87deg/3486mm R@10/2=31.3% R@5/1=11.0% cell@1=71.4% cell@3=94.5% | 127.7s
[ 6500/10000] loss=0.0054 (cls=0.0001 res=0.0035 mix=0.0002 rot=0.0136 beta=0.12) | val: 2.81deg/3367mm R@10/2=31.3% R@5/1=12.6% cell@1=72.5% cell@3=94.5% | 129.6s
[ 6600/10000] loss=0.0062 (cls=0.0001 res=0.0044 mix=0.0003 rot=0.0123 beta=0.12) | val: 2.86deg/3414mm R@10/2=30.8% R@5/1=12.6% cell@1=73.6% cell@3=94.5% | 131.6s
[ 6700/10000] loss=0.0057 (cls=0.0001 res=0.0039 mix=0.0003 rot=0.0124 beta=0.12) | val: 2.87deg/3481mm R@10/2=30.8% R@5/1=11.5% cell@1=74.2% cell@3=94.0% | 133.5s
[ 6800/10000] loss=0.0061 (cls=0.0001 res=0.0043 mix=0.0003 rot=0.0124 beta=0.12) | val: 2.86deg/3360mm R@10/2=30.8% R@5/1=9.9% cell@1=72.5% cell@3=94.0% | 135.5s
[ 6900/10000] loss=0.0061 (cls=0.0001 res=0.0042 mix=0.0003 rot=0.0129 beta=0.11) | val: 2.82deg/3511mm R@10/2=31.9% R@5/1=12.1% cell@1=73.1% cell@3=94.5% | 137.4s
[ 7000/10000] loss=0.0054 (cls=0.0001 res=0.0038 mix=0.0003 rot=0.0115 beta=0.11) | val: 2.87deg/3444mm R@10/2=31.9% R@5/1=9.9% cell@1=73.1% cell@3=93.4% | 139.4s
[ 7100/10000] loss=0.0050 (cls=0.0001 res=0.0032 mix=0.0002 rot=0.0133 beta=0.11) | val: 2.96deg/3437mm R@10/2=31.3% R@5/1=11.5% cell@1=72.0% cell@3=94.5% | 141.3s
[ 7200/10000] loss=0.0056 (cls=0.0001 res=0.0039 mix=0.0002 rot=0.0127 beta=0.11) | val: 2.88deg/3373mm R@10/2=31.9% R@5/1=9.3% cell@1=73.6% cell@3=95.1% | 143.3s
[ 7300/10000] loss=0.0053 (cls=0.0002 res=0.0036 mix=0.0002 rot=0.0122 beta=0.11) | val: 2.68deg/3273mm R@10/2=31.3% R@5/1=10.4% cell@1=73.6% cell@3=94.0% | 145.2s
[ 7400/10000] loss=0.0049 (cls=0.0001 res=0.0032 mix=0.0002 rot=0.0133 beta=0.11) | val: 2.80deg/3383mm R@10/2=31.3% R@5/1=11.5% cell@1=73.1% cell@3=94.5% | 147.2s
[ 7500/10000] loss=0.0050 (cls=0.0001 res=0.0034 mix=0.0002 rot=0.0123 beta=0.11) | val: 2.92deg/3422mm R@10/2=31.3% R@5/1=13.7% cell@1=72.0% cell@3=93.4% | 149.1s
[ 7600/10000] loss=0.0057 (cls=0.0001 res=0.0040 mix=0.0003 rot=0.0128 beta=0.11) | val: 2.80deg/3409mm R@10/2=31.9% R@5/1=12.6% cell@1=73.6% cell@3=94.5% | 151.1s
[ 7700/10000] loss=0.0047 (cls=0.0000 res=0.0031 mix=0.0002 rot=0.0129 beta=0.10) | val: 2.79deg/3482mm R@10/2=31.3% R@5/1=12.1% cell@1=74.2% cell@3=94.0% | 153.0s
[ 7800/10000] loss=0.0042 (cls=0.0001 res=0.0028 mix=0.0002 rot=0.0112 beta=0.10) | val: 2.90deg/3340mm R@10/2=30.8% R@5/1=10.4% cell@1=74.2% cell@3=95.1% | 155.0s
[ 7900/10000] loss=0.0046 (cls=0.0001 res=0.0031 mix=0.0002 rot=0.0124 beta=0.10) | val: 2.94deg/3508mm R@10/2=31.9% R@5/1=11.5% cell@1=73.6% cell@3=94.5% | 156.9s
[ 8000/10000] loss=0.0045 (cls=0.0001 res=0.0030 mix=0.0002 rot=0.0114 beta=0.10) | val: 2.90deg/3456mm R@10/2=32.4% R@5/1=12.1% cell@1=73.6% cell@3=94.5% | 158.9s
[ 8100/10000] loss=0.0045 (cls=0.0001 res=0.0030 mix=0.0002 rot=0.0116 beta=0.10) | val: 2.89deg/3261mm R@10/2=31.3% R@5/1=12.1% cell@1=73.1% cell@3=94.5% | 160.8s
[ 8200/10000] loss=0.0044 (cls=0.0001 res=0.0030 mix=0.0002 rot=0.0111 beta=0.10) | val: 2.74deg/3339mm R@10/2=31.3% R@5/1=11.0% cell@1=73.6% cell@3=94.5% | 162.8s
[ 8300/10000] loss=0.0042 (cls=0.0001 res=0.0028 mix=0.0002 rot=0.0116 beta=0.10) | val: 2.90deg/3425mm R@10/2=30.2% R@5/1=11.0% cell@1=73.1% cell@3=94.0% | 164.7s
[ 8400/10000] loss=0.0044 (cls=0.0001 res=0.0031 mix=0.0002 rot=0.0106 beta=0.10) | val: 2.86deg/3331mm R@10/2=31.9% R@5/1=11.5% cell@1=73.1% cell@3=94.5% | 166.6s
[ 8500/10000] loss=0.0043 (cls=0.0000 res=0.0028 mix=0.0002 rot=0.0121 beta=0.10) | val: 2.92deg/3324mm R@10/2=31.3% R@5/1=11.0% cell@1=72.0% cell@3=94.0% | 168.6s
[ 8600/10000] loss=0.0042 (cls=0.0001 res=0.0028 mix=0.0002 rot=0.0113 beta=0.10) | val: 2.87deg/3458mm R@10/2=30.8% R@5/1=11.0% cell@1=72.5% cell@3=94.0% | 170.5s
[ 8700/10000] loss=0.0038 (cls=0.0001 res=0.0025 mix=0.0002 rot=0.0115 beta=0.10) | val: 2.91deg/3312mm R@10/2=30.2% R@5/1=12.1% cell@1=73.1% cell@3=94.5% | 172.5s
[ 8800/10000] loss=0.0039 (cls=0.0001 res=0.0026 mix=0.0002 rot=0.0106 beta=0.10) | val: 2.91deg/3375mm R@10/2=31.9% R@5/1=11.5% cell@1=73.1% cell@3=94.0% | 174.4s
[ 8900/10000] loss=0.0040 (cls=0.0001 res=0.0026 mix=0.0002 rot=0.0113 beta=0.10) | val: 2.94deg/3449mm R@10/2=31.3% R@5/1=12.6% cell@1=72.5% cell@3=94.0% | 176.4s
[ 9000/10000] loss=0.0043 (cls=0.0001 res=0.0028 mix=0.0002 rot=0.0120 beta=0.10) | val: 2.83deg/3333mm R@10/2=31.3% R@5/1=12.1% cell@1=72.0% cell@3=94.0% | 178.3s
[ 9100/10000] loss=0.0042 (cls=0.0000 res=0.0028 mix=0.0002 rot=0.0122 beta=0.10) | val: 2.86deg/3450mm R@10/2=30.8% R@5/1=12.6% cell@1=72.5% cell@3=94.0% | 180.3s
[ 9200/10000] loss=0.0047 (cls=0.0001 res=0.0032 mix=0.0002 rot=0.0120 beta=0.10) | val: 2.87deg/3313mm R@10/2=31.9% R@5/1=12.1% cell@1=72.5% cell@3=94.0% | 182.2s
[ 9300/10000] loss=0.0038 (cls=0.0001 res=0.0025 mix=0.0001 rot=0.0112 beta=0.10) | val: 2.82deg/3353mm R@10/2=32.4% R@5/1=12.1% cell@1=73.1% cell@3=94.0% | 184.2s
[ 9400/10000] loss=0.0037 (cls=0.0001 res=0.0023 mix=0.0001 rot=0.0118 beta=0.10) | val: 2.86deg/3405mm R@10/2=31.9% R@5/1=12.1% cell@1=72.5% cell@3=94.0% | 186.1s
[ 9500/10000] loss=0.0043 (cls=0.0001 res=0.0029 mix=0.0002 rot=0.0119 beta=0.10) | val: 2.86deg/3350mm R@10/2=31.3% R@5/1=12.1% cell@1=72.0% cell@3=94.5% | 188.1s
[ 9600/10000] loss=0.0036 (cls=0.0000 res=0.0023 mix=0.0002 rot=0.0113 beta=0.10) | val: 2.87deg/3350mm R@10/2=31.9% R@5/1=12.1% cell@1=72.5% cell@3=94.0% | 190.0s
[ 9700/10000] loss=0.0044 (cls=0.0001 res=0.0030 mix=0.0002 rot=0.0113 beta=0.10) | val: 2.88deg/3341mm R@10/2=32.4% R@5/1=12.1% cell@1=73.1% cell@3=94.0% | 191.9s
[ 9800/10000] loss=0.0040 (cls=0.0001 res=0.0026 mix=0.0002 rot=0.0116 beta=0.10) | val: 2.88deg/3337mm R@10/2=31.9% R@5/1=11.5% cell@1=73.1% cell@3=94.0% | 193.9s
[ 9900/10000] loss=0.0040 (cls=0.0001 res=0.0027 mix=0.0002 rot=0.0110 beta=0.10) | val: 2.85deg/3340mm R@10/2=31.3% R@5/1=12.1% cell@1=73.1% cell@3=94.0% | 195.8s
[10000/10000] loss=0.0039 (cls=0.0000 res=0.0026 mix=0.0002 rot=0.0114 beta=0.10) | val: 2.86deg/3339mm R@10/2=31.3% R@5/1=11.5% cell@1=73.1% cell@3=94.0% | 197.8s

Training done. Best epoch: 290, score: 2.7570

======================================================================
EVALUATION RESULTS (Grid Classification + Residual)
======================================================================
Rotation  (median): 2.84deg
Translation (median): 2484mm
  R@5deg_1m: 19.8%  (rot_pass=86.3%, trans_pass=20.3%)
  R@10deg_2m: 39.6%  (rot_pass=100.0%, trans_pass=39.6%)
  R@15deg_5m: 78.0%  (rot_pass=100.0%, trans_pass=78.0%)
  R@25deg_5m: 78.0%  (rot_pass=100.0%, trans_pass=78.0%)

======================================================================
EVALUATION RESULTS (Retrieval Mode)
======================================================================
Retrieval median: 10.90deg / 3062mm
  R@5deg_1m: 2.2%  (rot=7.7%, trans=15.4%)
  R@10deg_2m: 20.3%  (rot=43.4%, trans=35.7%)
  R@15deg_5m: 58.2%  (rot=70.9%, trans=75.3%)
  R@25deg_5m: 73.6%  (rot=95.1%, trans=75.3%)

======================================================================
CLASSIFICATION
======================================================================
  Top-1 cell acc: 71.4%
  Top-3 cell acc: 94.5%
