Random seed: 123
Using device: cuda:4
  Feature dim after pooling: 3584

Loading raw data for frozen pooling (fine=True, coarse=True, summary=True)...
  Loaded fine_geo: torch.Size([895, 128, 68, 120])
  Loaded coarse_sem: torch.Size([895, 128, 68, 120])
  Loaded summary: torch.Size([895, 2560])
  [train] 895 samples loaded
  Loaded fine_geo: torch.Size([182, 128, 68, 120])
  Loaded coarse_sem: torch.Size([182, 128, 68, 120])
  Loaded summary: torch.Size([182, 2560])
  [test] 182 samples loaded

Precomputing frozen pooled features...
  Pre-computed pooled features: torch.Size([895, 3584]) (12.8 MB)
  Pre-computed pooled features: torch.Size([182, 3584]) (2.6 MB)
Trainable parameters: 8,672,011
[    1/10000] loss=5.5545 (t=0.3631 rank=5.6593 rot=2.3618 beta=1.00) | val: 94.34deg/19184mm R@10/2=0.0% R@5/1=0.0% attn_top1<2m=26.4% | 0.8s
[  100/10000] loss=1.7842 (t=0.0213 rank=3.4378 rot=0.0471 beta=0.93) | val: 3.63deg/2076mm R@10/2=48.4% R@5/1=17.0% attn_top1<2m=38.5% | 3.1s
[  200/10000] loss=1.7168 (t=0.0101 rank=3.3515 rot=0.0345 beta=0.89) | val: 2.59deg/2197mm R@10/2=48.4% R@5/1=20.9% attn_top1<2m=40.7% | 4.3s
[  300/10000] loss=1.7010 (t=0.0080 rank=3.3346 rot=0.0299 beta=0.86) | val: 1.80deg/2174mm R@10/2=46.7% R@5/1=18.7% attn_top1<2m=38.5% | 5.6s
[  400/10000] loss=1.6860 (t=0.0057 rank=3.3109 rot=0.0300 beta=0.83) | val: 2.05deg/2363mm R@10/2=46.2% R@5/1=19.2% attn_top1<2m=39.6% | 7.5s
[  500/10000] loss=1.6756 (t=0.0050 rank=3.2983 rot=0.0270 beta=0.79) | val: 1.86deg/2299mm R@10/2=43.4% R@5/1=23.6% attn_top1<2m=39.0% | 8.7s
[  600/10000] loss=1.6949 (t=0.0044 rank=3.3434 rot=0.0248 beta=0.76) | val: 1.87deg/2197mm R@10/2=46.7% R@5/1=22.0% attn_top1<2m=39.0% | 9.8s
[  700/10000] loss=1.7173 (t=0.0040 rank=3.3908 rot=0.0245 beta=0.73) | val: 1.90deg/2271mm R@10/2=44.5% R@5/1=19.2% attn_top1<2m=40.1% | 10.9s
[  800/10000] loss=1.7092 (t=0.0031 rank=3.3749 rot=0.0266 beta=0.70) | val: 1.91deg/2238mm R@10/2=47.3% R@5/1=20.3% attn_top1<2m=38.5% | 12.1s
[  900/10000] loss=1.6607 (t=0.0026 rank=3.2824 rot=0.0250 beta=0.68) | val: 1.90deg/2259mm R@10/2=44.0% R@5/1=18.1% attn_top1<2m=38.5% | 13.0s
[ 1000/10000] loss=1.6284 (t=0.0039 rank=3.2214 rot=0.0213 beta=0.65) | val: 1.81deg/2406mm R@10/2=42.9% R@5/1=19.2% attn_top1<2m=39.0% | 14.0s
[ 1100/10000] loss=1.6735 (t=0.0020 rank=3.3197 rot=0.0187 beta=0.63) | val: 1.70deg/2199mm R@10/2=44.0% R@5/1=19.8% attn_top1<2m=39.6% | 15.4s
[ 1200/10000] loss=1.6795 (t=0.0019 rank=3.3298 rot=0.0211 beta=0.60) | val: 2.06deg/2171mm R@10/2=46.7% R@5/1=21.4% attn_top1<2m=38.5% | 16.5s
[ 1300/10000] loss=1.6350 (t=0.0018 rank=3.2435 rot=0.0197 beta=0.58) | val: 1.64deg/2081mm R@10/2=47.8% R@5/1=18.1% attn_top1<2m=38.5% | 17.7s
[ 1400/10000] loss=1.6913 (t=0.0015 rank=3.3603 rot=0.0173 beta=0.56) | val: 1.60deg/2316mm R@10/2=46.2% R@5/1=22.5% attn_top1<2m=39.0% | 18.9s
[ 1500/10000] loss=1.6763 (t=0.0016 rank=3.3288 rot=0.0191 beta=0.54) | val: 1.67deg/2324mm R@10/2=44.0% R@5/1=19.8% attn_top1<2m=39.0% | 20.0s
[ 1600/10000] loss=1.6308 (t=0.0013 rank=3.2404 rot=0.0178 beta=0.52) | val: 1.66deg/2282mm R@10/2=43.4% R@5/1=16.5% attn_top1<2m=38.5% | 21.0s
[ 1700/10000] loss=1.5961 (t=0.0015 rank=3.1724 rot=0.0169 beta=0.50) | val: 1.59deg/2315mm R@10/2=46.7% R@5/1=18.7% attn_top1<2m=38.5% | 22.1s
[ 1800/10000] loss=1.6811 (t=0.0012 rank=3.3425 rot=0.0178 beta=0.48) | val: 1.56deg/2361mm R@10/2=44.0% R@5/1=18.7% attn_top1<2m=39.0% | 23.3s
[ 1900/10000] loss=1.6892 (t=0.0019 rank=3.3584 rot=0.0174 beta=0.47) | val: 1.83deg/2337mm R@10/2=44.5% R@5/1=20.3% attn_top1<2m=37.9% | 24.4s
[ 2000/10000] loss=1.7091 (t=0.0013 rank=3.4001 rot=0.0172 beta=0.45) | val: 1.66deg/2249mm R@10/2=44.5% R@5/1=20.9% attn_top1<2m=39.6% | 25.5s
[ 2100/10000] loss=1.6629 (t=0.0012 rank=3.3082 rot=0.0174 beta=0.43) | val: 1.61deg/2404mm R@10/2=44.0% R@5/1=20.3% attn_top1<2m=39.0% | 26.7s
[ 2200/10000] loss=1.6469 (t=0.0012 rank=3.2771 rot=0.0169 beta=0.42) | val: 1.72deg/2377mm R@10/2=45.6% R@5/1=18.7% attn_top1<2m=39.6% | 27.8s
[ 2300/10000] loss=1.6414 (t=0.0011 rank=3.2674 rot=0.0161 beta=0.41) | val: 1.71deg/2313mm R@10/2=47.3% R@5/1=20.3% attn_top1<2m=39.0% | 28.9s
[ 2400/10000] loss=1.6539 (t=0.0009 rank=3.2941 rot=0.0151 beta=0.39) | val: 1.57deg/2362mm R@10/2=45.1% R@5/1=20.9% attn_top1<2m=39.0% | 30.1s
[ 2500/10000] loss=1.6403 (t=0.0013 rank=3.2659 rot=0.0162 beta=0.38) | val: 1.80deg/2311mm R@10/2=45.6% R@5/1=17.6% attn_top1<2m=39.0% | 31.3s
[ 2600/10000] loss=1.6901 (t=0.0012 rank=3.3665 rot=0.0154 beta=0.37) | val: 1.57deg/2393mm R@10/2=45.6% R@5/1=18.1% attn_top1<2m=38.5% | 32.6s
[ 2700/10000] loss=1.6485 (t=0.0010 rank=3.2827 rot=0.0172 beta=0.36) | val: 1.72deg/2371mm R@10/2=45.1% R@5/1=19.2% attn_top1<2m=38.5% | 33.7s
[ 2800/10000] loss=1.6725 (t=0.0010 rank=3.3331 rot=0.0145 beta=0.34) | val: 1.72deg/2298mm R@10/2=45.6% R@5/1=19.2% attn_top1<2m=37.9% | 34.8s
[ 2900/10000] loss=1.6212 (t=0.0010 rank=3.2284 rot=0.0181 beta=0.33) | val: 1.60deg/2478mm R@10/2=43.4% R@5/1=20.3% attn_top1<2m=39.0% | 35.9s
[ 3000/10000] loss=1.6577 (t=0.0008 rank=3.3044 rot=0.0145 beta=0.32) | val: 1.71deg/2418mm R@10/2=45.1% R@5/1=20.9% attn_top1<2m=39.0% | 37.1s
[ 3100/10000] loss=1.6078 (t=0.0008 rank=3.2048 rot=0.0146 beta=0.31) | val: 1.60deg/2374mm R@10/2=44.5% R@5/1=17.6% attn_top1<2m=37.4% | 38.2s
[ 3200/10000] loss=1.6593 (t=0.0010 rank=3.3064 rot=0.0165 beta=0.30) | val: 1.62deg/2328mm R@10/2=45.6% R@5/1=18.7% attn_top1<2m=37.9% | 39.4s
[ 3300/10000] loss=1.6978 (t=0.0009 rank=3.3856 rot=0.0142 beta=0.29) | val: 1.78deg/2271mm R@10/2=45.1% R@5/1=18.1% attn_top1<2m=38.5% | 40.5s
[ 3400/10000] loss=1.6483 (t=0.0008 rank=3.2860 rot=0.0159 beta=0.29) | val: 1.66deg/2349mm R@10/2=44.5% R@5/1=20.9% attn_top1<2m=39.0% | 41.6s
[ 3500/10000] loss=1.7075 (t=0.0009 rank=3.4051 rot=0.0144 beta=0.28) | val: 1.67deg/2312mm R@10/2=45.1% R@5/1=16.5% attn_top1<2m=39.0% | 42.6s
[ 3600/10000] loss=1.6812 (t=0.0008 rank=3.3530 rot=0.0143 beta=0.27) | val: 1.61deg/2359mm R@10/2=44.5% R@5/1=20.3% attn_top1<2m=38.5% | 43.6s
[ 3700/10000] loss=1.6776 (t=0.0008 rank=3.3467 rot=0.0133 beta=0.26) | val: 1.65deg/2365mm R@10/2=45.6% R@5/1=19.8% attn_top1<2m=38.5% | 44.8s
[ 3800/10000] loss=1.6434 (t=0.0011 rank=3.2771 rot=0.0147 beta=0.25) | val: 1.59deg/2418mm R@10/2=42.9% R@5/1=18.7% attn_top1<2m=39.0% | 45.9s
[ 3900/10000] loss=1.6760 (t=0.0011 rank=3.3429 rot=0.0141 beta=0.25) | val: 1.66deg/2474mm R@10/2=43.4% R@5/1=18.1% attn_top1<2m=37.4% | 46.9s
[ 4000/10000] loss=1.6933 (t=0.0007 rank=3.3789 rot=0.0134 beta=0.24) | val: 1.71deg/2325mm R@10/2=45.1% R@5/1=20.3% attn_top1<2m=38.5% | 48.0s
[ 4100/10000] loss=1.6608 (t=0.0007 rank=3.3133 rot=0.0146 beta=0.23) | val: 1.67deg/2357mm R@10/2=43.4% R@5/1=17.6% attn_top1<2m=37.9% | 49.2s
[ 4200/10000] loss=1.7153 (t=0.0006 rank=3.4236 rot=0.0129 beta=0.23) | val: 1.55deg/2331mm R@10/2=45.1% R@5/1=19.8% attn_top1<2m=37.4% | 50.3s
[ 4300/10000] loss=1.6513 (t=0.0007 rank=3.2950 rot=0.0141 beta=0.22) | val: 1.76deg/2342mm R@10/2=44.0% R@5/1=20.3% attn_top1<2m=38.5% | 51.4s
[ 4400/10000] loss=1.6601 (t=0.0006 rank=3.3133 rot=0.0135 beta=0.22) | val: 1.58deg/2344mm R@10/2=45.6% R@5/1=19.8% attn_top1<2m=38.5% | 52.5s
[ 4500/10000] loss=1.6146 (t=0.0007 rank=3.2218 rot=0.0144 beta=0.21) | val: 1.63deg/2317mm R@10/2=44.5% R@5/1=18.1% attn_top1<2m=37.9% | 53.7s
[ 4600/10000] loss=1.6682 (t=0.0007 rank=3.3290 rot=0.0148 beta=0.21) | val: 1.64deg/2434mm R@10/2=43.4% R@5/1=19.2% attn_top1<2m=37.4% | 54.8s
[ 4700/10000] loss=1.6875 (t=0.0006 rank=3.3687 rot=0.0130 beta=0.20) | val: 1.75deg/2427mm R@10/2=43.4% R@5/1=19.8% attn_top1<2m=38.5% | 56.0s
[ 4800/10000] loss=1.6764 (t=0.0007 rank=3.3464 rot=0.0130 beta=0.20) | val: 1.59deg/2396mm R@10/2=44.5% R@5/1=19.8% attn_top1<2m=37.9% | 57.1s
[ 4900/10000] loss=1.6173 (t=0.0006 rank=3.2285 rot=0.0129 beta=0.19) | val: 1.71deg/2443mm R@10/2=44.5% R@5/1=17.0% attn_top1<2m=37.4% | 58.2s
[ 5000/10000] loss=1.6054 (t=0.0007 rank=3.2042 rot=0.0142 beta=0.19) | val: 1.63deg/2357mm R@10/2=44.5% R@5/1=15.9% attn_top1<2m=37.9% | 59.3s
[ 5100/10000] loss=1.6733 (t=0.0007 rank=3.3408 rot=0.0124 beta=0.18) | val: 1.67deg/2414mm R@10/2=44.5% R@5/1=19.2% attn_top1<2m=36.8% | 60.6s
[ 5200/10000] loss=1.6669 (t=0.0006 rank=3.3280 rot=0.0127 beta=0.18) | val: 1.66deg/2373mm R@10/2=44.0% R@5/1=18.7% attn_top1<2m=38.5% | 61.6s
[ 5300/10000] loss=1.7016 (t=0.0008 rank=3.3972 rot=0.0128 beta=0.17) | val: 1.66deg/2419mm R@10/2=44.0% R@5/1=17.0% attn_top1<2m=38.5% | 62.7s
[ 5400/10000] loss=1.6359 (t=0.0006 rank=3.2660 rot=0.0133 beta=0.17) | val: 1.68deg/2358mm R@10/2=43.4% R@5/1=17.6% attn_top1<2m=38.5% | 63.9s
[ 5500/10000] loss=1.6428 (t=0.0006 rank=3.2800 rot=0.0127 beta=0.17) | val: 1.71deg/2400mm R@10/2=43.4% R@5/1=17.0% attn_top1<2m=37.9% | 65.0s
[ 5600/10000] loss=1.6987 (t=0.0004 rank=3.3928 rot=0.0117 beta=0.16) | val: 1.69deg/2429mm R@10/2=44.0% R@5/1=19.2% attn_top1<2m=37.4% | 66.3s
[ 5700/10000] loss=1.6781 (t=0.0005 rank=3.3506 rot=0.0139 beta=0.16) | val: 1.65deg/2432mm R@10/2=42.3% R@5/1=17.6% attn_top1<2m=37.4% | 67.5s
[ 5800/10000] loss=1.6343 (t=0.0006 rank=3.2635 rot=0.0123 beta=0.16) | val: 1.57deg/2439mm R@10/2=44.0% R@5/1=17.6% attn_top1<2m=37.4% | 68.6s
[ 5900/10000] loss=1.6326 (t=0.0006 rank=3.2604 rot=0.0117 beta=0.15) | val: 1.66deg/2413mm R@10/2=43.4% R@5/1=18.1% attn_top1<2m=37.9% | 69.9s
[ 6000/10000] loss=1.6446 (t=0.0005 rank=3.2840 rot=0.0140 beta=0.15) | val: 1.69deg/2373mm R@10/2=44.5% R@5/1=18.7% attn_top1<2m=37.4% | 71.2s
[ 6100/10000] loss=1.6619 (t=0.0005 rank=3.3188 rot=0.0129 beta=0.15) | val: 1.67deg/2504mm R@10/2=44.0% R@5/1=19.2% attn_top1<2m=39.0% | 72.3s
[ 6200/10000] loss=1.6643 (t=0.0005 rank=3.3238 rot=0.0131 beta=0.15) | val: 1.67deg/2451mm R@10/2=44.5% R@5/1=17.6% attn_top1<2m=36.3% | 73.4s
[ 6300/10000] loss=1.6889 (t=0.0005 rank=3.3734 rot=0.0121 beta=0.14) | val: 1.69deg/2443mm R@10/2=44.5% R@5/1=18.1% attn_top1<2m=37.9% | 74.5s
[ 6400/10000] loss=1.6521 (t=0.0005 rank=3.2996 rot=0.0124 beta=0.14) | val: 1.59deg/2407mm R@10/2=45.1% R@5/1=18.1% attn_top1<2m=38.5% | 75.6s
[ 6500/10000] loss=1.6453 (t=0.0006 rank=3.2860 rot=0.0123 beta=0.14) | val: 1.64deg/2502mm R@10/2=44.0% R@5/1=18.7% attn_top1<2m=37.9% | 76.6s
[ 6600/10000] loss=1.7001 (t=0.0005 rank=3.3958 rot=0.0128 beta=0.14) | val: 1.68deg/2361mm R@10/2=43.4% R@5/1=16.5% attn_top1<2m=36.8% | 77.6s
[ 6700/10000] loss=1.6853 (t=0.0004 rank=3.3664 rot=0.0123 beta=0.14) | val: 1.67deg/2446mm R@10/2=44.5% R@5/1=18.1% attn_top1<2m=37.4% | 78.8s
[ 6800/10000] loss=1.6490 (t=0.0006 rank=3.2937 rot=0.0118 beta=0.13) | val: 1.68deg/2404mm R@10/2=43.4% R@5/1=18.1% attn_top1<2m=36.8% | 80.1s
[ 6900/10000] loss=1.6634 (t=0.0004 rank=3.3230 rot=0.0113 beta=0.13) | val: 1.67deg/2357mm R@10/2=44.0% R@5/1=18.1% attn_top1<2m=38.5% | 81.4s
[ 7000/10000] loss=1.6776 (t=0.0003 rank=3.3514 rot=0.0118 beta=0.13) | val: 1.64deg/2258mm R@10/2=44.5% R@5/1=18.7% attn_top1<2m=37.4% | 82.6s
[ 7100/10000] loss=1.6810 (t=0.0004 rank=3.3580 rot=0.0121 beta=0.13) | val: 1.70deg/2498mm R@10/2=43.4% R@5/1=18.7% attn_top1<2m=37.4% | 83.8s
[ 7200/10000] loss=1.6988 (t=0.0005 rank=3.3939 rot=0.0114 beta=0.13) | val: 1.66deg/2332mm R@10/2=42.3% R@5/1=18.7% attn_top1<2m=37.4% | 85.1s
[ 7300/10000] loss=1.7100 (t=0.0005 rank=3.4160 rot=0.0119 beta=0.13) | val: 1.69deg/2505mm R@10/2=42.9% R@5/1=18.1% attn_top1<2m=36.8% | 86.4s
[ 7400/10000] loss=1.6456 (t=0.0005 rank=3.2871 rot=0.0128 beta=0.12) | val: 1.66deg/2477mm R@10/2=44.0% R@5/1=18.1% attn_top1<2m=36.8% | 87.5s
[ 7500/10000] loss=1.6351 (t=0.0004 rank=3.2666 rot=0.0106 beta=0.12) | val: 1.66deg/2444mm R@10/2=44.0% R@5/1=17.0% attn_top1<2m=37.4% | 88.5s
[ 7600/10000] loss=1.6292 (t=0.0005 rank=3.2544 rot=0.0117 beta=0.12) | val: 1.69deg/2507mm R@10/2=43.4% R@5/1=17.0% attn_top1<2m=38.5% | 89.7s
[ 7700/10000] loss=1.6537 (t=0.0006 rank=3.3035 rot=0.0117 beta=0.12) | val: 1.65deg/2484mm R@10/2=43.4% R@5/1=18.7% attn_top1<2m=37.4% | 90.8s
[ 7800/10000] loss=1.6682 (t=0.0005 rank=3.3329 rot=0.0106 beta=0.12) | val: 1.71deg/2527mm R@10/2=44.0% R@5/1=17.0% attn_top1<2m=37.4% | 91.9s
[ 7900/10000] loss=1.6206 (t=0.0005 rank=3.2374 rot=0.0126 beta=0.12) | val: 1.68deg/2479mm R@10/2=44.0% R@5/1=17.6% attn_top1<2m=36.8% | 93.5s
[ 8000/10000] loss=1.6660 (t=0.0005 rank=3.3283 rot=0.0120 beta=0.12) | val: 1.70deg/2443mm R@10/2=44.5% R@5/1=18.7% attn_top1<2m=36.8% | 94.7s
[ 8100/10000] loss=1.6560 (t=0.0004 rank=3.3086 rot=0.0112 beta=0.12) | val: 1.68deg/2464mm R@10/2=43.4% R@5/1=17.0% attn_top1<2m=36.8% | 95.8s
[ 8200/10000] loss=1.6944 (t=0.0004 rank=3.3856 rot=0.0101 beta=0.12) | val: 1.71deg/2452mm R@10/2=43.4% R@5/1=17.0% attn_top1<2m=36.8% | 96.8s
[ 8300/10000] loss=1.6748 (t=0.0005 rank=3.3461 rot=0.0109 beta=0.12) | val: 1.73deg/2427mm R@10/2=43.4% R@5/1=18.1% attn_top1<2m=36.8% | 97.9s
[ 8400/10000] loss=1.6202 (t=0.0004 rank=3.2369 rot=0.0115 beta=0.12) | val: 1.75deg/2488mm R@10/2=44.0% R@5/1=18.1% attn_top1<2m=36.8% | 98.9s
[ 8500/10000] loss=1.6178 (t=0.0004 rank=3.2319 rot=0.0123 beta=0.12) | val: 1.71deg/2489mm R@10/2=44.0% R@5/1=18.1% attn_top1<2m=36.8% | 100.0s
[ 8600/10000] loss=1.6502 (t=0.0004 rank=3.2972 rot=0.0114 beta=0.11) | val: 1.68deg/2443mm R@10/2=44.5% R@5/1=18.1% attn_top1<2m=36.8% | 101.3s
[ 8700/10000] loss=1.6907 (t=0.0004 rank=3.3779 rot=0.0119 beta=0.11) | val: 1.69deg/2485mm R@10/2=44.0% R@5/1=18.1% attn_top1<2m=36.8% | 102.4s
[ 8800/10000] loss=1.6568 (t=0.0004 rank=3.3104 rot=0.0105 beta=0.11) | val: 1.71deg/2466mm R@10/2=44.0% R@5/1=18.7% attn_top1<2m=36.8% | 103.9s
[ 8900/10000] loss=1.6513 (t=0.0004 rank=3.2993 rot=0.0110 beta=0.11) | val: 1.66deg/2518mm R@10/2=44.5% R@5/1=18.1% attn_top1<2m=37.4% | 105.2s
[ 9000/10000] loss=1.6619 (t=0.0003 rank=3.3202 rot=0.0129 beta=0.11) | val: 1.63deg/2447mm R@10/2=43.4% R@5/1=17.0% attn_top1<2m=36.8% | 106.4s
[ 9100/10000] loss=1.6913 (t=0.0003 rank=3.3793 rot=0.0112 beta=0.11) | val: 1.69deg/2461mm R@10/2=44.0% R@5/1=17.0% attn_top1<2m=36.8% | 107.9s
[ 9200/10000] loss=1.6895 (t=0.0005 rank=3.3756 rot=0.0105 beta=0.11) | val: 1.65deg/2427mm R@10/2=44.0% R@5/1=17.0% attn_top1<2m=37.4% | 109.2s
[ 9300/10000] loss=1.6559 (t=0.0004 rank=3.3086 rot=0.0113 beta=0.11) | val: 1.70deg/2447mm R@10/2=44.0% R@5/1=17.0% attn_top1<2m=37.4% | 110.3s
[ 9400/10000] loss=1.6722 (t=0.0003 rank=3.3414 rot=0.0104 beta=0.11) | val: 1.69deg/2468mm R@10/2=44.5% R@5/1=16.5% attn_top1<2m=37.4% | 111.3s
[ 9500/10000] loss=1.6779 (t=0.0004 rank=3.3524 rot=0.0109 beta=0.11) | val: 1.70deg/2483mm R@10/2=44.0% R@5/1=17.0% attn_top1<2m=36.8% | 112.4s
[ 9600/10000] loss=1.6504 (t=0.0004 rank=3.2973 rot=0.0112 beta=0.11) | val: 1.67deg/2458mm R@10/2=44.0% R@5/1=17.0% attn_top1<2m=37.4% | 113.5s
[ 9700/10000] loss=1.6050 (t=0.0004 rank=3.2069 rot=0.0107 beta=0.11) | val: 1.67deg/2456mm R@10/2=44.0% R@5/1=17.0% attn_top1<2m=37.4% | 114.7s
[ 9800/10000] loss=1.7094 (t=0.0005 rank=3.4155 rot=0.0107 beta=0.11) | val: 1.68deg/2464mm R@10/2=44.0% R@5/1=17.0% attn_top1<2m=36.8% | 115.9s
[ 9900/10000] loss=1.6277 (t=0.0004 rank=3.2522 rot=0.0108 beta=0.11) | val: 1.68deg/2458mm R@10/2=44.0% R@5/1=17.0% attn_top1<2m=36.8% | 117.0s
[10000/10000] loss=1.6905 (t=0.0004 rank=3.3777 rot=0.0114 beta=0.11) | val: 1.69deg/2457mm R@10/2=44.0% R@5/1=17.0% attn_top1<2m=36.8% | 118.2s

Training done. Best epoch: 80, score: 2.1757

======================================================================
EVALUATION RESULTS (Memory Translation + Rotation Regression)
======================================================================
Rotation  (median): 2.98deg
Translation (median): 1929mm
  R@5deg_1m: 18.1%  (rot_pass=81.3%, trans_pass=20.3%)
  R@10deg_2m: 51.1%  (rot_pass=98.9%, trans_pass=51.1%)
  R@15deg_5m: 93.4%  (rot_pass=100.0%, trans_pass=93.4%)
  R@25deg_5m: 93.4%  (rot_pass=100.0%, trans_pass=93.4%)

======================================================================
EVALUATION RESULTS (Retrieval Mode)
======================================================================
Retrieval median: 11.09deg / 2875mm
  R@5deg_1m: 2.7%  (rot=6.6%, trans=17.6%)
  R@10deg_2m: 19.2%  (rot=42.9%, trans=36.8%)
  R@15deg_5m: 61.0%  (rot=73.6%, trans=83.0%)
  R@25deg_5m: 80.2%  (rot=94.5%, trans=83.0%)

======================================================================
MEMORY
======================================================================
  attn_top1_lt2m: 37.4
  attn_top3_lt2m: 41.2
