Random seed: 123
Using device: cuda:0
  Loaded fine_geo: torch.Size([895, 128, 68, 120])
  Loaded coarse_sem: torch.Size([895, 128, 68, 120])
  Loaded summary: torch.Size([895, 2560])
  [train] 895 samples loaded
  Loaded fine_geo: torch.Size([182, 128, 68, 120])
  Loaded coarse_sem: torch.Size([182, 128, 68, 120])
  Loaded summary: torch.Size([182, 2560])
  [test] 182 samples loaded

Building anchors...
  Anchors: K=32, inertia=5151.9
  Samples per anchor: min=13, mean=28.0, median=27, max=56
  Feature dim after pooling: 3584
Model parameters: 14,470,547
[    1/10000] loss=2.5862 (t=0.4772 cls=3.7310 rot=1.3628 beta=1.00) | val: 32.85deg/25499mm R@10/2=0.0% R@5/1=0.0% a@1=2.2% a@3=4.4% | 0.5s
[  100/10000] loss=0.1374 (t=0.0259 cls=0.2892 rot=0.0586 beta=0.92) | val: 4.48deg/2967mm R@10/2=22.5% R@5/1=3.3% a@1=64.3% a@3=94.5% | 3.1s
[  200/10000] loss=0.0736 (t=0.0222 cls=0.0834 rot=0.0400 beta=0.87) | val: 2.82deg/2886mm R@10/2=29.1% R@5/1=6.0% a@1=77.5% a@3=97.3% | 5.1s
[  300/10000] loss=0.0652 (t=0.0278 cls=0.0524 rot=0.0328 beta=0.82) | val: 2.37deg/3313mm R@10/2=22.0% R@5/1=6.6% a@1=75.3% a@3=97.3% | 7.1s
[  400/10000] loss=0.0466 (t=0.0206 cls=0.0110 rot=0.0304 beta=0.78) | val: 2.61deg/3337mm R@10/2=22.0% R@5/1=6.6% a@1=75.8% a@3=97.3% | 9.0s
[  500/10000] loss=0.0465 (t=0.0197 cls=0.0225 rot=0.0300 beta=0.75) | val: 2.20deg/3102mm R@10/2=25.3% R@5/1=6.6% a@1=80.8% a@3=97.8% | 11.0s
[  600/10000] loss=0.0425 (t=0.0166 cls=0.0248 rot=0.0294 beta=0.71) | val: 2.36deg/2923mm R@10/2=27.5% R@5/1=8.8% a@1=79.7% a@3=98.4% | 13.0s
[  700/10000] loss=0.0348 (t=0.0128 cls=0.0237 rot=0.0254 beta=0.68) | val: 2.28deg/3160mm R@10/2=24.2% R@5/1=8.8% a@1=76.9% a@3=94.5% | 15.0s
[  800/10000] loss=0.0290 (t=0.0104 cls=0.0038 rot=0.0274 beta=0.65) | val: 2.71deg/3042mm R@10/2=28.0% R@5/1=11.0% a@1=72.5% a@3=97.3% | 16.9s
[  900/10000] loss=0.0225 (t=0.0092 cls=0.0013 rot=0.0209 beta=0.62) | val: 2.03deg/3242mm R@10/2=28.0% R@5/1=8.2% a@1=74.2% a@3=97.3% | 18.9s
[ 1000/10000] loss=0.0179 (t=0.0051 cls=0.0009 rot=0.0211 beta=0.60) | val: 2.03deg/3065mm R@10/2=26.4% R@5/1=7.1% a@1=76.9% a@3=95.6% | 20.8s
[ 1100/10000] loss=0.0183 (t=0.0058 cls=0.0011 rot=0.0214 beta=0.57) | val: 2.19deg/3082mm R@10/2=28.0% R@5/1=9.3% a@1=75.3% a@3=96.2% | 22.8s
[ 1200/10000] loss=0.0142 (t=0.0036 cls=0.0005 rot=0.0191 beta=0.55) | val: 2.17deg/3211mm R@10/2=25.3% R@5/1=7.7% a@1=74.2% a@3=96.2% | 24.7s
[ 1300/10000] loss=0.0136 (t=0.0028 cls=0.0006 rot=0.0202 beta=0.53) | val: 2.16deg/3186mm R@10/2=30.2% R@5/1=8.8% a@1=73.6% a@3=95.6% | 26.7s
[ 1400/10000] loss=0.0118 (t=0.0026 cls=0.0006 rot=0.0178 beta=0.51) | val: 2.26deg/3291mm R@10/2=29.7% R@5/1=9.3% a@1=73.1% a@3=95.1% | 28.6s
[ 1500/10000] loss=0.0113 (t=0.0021 cls=0.0004 rot=0.0186 beta=0.49) | val: 2.05deg/3326mm R@10/2=29.1% R@5/1=7.7% a@1=75.3% a@3=94.5% | 30.6s
[ 1600/10000] loss=0.0109 (t=0.0018 cls=0.0004 rot=0.0192 beta=0.47) | val: 2.12deg/3346mm R@10/2=29.7% R@5/1=8.8% a@1=74.7% a@3=95.1% | 32.5s
[ 1700/10000] loss=0.0101 (t=0.0018 cls=0.0003 rot=0.0181 beta=0.45) | val: 2.29deg/3214mm R@10/2=27.5% R@5/1=9.3% a@1=75.8% a@3=95.1% | 34.5s
[ 1800/10000] loss=0.0099 (t=0.0016 cls=0.0003 rot=0.0190 beta=0.44) | val: 2.24deg/3185mm R@10/2=28.0% R@5/1=8.8% a@1=75.8% a@3=93.4% | 36.4s
[ 1900/10000] loss=0.0083 (t=0.0013 cls=0.0004 rot=0.0163 beta=0.42) | val: 2.12deg/3401mm R@10/2=28.6% R@5/1=9.3% a@1=75.3% a@3=94.5% | 38.4s
[ 2000/10000] loss=0.0089 (t=0.0012 cls=0.0002 rot=0.0189 beta=0.41) | val: 2.34deg/3252mm R@10/2=29.1% R@5/1=8.8% a@1=74.7% a@3=94.5% | 40.4s
[ 2100/10000] loss=0.0081 (t=0.0009 cls=0.0002 rot=0.0183 beta=0.39) | val: 2.36deg/3458mm R@10/2=29.1% R@5/1=9.3% a@1=78.0% a@3=95.1% | 42.3s
[ 2200/10000] loss=0.0072 (t=0.0014 cls=0.0002 rot=0.0151 beta=0.38) | val: 2.16deg/3317mm R@10/2=29.1% R@5/1=11.5% a@1=78.6% a@3=94.5% | 44.3s
[ 2300/10000] loss=0.0068 (t=0.0012 cls=0.0001 rot=0.0152 beta=0.37) | val: 2.23deg/3372mm R@10/2=28.0% R@5/1=9.9% a@1=76.9% a@3=94.0% | 46.2s
[ 2400/10000] loss=0.0068 (t=0.0011 cls=0.0002 rot=0.0159 beta=0.35) | val: 2.29deg/3351mm R@10/2=27.5% R@5/1=9.3% a@1=76.9% a@3=95.6% | 48.2s
[ 2500/10000] loss=0.0064 (t=0.0008 cls=0.0002 rot=0.0163 beta=0.34) | val: 2.25deg/3383mm R@10/2=26.4% R@5/1=8.2% a@1=78.0% a@3=94.0% | 50.1s
[ 2600/10000] loss=0.0060 (t=0.0009 cls=0.0002 rot=0.0155 beta=0.33) | val: 2.13deg/3378mm R@10/2=28.0% R@5/1=9.9% a@1=78.0% a@3=94.0% | 52.1s
[ 2700/10000] loss=0.0059 (t=0.0008 cls=0.0002 rot=0.0159 beta=0.32) | val: 2.16deg/3453mm R@10/2=27.5% R@5/1=8.8% a@1=78.0% a@3=94.0% | 54.1s
[ 2800/10000] loss=0.0052 (t=0.0007 cls=0.0002 rot=0.0143 beta=0.31) | val: 2.23deg/3433mm R@10/2=28.0% R@5/1=9.9% a@1=79.1% a@3=94.0% | 56.0s
[ 2900/10000] loss=0.0059 (t=0.0008 cls=0.0001 rot=0.0171 beta=0.30) | val: 2.29deg/3426mm R@10/2=28.0% R@5/1=10.4% a@1=78.0% a@3=94.0% | 58.0s
[ 3000/10000] loss=0.0053 (t=0.0007 cls=0.0001 rot=0.0156 beta=0.29) | val: 2.20deg/3589mm R@10/2=26.9% R@5/1=8.8% a@1=78.6% a@3=93.4% | 59.9s
[ 3100/10000] loss=0.0049 (t=0.0006 cls=0.0001 rot=0.0152 beta=0.28) | val: 2.29deg/3511mm R@10/2=25.3% R@5/1=8.8% a@1=78.0% a@3=94.5% | 61.9s
[ 3200/10000] loss=0.0045 (t=0.0007 cls=0.0001 rot=0.0138 beta=0.27) | val: 2.34deg/3500mm R@10/2=26.4% R@5/1=8.2% a@1=78.0% a@3=94.5% | 63.9s
[ 3300/10000] loss=0.0048 (t=0.0007 cls=0.0001 rot=0.0152 beta=0.26) | val: 2.33deg/3521mm R@10/2=26.9% R@5/1=7.7% a@1=78.0% a@3=94.5% | 65.8s
[ 3400/10000] loss=0.0045 (t=0.0007 cls=0.0001 rot=0.0149 beta=0.26) | val: 2.19deg/3507mm R@10/2=28.0% R@5/1=11.0% a@1=78.0% a@3=94.0% | 67.8s
[ 3500/10000] loss=0.0044 (t=0.0007 cls=0.0002 rot=0.0148 beta=0.25) | val: 2.33deg/3493mm R@10/2=28.0% R@5/1=8.2% a@1=78.0% a@3=94.0% | 69.7s
[ 3600/10000] loss=0.0202 (t=0.0120 cls=0.0222 rot=0.0158 beta=0.24) | val: 2.47deg/3253mm R@10/2=29.1% R@5/1=10.4% a@1=76.4% a@3=87.4% | 71.7s
[ 3700/10000] loss=0.0074 (t=0.0036 cls=0.0033 rot=0.0136 beta=0.23) | val: 2.36deg/3044mm R@10/2=31.9% R@5/1=8.8% a@1=74.7% a@3=91.2% | 73.7s
[ 3800/10000] loss=0.0058 (t=0.0024 cls=0.0007 rot=0.0144 beta=0.23) | val: 2.37deg/3285mm R@10/2=31.3% R@5/1=8.2% a@1=74.7% a@3=90.1% | 75.6s
[ 3900/10000] loss=0.0049 (t=0.0021 cls=0.0006 rot=0.0125 beta=0.22) | val: 2.27deg/3300mm R@10/2=31.9% R@5/1=9.9% a@1=74.2% a@3=90.1% | 77.6s
[ 4000/10000] loss=0.0048 (t=0.0017 cls=0.0003 rot=0.0142 beta=0.21) | val: 2.35deg/3246mm R@10/2=30.2% R@5/1=8.8% a@1=73.6% a@3=90.1% | 79.5s
[ 4100/10000] loss=0.0044 (t=0.0014 cls=0.0003 rot=0.0141 beta=0.21) | val: 2.57deg/3362mm R@10/2=29.1% R@5/1=10.4% a@1=73.6% a@3=90.1% | 81.5s
[ 4200/10000] loss=0.0046 (t=0.0015 cls=0.0003 rot=0.0153 beta=0.20) | val: 2.48deg/3343mm R@10/2=29.1% R@5/1=9.3% a@1=74.2% a@3=90.7% | 83.5s
[ 4300/10000] loss=0.0038 (t=0.0013 cls=0.0003 rot=0.0126 beta=0.20) | val: 2.38deg/3446mm R@10/2=30.2% R@5/1=11.0% a@1=73.1% a@3=90.7% | 85.4s
[ 4400/10000] loss=0.0039 (t=0.0011 cls=0.0003 rot=0.0143 beta=0.19) | val: 2.51deg/3349mm R@10/2=29.7% R@5/1=9.3% a@1=73.6% a@3=90.7% | 87.4s
[ 4500/10000] loss=0.0036 (t=0.0011 cls=0.0003 rot=0.0130 beta=0.19) | val: 2.45deg/3423mm R@10/2=29.1% R@5/1=9.9% a@1=73.1% a@3=90.1% | 89.3s
[ 4600/10000] loss=0.0032 (t=0.0008 cls=0.0002 rot=0.0129 beta=0.18) | val: 2.24deg/3388mm R@10/2=29.1% R@5/1=8.8% a@1=72.5% a@3=90.1% | 91.3s
[ 4700/10000] loss=0.0031 (t=0.0008 cls=0.0002 rot=0.0127 beta=0.18) | val: 2.37deg/3467mm R@10/2=28.6% R@5/1=10.4% a@1=72.5% a@3=90.1% | 93.3s
[ 4800/10000] loss=0.0033 (t=0.0008 cls=0.0002 rot=0.0138 beta=0.17) | val: 2.48deg/3429mm R@10/2=29.1% R@5/1=8.8% a@1=73.6% a@3=90.7% | 95.2s
[ 4900/10000] loss=0.0031 (t=0.0007 cls=0.0002 rot=0.0134 beta=0.17) | val: 2.55deg/3383mm R@10/2=28.6% R@5/1=9.3% a@1=74.2% a@3=90.7% | 97.2s
[ 5000/10000] loss=0.0031 (t=0.0008 cls=0.0001 rot=0.0134 beta=0.17) | val: 2.33deg/3485mm R@10/2=28.6% R@5/1=9.9% a@1=73.6% a@3=90.7% | 99.2s
[ 5100/10000] loss=0.0031 (t=0.0007 cls=0.0002 rot=0.0144 beta=0.16) | val: 2.49deg/3426mm R@10/2=28.0% R@5/1=9.9% a@1=72.5% a@3=90.7% | 101.1s
[ 5200/10000] loss=0.0030 (t=0.0007 cls=0.0001 rot=0.0144 beta=0.16) | val: 2.47deg/3538mm R@10/2=29.7% R@5/1=9.9% a@1=73.6% a@3=90.1% | 103.1s
[ 5300/10000] loss=0.0029 (t=0.0008 cls=0.0001 rot=0.0129 beta=0.16) | val: 2.45deg/3460mm R@10/2=29.1% R@5/1=10.4% a@1=73.1% a@3=90.7% | 105.1s
[ 5400/10000] loss=0.0028 (t=0.0008 cls=0.0002 rot=0.0125 beta=0.15) | val: 2.31deg/3369mm R@10/2=29.1% R@5/1=9.3% a@1=74.2% a@3=90.7% | 107.0s
[ 5500/10000] loss=0.0027 (t=0.0007 cls=0.0001 rot=0.0131 beta=0.15) | val: 2.48deg/3452mm R@10/2=28.6% R@5/1=9.9% a@1=73.1% a@3=90.1% | 109.0s
[ 5600/10000] loss=0.0029 (t=0.0007 cls=0.0001 rot=0.0144 beta=0.15) | val: 2.30deg/3473mm R@10/2=29.1% R@5/1=9.3% a@1=73.1% a@3=90.7% | 110.9s
[ 5700/10000] loss=0.0026 (t=0.0008 cls=0.0001 rot=0.0128 beta=0.14) | val: 2.35deg/3434mm R@10/2=28.0% R@5/1=9.9% a@1=74.2% a@3=90.7% | 112.9s
[ 5800/10000] loss=0.0028 (t=0.0009 cls=0.0001 rot=0.0134 beta=0.14) | val: 2.39deg/3398mm R@10/2=29.7% R@5/1=10.4% a@1=73.1% a@3=90.7% | 114.9s
[ 5900/10000] loss=0.0024 (t=0.0006 cls=0.0002 rot=0.0131 beta=0.14) | val: 2.39deg/3469mm R@10/2=29.1% R@5/1=8.2% a@1=73.6% a@3=90.7% | 116.8s
[ 6000/10000] loss=0.0024 (t=0.0006 cls=0.0001 rot=0.0129 beta=0.14) | val: 2.41deg/3468mm R@10/2=30.2% R@5/1=8.8% a@1=74.2% a@3=90.7% | 118.8s
[ 6100/10000] loss=0.0022 (t=0.0006 cls=0.0001 rot=0.0121 beta=0.13) | val: 2.47deg/3575mm R@10/2=29.1% R@5/1=8.8% a@1=73.6% a@3=90.7% | 120.7s
[ 6200/10000] loss=0.0025 (t=0.0007 cls=0.0001 rot=0.0140 beta=0.13) | val: 2.33deg/3455mm R@10/2=29.1% R@5/1=8.8% a@1=74.7% a@3=90.7% | 122.7s
[ 6300/10000] loss=0.0021 (t=0.0005 cls=0.0001 rot=0.0120 beta=0.13) | val: 2.39deg/3443mm R@10/2=28.6% R@5/1=7.7% a@1=74.7% a@3=90.7% | 124.7s
[ 6400/10000] loss=0.0021 (t=0.0006 cls=0.0001 rot=0.0115 beta=0.13) | val: 2.40deg/3535mm R@10/2=29.1% R@5/1=8.8% a@1=73.6% a@3=90.7% | 126.6s
[ 6500/10000] loss=0.0022 (t=0.0006 cls=0.0001 rot=0.0122 beta=0.12) | val: 2.33deg/3415mm R@10/2=29.1% R@5/1=7.1% a@1=73.6% a@3=90.7% | 128.6s
[ 6600/10000] loss=0.0022 (t=0.0006 cls=0.0001 rot=0.0125 beta=0.12) | val: 2.40deg/3531mm R@10/2=29.7% R@5/1=8.8% a@1=73.6% a@3=90.7% | 130.6s
[ 6700/10000] loss=0.0019 (t=0.0005 cls=0.0001 rot=0.0115 beta=0.12) | val: 2.43deg/3570mm R@10/2=29.7% R@5/1=9.3% a@1=73.1% a@3=90.7% | 132.5s
[ 6800/10000] loss=0.0020 (t=0.0005 cls=0.0001 rot=0.0124 beta=0.12) | val: 2.30deg/3547mm R@10/2=29.7% R@5/1=9.3% a@1=74.7% a@3=90.7% | 134.5s
[ 6900/10000] loss=0.0020 (t=0.0005 cls=0.0001 rot=0.0128 beta=0.12) | val: 2.49deg/3613mm R@10/2=29.7% R@5/1=7.7% a@1=73.6% a@3=90.7% | 136.5s
[ 7000/10000] loss=0.0019 (t=0.0005 cls=0.0001 rot=0.0120 beta=0.12) | val: 2.49deg/3473mm R@10/2=30.8% R@5/1=8.8% a@1=74.2% a@3=90.7% | 138.4s
[ 7100/10000] loss=0.0021 (t=0.0007 cls=0.0001 rot=0.0124 beta=0.11) | val: 2.42deg/3522mm R@10/2=29.7% R@5/1=8.8% a@1=74.2% a@3=90.7% | 140.4s
[ 7200/10000] loss=0.0019 (t=0.0005 cls=0.0001 rot=0.0126 beta=0.11) | val: 2.39deg/3626mm R@10/2=28.6% R@5/1=7.7% a@1=73.6% a@3=90.7% | 142.3s
[ 7300/10000] loss=0.0018 (t=0.0005 cls=0.0001 rot=0.0116 beta=0.11) | val: 2.49deg/3470mm R@10/2=28.6% R@5/1=7.7% a@1=75.3% a@3=90.7% | 144.3s
[ 7400/10000] loss=0.0017 (t=0.0005 cls=0.0001 rot=0.0109 beta=0.11) | val: 2.45deg/3539mm R@10/2=27.5% R@5/1=7.7% a@1=74.2% a@3=90.7% | 146.3s
[ 7500/10000] loss=0.0018 (t=0.0005 cls=0.0001 rot=0.0118 beta=0.11) | val: 2.35deg/3570mm R@10/2=29.1% R@5/1=6.6% a@1=74.2% a@3=90.7% | 148.2s
[ 7600/10000] loss=0.0018 (t=0.0005 cls=0.0001 rot=0.0115 beta=0.11) | val: 2.43deg/3572mm R@10/2=29.7% R@5/1=7.1% a@1=74.2% a@3=90.7% | 150.2s
[ 7700/10000] loss=0.0017 (t=0.0004 cls=0.0001 rot=0.0121 beta=0.11) | val: 2.52deg/3550mm R@10/2=29.1% R@5/1=7.7% a@1=75.3% a@3=90.7% | 152.1s
[ 7800/10000] loss=0.0017 (t=0.0004 cls=0.0000 rot=0.0117 beta=0.11) | val: 2.45deg/3612mm R@10/2=29.1% R@5/1=8.2% a@1=74.7% a@3=90.7% | 154.1s
[ 7900/10000] loss=0.0016 (t=0.0005 cls=0.0001 rot=0.0106 beta=0.11) | val: 2.48deg/3613mm R@10/2=29.7% R@5/1=7.7% a@1=74.2% a@3=90.7% | 156.1s
[ 8000/10000] loss=0.0017 (t=0.0004 cls=0.0001 rot=0.0122 beta=0.11) | val: 2.48deg/3610mm R@10/2=28.0% R@5/1=8.2% a@1=74.7% a@3=90.7% | 158.0s
[ 8100/10000] loss=0.0016 (t=0.0005 cls=0.0001 rot=0.0107 beta=0.10) | val: 2.44deg/3501mm R@10/2=27.5% R@5/1=8.2% a@1=73.6% a@3=90.7% | 160.0s
[ 8200/10000] loss=0.0017 (t=0.0004 cls=0.0001 rot=0.0122 beta=0.10) | val: 2.50deg/3522mm R@10/2=28.6% R@5/1=8.2% a@1=75.3% a@3=91.2% | 162.0s
[ 8300/10000] loss=0.0017 (t=0.0004 cls=0.0001 rot=0.0123 beta=0.10) | val: 2.40deg/3504mm R@10/2=28.0% R@5/1=6.6% a@1=75.8% a@3=91.2% | 163.9s
[ 8400/10000] loss=0.0017 (t=0.0004 cls=0.0001 rot=0.0117 beta=0.10) | val: 2.45deg/3530mm R@10/2=28.6% R@5/1=7.7% a@1=75.3% a@3=91.2% | 165.9s
[ 8500/10000] loss=0.0015 (t=0.0004 cls=0.0001 rot=0.0107 beta=0.10) | val: 2.47deg/3538mm R@10/2=28.6% R@5/1=7.7% a@1=75.3% a@3=91.2% | 167.9s
[ 8600/10000] loss=0.0016 (t=0.0004 cls=0.0000 rot=0.0114 beta=0.10) | val: 2.45deg/3554mm R@10/2=28.6% R@5/1=7.1% a@1=75.8% a@3=91.2% | 169.8s
[ 8700/10000] loss=0.0016 (t=0.0005 cls=0.0000 rot=0.0106 beta=0.10) | val: 2.44deg/3511mm R@10/2=28.6% R@5/1=7.7% a@1=74.7% a@3=91.2% | 171.8s
[ 8800/10000] loss=0.0015 (t=0.0004 cls=0.0001 rot=0.0109 beta=0.10) | val: 2.46deg/3510mm R@10/2=27.5% R@5/1=8.2% a@1=75.3% a@3=91.2% | 173.8s
[ 8900/10000] loss=0.0015 (t=0.0004 cls=0.0001 rot=0.0108 beta=0.10) | val: 2.48deg/3525mm R@10/2=28.6% R@5/1=8.8% a@1=75.3% a@3=91.2% | 175.7s
[ 9000/10000] loss=0.0016 (t=0.0004 cls=0.0000 rot=0.0113 beta=0.10) | val: 2.45deg/3507mm R@10/2=28.0% R@5/1=7.7% a@1=74.7% a@3=91.2% | 177.7s
[ 9100/10000] loss=0.0016 (t=0.0004 cls=0.0001 rot=0.0114 beta=0.10) | val: 2.45deg/3521mm R@10/2=28.6% R@5/1=7.7% a@1=75.8% a@3=91.2% | 179.6s
[ 9200/10000] loss=0.0016 (t=0.0004 cls=0.0001 rot=0.0121 beta=0.10) | val: 2.43deg/3531mm R@10/2=28.6% R@5/1=7.7% a@1=75.3% a@3=91.8% | 181.6s
[ 9300/10000] loss=0.0016 (t=0.0004 cls=0.0000 rot=0.0114 beta=0.10) | val: 2.44deg/3497mm R@10/2=28.6% R@5/1=8.2% a@1=75.8% a@3=91.8% | 183.6s
[ 9400/10000] loss=0.0015 (t=0.0004 cls=0.0001 rot=0.0111 beta=0.10) | val: 2.42deg/3501mm R@10/2=29.1% R@5/1=8.2% a@1=75.8% a@3=91.8% | 185.5s
[ 9500/10000] loss=0.0017 (t=0.0005 cls=0.0001 rot=0.0123 beta=0.10) | val: 2.46deg/3543mm R@10/2=29.1% R@5/1=8.2% a@1=75.8% a@3=91.8% | 187.5s
[ 9600/10000] loss=0.0015 (t=0.0004 cls=0.0001 rot=0.0110 beta=0.10) | val: 2.46deg/3539mm R@10/2=28.6% R@5/1=8.2% a@1=75.3% a@3=91.8% | 189.5s
[ 9700/10000] loss=0.0016 (t=0.0005 cls=0.0001 rot=0.0116 beta=0.10) | val: 2.46deg/3524mm R@10/2=28.6% R@5/1=8.2% a@1=75.3% a@3=91.8% | 191.5s
[ 9800/10000] loss=0.0015 (t=0.0004 cls=0.0001 rot=0.0111 beta=0.10) | val: 2.45deg/3535mm R@10/2=28.6% R@5/1=8.2% a@1=75.3% a@3=91.2% | 193.4s
[ 9900/10000] loss=0.0016 (t=0.0005 cls=0.0001 rot=0.0111 beta=0.10) | val: 2.46deg/3522mm R@10/2=28.0% R@5/1=8.2% a@1=75.3% a@3=91.2% | 195.4s
[10000/10000] loss=0.0016 (t=0.0005 cls=0.0001 rot=0.0109 beta=0.10) | val: 2.45deg/3529mm R@10/2=28.6% R@5/1=8.2% a@1=75.3% a@3=91.2% | 197.4s

Training done. Best epoch: 520, score: 3.0978

======================================================================
EVALUATION RESULTS (Anchor Mixture + Rotation Regression)
======================================================================
Rotation  (median): 2.28deg
Translation (median): 2908mm
  R@5deg_1m: 7.1%  (rot_pass=94.0%, trans_pass=8.2%)
  R@10deg_2m: 26.4%  (rot_pass=99.5%, trans_pass=26.4%)
  R@15deg_5m: 78.0%  (rot_pass=100.0%, trans_pass=78.0%)
  R@25deg_5m: 78.0%  (rot_pass=100.0%, trans_pass=78.0%)

======================================================================
EVALUATION RESULTS (Retrieval Mode)
======================================================================
Retrieval median: 11.98deg / 3239mm
  R@5deg_1m: 0.0%  (rot=6.6%, trans=7.7%)
  R@10deg_2m: 7.1%  (rot=36.8%, trans=22.5%)
  R@15deg_5m: 50.0%  (rot=69.2%, trans=69.2%)
  R@25deg_5m: 67.0%  (rot=96.2%, trans=69.2%)

======================================================================
ANCHORS
======================================================================
  Top-1 anchor acc: 79.1%
  Top-3 anchor acc: 97.8%
