=== exp24d_attn_h1_seed314 ===
======================================================================
Experiment: exp24d_attn_h1_seed314
Pool: attn, Features: both+sum
======================================================================
Random seed: 314
Using device: cuda:4

Loading data (fine=True, coarse=True, summary=True)...
  Loaded fine_geo: torch.Size([895, 128, 68, 120])
  Loaded coarse_sem: torch.Size([895, 128, 68, 120])
  Loaded summary: torch.Size([895, 2560])
  [train] 895 samples loaded
  Loaded fine_geo: torch.Size([182, 128, 68, 120])
  Loaded coarse_sem: torch.Size([182, 128, 68, 120])
  Loaded summary: torch.Size([182, 2560])
  [test] 182 samples loaded
Translation norm: mean=[13.19548    -0.64731836 23.103329  ], std=[10.827089    0.94348246  9.766839  ]
  Feature dim after pooling: 2816
Model parameters: 1,599,756
Model parameters: 1,599,756
[    1/10000] loss=3.2185 (t=0.6245 r=2.5940 beta=1.00) | val: 58.11deg/28295mm | 0.4s
[  100/10000] loss=0.1128 (t=0.0341 r=0.0847 beta=0.93) | val: 5.07deg/2716mm | 2.3s
[  200/10000] loss=0.0782 (t=0.0258 r=0.0591 beta=0.89) | val: 2.94deg/1793mm | 4.1s
[  300/10000] loss=0.0597 (t=0.0210 r=0.0456 beta=0.85) | val: 3.00deg/2036mm | 5.8s
[  400/10000] loss=0.0551 (t=0.0206 r=0.0424 beta=0.81) | val: 2.67deg/1969mm | 7.6s
[  500/10000] loss=0.0508 (t=0.0187 r=0.0412 beta=0.78) | val: 2.79deg/2101mm | 9.2s
[  600/10000] loss=0.0400 (t=0.0101 r=0.0400 beta=0.75) | val: 2.60deg/1866mm | 10.9s
[  700/10000] loss=0.0380 (t=0.0117 r=0.0367 beta=0.72) | val: 2.49deg/1883mm | 12.6s
[  800/10000] loss=0.0307 (t=0.0071 r=0.0342 beta=0.69) | val: 2.76deg/1900mm | 14.3s
[  900/10000] loss=0.0299 (t=0.0076 r=0.0338 beta=0.66) | val: 2.49deg/2085mm | 16.0s
[ 1000/10000] loss=0.0285 (t=0.0086 r=0.0313 beta=0.64) | val: 2.66deg/1863mm | 17.7s
[ 1100/10000] loss=0.0258 (t=0.0077 r=0.0295 beta=0.61) | val: 2.55deg/2070mm | 19.4s
[ 1200/10000] loss=0.0233 (t=0.0056 r=0.0300 beta=0.59) | val: 2.39deg/1799mm | 21.0s
[ 1300/10000] loss=0.0226 (t=0.0064 r=0.0288 beta=0.56) | val: 2.44deg/1630mm | 22.7s
[ 1400/10000] loss=0.0235 (t=0.0073 r=0.0298 beta=0.54) | val: 2.23deg/1752mm | 24.4s
[ 1500/10000] loss=0.0217 (t=0.0068 r=0.0285 beta=0.52) | val: 2.41deg/1682mm | 26.1s
[ 1600/10000] loss=0.0214 (t=0.0067 r=0.0293 beta=0.50) | val: 2.42deg/1583mm | 27.8s
[ 1700/10000] loss=0.0173 (t=0.0054 r=0.0245 beta=0.49) | val: 2.47deg/1704mm | 29.4s
[ 1800/10000] loss=0.0175 (t=0.0051 r=0.0266 beta=0.47) | val: 2.68deg/1946mm | 31.1s
[ 1900/10000] loss=0.0145 (t=0.0036 r=0.0241 beta=0.45) | val: 2.30deg/1623mm | 32.8s
[ 2000/10000] loss=0.0159 (t=0.0046 r=0.0259 beta=0.43) | val: 2.79deg/1955mm | 34.4s
[ 2100/10000] loss=0.0156 (t=0.0045 r=0.0265 beta=0.42) | val: 2.67deg/1793mm | 36.1s
[ 2200/10000] loss=0.0159 (t=0.0048 r=0.0275 beta=0.40) | val: 2.48deg/1855mm | 37.8s
[ 2300/10000] loss=0.0138 (t=0.0038 r=0.0257 beta=0.39) | val: 2.19deg/1742mm | 39.4s
[ 2400/10000] loss=0.0142 (t=0.0037 r=0.0281 beta=0.38) | val: 2.47deg/1797mm | 41.1s
[ 2500/10000] loss=0.0120 (t=0.0033 r=0.0241 beta=0.36) | val: 2.46deg/1743mm | 42.8s
[ 2600/10000] loss=0.0123 (t=0.0038 r=0.0242 beta=0.35) | val: 2.36deg/1780mm | 44.4s
[ 2700/10000] loss=0.0130 (t=0.0041 r=0.0261 beta=0.34) | val: 2.46deg/1744mm | 46.1s
[ 2800/10000] loss=0.0113 (t=0.0035 r=0.0237 beta=0.33) | val: 2.32deg/1765mm | 47.8s
[ 2900/10000] loss=0.0119 (t=0.0039 r=0.0252 beta=0.32) | val: 2.35deg/1960mm | 49.5s
[ 3000/10000] loss=0.0122 (t=0.0042 r=0.0259 beta=0.31) | val: 2.40deg/1763mm | 51.1s
[ 3100/10000] loss=0.0119 (t=0.0040 r=0.0263 beta=0.30) | val: 2.42deg/1768mm | 52.8s
[ 3200/10000] loss=0.0105 (t=0.0036 r=0.0238 beta=0.29) | val: 2.68deg/1721mm | 54.5s
[ 3300/10000] loss=0.0097 (t=0.0033 r=0.0230 beta=0.28) | val: 2.34deg/1626mm | 56.1s
[ 3400/10000] loss=0.0110 (t=0.0036 r=0.0271 beta=0.27) | val: 2.37deg/1700mm | 57.8s
[ 3500/10000] loss=0.0095 (t=0.0035 r=0.0227 beta=0.26) | val: 2.34deg/1748mm | 59.5s
[ 3600/10000] loss=0.0091 (t=0.0031 r=0.0234 beta=0.25) | val: 2.46deg/1583mm | 61.1s
[ 3700/10000] loss=0.0087 (t=0.0032 r=0.0225 beta=0.25) | val: 2.29deg/1740mm | 62.8s
[ 3800/10000] loss=0.0085 (t=0.0032 r=0.0219 beta=0.24) | val: 2.44deg/1750mm | 64.5s
[ 3900/10000] loss=0.0083 (t=0.0030 r=0.0225 beta=0.23) | val: 2.49deg/1868mm | 66.2s
[ 4000/10000] loss=0.0085 (t=0.0032 r=0.0235 beta=0.23) | val: 2.40deg/1519mm | 67.8s
[ 4100/10000] loss=0.0079 (t=0.0032 r=0.0218 beta=0.22) | val: 2.45deg/1665mm | 69.5s
[ 4200/10000] loss=0.0082 (t=0.0031 r=0.0239 beta=0.21) | val: 2.30deg/1737mm | 71.2s
[ 4300/10000] loss=0.0081 (t=0.0029 r=0.0251 beta=0.21) | val: 2.41deg/1728mm | 72.8s
[ 4400/10000] loss=0.0077 (t=0.0028 r=0.0240 beta=0.20) | val: 2.44deg/1771mm | 74.5s
[ 4500/10000] loss=0.0084 (t=0.0035 r=0.0250 beta=0.20) | val: 2.48deg/1913mm | 76.2s
[ 4600/10000] loss=0.0071 (t=0.0028 r=0.0224 beta=0.19) | val: 2.41deg/1658mm | 77.8s
[ 4700/10000] loss=0.0072 (t=0.0027 r=0.0243 beta=0.19) | val: 2.50deg/1816mm | 79.5s
[ 4800/10000] loss=0.0071 (t=0.0031 r=0.0222 beta=0.18) | val: 2.41deg/1693mm | 81.1s
[ 4900/10000] loss=0.0076 (t=0.0033 r=0.0244 beta=0.18) | val: 2.49deg/1651mm | 82.8s
[ 5000/10000] loss=0.0068 (t=0.0027 r=0.0234 beta=0.17) | val: 2.42deg/1721mm | 84.5s
[ 5100/10000] loss=0.0075 (t=0.0033 r=0.0249 beta=0.17) | val: 2.54deg/1797mm | 86.1s
[ 5200/10000] loss=0.0064 (t=0.0031 r=0.0204 beta=0.16) | val: 2.47deg/1830mm | 87.8s
[ 5300/10000] loss=0.0064 (t=0.0026 r=0.0241 beta=0.16) | val: 2.38deg/1697mm | 89.5s
[ 5400/10000] loss=0.0068 (t=0.0031 r=0.0239 beta=0.16) | val: 2.55deg/1705mm | 91.1s
[ 5500/10000] loss=0.0063 (t=0.0031 r=0.0211 beta=0.15) | val: 2.47deg/1696mm | 92.8s
[ 5600/10000] loss=0.0068 (t=0.0031 r=0.0244 beta=0.15) | val: 2.44deg/1593mm | 94.5s
[ 5700/10000] loss=0.0061 (t=0.0028 r=0.0228 beta=0.15) | val: 2.29deg/1660mm | 96.1s
[ 5800/10000] loss=0.0061 (t=0.0026 r=0.0239 beta=0.14) | val: 2.36deg/1574mm | 97.8s
[ 5900/10000] loss=0.0062 (t=0.0032 r=0.0213 beta=0.14) | val: 2.42deg/1697mm | 99.5s
[ 6000/10000] loss=0.0063 (t=0.0030 r=0.0233 beta=0.14) | val: 2.43deg/1694mm | 101.1s
[ 6100/10000] loss=0.0054 (t=0.0025 r=0.0214 beta=0.14) | val: 2.38deg/1562mm | 102.8s
[ 6200/10000] loss=0.0052 (t=0.0022 r=0.0224 beta=0.13) | val: 2.39deg/1662mm | 104.5s
[ 6300/10000] loss=0.0057 (t=0.0026 r=0.0236 beta=0.13) | val: 2.46deg/1629mm | 106.2s
[ 6400/10000] loss=0.0053 (t=0.0026 r=0.0213 beta=0.13) | val: 2.51deg/1679mm | 107.8s
[ 6500/10000] loss=0.0054 (t=0.0026 r=0.0216 beta=0.13) | val: 2.39deg/1701mm | 109.5s
[ 6600/10000] loss=0.0049 (t=0.0021 r=0.0223 beta=0.13) | val: 2.51deg/1815mm | 111.2s
