Random seed: 123
Using device: cuda:5

Loading data (fine=True, coarse=True, summary=False)...
  Loaded fine_geo: torch.Size([895, 128, 68, 120])
  Loaded coarse_sem: torch.Size([895, 128, 68, 120])
  [train] 895 samples loaded
  Loaded fine_geo: torch.Size([182, 128, 68, 120])
  Loaded coarse_sem: torch.Size([182, 128, 68, 120])
  [test] 182 samples loaded

Building center anchors...
  Anchor KMeans: K=128, inertia=777.4
  Samples per anchor: min=3, mean=7.0, median=6, max=16
  Residual std: [0.6122931  0.27226487 0.6485334 ]
  Feature dim after pooling: 1024
Model parameters: 6,591,631
[    1/10000] loss=6.7733 (cls=5.1627 res=0.6142 f=1.0831 u=0.9098) | val: 27.51deg/8944mm R@10/2=0.0% R@5/1=0.0% a@1=4.4% a@3=21.4% | 0.9s
[  100/10000] loss=0.4599 (cls=0.2330 res=0.2252 f=0.0017 u=0.0017) | val: 3.72deg/3334mm R@10/2=31.9% R@5/1=14.8% a@1=34.6% a@3=57.1% | 3.4s
[  200/10000] loss=0.1816 (cls=0.0323 res=0.1485 f=0.0010 u=0.0006) | val: 3.42deg/3302mm R@10/2=35.2% R@5/1=12.1% a@1=38.5% a@3=54.9% | 5.7s
[  300/10000] loss=0.1477 (cls=0.0188 res=0.1283 f=0.0007 u=0.0004) | val: 3.26deg/4061mm R@10/2=26.4% R@5/1=7.7% a@1=32.4% a@3=56.0% | 8.0s
[  400/10000] loss=0.0878 (cls=0.0084 res=0.0791 f=0.0004 u=0.0002) | val: 3.25deg/3648mm R@10/2=29.1% R@5/1=8.8% a@1=37.4% a@3=58.2% | 10.3s
[  500/10000] loss=0.0682 (cls=0.0058 res=0.0620 f=0.0004 u=0.0002) | val: 3.03deg/3985mm R@10/2=29.1% R@5/1=11.0% a@1=36.8% a@3=58.8% | 12.6s
[  600/10000] loss=0.0585 (cls=0.0055 res=0.0528 f=0.0003 u=0.0003) | val: 3.35deg/3972mm R@10/2=27.5% R@5/1=12.6% a@1=31.3% a@3=56.6% | 15.0s
[  700/10000] loss=0.0540 (cls=0.0048 res=0.0489 f=0.0003 u=0.0003) | val: 3.20deg/3928mm R@10/2=29.1% R@5/1=12.6% a@1=31.9% a@3=58.2% | 17.2s
[  800/10000] loss=0.0452 (cls=0.0043 res=0.0407 f=0.0003 u=0.0002) | val: 3.05deg/3804mm R@10/2=28.6% R@5/1=9.9% a@1=33.5% a@3=56.6% | 19.5s
[  900/10000] loss=0.0415 (cls=0.0028 res=0.0385 f=0.0003 u=0.0002) | val: 3.14deg/4047mm R@10/2=25.8% R@5/1=10.4% a@1=30.8% a@3=58.2% | 21.9s
[ 1000/10000] loss=0.0292 (cls=0.0024 res=0.0266 f=0.0003 u=0.0002) | val: 3.37deg/3913mm R@10/2=26.9% R@5/1=12.6% a@1=34.1% a@3=59.3% | 24.2s
[ 1100/10000] loss=0.0276 (cls=0.0030 res=0.0244 f=0.0003 u=0.0002) | val: 3.01deg/3894mm R@10/2=26.9% R@5/1=11.5% a@1=34.1% a@3=57.1% | 26.4s
[ 1200/10000] loss=0.0289 (cls=0.0023 res=0.0264 f=0.0003 u=0.0001) | val: 3.24deg/3982mm R@10/2=26.9% R@5/1=9.3% a@1=32.4% a@3=57.1% | 28.7s
[ 1300/10000] loss=0.0273 (cls=0.0025 res=0.0246 f=0.0002 u=0.0002) | val: 3.29deg/3957mm R@10/2=27.5% R@5/1=12.1% a@1=31.3% a@3=57.1% | 31.0s
[ 1400/10000] loss=0.0248 (cls=0.0020 res=0.0227 f=0.0002 u=0.0001) | val: 3.10deg/4000mm R@10/2=25.3% R@5/1=11.0% a@1=31.3% a@3=58.2% | 33.3s
[ 1500/10000] loss=0.0209 (cls=0.0016 res=0.0191 f=0.0002 u=0.0002) | val: 3.32deg/4087mm R@10/2=27.5% R@5/1=9.9% a@1=31.9% a@3=58.8% | 35.6s
[ 1600/10000] loss=0.0201 (cls=0.0020 res=0.0180 f=0.0002 u=0.0001) | val: 3.24deg/4024mm R@10/2=26.4% R@5/1=9.9% a@1=32.4% a@3=57.7% | 37.9s
[ 1700/10000] loss=0.0200 (cls=0.0016 res=0.0183 f=0.0002 u=0.0001) | val: 3.18deg/3888mm R@10/2=25.3% R@5/1=9.3% a@1=31.9% a@3=57.7% | 40.2s
[ 1800/10000] loss=0.0182 (cls=0.0019 res=0.0162 f=0.0002 u=0.0001) | val: 3.03deg/4005mm R@10/2=27.5% R@5/1=10.4% a@1=33.5% a@3=58.2% | 42.5s
[ 1900/10000] loss=0.0158 (cls=0.0014 res=0.0142 f=0.0002 u=0.0001) | val: 3.26deg/4163mm R@10/2=25.8% R@5/1=9.9% a@1=32.4% a@3=57.7% | 44.8s
[ 2000/10000] loss=0.0155 (cls=0.0012 res=0.0142 f=0.0002 u=0.0001) | val: 3.09deg/3996mm R@10/2=26.9% R@5/1=11.5% a@1=30.8% a@3=57.7% | 47.1s
[ 2100/10000] loss=0.0143 (cls=0.0011 res=0.0131 f=0.0002 u=0.0001) | val: 3.25deg/3817mm R@10/2=28.0% R@5/1=10.4% a@1=33.0% a@3=57.7% | 49.3s
[ 2200/10000] loss=0.0179 (cls=0.0010 res=0.0167 f=0.0002 u=0.0001) | val: 3.15deg/3968mm R@10/2=25.3% R@5/1=9.9% a@1=31.9% a@3=56.6% | 51.6s
[ 2300/10000] loss=0.0159 (cls=0.0009 res=0.0148 f=0.0002 u=0.0001) | val: 3.30deg/4067mm R@10/2=25.3% R@5/1=10.4% a@1=33.0% a@3=56.6% | 53.9s
[ 2400/10000] loss=0.0131 (cls=0.0010 res=0.0120 f=0.0001 u=0.0001) | val: 3.05deg/3888mm R@10/2=28.0% R@5/1=12.1% a@1=34.1% a@3=57.7% | 56.3s
[ 2500/10000] loss=0.0129 (cls=0.0009 res=0.0118 f=0.0002 u=0.0001) | val: 3.18deg/3994mm R@10/2=26.9% R@5/1=12.6% a@1=34.6% a@3=57.7% | 58.5s
[ 2600/10000] loss=0.0108 (cls=0.0009 res=0.0097 f=0.0002 u=0.0001) | val: 3.28deg/4147mm R@10/2=30.2% R@5/1=11.5% a@1=34.6% a@3=56.0% | 60.8s
[ 2700/10000] loss=0.0100 (cls=0.0009 res=0.0090 f=0.0002 u=0.0001) | val: 3.27deg/4052mm R@10/2=26.9% R@5/1=12.6% a@1=32.4% a@3=56.6% | 63.1s
[ 2800/10000] loss=0.0110 (cls=0.0009 res=0.0100 f=0.0002 u=0.0001) | val: 3.21deg/4083mm R@10/2=25.8% R@5/1=11.5% a@1=33.0% a@3=55.5% | 65.4s
[ 2900/10000] loss=0.0128 (cls=0.0009 res=0.0117 f=0.0002 u=0.0001) | val: 3.16deg/3993mm R@10/2=27.5% R@5/1=10.4% a@1=33.0% a@3=56.6% | 67.7s
[ 3000/10000] loss=0.0098 (cls=0.0006 res=0.0090 f=0.0002 u=0.0001) | val: 3.14deg/4093mm R@10/2=26.4% R@5/1=11.0% a@1=34.1% a@3=56.6% | 69.9s
[ 3100/10000] loss=0.0103 (cls=0.0007 res=0.0094 f=0.0002 u=0.0001) | val: 3.28deg/4161mm R@10/2=26.4% R@5/1=10.4% a@1=33.5% a@3=56.0% | 72.2s
[ 3200/10000] loss=0.0104 (cls=0.0006 res=0.0097 f=0.0001 u=0.0001) | val: 3.13deg/3971mm R@10/2=27.5% R@5/1=11.0% a@1=33.0% a@3=55.5% | 74.5s
[ 3300/10000] loss=0.0110 (cls=0.0007 res=0.0101 f=0.0002 u=0.0001) | val: 3.29deg/4033mm R@10/2=29.1% R@5/1=9.9% a@1=33.5% a@3=56.0% | 76.7s
[ 3400/10000] loss=0.0105 (cls=0.0005 res=0.0098 f=0.0002 u=0.0001) | val: 3.30deg/3945mm R@10/2=29.1% R@5/1=9.9% a@1=33.5% a@3=56.0% | 79.0s
[ 3500/10000] loss=0.0098 (cls=0.0008 res=0.0089 f=0.0002 u=0.0001) | val: 3.32deg/4048mm R@10/2=27.5% R@5/1=10.4% a@1=33.5% a@3=56.0% | 81.3s
[ 3600/10000] loss=0.0084 (cls=0.0006 res=0.0077 f=0.0001 u=0.0001) | val: 3.42deg/3963mm R@10/2=31.3% R@5/1=11.0% a@1=33.0% a@3=56.6% | 83.5s
[ 3700/10000] loss=0.0097 (cls=0.0006 res=0.0090 f=0.0001 u=0.0001) | val: 3.34deg/4031mm R@10/2=26.9% R@5/1=8.8% a@1=34.1% a@3=56.6% | 85.8s
[ 3800/10000] loss=0.0112 (cls=0.0006 res=0.0105 f=0.0001 u=0.0001) | val: 3.30deg/3959mm R@10/2=27.5% R@5/1=9.3% a@1=34.6% a@3=56.0% | 88.2s
[ 3900/10000] loss=0.0094 (cls=0.0004 res=0.0090 f=0.0002 u=0.0001) | val: 3.33deg/4160mm R@10/2=25.3% R@5/1=11.5% a@1=33.5% a@3=54.4% | 90.5s
[ 4000/10000] loss=0.0089 (cls=0.0004 res=0.0084 f=0.0001 u=0.0001) | val: 3.41deg/3951mm R@10/2=28.0% R@5/1=10.4% a@1=34.1% a@3=57.1% | 92.7s
[ 4100/10000] loss=0.0076 (cls=0.0006 res=0.0069 f=0.0001 u=0.0001) | val: 3.27deg/3959mm R@10/2=26.9% R@5/1=9.9% a@1=33.5% a@3=56.6% | 95.0s
[ 4200/10000] loss=0.0086 (cls=0.0004 res=0.0080 f=0.0001 u=0.0001) | val: 3.35deg/3906mm R@10/2=26.4% R@5/1=9.3% a@1=34.1% a@3=56.6% | 97.3s
[ 4300/10000] loss=0.0083 (cls=0.0007 res=0.0075 f=0.0001 u=0.0001) | val: 3.42deg/4011mm R@10/2=25.3% R@5/1=10.4% a@1=34.1% a@3=55.5% | 99.6s
[ 4400/10000] loss=0.0095 (cls=0.0004 res=0.0090 f=0.0001 u=0.0001) | val: 3.04deg/3996mm R@10/2=26.4% R@5/1=11.5% a@1=33.5% a@3=55.5% | 102.0s
[ 4500/10000] loss=0.0081 (cls=0.0005 res=0.0075 f=0.0001 u=0.0001) | val: 3.23deg/4029mm R@10/2=24.7% R@5/1=12.1% a@1=35.2% a@3=57.7% | 104.3s
[ 4600/10000] loss=0.0065 (cls=0.0004 res=0.0060 f=0.0001 u=0.0001) | val: 3.28deg/4150mm R@10/2=24.7% R@5/1=10.4% a@1=34.1% a@3=55.5% | 106.7s
[ 4700/10000] loss=0.0086 (cls=0.0003 res=0.0082 f=0.0001 u=0.0001) | val: 3.14deg/3984mm R@10/2=30.2% R@5/1=13.7% a@1=34.6% a@3=56.0% | 108.9s
[ 4800/10000] loss=0.0064 (cls=0.0004 res=0.0060 f=0.0001 u=0.0001) | val: 3.37deg/4001mm R@10/2=28.6% R@5/1=11.5% a@1=34.1% a@3=56.0% | 111.2s
[ 4900/10000] loss=0.0073 (cls=0.0003 res=0.0069 f=0.0001 u=0.0001) | val: 3.30deg/4162mm R@10/2=26.9% R@5/1=9.3% a@1=34.6% a@3=56.6% | 113.5s
[ 5000/10000] loss=0.0061 (cls=0.0004 res=0.0056 f=0.0001 u=0.0001) | val: 3.43deg/4019mm R@10/2=28.6% R@5/1=9.9% a@1=34.1% a@3=56.6% | 115.9s
[ 5100/10000] loss=0.0088 (cls=0.0004 res=0.0083 f=0.0001 u=0.0001) | val: 3.38deg/4042mm R@10/2=27.5% R@5/1=11.5% a@1=33.5% a@3=56.0% | 118.1s
[ 5200/10000] loss=0.0059 (cls=0.0003 res=0.0055 f=0.0001 u=0.0001) | val: 3.36deg/4046mm R@10/2=26.9% R@5/1=11.0% a@1=34.1% a@3=57.1% | 120.5s
[ 5300/10000] loss=0.0055 (cls=0.0003 res=0.0051 f=0.0001 u=0.0001) | val: 3.29deg/3962mm R@10/2=27.5% R@5/1=11.5% a@1=34.6% a@3=55.5% | 122.8s
[ 5400/10000] loss=0.0065 (cls=0.0003 res=0.0061 f=0.0001 u=0.0001) | val: 3.26deg/4058mm R@10/2=28.0% R@5/1=11.5% a@1=34.6% a@3=56.6% | 125.1s
[ 5500/10000] loss=0.0060 (cls=0.0003 res=0.0056 f=0.0001 u=0.0001) | val: 3.37deg/4037mm R@10/2=29.1% R@5/1=12.1% a@1=34.1% a@3=56.6% | 127.4s
[ 5600/10000] loss=0.0068 (cls=0.0003 res=0.0064 f=0.0001 u=0.0001) | val: 3.20deg/4007mm R@10/2=25.8% R@5/1=10.4% a@1=33.5% a@3=56.0% | 129.7s
[ 5700/10000] loss=0.0058 (cls=0.0002 res=0.0055 f=0.0001 u=0.0001) | val: 3.25deg/3999mm R@10/2=28.6% R@5/1=10.4% a@1=35.7% a@3=55.5% | 131.9s
[ 5800/10000] loss=0.0064 (cls=0.0003 res=0.0061 f=0.0001 u=0.0001) | val: 3.23deg/4154mm R@10/2=25.8% R@5/1=11.0% a@1=34.1% a@3=54.9% | 134.2s
[ 5900/10000] loss=0.0063 (cls=0.0003 res=0.0060 f=0.0001 u=0.0001) | val: 3.28deg/4143mm R@10/2=26.9% R@5/1=10.4% a@1=35.2% a@3=57.7% | 136.5s
[ 6000/10000] loss=0.0047 (cls=0.0002 res=0.0044 f=0.0001 u=0.0001) | val: 3.41deg/4223mm R@10/2=25.3% R@5/1=10.4% a@1=34.1% a@3=57.1% | 138.8s
[ 6100/10000] loss=0.0051 (cls=0.0003 res=0.0047 f=0.0001 u=0.0001) | val: 3.48deg/4066mm R@10/2=26.9% R@5/1=11.5% a@1=33.5% a@3=55.5% | 141.1s
[ 6200/10000] loss=0.0053 (cls=0.0003 res=0.0050 f=0.0001 u=0.0001) | val: 3.22deg/3996mm R@10/2=26.4% R@5/1=9.9% a@1=33.0% a@3=54.4% | 143.4s
[ 6300/10000] loss=0.0043 (cls=0.0002 res=0.0040 f=0.0001 u=0.0001) | val: 3.36deg/4250mm R@10/2=26.4% R@5/1=11.5% a@1=33.5% a@3=54.9% | 145.7s
[ 6400/10000] loss=0.0042 (cls=0.0002 res=0.0039 f=0.0001 u=0.0001) | val: 3.34deg/4249mm R@10/2=28.6% R@5/1=9.9% a@1=34.6% a@3=54.4% | 148.0s
[ 6500/10000] loss=0.0046 (cls=0.0002 res=0.0044 f=0.0001 u=0.0001) | val: 3.35deg/4352mm R@10/2=26.9% R@5/1=10.4% a@1=31.9% a@3=54.4% | 150.3s
[ 6600/10000] loss=0.0045 (cls=0.0002 res=0.0042 f=0.0001 u=0.0001) | val: 3.21deg/4331mm R@10/2=26.4% R@5/1=8.8% a@1=34.1% a@3=55.5% | 152.6s
[ 6700/10000] loss=0.0044 (cls=0.0002 res=0.0041 f=0.0001 u=0.0001) | val: 3.19deg/4311mm R@10/2=27.5% R@5/1=11.0% a@1=33.0% a@3=53.8% | 154.9s
[ 6800/10000] loss=0.0043 (cls=0.0003 res=0.0040 f=0.0001 u=0.0001) | val: 3.28deg/4264mm R@10/2=26.9% R@5/1=9.3% a@1=33.0% a@3=54.9% | 157.1s
[ 6900/10000] loss=0.0037 (cls=0.0002 res=0.0034 f=0.0001 u=0.0000) | val: 3.27deg/4216mm R@10/2=26.4% R@5/1=10.4% a@1=33.0% a@3=55.5% | 159.4s
[ 7000/10000] loss=0.0039 (cls=0.0002 res=0.0037 f=0.0001 u=0.0001) | val: 3.26deg/4193mm R@10/2=26.4% R@5/1=10.4% a@1=33.5% a@3=54.4% | 161.8s
[ 7100/10000] loss=0.0034 (cls=0.0002 res=0.0032 f=0.0001 u=0.0001) | val: 3.25deg/4221mm R@10/2=26.4% R@5/1=9.9% a@1=33.0% a@3=54.4% | 164.1s
[ 7200/10000] loss=0.0036 (cls=0.0001 res=0.0034 f=0.0001 u=0.0001) | val: 3.35deg/4187mm R@10/2=26.9% R@5/1=10.4% a@1=34.1% a@3=54.4% | 166.3s
[ 7300/10000] loss=0.0032 (cls=0.0002 res=0.0030 f=0.0001 u=0.0000) | val: 3.33deg/4132mm R@10/2=25.8% R@5/1=9.9% a@1=34.6% a@3=55.5% | 168.6s
[ 7400/10000] loss=0.0031 (cls=0.0001 res=0.0029 f=0.0001 u=0.0000) | val: 3.32deg/4084mm R@10/2=26.9% R@5/1=9.9% a@1=33.5% a@3=54.9% | 171.0s
[ 7500/10000] loss=0.0035 (cls=0.0001 res=0.0033 f=0.0001 u=0.0000) | val: 3.20deg/4229mm R@10/2=26.9% R@5/1=11.5% a@1=33.5% a@3=55.5% | 173.4s
[ 7600/10000] loss=0.0030 (cls=0.0001 res=0.0028 f=0.0001 u=0.0001) | val: 3.38deg/4291mm R@10/2=26.4% R@5/1=10.4% a@1=33.5% a@3=54.4% | 175.7s
[ 7700/10000] loss=0.0035 (cls=0.0001 res=0.0033 f=0.0001 u=0.0001) | val: 3.32deg/4231mm R@10/2=26.4% R@5/1=11.0% a@1=33.5% a@3=54.4% | 178.1s
[ 7800/10000] loss=0.0031 (cls=0.0001 res=0.0029 f=0.0001 u=0.0000) | val: 3.39deg/4278mm R@10/2=25.8% R@5/1=10.4% a@1=34.1% a@3=54.9% | 180.4s
[ 7900/10000] loss=0.0034 (cls=0.0001 res=0.0032 f=0.0001 u=0.0000) | val: 3.25deg/4250mm R@10/2=26.4% R@5/1=11.0% a@1=33.5% a@3=54.4% | 182.8s
[ 8000/10000] loss=0.0029 (cls=0.0001 res=0.0027 f=0.0001 u=0.0000) | val: 3.29deg/4204mm R@10/2=24.2% R@5/1=10.4% a@1=33.5% a@3=54.4% | 185.1s
[ 8100/10000] loss=0.0030 (cls=0.0001 res=0.0029 f=0.0001 u=0.0001) | val: 3.35deg/4264mm R@10/2=24.7% R@5/1=10.4% a@1=33.0% a@3=53.8% | 187.4s
[ 8200/10000] loss=0.0032 (cls=0.0001 res=0.0030 f=0.0001 u=0.0001) | val: 3.34deg/4201mm R@10/2=27.5% R@5/1=9.9% a@1=34.6% a@3=54.4% | 189.8s
[ 8300/10000] loss=0.0029 (cls=0.0001 res=0.0027 f=0.0001 u=0.0000) | val: 3.26deg/4223mm R@10/2=25.8% R@5/1=10.4% a@1=33.5% a@3=54.9% | 192.1s
[ 8400/10000] loss=0.0033 (cls=0.0001 res=0.0031 f=0.0001 u=0.0000) | val: 3.23deg/4063mm R@10/2=26.9% R@5/1=9.9% a@1=33.5% a@3=53.3% | 194.4s
[ 8500/10000] loss=0.0028 (cls=0.0001 res=0.0026 f=0.0001 u=0.0000) | val: 3.27deg/4331mm R@10/2=25.3% R@5/1=9.9% a@1=33.5% a@3=54.4% | 196.8s
[ 8600/10000] loss=0.0029 (cls=0.0001 res=0.0027 f=0.0001 u=0.0000) | val: 3.27deg/4265mm R@10/2=26.4% R@5/1=10.4% a@1=33.5% a@3=54.9% | 199.0s
[ 8700/10000] loss=0.0028 (cls=0.0001 res=0.0027 f=0.0001 u=0.0000) | val: 3.25deg/4108mm R@10/2=26.4% R@5/1=9.9% a@1=34.1% a@3=54.9% | 201.3s
[ 8800/10000] loss=0.0024 (cls=0.0001 res=0.0022 f=0.0001 u=0.0000) | val: 3.28deg/4280mm R@10/2=26.9% R@5/1=10.4% a@1=33.5% a@3=54.4% | 203.6s
[ 8900/10000] loss=0.0026 (cls=0.0001 res=0.0024 f=0.0001 u=0.0001) | val: 3.26deg/4186mm R@10/2=26.4% R@5/1=10.4% a@1=34.1% a@3=54.9% | 206.0s
[ 9000/10000] loss=0.0027 (cls=0.0001 res=0.0026 f=0.0001 u=0.0000) | val: 3.28deg/4225mm R@10/2=26.9% R@5/1=10.4% a@1=33.5% a@3=54.9% | 208.2s
[ 9100/10000] loss=0.0027 (cls=0.0001 res=0.0025 f=0.0001 u=0.0000) | val: 3.28deg/4251mm R@10/2=26.4% R@5/1=9.9% a@1=33.0% a@3=55.5% | 210.5s
[ 9200/10000] loss=0.0025 (cls=0.0001 res=0.0024 f=0.0001 u=0.0000) | val: 3.24deg/4228mm R@10/2=25.8% R@5/1=10.4% a@1=33.5% a@3=55.5% | 212.8s
[ 9300/10000] loss=0.0024 (cls=0.0001 res=0.0022 f=0.0001 u=0.0000) | val: 3.26deg/4154mm R@10/2=26.4% R@5/1=10.4% a@1=33.5% a@3=55.5% | 215.1s
[ 9400/10000] loss=0.0028 (cls=0.0001 res=0.0027 f=0.0001 u=0.0001) | val: 3.32deg/4178mm R@10/2=24.7% R@5/1=10.4% a@1=33.5% a@3=55.5% | 217.4s
[ 9500/10000] loss=0.0026 (cls=0.0001 res=0.0024 f=0.0001 u=0.0000) | val: 3.27deg/4196mm R@10/2=25.8% R@5/1=10.4% a@1=33.5% a@3=54.9% | 219.7s
[ 9600/10000] loss=0.0026 (cls=0.0001 res=0.0024 f=0.0001 u=0.0000) | val: 3.28deg/4195mm R@10/2=26.4% R@5/1=10.4% a@1=33.5% a@3=54.9% | 222.0s
[ 9700/10000] loss=0.0026 (cls=0.0001 res=0.0024 f=0.0001 u=0.0000) | val: 3.26deg/4173mm R@10/2=25.8% R@5/1=10.4% a@1=33.5% a@3=54.9% | 224.3s
[ 9800/10000] loss=0.0025 (cls=0.0001 res=0.0023 f=0.0001 u=0.0000) | val: 3.29deg/4173mm R@10/2=25.8% R@5/1=10.4% a@1=33.5% a@3=54.9% | 226.6s
[ 9900/10000] loss=0.0020 (cls=0.0001 res=0.0018 f=0.0001 u=0.0000) | val: 3.29deg/4156mm R@10/2=26.4% R@5/1=10.4% a@1=33.5% a@3=54.9% | 228.9s
[10000/10000] loss=0.0026 (cls=0.0001 res=0.0025 f=0.0001 u=0.0001) | val: 3.29deg/4146mm R@10/2=26.4% R@5/1=10.4% a@1=33.5% a@3=55.5% | 231.2s

Training done. Best epoch: 200, score=3.6438

======================================================================
EVALUATION RESULTS (Center + Frustum)
======================================================================
Rotation  (median): 3.48deg
Translation (median): 3329mm
  R@5deg_1m: 12.1%  (rot_pass=76.4%, trans_pass=14.8%)
  R@10deg_2m: 35.2%  (rot_pass=96.7%, trans_pass=35.2%)
  R@15deg_5m: 71.4%  (rot_pass=100.0%, trans_pass=71.4%)
  R@25deg_5m: 71.4%  (rot_pass=100.0%, trans_pass=71.4%)

======================================================================
EVALUATION RESULTS (Retrieval Mode)
======================================================================
Retrieval median: 9.87deg / 3900mm
  R@5deg_1m: 2.2%  (rot=11.0%, trans=11.5%)
  R@10deg_2m: 18.7%  (rot=51.6%, trans=27.5%)
  R@15deg_5m: 54.4%  (rot=78.0%, trans=69.8%)
  R@25deg_5m: 67.6%  (rot=96.7%, trans=69.8%)
