=== exp24e_attn_h4_wider_seed314 ===
======================================================================
Experiment: exp24e_attn_h4_wider_seed314
Pool: attn, Features: both+sum
======================================================================
Random seed: 314
Using device: cuda:5

Loading data (fine=True, coarse=True, summary=True)...
  Loaded fine_geo: torch.Size([895, 128, 68, 120])
  Loaded coarse_sem: torch.Size([895, 128, 68, 120])
  Loaded summary: torch.Size([895, 2560])
  [train] 895 samples loaded
  Loaded fine_geo: torch.Size([182, 128, 68, 120])
  Loaded coarse_sem: torch.Size([182, 128, 68, 120])
  Loaded summary: torch.Size([182, 2560])
  [test] 182 samples loaded
Translation norm: mean=[13.19548    -0.64731836 23.103329  ], std=[10.827089    0.94348246  9.766839  ]
  Feature dim after pooling: 3584
Model parameters: 10,001,042
Model parameters: 10,001,042
[    1/10000] loss=3.0411 (t=0.5241 r=2.5170 beta=1.00) | val: 52.00deg/13566mm | 1.0s
[  100/10000] loss=0.0995 (t=0.0338 r=0.0708 beta=0.93) | val: 5.17deg/2634mm | 3.7s
[  200/10000] loss=0.0690 (t=0.0247 r=0.0502 beta=0.88) | val: 3.48deg/1976mm | 6.6s
[  300/10000] loss=0.0538 (t=0.0196 r=0.0405 beta=0.84) | val: 2.72deg/1320mm | 9.2s
[  400/10000] loss=0.0437 (t=0.0144 r=0.0363 beta=0.81) | val: 2.27deg/1560mm | 11.2s
[  500/10000] loss=0.0451 (t=0.0171 r=0.0361 beta=0.78) | val: 1.98deg/1610mm | 13.0s
[  600/10000] loss=0.0309 (t=0.0083 r=0.0302 beta=0.75) | val: 2.10deg/1322mm | 15.0s
[  700/10000] loss=0.0301 (t=0.0085 r=0.0301 beta=0.72) | val: 1.98deg/1595mm | 17.0s
[  800/10000] loss=0.0281 (t=0.0081 r=0.0289 beta=0.69) | val: 1.82deg/1485mm | 18.8s
[  900/10000] loss=0.0209 (t=0.0057 r=0.0229 beta=0.67) | val: 1.84deg/1389mm | 20.8s
[ 1000/10000] loss=0.0232 (t=0.0061 r=0.0265 beta=0.64) | val: 1.83deg/1458mm | 22.6s
[ 1100/10000] loss=0.0183 (t=0.0055 r=0.0206 beta=0.62) | val: 1.59deg/1592mm | 24.6s
[ 1200/10000] loss=0.0191 (t=0.0046 r=0.0243 beta=0.60) | val: 1.89deg/1664mm | 26.4s
[ 1300/10000] loss=0.0186 (t=0.0043 r=0.0249 beta=0.58) | val: 1.67deg/1425mm | 28.6s
[ 1400/10000] loss=0.0160 (t=0.0038 r=0.0219 beta=0.56) | val: 1.87deg/1428mm | 30.4s
[ 1500/10000] loss=0.0158 (t=0.0041 r=0.0219 beta=0.54) | val: 2.10deg/1424mm | 32.4s
[ 1600/10000] loss=0.0141 (t=0.0036 r=0.0202 beta=0.52) | val: 1.84deg/1403mm | 34.2s
[ 1700/10000] loss=0.0143 (t=0.0037 r=0.0211 beta=0.50) | val: 1.70deg/1298mm | 36.1s
[ 1800/10000] loss=0.0137 (t=0.0032 r=0.0218 beta=0.48) | val: 1.72deg/1384mm | 37.9s
[ 1900/10000] loss=0.0141 (t=0.0038 r=0.0221 beta=0.46) | val: 1.74deg/1349mm | 39.9s
[ 2000/10000] loss=0.0116 (t=0.0028 r=0.0196 beta=0.45) | val: 1.72deg/1384mm | 42.0s
[ 2100/10000] loss=0.0115 (t=0.0031 r=0.0194 beta=0.43) | val: 1.68deg/1205mm | 44.0s
[ 2200/10000] loss=0.0121 (t=0.0028 r=0.0222 beta=0.42) | val: 1.94deg/1376mm | 45.8s
[ 2300/10000] loss=0.0108 (t=0.0025 r=0.0206 beta=0.41) | val: 1.62deg/1292mm | 47.6s
[ 2400/10000] loss=0.0101 (t=0.0024 r=0.0196 beta=0.39) | val: 1.84deg/1375mm | 49.5s
[ 2500/10000] loss=0.0096 (t=0.0026 r=0.0187 beta=0.38) | val: 1.68deg/1289mm | 51.3s
[ 2600/10000] loss=0.0094 (t=0.0024 r=0.0190 beta=0.37) | val: 1.94deg/1504mm | 53.2s
[ 2700/10000] loss=0.0099 (t=0.0030 r=0.0196 beta=0.36) | val: 1.85deg/1309mm | 55.0s
[ 2800/10000] loss=0.0096 (t=0.0025 r=0.0207 beta=0.34) | val: 1.94deg/1405mm | 56.9s
[ 2900/10000] loss=0.0098 (t=0.0031 r=0.0203 beta=0.33) | val: 1.99deg/1375mm | 58.7s
[ 3000/10000] loss=0.0086 (t=0.0023 r=0.0196 beta=0.32) | val: 1.84deg/1287mm | 60.5s
[ 3100/10000] loss=0.0079 (t=0.0022 r=0.0181 beta=0.31) | val: 1.87deg/1287mm | 62.5s
[ 3200/10000] loss=0.0072 (t=0.0021 r=0.0169 beta=0.30) | val: 1.86deg/1254mm | 64.4s
[ 3300/10000] loss=0.0081 (t=0.0024 r=0.0196 beta=0.29) | val: 1.81deg/1353mm | 66.2s
[ 3400/10000] loss=0.0070 (t=0.0021 r=0.0173 beta=0.29) | val: 1.83deg/1371mm | 68.1s
[ 3500/10000] loss=0.0079 (t=0.0026 r=0.0190 beta=0.28) | val: 1.92deg/1406mm | 69.9s
[ 3600/10000] loss=0.0070 (t=0.0022 r=0.0178 beta=0.27) | val: 1.92deg/1218mm | 71.7s
[ 3700/10000] loss=0.0073 (t=0.0022 r=0.0193 beta=0.26) | val: 1.85deg/1388mm | 73.6s
[ 3800/10000] loss=0.0065 (t=0.0020 r=0.0178 beta=0.25) | val: 1.96deg/1418mm | 75.4s
[ 3900/10000] loss=0.0064 (t=0.0020 r=0.0179 beta=0.25) | val: 1.87deg/1473mm | 77.3s
[ 4000/10000] loss=0.0061 (t=0.0017 r=0.0185 beta=0.24) | val: 1.76deg/1475mm | 79.2s
[ 4100/10000] loss=0.0059 (t=0.0020 r=0.0170 beta=0.23) | val: 1.95deg/1469mm | 81.0s
[ 4200/10000] loss=0.0065 (t=0.0021 r=0.0191 beta=0.23) | val: 1.93deg/1364mm | 82.8s
[ 4300/10000] loss=0.0058 (t=0.0020 r=0.0171 beta=0.22) | val: 1.77deg/1303mm | 84.7s
[ 4400/10000] loss=0.0049 (t=0.0016 r=0.0157 beta=0.21) | val: 1.84deg/1326mm | 86.5s
[ 4500/10000] loss=0.0050 (t=0.0015 r=0.0169 beta=0.21) | val: 1.94deg/1568mm | 88.4s
[ 4600/10000] loss=0.0054 (t=0.0021 r=0.0166 beta=0.20) | val: 1.91deg/1271mm | 90.2s
[ 4700/10000] loss=0.0050 (t=0.0017 r=0.0168 beta=0.20) | val: 2.01deg/1296mm | 92.1s
[ 4800/10000] loss=0.0048 (t=0.0017 r=0.0163 beta=0.19) | val: 1.97deg/1325mm | 93.9s
[ 4900/10000] loss=0.0056 (t=0.0021 r=0.0185 beta=0.19) | val: 1.80deg/1316mm | 95.8s
[ 5000/10000] loss=0.0047 (t=0.0015 r=0.0174 beta=0.18) | val: 1.93deg/1358mm | 97.6s
[ 5100/10000] loss=0.0051 (t=0.0017 r=0.0184 beta=0.18) | val: 2.09deg/1521mm | 99.4s
[ 5200/10000] loss=0.0048 (t=0.0019 r=0.0166 beta=0.18) | val: 1.94deg/1225mm | 101.3s
[ 5300/10000] loss=0.0045 (t=0.0016 r=0.0170 beta=0.17) | val: 2.01deg/1285mm | 103.1s
[ 5400/10000] loss=0.0042 (t=0.0016 r=0.0156 beta=0.17) | val: 2.05deg/1290mm | 105.0s
[ 5500/10000] loss=0.0041 (t=0.0013 r=0.0173 beta=0.16) | val: 2.15deg/1482mm | 106.8s
[ 5600/10000] loss=0.0044 (t=0.0018 r=0.0163 beta=0.16) | val: 1.95deg/1385mm | 108.6s
[ 5700/10000] loss=0.0040 (t=0.0013 r=0.0170 beta=0.16) | val: 2.10deg/1389mm | 110.5s
