Random seed: 123
Using device: cuda:0
  Feature dim after pooling: 3584

Loading raw data for frozen pooling (fine=True, coarse=True, summary=True)...
  Loaded fine_geo: torch.Size([895, 128, 68, 120])
  Loaded coarse_sem: torch.Size([895, 128, 68, 120])
  Loaded summary: torch.Size([895, 2560])
  [train] 895 samples loaded
  Loaded fine_geo: torch.Size([182, 128, 68, 120])
  Loaded coarse_sem: torch.Size([182, 128, 68, 120])
  Loaded summary: torch.Size([182, 2560])
  [test] 182 samples loaded

Precomputing frozen pooled features...
  Pre-computed pooled features: torch.Size([895, 3584]) (12.8 MB)
  Pre-computed pooled features: torch.Size([182, 3584]) (2.6 MB)
Trainable parameters: 8,672,011
[    1/10000] loss=3.9121 (t=0.3631 rank=5.9363 rot=2.3618 beta=1.00) | val: 94.34deg/20146mm R@10/2=0.0% R@5/1=0.0% attn_top1<2m=25.3% | 0.2s
[  100/10000] loss=0.9816 (t=0.0224 rank=4.5766 rot=0.0470 beta=0.93) | val: 3.35deg/2014mm R@10/2=47.8% R@5/1=20.9% attn_top1<2m=34.6% | 1.2s
[  200/10000] loss=0.9468 (t=0.0101 rank=4.5284 rot=0.0347 beta=0.90) | val: 2.38deg/1940mm R@10/2=51.6% R@5/1=25.8% attn_top1<2m=35.7% | 2.1s
[  300/10000] loss=0.9318 (t=0.0075 rank=4.4902 rot=0.0305 beta=0.86) | val: 1.81deg/1810mm R@10/2=52.7% R@5/1=25.8% attn_top1<2m=40.7% | 3.0s
[  400/10000] loss=0.9255 (t=0.0054 rank=4.4752 rot=0.0303 beta=0.83) | val: 2.29deg/1809mm R@10/2=55.5% R@5/1=21.4% attn_top1<2m=39.0% | 3.7s
[  500/10000] loss=0.9185 (t=0.0037 rank=4.4670 rot=0.0270 beta=0.79) | val: 2.00deg/1897mm R@10/2=52.2% R@5/1=27.5% attn_top1<2m=39.6% | 4.5s
[  600/10000] loss=0.9210 (t=0.0042 rank=4.4908 rot=0.0245 beta=0.76) | val: 1.85deg/1646mm R@10/2=54.9% R@5/1=31.9% attn_top1<2m=40.1% | 5.3s
[  700/10000] loss=0.9294 (t=0.0030 rank=4.5418 rot=0.0246 beta=0.73) | val: 1.90deg/1630mm R@10/2=56.6% R@5/1=26.9% attn_top1<2m=40.7% | 6.2s
[  800/10000] loss=0.9344 (t=0.0024 rank=4.5670 rot=0.0264 beta=0.70) | val: 1.78deg/1623mm R@10/2=55.5% R@5/1=26.4% attn_top1<2m=38.5% | 7.0s
[  900/10000] loss=0.9083 (t=0.0021 rank=4.4442 rot=0.0256 beta=0.68) | val: 1.84deg/1560mm R@10/2=56.0% R@5/1=23.6% attn_top1<2m=40.1% | 7.7s
[ 1000/10000] loss=0.8931 (t=0.0021 rank=4.3860 rot=0.0211 beta=0.65) | val: 1.77deg/1736mm R@10/2=53.8% R@5/1=30.2% attn_top1<2m=40.1% | 8.5s
[ 1100/10000] loss=0.9054 (t=0.0018 rank=4.4562 rot=0.0196 beta=0.63) | val: 1.64deg/1728mm R@10/2=53.8% R@5/1=29.1% attn_top1<2m=40.7% | 9.3s
[ 1200/10000] loss=0.9096 (t=0.0013 rank=4.4779 rot=0.0210 beta=0.60) | val: 1.97deg/1680mm R@10/2=55.5% R@5/1=28.0% attn_top1<2m=39.6% | 10.0s
[ 1300/10000] loss=0.8914 (t=0.0015 rank=4.3908 rot=0.0202 beta=0.58) | val: 1.61deg/1764mm R@10/2=53.3% R@5/1=30.2% attn_top1<2m=40.1% | 10.7s
[ 1400/10000] loss=0.9170 (t=0.0015 rank=4.5288 rot=0.0174 beta=0.56) | val: 1.68deg/1691mm R@10/2=55.5% R@5/1=31.3% attn_top1<2m=40.7% | 11.4s
[ 1500/10000] loss=0.9054 (t=0.0012 rank=4.4672 rot=0.0199 beta=0.54) | val: 1.67deg/1785mm R@10/2=53.3% R@5/1=30.8% attn_top1<2m=39.0% | 12.2s
[ 1600/10000] loss=0.8872 (t=0.0018 rank=4.3818 rot=0.0173 beta=0.52) | val: 1.67deg/1751mm R@10/2=52.7% R@5/1=30.2% attn_top1<2m=39.6% | 12.9s
[ 1700/10000] loss=0.8857 (t=0.0011 rank=4.3789 rot=0.0177 beta=0.50) | val: 1.62deg/1749mm R@10/2=52.2% R@5/1=25.8% attn_top1<2m=39.0% | 13.6s
[ 1800/10000] loss=0.9131 (t=0.0010 rank=4.5166 rot=0.0181 beta=0.48) | val: 1.64deg/1796mm R@10/2=52.7% R@5/1=25.8% attn_top1<2m=40.7% | 14.3s
[ 1900/10000] loss=0.9097 (t=0.0009 rank=4.5023 rot=0.0178 beta=0.47) | val: 1.82deg/1844mm R@10/2=51.6% R@5/1=27.5% attn_top1<2m=40.1% | 15.1s
[ 2000/10000] loss=0.9160 (t=0.0008 rank=4.5369 rot=0.0172 beta=0.45) | val: 1.68deg/1836mm R@10/2=52.2% R@5/1=28.0% attn_top1<2m=39.6% | 15.9s
[ 2100/10000] loss=0.9034 (t=0.0009 rank=4.4736 rot=0.0178 beta=0.43) | val: 1.69deg/1919mm R@10/2=51.6% R@5/1=28.0% attn_top1<2m=37.9% | 16.7s
[ 2200/10000] loss=0.8996 (t=0.0009 rank=4.4567 rot=0.0176 beta=0.42) | val: 1.71deg/1869mm R@10/2=51.6% R@5/1=29.7% attn_top1<2m=38.5% | 17.4s
[ 2300/10000] loss=0.8973 (t=0.0011 rank=4.4459 rot=0.0173 beta=0.41) | val: 1.68deg/1810mm R@10/2=52.2% R@5/1=26.9% attn_top1<2m=37.9% | 18.2s
[ 2400/10000] loss=0.8971 (t=0.0007 rank=4.4528 rot=0.0148 beta=0.39) | val: 1.54deg/1752mm R@10/2=52.7% R@5/1=26.9% attn_top1<2m=37.9% | 18.9s
[ 2500/10000] loss=0.8950 (t=0.0010 rank=4.4406 rot=0.0154 beta=0.38) | val: 1.78deg/1838mm R@10/2=53.3% R@5/1=27.5% attn_top1<2m=39.0% | 19.6s
[ 2600/10000] loss=0.9122 (t=0.0007 rank=4.5294 rot=0.0153 beta=0.37) | val: 1.55deg/1850mm R@10/2=51.6% R@5/1=26.9% attn_top1<2m=37.9% | 20.3s
[ 2700/10000] loss=0.8943 (t=0.0006 rank=4.4385 rot=0.0171 beta=0.35) | val: 1.72deg/1813mm R@10/2=51.1% R@5/1=27.5% attn_top1<2m=37.9% | 21.0s
[ 2800/10000] loss=0.9132 (t=0.0008 rank=4.5350 rot=0.0156 beta=0.34) | val: 1.82deg/1849mm R@10/2=52.7% R@5/1=29.1% attn_top1<2m=37.4% | 21.8s
[ 2900/10000] loss=0.8845 (t=0.0007 rank=4.3898 rot=0.0175 beta=0.33) | val: 1.61deg/1901mm R@10/2=51.6% R@5/1=27.5% attn_top1<2m=37.9% | 22.5s
[ 3000/10000] loss=0.9004 (t=0.0008 rank=4.4746 rot=0.0146 beta=0.32) | val: 1.67deg/1828mm R@10/2=51.1% R@5/1=26.4% attn_top1<2m=38.5% | 23.2s
[ 3100/10000] loss=0.8848 (t=0.0008 rank=4.3973 rot=0.0147 beta=0.31) | val: 1.61deg/1868mm R@10/2=51.6% R@5/1=29.7% attn_top1<2m=37.9% | 23.9s
[ 3200/10000] loss=0.8975 (t=0.0010 rank=4.4569 rot=0.0169 beta=0.30) | val: 1.63deg/1837mm R@10/2=53.3% R@5/1=24.7% attn_top1<2m=37.4% | 24.6s
[ 3300/10000] loss=0.9078 (t=0.0006 rank=4.5135 rot=0.0151 beta=0.29) | val: 1.80deg/1771mm R@10/2=52.2% R@5/1=24.7% attn_top1<2m=37.4% | 25.4s
[ 3400/10000] loss=0.8911 (t=0.0007 rank=4.4294 rot=0.0159 beta=0.29) | val: 1.61deg/1809mm R@10/2=52.7% R@5/1=27.5% attn_top1<2m=37.9% | 26.1s
[ 3500/10000] loss=0.9185 (t=0.0006 rank=4.5687 rot=0.0151 beta=0.28) | val: 1.64deg/1767mm R@10/2=53.3% R@5/1=24.7% attn_top1<2m=37.4% | 26.8s
[ 3600/10000] loss=0.9050 (t=0.0006 rank=4.5026 rot=0.0143 beta=0.27) | val: 1.62deg/1860mm R@10/2=51.6% R@5/1=28.6% attn_top1<2m=37.9% | 27.5s
[ 3700/10000] loss=0.9045 (t=0.0006 rank=4.5017 rot=0.0135 beta=0.26) | val: 1.59deg/1834mm R@10/2=53.8% R@5/1=24.2% attn_top1<2m=37.9% | 28.3s
[ 3800/10000] loss=0.8843 (t=0.0007 rank=4.3992 rot=0.0151 beta=0.25) | val: 1.60deg/1867mm R@10/2=52.2% R@5/1=28.0% attn_top1<2m=37.9% | 29.0s
[ 3900/10000] loss=0.8991 (t=0.0008 rank=4.4740 rot=0.0139 beta=0.25) | val: 1.67deg/1766mm R@10/2=53.8% R@5/1=26.9% attn_top1<2m=37.9% | 29.7s
[ 4000/10000] loss=0.9139 (t=0.0005 rank=4.5506 rot=0.0136 beta=0.24) | val: 1.68deg/1865mm R@10/2=52.2% R@5/1=25.3% attn_top1<2m=37.9% | 30.4s
[ 4100/10000] loss=0.8999 (t=0.0006 rank=4.4797 rot=0.0144 beta=0.23) | val: 1.63deg/1836mm R@10/2=53.3% R@5/1=27.5% attn_top1<2m=36.8% | 31.2s
[ 4200/10000] loss=0.9195 (t=0.0007 rank=4.5788 rot=0.0135 beta=0.23) | val: 1.61deg/1727mm R@10/2=52.7% R@5/1=25.8% attn_top1<2m=37.9% | 32.0s
[ 4300/10000] loss=0.8969 (t=0.0005 rank=4.4657 rot=0.0147 beta=0.22) | val: 1.69deg/1814mm R@10/2=53.3% R@5/1=27.5% attn_top1<2m=37.9% | 32.7s
[ 4400/10000] loss=0.9000 (t=0.0005 rank=4.4824 rot=0.0138 beta=0.22) | val: 1.60deg/1941mm R@10/2=50.0% R@5/1=25.3% attn_top1<2m=37.9% | 33.5s
[ 4500/10000] loss=0.8753 (t=0.0006 rank=4.3578 rot=0.0153 beta=0.21) | val: 1.63deg/1795mm R@10/2=53.3% R@5/1=25.3% attn_top1<2m=37.9% | 34.3s
[ 4600/10000] loss=0.9036 (t=0.0006 rank=4.4987 rot=0.0156 beta=0.21) | val: 1.71deg/1811mm R@10/2=51.6% R@5/1=25.3% attn_top1<2m=37.9% | 35.0s
[ 4700/10000] loss=0.9117 (t=0.0005 rank=4.5423 rot=0.0136 beta=0.20) | val: 1.77deg/1872mm R@10/2=52.7% R@5/1=26.9% attn_top1<2m=38.5% | 35.8s
[ 4800/10000] loss=0.9019 (t=0.0007 rank=4.4934 rot=0.0131 beta=0.20) | val: 1.63deg/1790mm R@10/2=53.8% R@5/1=25.8% attn_top1<2m=37.9% | 36.6s
[ 4900/10000] loss=0.8791 (t=0.0005 rank=4.3806 rot=0.0130 beta=0.19) | val: 1.66deg/1817mm R@10/2=51.6% R@5/1=25.3% attn_top1<2m=37.4% | 37.4s
[ 5000/10000] loss=0.8754 (t=0.0005 rank=4.3613 rot=0.0141 beta=0.19) | val: 1.68deg/1901mm R@10/2=51.1% R@5/1=26.4% attn_top1<2m=37.4% | 38.1s
[ 5100/10000] loss=0.8996 (t=0.0005 rank=4.4829 rot=0.0133 beta=0.18) | val: 1.65deg/1988mm R@10/2=50.0% R@5/1=25.8% attn_top1<2m=37.4% | 38.9s
[ 5200/10000] loss=0.9055 (t=0.0005 rank=4.5137 rot=0.0126 beta=0.18) | val: 1.64deg/1825mm R@10/2=51.6% R@5/1=26.4% attn_top1<2m=37.4% | 39.7s
[ 5300/10000] loss=0.9203 (t=0.0005 rank=4.5877 rot=0.0127 beta=0.17) | val: 1.73deg/1889mm R@10/2=51.1% R@5/1=24.2% attn_top1<2m=37.9% | 40.4s
[ 5400/10000] loss=0.8905 (t=0.0006 rank=4.4374 rot=0.0138 beta=0.17) | val: 1.66deg/1879mm R@10/2=52.2% R@5/1=26.9% attn_top1<2m=37.9% | 41.2s
[ 5500/10000] loss=0.8946 (t=0.0005 rank=4.4594 rot=0.0133 beta=0.17) | val: 1.66deg/1846mm R@10/2=53.3% R@5/1=25.3% attn_top1<2m=37.9% | 42.0s
[ 5600/10000] loss=0.9123 (t=0.0005 rank=4.5492 rot=0.0121 beta=0.16) | val: 1.64deg/1850mm R@10/2=51.1% R@5/1=27.5% attn_top1<2m=37.9% | 42.7s
[ 5700/10000] loss=0.9068 (t=0.0005 rank=4.5206 rot=0.0137 beta=0.16) | val: 1.62deg/1735mm R@10/2=51.1% R@5/1=25.3% attn_top1<2m=37.9% | 43.5s
[ 5800/10000] loss=0.8911 (t=0.0005 rank=4.4430 rot=0.0129 beta=0.16) | val: 1.61deg/1758mm R@10/2=51.6% R@5/1=25.3% attn_top1<2m=37.4% | 44.2s
[ 5900/10000] loss=0.8850 (t=0.0005 rank=4.4137 rot=0.0118 beta=0.15) | val: 1.69deg/1905mm R@10/2=50.0% R@5/1=25.8% attn_top1<2m=37.4% | 45.0s
[ 6000/10000] loss=0.8938 (t=0.0005 rank=4.4558 rot=0.0141 beta=0.15) | val: 1.67deg/2053mm R@10/2=49.5% R@5/1=25.3% attn_top1<2m=37.4% | 45.8s
[ 6100/10000] loss=0.9025 (t=0.0005 rank=4.5003 rot=0.0131 beta=0.15) | val: 1.71deg/1849mm R@10/2=52.2% R@5/1=24.7% attn_top1<2m=35.7% | 46.6s
[ 6200/10000] loss=0.9024 (t=0.0004 rank=4.5005 rot=0.0134 beta=0.15) | val: 1.69deg/1908mm R@10/2=51.6% R@5/1=28.0% attn_top1<2m=37.9% | 47.4s
[ 6300/10000] loss=0.9053 (t=0.0004 rank=4.5160 rot=0.0122 beta=0.14) | val: 1.73deg/1856mm R@10/2=52.2% R@5/1=26.4% attn_top1<2m=38.5% | 48.1s
[ 6400/10000] loss=0.8945 (t=0.0003 rank=4.4618 rot=0.0128 beta=0.14) | val: 1.63deg/1894mm R@10/2=51.1% R@5/1=25.8% attn_top1<2m=37.4% | 48.9s
[ 6500/10000] loss=0.8908 (t=0.0005 rank=4.4424 rot=0.0132 beta=0.14) | val: 1.67deg/1882mm R@10/2=52.2% R@5/1=25.8% attn_top1<2m=38.5% | 49.7s
[ 6600/10000] loss=0.9178 (t=0.0003 rank=4.5787 rot=0.0126 beta=0.14) | val: 1.73deg/1905mm R@10/2=51.6% R@5/1=27.5% attn_top1<2m=37.9% | 50.4s
[ 6700/10000] loss=0.9054 (t=0.0004 rank=4.5166 rot=0.0125 beta=0.14) | val: 1.67deg/1867mm R@10/2=51.1% R@5/1=29.1% attn_top1<2m=37.9% | 51.2s
[ 6800/10000] loss=0.8999 (t=0.0004 rank=4.4891 rot=0.0121 beta=0.13) | val: 1.67deg/1882mm R@10/2=51.6% R@5/1=27.5% attn_top1<2m=36.8% | 52.0s
[ 6900/10000] loss=0.9060 (t=0.0004 rank=4.5206 rot=0.0110 beta=0.13) | val: 1.65deg/1893mm R@10/2=52.2% R@5/1=26.4% attn_top1<2m=37.4% | 52.8s
[ 7000/10000] loss=0.9019 (t=0.0004 rank=4.5003 rot=0.0116 beta=0.13) | val: 1.68deg/1849mm R@10/2=51.1% R@5/1=25.3% attn_top1<2m=36.8% | 53.6s
[ 7100/10000] loss=0.9066 (t=0.0004 rank=4.5239 rot=0.0117 beta=0.13) | val: 1.75deg/1931mm R@10/2=50.5% R@5/1=25.8% attn_top1<2m=37.9% | 54.4s
[ 7200/10000] loss=0.9195 (t=0.0005 rank=4.5876 rot=0.0120 beta=0.13) | val: 1.64deg/1934mm R@10/2=52.7% R@5/1=27.5% attn_top1<2m=38.5% | 55.1s
[ 7300/10000] loss=0.9207 (t=0.0003 rank=4.5943 rot=0.0118 beta=0.13) | val: 1.69deg/1885mm R@10/2=51.1% R@5/1=26.9% attn_top1<2m=37.9% | 55.9s
[ 7400/10000] loss=0.8979 (t=0.0003 rank=4.4796 rot=0.0130 beta=0.12) | val: 1.65deg/1927mm R@10/2=51.6% R@5/1=28.6% attn_top1<2m=37.9% | 56.7s
[ 7500/10000] loss=0.8881 (t=0.0004 rank=4.4320 rot=0.0108 beta=0.12) | val: 1.68deg/1913mm R@10/2=51.1% R@5/1=29.1% attn_top1<2m=38.5% | 57.5s
[ 7600/10000] loss=0.8888 (t=0.0005 rank=4.4347 rot=0.0113 beta=0.12) | val: 1.66deg/1985mm R@10/2=50.5% R@5/1=26.4% attn_top1<2m=37.9% | 58.3s
[ 7700/10000] loss=0.9012 (t=0.0004 rank=4.4967 rot=0.0119 beta=0.12) | val: 1.65deg/1872mm R@10/2=52.2% R@5/1=27.5% attn_top1<2m=37.9% | 59.1s
[ 7800/10000] loss=0.8953 (t=0.0004 rank=4.4683 rot=0.0104 beta=0.12) | val: 1.67deg/1896mm R@10/2=51.1% R@5/1=26.4% attn_top1<2m=38.5% | 59.8s
[ 7900/10000] loss=0.8942 (t=0.0004 rank=4.4612 rot=0.0130 beta=0.12) | val: 1.65deg/1904mm R@10/2=51.1% R@5/1=26.9% attn_top1<2m=38.5% | 60.6s
[ 8000/10000] loss=0.9006 (t=0.0003 rank=4.4945 rot=0.0120 beta=0.12) | val: 1.69deg/1940mm R@10/2=51.1% R@5/1=26.9% attn_top1<2m=38.5% | 61.3s
[ 8100/10000] loss=0.9000 (t=0.0004 rank=4.4914 rot=0.0113 beta=0.12) | val: 1.64deg/1832mm R@10/2=51.6% R@5/1=26.9% attn_top1<2m=37.9% | 62.0s
[ 8200/10000] loss=0.9133 (t=0.0003 rank=4.5582 rot=0.0108 beta=0.12) | val: 1.78deg/1979mm R@10/2=50.5% R@5/1=26.9% attn_top1<2m=37.9% | 62.7s
[ 8300/10000] loss=0.8992 (t=0.0004 rank=4.4875 rot=0.0109 beta=0.12) | val: 1.74deg/1950mm R@10/2=51.1% R@5/1=25.8% attn_top1<2m=37.9% | 63.5s
[ 8400/10000] loss=0.8755 (t=0.0003 rank=4.3694 rot=0.0114 beta=0.12) | val: 1.75deg/1917mm R@10/2=51.1% R@5/1=26.9% attn_top1<2m=38.5% | 64.2s
[ 8500/10000] loss=0.8826 (t=0.0003 rank=4.4042 rot=0.0120 beta=0.12) | val: 1.67deg/1961mm R@10/2=51.1% R@5/1=27.5% attn_top1<2m=37.9% | 64.9s
[ 8600/10000] loss=0.8969 (t=0.0003 rank=4.4763 rot=0.0114 beta=0.11) | val: 1.65deg/1953mm R@10/2=50.5% R@5/1=27.5% attn_top1<2m=38.5% | 65.6s
[ 8700/10000] loss=0.9078 (t=0.0003 rank=4.5306 rot=0.0118 beta=0.11) | val: 1.66deg/1918mm R@10/2=51.1% R@5/1=26.9% attn_top1<2m=37.9% | 66.4s
[ 8800/10000] loss=0.8951 (t=0.0004 rank=4.4677 rot=0.0107 beta=0.11) | val: 1.68deg/1891mm R@10/2=51.1% R@5/1=27.5% attn_top1<2m=37.9% | 67.2s
[ 8900/10000] loss=0.9063 (t=0.0004 rank=4.5234 rot=0.0108 beta=0.11) | val: 1.63deg/1894mm R@10/2=51.1% R@5/1=26.9% attn_top1<2m=37.9% | 68.0s
[ 9000/10000] loss=0.8912 (t=0.0003 rank=4.4474 rot=0.0127 beta=0.11) | val: 1.73deg/1884mm R@10/2=50.5% R@5/1=28.0% attn_top1<2m=38.5% | 68.7s
[ 9100/10000] loss=0.9111 (t=0.0003 rank=4.5478 rot=0.0111 beta=0.11) | val: 1.68deg/1923mm R@10/2=51.1% R@5/1=28.0% attn_top1<2m=38.5% | 69.5s
[ 9200/10000] loss=0.9035 (t=0.0003 rank=4.5095 rot=0.0110 beta=0.11) | val: 1.66deg/1918mm R@10/2=51.1% R@5/1=27.5% attn_top1<2m=37.9% | 70.3s
[ 9300/10000] loss=0.8907 (t=0.0003 rank=4.4457 rot=0.0113 beta=0.11) | val: 1.66deg/1875mm R@10/2=51.1% R@5/1=27.5% attn_top1<2m=38.5% | 71.0s
[ 9400/10000] loss=0.9075 (t=0.0004 rank=4.5291 rot=0.0106 beta=0.11) | val: 1.64deg/1899mm R@10/2=51.1% R@5/1=26.9% attn_top1<2m=38.5% | 71.7s
[ 9500/10000] loss=0.9108 (t=0.0003 rank=4.5461 rot=0.0110 beta=0.11) | val: 1.67deg/1920mm R@10/2=51.1% R@5/1=27.5% attn_top1<2m=38.5% | 72.5s
[ 9600/10000] loss=0.8967 (t=0.0004 rank=4.4752 rot=0.0112 beta=0.11) | val: 1.67deg/1924mm R@10/2=51.1% R@5/1=26.9% attn_top1<2m=37.9% | 73.2s
[ 9700/10000] loss=0.8838 (t=0.0003 rank=4.4116 rot=0.0106 beta=0.11) | val: 1.66deg/1924mm R@10/2=51.1% R@5/1=27.5% attn_top1<2m=37.9% | 73.9s
[ 9800/10000] loss=0.9123 (t=0.0003 rank=4.5539 rot=0.0106 beta=0.11) | val: 1.67deg/1895mm R@10/2=51.1% R@5/1=28.0% attn_top1<2m=37.9% | 74.6s
[ 9900/10000] loss=0.8873 (t=0.0003 rank=4.4288 rot=0.0107 beta=0.11) | val: 1.68deg/1896mm R@10/2=51.1% R@5/1=28.0% attn_top1<2m=37.9% | 75.3s
[10000/10000] loss=0.9143 (t=0.0003 rank=4.5633 rot=0.0113 beta=0.11) | val: 1.67deg/1894mm R@10/2=51.1% R@5/1=27.5% attn_top1<2m=37.9% | 76.1s

Training done. Best epoch: 690, score: 1.7204

======================================================================
EVALUATION RESULTS (Memory Translation + Rotation Regression)
======================================================================
Rotation  (median): 1.88deg
Translation (median): 1534mm
  R@5deg_1m: 33.0%  (rot_pass=94.0%, trans_pass=33.0%)
  R@10deg_2m: 55.5%  (rot_pass=100.0%, trans_pass=55.5%)
  R@15deg_5m: 90.1%  (rot_pass=100.0%, trans_pass=90.1%)
  R@25deg_5m: 90.1%  (rot_pass=100.0%, trans_pass=90.1%)

======================================================================
EVALUATION RESULTS (Retrieval Mode)
======================================================================
Retrieval median: 11.09deg / 2446mm
  R@5deg_1m: 2.2%  (rot=6.0%, trans=17.6%)
  R@10deg_2m: 20.3%  (rot=43.4%, trans=40.7%)
  R@15deg_5m: 61.5%  (rot=75.3%, trans=85.7%)
  R@25deg_5m: 83.5%  (rot=97.3%, trans=85.7%)

======================================================================
MEMORY
======================================================================
  attn_top1_lt2m: 40.7
  attn_top3_lt2m: 42.9
