Random seed: 123
Using device: cuda:1

Loading data (fine=True, coarse=True, summary=False)...
  Loaded fine_geo: torch.Size([895, 128, 68, 120])
  Loaded coarse_sem: torch.Size([895, 128, 68, 120])
  [train] 895 samples loaded
  Loaded fine_geo: torch.Size([182, 128, 68, 120])
  Loaded coarse_sem: torch.Size([182, 128, 68, 120])
  [test] 182 samples loaded

Building center anchors...
  Anchor KMeans: K=64, inertia=2106.9
  Samples per anchor: min=6, mean=14.0, median=13, max=32
  Residual std: [1.0352123 0.3018655 1.0926783]
  Feature dim after pooling: 1024
Model parameters: 6,460,303
[    1/10000] loss=6.2201 (cls=4.4679 res=0.7791 f=0.9649 u=0.9813) | val: 20.37deg/7255mm R@10/2=0.0% R@5/1=0.0% a@1=10.4% a@3=36.3% a@5=42.9% oracle2m=12.6% | 0.5s
[  100/10000] loss=1.0298 (cls=0.8214 res=0.2070 f=0.0017 u=0.0012) | val: 3.72deg/2934mm R@10/2=37.4% R@5/1=15.9% a@1=52.2% a@3=82.4% a@5=92.3% oracle2m=45.1% | 4.2s
[  200/10000] loss=0.9774 (cls=0.8330 res=0.1437 f=0.0007 u=0.0005) | val: 2.95deg/2311mm R@10/2=44.0% R@5/1=26.9% a@1=54.4% a@3=81.3% a@5=91.8% oracle2m=45.6% | 8.0s
[  300/10000] loss=0.9322 (cls=0.8256 res=0.1062 f=0.0006 u=0.0004) | val: 2.94deg/2391mm R@10/2=40.7% R@5/1=19.2% a@1=53.8% a@3=86.3% a@5=93.4% oracle2m=45.1% | 11.7s
[  400/10000] loss=0.8860 (cls=0.8002 res=0.0854 f=0.0004 u=0.0003) | val: 2.81deg/2682mm R@10/2=37.9% R@5/1=18.7% a@1=51.6% a@3=83.5% a@5=92.9% oracle2m=44.5% | 15.3s
[  500/10000] loss=0.8616 (cls=0.7923 res=0.0689 f=0.0004 u=0.0003) | val: 2.91deg/2671mm R@10/2=37.4% R@5/1=17.6% a@1=50.5% a@3=83.5% a@5=94.0% oracle2m=44.5% | 19.0s
[  600/10000] loss=0.8130 (cls=0.7530 res=0.0596 f=0.0004 u=0.0003) | val: 3.02deg/2659mm R@10/2=36.8% R@5/1=17.6% a@1=54.4% a@3=86.3% a@5=92.9% oracle2m=43.4% | 22.8s
[  700/10000] loss=0.8667 (cls=0.8151 res=0.0513 f=0.0003 u=0.0002) | val: 2.63deg/2711mm R@10/2=42.3% R@5/1=20.9% a@1=54.4% a@3=84.6% a@5=92.9% oracle2m=45.6% | 26.5s
[  800/10000] loss=0.8258 (cls=0.7799 res=0.0457 f=0.0003 u=0.0002) | val: 2.71deg/2768mm R@10/2=37.4% R@5/1=18.7% a@1=53.3% a@3=84.1% a@5=92.3% oracle2m=45.6% | 30.2s
[  900/10000] loss=0.8264 (cls=0.7850 res=0.0412 f=0.0003 u=0.0002) | val: 2.84deg/2694mm R@10/2=39.6% R@5/1=19.8% a@1=49.5% a@3=85.7% a@5=92.9% oracle2m=42.9% | 33.9s
[ 1000/10000] loss=0.8155 (cls=0.7801 res=0.0352 f=0.0003 u=0.0002) | val: 2.60deg/2744mm R@10/2=39.6% R@5/1=19.8% a@1=53.8% a@3=85.7% a@5=91.2% oracle2m=45.1% | 37.6s
[ 1100/10000] loss=0.8032 (cls=0.7711 res=0.0319 f=0.0003 u=0.0002) | val: 2.67deg/2823mm R@10/2=35.7% R@5/1=18.1% a@1=49.5% a@3=83.5% a@5=91.2% oracle2m=46.7% | 41.2s
[ 1200/10000] loss=0.8000 (cls=0.7667 res=0.0331 f=0.0002 u=0.0002) | val: 2.71deg/2798mm R@10/2=39.6% R@5/1=17.0% a@1=48.9% a@3=85.7% a@5=92.9% oracle2m=45.1% | 44.9s
[ 1300/10000] loss=0.7703 (cls=0.7400 res=0.0301 f=0.0002 u=0.0002) | val: 2.66deg/2644mm R@10/2=39.6% R@5/1=18.1% a@1=56.0% a@3=85.2% a@5=92.9% oracle2m=45.1% | 48.6s
[ 1400/10000] loss=0.8349 (cls=0.8072 res=0.0275 f=0.0002 u=0.0001) | val: 2.77deg/2690mm R@10/2=41.8% R@5/1=16.5% a@1=50.5% a@3=84.6% a@5=92.9% oracle2m=44.0% | 52.3s
[ 1500/10000] loss=0.7905 (cls=0.7654 res=0.0249 f=0.0002 u=0.0002) | val: 2.67deg/2654mm R@10/2=41.8% R@5/1=20.3% a@1=54.4% a@3=83.5% a@5=91.2% oracle2m=44.0% | 56.0s
[ 1600/10000] loss=0.7920 (cls=0.7641 res=0.0277 f=0.0002 u=0.0002) | val: 2.74deg/2696mm R@10/2=39.6% R@5/1=17.0% a@1=53.3% a@3=83.5% a@5=91.2% oracle2m=44.5% | 59.7s
[ 1700/10000] loss=0.8101 (cls=0.7861 res=0.0238 f=0.0002 u=0.0001) | val: 2.69deg/2744mm R@10/2=40.1% R@5/1=19.2% a@1=53.3% a@3=84.6% a@5=90.7% oracle2m=44.5% | 63.4s
[ 1800/10000] loss=0.8057 (cls=0.7826 res=0.0229 f=0.0002 u=0.0001) | val: 2.74deg/2870mm R@10/2=37.9% R@5/1=17.6% a@1=53.8% a@3=86.3% a@5=90.7% oracle2m=43.4% | 67.1s
[ 1900/10000] loss=0.7654 (cls=0.7420 res=0.0232 f=0.0002 u=0.0002) | val: 2.64deg/2610mm R@10/2=41.2% R@5/1=14.8% a@1=54.9% a@3=84.6% a@5=91.8% oracle2m=45.6% | 70.8s
[ 2000/10000] loss=0.7677 (cls=0.7481 res=0.0194 f=0.0002 u=0.0001) | val: 2.49deg/2589mm R@10/2=40.1% R@5/1=20.3% a@1=53.3% a@3=85.2% a@5=90.7% oracle2m=44.0% | 74.5s
[ 2100/10000] loss=0.7877 (cls=0.7696 res=0.0179 f=0.0002 u=0.0001) | val: 2.56deg/2720mm R@10/2=37.9% R@5/1=18.7% a@1=50.5% a@3=85.2% a@5=90.7% oracle2m=44.0% | 78.2s
[ 2200/10000] loss=0.7977 (cls=0.7775 res=0.0201 f=0.0002 u=0.0001) | val: 2.71deg/2736mm R@10/2=40.7% R@5/1=15.9% a@1=52.7% a@3=83.5% a@5=90.7% oracle2m=42.9% | 81.8s
[ 2300/10000] loss=0.7810 (cls=0.7639 res=0.0170 f=0.0002 u=0.0001) | val: 2.62deg/2794mm R@10/2=41.2% R@5/1=21.4% a@1=54.4% a@3=83.5% a@5=90.1% oracle2m=44.5% | 85.6s
[ 2400/10000] loss=0.7786 (cls=0.7580 res=0.0205 f=0.0002 u=0.0001) | val: 2.59deg/2838mm R@10/2=35.7% R@5/1=16.5% a@1=51.1% a@3=83.5% a@5=89.0% oracle2m=45.6% | 89.2s
[ 2500/10000] loss=0.7702 (cls=0.7522 res=0.0179 f=0.0002 u=0.0001) | val: 2.57deg/2904mm R@10/2=35.2% R@5/1=17.0% a@1=52.2% a@3=85.2% a@5=88.5% oracle2m=40.7% | 92.9s
[ 2600/10000] loss=0.8228 (cls=0.8076 res=0.0150 f=0.0001 u=0.0001) | val: 2.55deg/2850mm R@10/2=37.9% R@5/1=19.2% a@1=51.6% a@3=84.1% a@5=88.5% oracle2m=45.1% | 96.6s
[ 2700/10000] loss=0.7993 (cls=0.7835 res=0.0156 f=0.0002 u=0.0001) | val: 2.61deg/2728mm R@10/2=39.6% R@5/1=16.5% a@1=51.1% a@3=83.5% a@5=89.6% oracle2m=44.0% | 100.2s
[ 2800/10000] loss=0.7264 (cls=0.7108 res=0.0155 f=0.0002 u=0.0001) | val: 2.52deg/2703mm R@10/2=39.0% R@5/1=17.6% a@1=54.4% a@3=83.0% a@5=91.2% oracle2m=45.1% | 103.9s
[ 2900/10000] loss=0.8062 (cls=0.7894 res=0.0167 f=0.0002 u=0.0001) | val: 2.54deg/2866mm R@10/2=37.9% R@5/1=16.5% a@1=52.7% a@3=84.1% a@5=88.5% oracle2m=42.9% | 107.6s
[ 3000/10000] loss=0.7432 (cls=0.7280 res=0.0151 f=0.0002 u=0.0001) | val: 2.56deg/2870mm R@10/2=38.5% R@5/1=15.4% a@1=54.4% a@3=83.5% a@5=88.5% oracle2m=42.9% | 111.3s
[ 3100/10000] loss=0.7715 (cls=0.7573 res=0.0142 f=0.0001 u=0.0001) | val: 2.58deg/2869mm R@10/2=36.3% R@5/1=17.6% a@1=54.4% a@3=84.6% a@5=89.6% oracle2m=42.9% | 115.0s
[ 3200/10000] loss=0.7903 (cls=0.7752 res=0.0149 f=0.0002 u=0.0001) | val: 2.58deg/2933mm R@10/2=37.4% R@5/1=17.0% a@1=53.3% a@3=84.6% a@5=88.5% oracle2m=42.3% | 118.7s
[ 3300/10000] loss=0.7709 (cls=0.7542 res=0.0166 f=0.0002 u=0.0001) | val: 2.67deg/2779mm R@10/2=36.3% R@5/1=18.1% a@1=53.8% a@3=83.0% a@5=89.6% oracle2m=42.3% | 122.4s
[ 3400/10000] loss=0.7714 (cls=0.7573 res=0.0140 f=0.0002 u=0.0001) | val: 2.63deg/2978mm R@10/2=35.7% R@5/1=17.6% a@1=54.9% a@3=83.5% a@5=87.9% oracle2m=42.3% | 126.0s
[ 3500/10000] loss=0.7955 (cls=0.7807 res=0.0147 f=0.0001 u=0.0001) | val: 2.59deg/2745mm R@10/2=35.7% R@5/1=15.9% a@1=54.4% a@3=84.1% a@5=88.5% oracle2m=45.6% | 129.8s
[ 3600/10000] loss=0.8072 (cls=0.7944 res=0.0127 f=0.0001 u=0.0001) | val: 2.71deg/3141mm R@10/2=35.2% R@5/1=17.0% a@1=52.7% a@3=82.4% a@5=87.9% oracle2m=41.8% | 133.5s
[ 3700/10000] loss=0.7486 (cls=0.7356 res=0.0129 f=0.0002 u=0.0001) | val: 2.61deg/2985mm R@10/2=35.2% R@5/1=18.1% a@1=57.1% a@3=83.0% a@5=88.5% oracle2m=43.4% | 137.2s
[ 3800/10000] loss=0.7748 (cls=0.7608 res=0.0139 f=0.0001 u=0.0001) | val: 2.58deg/3078mm R@10/2=34.1% R@5/1=16.5% a@1=54.4% a@3=83.0% a@5=89.0% oracle2m=42.3% | 140.9s
[ 3900/10000] loss=0.7676 (cls=0.7527 res=0.0148 f=0.0001 u=0.0001) | val: 2.61deg/3084mm R@10/2=34.1% R@5/1=16.5% a@1=52.2% a@3=83.5% a@5=87.4% oracle2m=40.1% | 144.6s
[ 4000/10000] loss=0.8165 (cls=0.8034 res=0.0129 f=0.0001 u=0.0001) | val: 2.58deg/3057mm R@10/2=35.7% R@5/1=17.6% a@1=53.3% a@3=81.3% a@5=88.5% oracle2m=41.2% | 148.3s
[ 4100/10000] loss=0.7733 (cls=0.7589 res=0.0143 f=0.0002 u=0.0001) | val: 2.46deg/3108mm R@10/2=34.6% R@5/1=14.8% a@1=52.7% a@3=80.8% a@5=87.9% oracle2m=39.6% | 152.0s
[ 4200/10000] loss=0.7928 (cls=0.7794 res=0.0133 f=0.0001 u=0.0001) | val: 2.64deg/3165mm R@10/2=34.6% R@5/1=17.0% a@1=53.3% a@3=83.0% a@5=88.5% oracle2m=39.0% | 155.7s
[ 4300/10000] loss=0.7917 (cls=0.7775 res=0.0142 f=0.0001 u=0.0001) | val: 2.56deg/3073mm R@10/2=35.7% R@5/1=15.9% a@1=56.0% a@3=81.9% a@5=88.5% oracle2m=41.2% | 159.4s
[ 4400/10000] loss=0.8219 (cls=0.8106 res=0.0112 f=0.0001 u=0.0001) | val: 2.56deg/2989mm R@10/2=35.2% R@5/1=18.1% a@1=53.8% a@3=83.0% a@5=87.4% oracle2m=39.6% | 163.1s
[ 4500/10000] loss=0.7705 (cls=0.7596 res=0.0108 f=0.0001 u=0.0001) | val: 2.69deg/3159mm R@10/2=34.6% R@5/1=18.1% a@1=54.9% a@3=81.9% a@5=89.0% oracle2m=39.6% | 166.8s
[ 4600/10000] loss=0.7553 (cls=0.7439 res=0.0113 f=0.0001 u=0.0001) | val: 2.67deg/3116mm R@10/2=33.0% R@5/1=17.6% a@1=56.0% a@3=81.9% a@5=88.5% oracle2m=40.1% | 170.5s
[ 4700/10000] loss=0.7977 (cls=0.7854 res=0.0122 f=0.0001 u=0.0001) | val: 2.62deg/3179mm R@10/2=35.2% R@5/1=17.0% a@1=53.8% a@3=81.9% a@5=87.4% oracle2m=40.1% | 174.2s
[ 4800/10000] loss=0.7962 (cls=0.7838 res=0.0123 f=0.0001 u=0.0001) | val: 2.67deg/3032mm R@10/2=33.5% R@5/1=16.5% a@1=54.9% a@3=82.4% a@5=88.5% oracle2m=42.3% | 177.9s
[ 4900/10000] loss=0.7853 (cls=0.7753 res=0.0098 f=0.0001 u=0.0001) | val: 2.58deg/3117mm R@10/2=35.2% R@5/1=14.8% a@1=54.4% a@3=79.1% a@5=87.9% oracle2m=41.8% | 181.6s
[ 5000/10000] loss=0.7580 (cls=0.7477 res=0.0102 f=0.0002 u=0.0001) | val: 2.58deg/3108mm R@10/2=34.1% R@5/1=14.3% a@1=53.8% a@3=81.9% a@5=88.5% oracle2m=40.7% | 185.2s
[ 5100/10000] loss=0.7815 (cls=0.7687 res=0.0127 f=0.0001 u=0.0001) | val: 2.70deg/3312mm R@10/2=31.9% R@5/1=17.0% a@1=50.5% a@3=80.2% a@5=87.4% oracle2m=41.2% | 189.0s
[ 5200/10000] loss=0.7539 (cls=0.7432 res=0.0106 f=0.0001 u=0.0001) | val: 2.68deg/3132mm R@10/2=35.7% R@5/1=16.5% a@1=54.9% a@3=80.2% a@5=87.4% oracle2m=40.7% | 192.7s
[ 5300/10000] loss=0.7445 (cls=0.7334 res=0.0110 f=0.0001 u=0.0001) | val: 2.55deg/3167mm R@10/2=33.0% R@5/1=17.6% a@1=54.4% a@3=81.3% a@5=87.4% oracle2m=40.1% | 196.4s
[ 5400/10000] loss=0.7691 (cls=0.7590 res=0.0100 f=0.0001 u=0.0000) | val: 2.59deg/3117mm R@10/2=33.0% R@5/1=15.9% a@1=54.4% a@3=81.3% a@5=88.5% oracle2m=41.8% | 200.0s
[ 5500/10000] loss=0.7327 (cls=0.7223 res=0.0103 f=0.0001 u=0.0001) | val: 2.66deg/3136mm R@10/2=31.9% R@5/1=14.8% a@1=56.0% a@3=80.8% a@5=87.4% oracle2m=41.2% | 203.8s
[ 5600/10000] loss=0.7568 (cls=0.7466 res=0.0101 f=0.0001 u=0.0001) | val: 2.69deg/3107mm R@10/2=34.1% R@5/1=15.4% a@1=54.9% a@3=80.8% a@5=86.3% oracle2m=40.7% | 207.4s
[ 5700/10000] loss=0.7631 (cls=0.7534 res=0.0096 f=0.0001 u=0.0001) | val: 2.72deg/3220mm R@10/2=34.1% R@5/1=13.2% a@1=53.3% a@3=81.3% a@5=86.8% oracle2m=40.7% | 211.1s
[ 5800/10000] loss=0.7863 (cls=0.7768 res=0.0094 f=0.0001 u=0.0001) | val: 2.75deg/3228mm R@10/2=34.6% R@5/1=15.9% a@1=54.4% a@3=81.3% a@5=87.9% oracle2m=41.8% | 214.8s
[ 5900/10000] loss=0.7899 (cls=0.7803 res=0.0096 f=0.0001 u=0.0001) | val: 2.62deg/3157mm R@10/2=31.3% R@5/1=17.0% a@1=56.6% a@3=81.3% a@5=87.9% oracle2m=40.1% | 218.5s
[ 6000/10000] loss=0.7807 (cls=0.7716 res=0.0090 f=0.0001 u=0.0001) | val: 2.59deg/3198mm R@10/2=34.6% R@5/1=16.5% a@1=55.5% a@3=81.3% a@5=88.5% oracle2m=40.7% | 222.1s
[ 6100/10000] loss=0.7642 (cls=0.7558 res=0.0083 f=0.0001 u=0.0001) | val: 2.66deg/3105mm R@10/2=32.4% R@5/1=14.8% a@1=56.0% a@3=80.8% a@5=87.9% oracle2m=40.1% | 225.8s
[ 6200/10000] loss=0.7684 (cls=0.7608 res=0.0075 f=0.0001 u=0.0001) | val: 2.62deg/3195mm R@10/2=33.5% R@5/1=16.5% a@1=56.0% a@3=81.3% a@5=88.5% oracle2m=41.8% | 229.5s
[ 6300/10000] loss=0.7654 (cls=0.7563 res=0.0091 f=0.0001 u=0.0001) | val: 2.69deg/3311mm R@10/2=34.1% R@5/1=15.4% a@1=57.7% a@3=80.2% a@5=87.9% oracle2m=40.7% | 233.1s
[ 6400/10000] loss=0.7845 (cls=0.7752 res=0.0092 f=0.0001 u=0.0001) | val: 2.70deg/3238mm R@10/2=34.1% R@5/1=15.9% a@1=56.0% a@3=81.9% a@5=88.5% oracle2m=40.7% | 236.8s
[ 6500/10000] loss=0.7531 (cls=0.7454 res=0.0075 f=0.0001 u=0.0001) | val: 2.68deg/3229mm R@10/2=33.0% R@5/1=16.5% a@1=56.0% a@3=81.9% a@5=88.5% oracle2m=41.8% | 240.5s
[ 6600/10000] loss=0.7763 (cls=0.7673 res=0.0089 f=0.0001 u=0.0000) | val: 2.58deg/3224mm R@10/2=31.9% R@5/1=15.4% a@1=56.6% a@3=80.8% a@5=87.9% oracle2m=41.2% | 244.2s
[ 6700/10000] loss=0.7596 (cls=0.7513 res=0.0081 f=0.0001 u=0.0001) | val: 2.66deg/3312mm R@10/2=31.9% R@5/1=14.8% a@1=54.4% a@3=81.3% a@5=87.9% oracle2m=39.0% | 247.9s
[ 6800/10000] loss=0.7573 (cls=0.7490 res=0.0082 f=0.0001 u=0.0001) | val: 2.66deg/3266mm R@10/2=33.0% R@5/1=13.7% a@1=56.0% a@3=81.9% a@5=87.9% oracle2m=40.1% | 251.6s
[ 6900/10000] loss=0.7581 (cls=0.7507 res=0.0074 f=0.0001 u=0.0000) | val: 2.60deg/3209mm R@10/2=31.9% R@5/1=15.4% a@1=54.9% a@3=81.9% a@5=87.4% oracle2m=41.2% | 255.3s
[ 7000/10000] loss=0.7490 (cls=0.7403 res=0.0086 f=0.0001 u=0.0001) | val: 2.61deg/3229mm R@10/2=31.3% R@5/1=15.9% a@1=55.5% a@3=81.9% a@5=87.9% oracle2m=40.7% | 259.0s
[ 7100/10000] loss=0.7771 (cls=0.7698 res=0.0072 f=0.0001 u=0.0001) | val: 2.66deg/3191mm R@10/2=31.3% R@5/1=15.9% a@1=56.6% a@3=81.9% a@5=87.9% oracle2m=41.8% | 262.7s
[ 7200/10000] loss=0.7519 (cls=0.7443 res=0.0075 f=0.0001 u=0.0001) | val: 2.64deg/3241mm R@10/2=33.5% R@5/1=16.5% a@1=56.0% a@3=81.3% a@5=87.9% oracle2m=42.3% | 266.4s
[ 7300/10000] loss=0.7240 (cls=0.7166 res=0.0074 f=0.0001 u=0.0001) | val: 2.71deg/3228mm R@10/2=31.3% R@5/1=14.8% a@1=57.1% a@3=81.9% a@5=87.9% oracle2m=41.8% | 270.1s
[ 7400/10000] loss=0.7657 (cls=0.7592 res=0.0065 f=0.0001 u=0.0001) | val: 2.66deg/3216mm R@10/2=31.3% R@5/1=14.8% a@1=56.6% a@3=81.3% a@5=87.4% oracle2m=42.3% | 273.8s
[ 7500/10000] loss=0.7479 (cls=0.7407 res=0.0072 f=0.0001 u=0.0001) | val: 2.66deg/3238mm R@10/2=31.9% R@5/1=15.4% a@1=56.6% a@3=80.8% a@5=87.9% oracle2m=40.7% | 277.4s
[ 7600/10000] loss=0.7927 (cls=0.7857 res=0.0070 f=0.0001 u=0.0001) | val: 2.64deg/3176mm R@10/2=31.3% R@5/1=14.3% a@1=56.0% a@3=82.4% a@5=88.5% oracle2m=41.2% | 281.0s
[ 7700/10000] loss=0.7601 (cls=0.7535 res=0.0065 f=0.0001 u=0.0001) | val: 2.68deg/3214mm R@10/2=33.0% R@5/1=15.4% a@1=56.0% a@3=81.9% a@5=87.9% oracle2m=41.2% | 284.7s
[ 7800/10000] loss=0.7479 (cls=0.7400 res=0.0078 f=0.0001 u=0.0000) | val: 2.64deg/3204mm R@10/2=31.3% R@5/1=14.3% a@1=56.6% a@3=80.8% a@5=87.9% oracle2m=40.1% | 288.4s
[ 7900/10000] loss=0.7765 (cls=0.7703 res=0.0062 f=0.0001 u=0.0000) | val: 2.63deg/3236mm R@10/2=30.8% R@5/1=14.8% a@1=56.0% a@3=81.3% a@5=88.5% oracle2m=41.8% | 292.1s
[ 8000/10000] loss=0.7608 (cls=0.7538 res=0.0070 f=0.0001 u=0.0000) | val: 2.60deg/3221mm R@10/2=32.4% R@5/1=15.9% a@1=56.6% a@3=82.4% a@5=87.9% oracle2m=41.2% | 295.8s
[ 8100/10000] loss=0.7920 (cls=0.7852 res=0.0067 f=0.0001 u=0.0001) | val: 2.66deg/3233mm R@10/2=32.4% R@5/1=14.8% a@1=56.0% a@3=81.9% a@5=87.9% oracle2m=41.2% | 299.5s
[ 8200/10000] loss=0.7896 (cls=0.7831 res=0.0065 f=0.0001 u=0.0001) | val: 2.67deg/3141mm R@10/2=33.0% R@5/1=15.9% a@1=55.5% a@3=81.9% a@5=86.8% oracle2m=40.1% | 303.2s
[ 8300/10000] loss=0.7773 (cls=0.7707 res=0.0065 f=0.0001 u=0.0001) | val: 2.67deg/3222mm R@10/2=31.9% R@5/1=15.9% a@1=56.6% a@3=82.4% a@5=87.9% oracle2m=41.8% | 306.9s
[ 8400/10000] loss=0.7605 (cls=0.7532 res=0.0072 f=0.0001 u=0.0000) | val: 2.65deg/3214mm R@10/2=33.0% R@5/1=14.8% a@1=56.0% a@3=81.3% a@5=88.5% oracle2m=41.2% | 310.6s
[ 8500/10000] loss=0.7733 (cls=0.7670 res=0.0062 f=0.0001 u=0.0000) | val: 2.64deg/3228mm R@10/2=33.5% R@5/1=15.4% a@1=56.0% a@3=80.8% a@5=87.9% oracle2m=40.7% | 314.3s
[ 8600/10000] loss=0.7609 (cls=0.7538 res=0.0070 f=0.0001 u=0.0001) | val: 2.63deg/3237mm R@10/2=32.4% R@5/1=15.9% a@1=56.0% a@3=80.8% a@5=87.9% oracle2m=40.7% | 318.0s
[ 8700/10000] loss=0.8100 (cls=0.8030 res=0.0069 f=0.0001 u=0.0001) | val: 2.68deg/3228mm R@10/2=31.9% R@5/1=15.4% a@1=56.6% a@3=81.3% a@5=88.5% oracle2m=41.2% | 321.7s
[ 8800/10000] loss=0.7593 (cls=0.7536 res=0.0056 f=0.0001 u=0.0000) | val: 2.68deg/3225mm R@10/2=31.9% R@5/1=14.8% a@1=56.0% a@3=81.9% a@5=87.4% oracle2m=40.7% | 325.4s
[ 8900/10000] loss=0.7780 (cls=0.7722 res=0.0057 f=0.0001 u=0.0001) | val: 2.65deg/3198mm R@10/2=33.0% R@5/1=15.4% a@1=56.6% a@3=81.3% a@5=87.9% oracle2m=41.8% | 329.1s
[ 9000/10000] loss=0.7263 (cls=0.7204 res=0.0059 f=0.0001 u=0.0000) | val: 2.61deg/3210mm R@10/2=32.4% R@5/1=14.8% a@1=56.0% a@3=81.9% a@5=87.4% oracle2m=40.7% | 332.8s
[ 9100/10000] loss=0.7560 (cls=0.7499 res=0.0061 f=0.0001 u=0.0000) | val: 2.64deg/3220mm R@10/2=33.5% R@5/1=15.4% a@1=56.0% a@3=81.3% a@5=87.4% oracle2m=41.8% | 336.6s
[ 9200/10000] loss=0.7832 (cls=0.7773 res=0.0059 f=0.0001 u=0.0000) | val: 2.63deg/3237mm R@10/2=31.3% R@5/1=14.3% a@1=56.0% a@3=81.3% a@5=87.9% oracle2m=41.2% | 340.3s
[ 9300/10000] loss=0.7467 (cls=0.7410 res=0.0056 f=0.0001 u=0.0001) | val: 2.63deg/3241mm R@10/2=32.4% R@5/1=14.3% a@1=56.0% a@3=81.3% a@5=87.4% oracle2m=41.2% | 344.0s
[ 9400/10000] loss=0.7459 (cls=0.7404 res=0.0054 f=0.0001 u=0.0000) | val: 2.65deg/3223mm R@10/2=32.4% R@5/1=14.8% a@1=56.0% a@3=81.3% a@5=87.4% oracle2m=41.2% | 347.6s
[ 9500/10000] loss=0.7665 (cls=0.7609 res=0.0056 f=0.0001 u=0.0001) | val: 2.64deg/3222mm R@10/2=32.4% R@5/1=15.4% a@1=56.6% a@3=81.3% a@5=87.4% oracle2m=41.2% | 351.4s
[ 9600/10000] loss=0.7528 (cls=0.7475 res=0.0052 f=0.0001 u=0.0000) | val: 2.64deg/3230mm R@10/2=32.4% R@5/1=15.4% a@1=56.0% a@3=81.3% a@5=87.4% oracle2m=40.7% | 355.1s
[ 9700/10000] loss=0.7642 (cls=0.7580 res=0.0062 f=0.0001 u=0.0000) | val: 2.64deg/3233mm R@10/2=33.0% R@5/1=15.4% a@1=56.0% a@3=81.3% a@5=87.4% oracle2m=41.2% | 358.8s
[ 9800/10000] loss=0.7207 (cls=0.7142 res=0.0065 f=0.0001 u=0.0000) | val: 2.63deg/3232mm R@10/2=33.0% R@5/1=14.8% a@1=56.0% a@3=81.3% a@5=87.4% oracle2m=41.2% | 362.4s
[ 9900/10000] loss=0.7783 (cls=0.7723 res=0.0059 f=0.0001 u=0.0000) | val: 2.64deg/3235mm R@10/2=33.0% R@5/1=15.4% a@1=56.0% a@3=81.3% a@5=87.4% oracle2m=41.2% | 366.1s
[10000/10000] loss=0.7767 (cls=0.7702 res=0.0064 f=0.0001 u=0.0000) | val: 2.63deg/3237mm R@10/2=33.0% R@5/1=15.4% a@1=56.0% a@3=81.3% a@5=87.4% oracle2m=41.2% | 369.7s

Training done. Best epoch: 170, score=-48.8720

======================================================================
EVALUATION RESULTS (Center + Frustum)
======================================================================
Rotation  (median): 3.04deg
Translation (median): 2614mm
  R@5deg_1m: 22.5%  (rot_pass=78.6%, trans_pass=24.2%)
  R@10deg_2m: 39.0%  (rot_pass=95.1%, trans_pass=39.0%)
  R@15deg_5m: 80.8%  (rot_pass=98.9%, trans_pass=80.8%)
  R@25deg_5m: 80.8%  (rot_pass=100.0%, trans_pass=80.8%)

======================================================================
EVALUATION RESULTS (Retrieval Mode)
======================================================================
Retrieval median: 11.07deg / 3003mm
  R@5deg_1m: 3.3%  (rot=10.4%, trans=18.7%)
  R@10deg_2m: 19.8%  (rot=45.1%, trans=35.7%)
  R@15deg_5m: 59.3%  (rot=74.2%, trans=78.0%)
  R@25deg_5m: 75.8%  (rot=95.1%, trans=78.0%)
