Random seed: 123
Using device: cuda:0
  Feature dim after pooling: 3584

Loading raw data for frozen pooling (fine=True, coarse=True, summary=True)...
  Loaded fine_geo: torch.Size([895, 128, 68, 120])
  Loaded coarse_sem: torch.Size([895, 128, 68, 120])
  Loaded summary: torch.Size([895, 2560])
  [train] 895 samples loaded
  Loaded fine_geo: torch.Size([182, 128, 68, 120])
  Loaded coarse_sem: torch.Size([182, 128, 68, 120])
  Loaded summary: torch.Size([182, 2560])
  [test] 182 samples loaded

Precomputing frozen pooled features...
  Pre-computed pooled features: torch.Size([895, 3584]) (12.8 MB)
  Pre-computed pooled features: torch.Size([182, 3584]) (2.6 MB)
Trainable parameters: 8,672,011
[    1/10000] loss=8.3842 (t=0.3631 rank=5.6593 rot=2.3618 beta=1.00) | val: 94.34deg/18237mm R@10/2=0.0% R@5/1=0.0% attn_top1<2m=27.5% | 0.7s
[  100/10000] loss=3.4798 (t=0.0212 rank=3.4152 rot=0.0465 beta=0.93) | val: 3.42deg/1979mm R@10/2=50.5% R@5/1=17.0% attn_top1<2m=41.8% | 2.8s
[  200/10000] loss=3.3834 (t=0.0128 rank=3.3398 rot=0.0345 beta=0.89) | val: 2.45deg/2254mm R@10/2=45.1% R@5/1=20.9% attn_top1<2m=37.9% | 5.0s
[  300/10000] loss=3.3596 (t=0.0104 rank=3.3241 rot=0.0293 beta=0.86) | val: 1.90deg/1961mm R@10/2=50.5% R@5/1=21.4% attn_top1<2m=38.5% | 6.7s
[  400/10000] loss=3.3360 (t=0.0065 rank=3.3058 rot=0.0289 beta=0.82) | val: 1.91deg/2130mm R@10/2=48.4% R@5/1=21.4% attn_top1<2m=39.0% | 8.0s
[  500/10000] loss=3.3164 (t=0.0055 rank=3.2912 rot=0.0249 beta=0.79) | val: 1.95deg/2217mm R@10/2=44.5% R@5/1=23.1% attn_top1<2m=38.5% | 8.9s
[  600/10000] loss=3.3681 (t=0.0054 rank=3.3444 rot=0.0242 beta=0.76) | val: 1.86deg/2216mm R@10/2=45.6% R@5/1=23.1% attn_top1<2m=38.5% | 9.8s
[  700/10000] loss=3.4088 (t=0.0048 rank=3.3870 rot=0.0233 beta=0.73) | val: 1.89deg/2216mm R@10/2=46.7% R@5/1=22.0% attn_top1<2m=37.9% | 10.6s
[  800/10000] loss=3.3925 (t=0.0029 rank=3.3702 rot=0.0277 beta=0.70) | val: 1.95deg/2201mm R@10/2=47.8% R@5/1=24.2% attn_top1<2m=38.5% | 11.7s
[  900/10000] loss=3.2961 (t=0.0036 rank=3.2773 rot=0.0227 beta=0.67) | val: 1.84deg/2191mm R@10/2=46.2% R@5/1=19.2% attn_top1<2m=38.5% | 13.0s
[ 1000/10000] loss=3.2340 (t=0.0037 rank=3.2171 rot=0.0205 beta=0.64) | val: 1.76deg/2398mm R@10/2=44.5% R@5/1=19.2% attn_top1<2m=37.9% | 14.1s
[ 1100/10000] loss=3.3294 (t=0.0024 rank=3.3152 rot=0.0191 beta=0.62) | val: 1.67deg/2383mm R@10/2=41.2% R@5/1=21.4% attn_top1<2m=38.5% | 15.5s
[ 1200/10000] loss=3.3430 (t=0.0025 rank=3.3278 rot=0.0213 beta=0.60) | val: 1.92deg/2305mm R@10/2=45.1% R@5/1=18.1% attn_top1<2m=36.3% | 16.4s
[ 1300/10000] loss=3.2550 (t=0.0026 rank=3.2418 rot=0.0186 beta=0.57) | val: 1.66deg/2232mm R@10/2=44.5% R@5/1=20.9% attn_top1<2m=36.8% | 17.2s
[ 1400/10000] loss=3.3699 (t=0.0021 rank=3.3578 rot=0.0181 beta=0.55) | val: 1.60deg/2278mm R@10/2=42.9% R@5/1=17.0% attn_top1<2m=37.9% | 18.1s
[ 1500/10000] loss=3.3401 (t=0.0020 rank=3.3277 rot=0.0194 beta=0.53) | val: 1.71deg/2192mm R@10/2=43.4% R@5/1=20.9% attn_top1<2m=38.5% | 19.2s
[ 1600/10000] loss=3.2494 (t=0.0018 rank=3.2386 rot=0.0174 beta=0.51) | val: 1.65deg/2196mm R@10/2=44.0% R@5/1=16.5% attn_top1<2m=36.8% | 20.4s
[ 1700/10000] loss=3.1841 (t=0.0022 rank=3.1732 rot=0.0176 beta=0.50) | val: 1.59deg/2196mm R@10/2=44.0% R@5/1=17.6% attn_top1<2m=36.3% | 21.6s
[ 1800/10000] loss=3.3520 (t=0.0017 rank=3.3417 rot=0.0181 beta=0.48) | val: 1.60deg/2191mm R@10/2=46.2% R@5/1=17.0% attn_top1<2m=36.8% | 23.0s
[ 1900/10000] loss=3.3631 (t=0.0016 rank=3.3533 rot=0.0178 beta=0.46) | val: 1.80deg/2276mm R@10/2=44.0% R@5/1=17.6% attn_top1<2m=36.3% | 24.1s
[ 2000/10000] loss=3.4082 (t=0.0019 rank=3.3988 rot=0.0169 beta=0.44) | val: 1.65deg/2152mm R@10/2=46.2% R@5/1=19.8% attn_top1<2m=36.8% | 25.0s
[ 2100/10000] loss=3.3157 (t=0.0016 rank=3.3063 rot=0.0181 beta=0.43) | val: 1.63deg/2438mm R@10/2=42.3% R@5/1=19.2% attn_top1<2m=37.4% | 25.9s
[ 2200/10000] loss=3.2837 (t=0.0017 rank=3.2754 rot=0.0161 beta=0.41) | val: 1.68deg/2422mm R@10/2=40.1% R@5/1=18.7% attn_top1<2m=36.3% | 26.8s
[ 2300/10000] loss=3.2743 (t=0.0017 rank=3.2661 rot=0.0164 beta=0.40) | val: 1.67deg/2331mm R@10/2=44.0% R@5/1=18.1% attn_top1<2m=36.3% | 27.6s
[ 2400/10000] loss=3.3010 (t=0.0012 rank=3.2940 rot=0.0152 beta=0.39) | val: 1.58deg/2186mm R@10/2=45.1% R@5/1=18.7% attn_top1<2m=37.4% | 28.5s
[ 2500/10000] loss=3.2707 (t=0.0012 rank=3.2637 rot=0.0156 beta=0.37) | val: 1.80deg/2321mm R@10/2=44.5% R@5/1=19.2% attn_top1<2m=37.4% | 29.4s
[ 2600/10000] loss=3.3717 (t=0.0012 rank=3.3649 rot=0.0155 beta=0.36) | val: 1.60deg/2347mm R@10/2=42.9% R@5/1=20.3% attn_top1<2m=37.4% | 30.5s
[ 2700/10000] loss=3.2876 (t=0.0012 rank=3.2803 rot=0.0176 beta=0.35) | val: 1.74deg/2276mm R@10/2=44.5% R@5/1=20.3% attn_top1<2m=37.9% | 31.3s
[ 2800/10000] loss=3.3391 (t=0.0020 rank=3.3321 rot=0.0147 beta=0.34) | val: 1.69deg/2325mm R@10/2=45.1% R@5/1=18.1% attn_top1<2m=37.4% | 32.1s
[ 2900/10000] loss=3.2335 (t=0.0009 rank=3.2267 rot=0.0179 beta=0.33) | val: 1.63deg/2341mm R@10/2=43.4% R@5/1=18.1% attn_top1<2m=36.3% | 33.0s
[ 3000/10000] loss=3.3089 (t=0.0009 rank=3.3033 rot=0.0144 beta=0.32) | val: 1.74deg/2269mm R@10/2=44.5% R@5/1=17.0% attn_top1<2m=37.4% | 33.9s
[ 3100/10000] loss=3.2096 (t=0.0012 rank=3.2038 rot=0.0148 beta=0.31) | val: 1.62deg/2478mm R@10/2=42.9% R@5/1=19.2% attn_top1<2m=35.7% | 34.8s
[ 3200/10000] loss=3.3113 (t=0.0012 rank=3.3052 rot=0.0162 beta=0.30) | val: 1.62deg/2348mm R@10/2=43.4% R@5/1=18.1% attn_top1<2m=37.4% | 35.7s
[ 3300/10000] loss=3.3891 (t=0.0010 rank=3.3839 rot=0.0143 beta=0.29) | val: 1.77deg/2353mm R@10/2=44.5% R@5/1=18.7% attn_top1<2m=36.3% | 36.6s
[ 3400/10000] loss=3.2912 (t=0.0009 rank=3.2859 rot=0.0159 beta=0.28) | val: 1.60deg/2556mm R@10/2=42.9% R@5/1=19.8% attn_top1<2m=37.4% | 37.5s
[ 3500/10000] loss=3.4094 (t=0.0010 rank=3.4044 rot=0.0146 beta=0.27) | val: 1.79deg/2507mm R@10/2=41.8% R@5/1=18.7% attn_top1<2m=37.4% | 38.3s
[ 3600/10000] loss=3.3568 (t=0.0008 rank=3.3520 rot=0.0152 beta=0.27) | val: 1.57deg/2427mm R@10/2=40.7% R@5/1=17.0% attn_top1<2m=36.3% | 39.2s
[ 3700/10000] loss=3.3500 (t=0.0009 rank=3.3457 rot=0.0134 beta=0.26) | val: 1.65deg/2458mm R@10/2=44.0% R@5/1=18.7% attn_top1<2m=36.3% | 40.1s
[ 3800/10000] loss=3.2804 (t=0.0010 rank=3.2758 rot=0.0144 beta=0.25) | val: 1.63deg/2341mm R@10/2=42.9% R@5/1=17.0% attn_top1<2m=37.4% | 41.2s
[ 3900/10000] loss=3.3480 (t=0.0011 rank=3.3435 rot=0.0139 beta=0.24) | val: 1.66deg/2384mm R@10/2=42.3% R@5/1=19.2% attn_top1<2m=36.8% | 42.2s
[ 4000/10000] loss=3.3825 (t=0.0008 rank=3.3786 rot=0.0132 beta=0.24) | val: 1.61deg/2351mm R@10/2=43.4% R@5/1=19.2% attn_top1<2m=37.4% | 43.1s
[ 4100/10000] loss=3.3168 (t=0.0009 rank=3.3126 rot=0.0143 beta=0.23) | val: 1.62deg/2353mm R@10/2=43.4% R@5/1=18.1% attn_top1<2m=35.7% | 44.0s
[ 4200/10000] loss=3.4272 (t=0.0007 rank=3.4236 rot=0.0131 beta=0.22) | val: 1.62deg/2341mm R@10/2=45.1% R@5/1=18.7% attn_top1<2m=36.8% | 44.9s
[ 4300/10000] loss=3.2972 (t=0.0007 rank=3.2934 rot=0.0142 beta=0.22) | val: 1.77deg/2256mm R@10/2=45.6% R@5/1=17.6% attn_top1<2m=36.8% | 45.8s
[ 4400/10000] loss=3.3168 (t=0.0009 rank=3.3130 rot=0.0134 beta=0.21) | val: 1.60deg/2477mm R@10/2=42.9% R@5/1=16.5% attn_top1<2m=35.7% | 46.6s
[ 4500/10000] loss=3.2242 (t=0.0010 rank=3.2202 rot=0.0144 beta=0.21) | val: 1.68deg/2378mm R@10/2=44.5% R@5/1=17.0% attn_top1<2m=37.4% | 47.4s
[ 4600/10000] loss=3.3312 (t=0.0007 rank=3.3274 rot=0.0151 beta=0.20) | val: 1.67deg/2364mm R@10/2=44.0% R@5/1=15.9% attn_top1<2m=36.3% | 48.2s
[ 4700/10000] loss=3.3700 (t=0.0008 rank=3.3667 rot=0.0128 beta=0.20) | val: 1.80deg/2366mm R@10/2=42.9% R@5/1=17.6% attn_top1<2m=36.3% | 49.0s
[ 4800/10000] loss=3.3489 (t=0.0008 rank=3.3456 rot=0.0129 beta=0.19) | val: 1.60deg/2399mm R@10/2=42.9% R@5/1=19.8% attn_top1<2m=36.3% | 49.8s
[ 4900/10000] loss=3.2315 (t=0.0006 rank=3.2284 rot=0.0130 beta=0.19) | val: 1.69deg/2410mm R@10/2=44.0% R@5/1=17.6% attn_top1<2m=36.3% | 50.7s
[ 5000/10000] loss=3.2055 (t=0.0006 rank=3.2023 rot=0.0140 beta=0.18) | val: 1.68deg/2497mm R@10/2=42.3% R@5/1=18.7% attn_top1<2m=36.8% | 52.0s
[ 5100/10000] loss=3.3433 (t=0.0009 rank=3.3400 rot=0.0127 beta=0.18) | val: 1.73deg/2375mm R@10/2=44.5% R@5/1=17.0% attn_top1<2m=37.4% | 52.8s
[ 5200/10000] loss=3.3301 (t=0.0009 rank=3.3270 rot=0.0127 beta=0.18) | val: 1.69deg/2389mm R@10/2=44.0% R@5/1=17.6% attn_top1<2m=37.4% | 53.6s
[ 5300/10000] loss=3.3996 (t=0.0008 rank=3.3967 rot=0.0126 beta=0.17) | val: 1.63deg/2399mm R@10/2=45.1% R@5/1=19.2% attn_top1<2m=37.9% | 54.5s
[ 5400/10000] loss=3.2697 (t=0.0007 rank=3.2668 rot=0.0130 beta=0.17) | val: 1.72deg/2387mm R@10/2=45.1% R@5/1=19.2% attn_top1<2m=36.8% | 55.3s
[ 5500/10000] loss=3.2822 (t=0.0006 rank=3.2794 rot=0.0131 beta=0.17) | val: 1.69deg/2379mm R@10/2=44.5% R@5/1=18.1% attn_top1<2m=36.3% | 56.3s
[ 5600/10000] loss=3.3947 (t=0.0007 rank=3.3920 rot=0.0121 beta=0.16) | val: 1.62deg/2479mm R@10/2=43.4% R@5/1=19.8% attn_top1<2m=37.4% | 57.2s
[ 5700/10000] loss=3.3520 (t=0.0006 rank=3.3492 rot=0.0139 beta=0.16) | val: 1.58deg/2457mm R@10/2=42.3% R@5/1=16.5% attn_top1<2m=36.8% | 58.1s
[ 5800/10000] loss=3.2646 (t=0.0006 rank=3.2621 rot=0.0124 beta=0.16) | val: 1.63deg/2393mm R@10/2=44.5% R@5/1=18.7% attn_top1<2m=36.8% | 58.9s
[ 5900/10000] loss=3.2615 (t=0.0008 rank=3.2589 rot=0.0116 beta=0.15) | val: 1.67deg/2330mm R@10/2=44.5% R@5/1=17.6% attn_top1<2m=37.4% | 59.7s
[ 6000/10000] loss=3.2866 (t=0.0006 rank=3.2841 rot=0.0133 beta=0.15) | val: 1.71deg/2299mm R@10/2=44.0% R@5/1=18.7% attn_top1<2m=36.8% | 60.6s
[ 6100/10000] loss=3.3197 (t=0.0009 rank=3.3169 rot=0.0132 beta=0.15) | val: 1.71deg/2393mm R@10/2=44.0% R@5/1=17.6% attn_top1<2m=36.8% | 61.6s
[ 6200/10000] loss=3.3259 (t=0.0008 rank=3.3231 rot=0.0136 beta=0.14) | val: 1.67deg/2319mm R@10/2=44.5% R@5/1=18.7% attn_top1<2m=37.4% | 62.5s
[ 6300/10000] loss=3.3743 (t=0.0006 rank=3.3720 rot=0.0117 beta=0.14) | val: 1.67deg/2343mm R@10/2=45.1% R@5/1=17.6% attn_top1<2m=37.4% | 63.3s
[ 6400/10000] loss=3.3009 (t=0.0006 rank=3.2985 rot=0.0128 beta=0.14) | val: 1.66deg/2285mm R@10/2=44.5% R@5/1=21.4% attn_top1<2m=36.8% | 64.2s
[ 6500/10000] loss=3.2867 (t=0.0007 rank=3.2842 rot=0.0125 beta=0.14) | val: 1.72deg/2296mm R@10/2=44.0% R@5/1=18.7% attn_top1<2m=37.4% | 65.1s
[ 6600/10000] loss=3.3974 (t=0.0007 rank=3.3950 rot=0.0126 beta=0.14) | val: 1.63deg/2293mm R@10/2=44.0% R@5/1=18.1% attn_top1<2m=37.4% | 65.9s
[ 6700/10000] loss=3.3675 (t=0.0004 rank=3.3654 rot=0.0124 beta=0.13) | val: 1.60deg/2299mm R@10/2=45.1% R@5/1=20.3% attn_top1<2m=36.3% | 66.7s
[ 6800/10000] loss=3.2941 (t=0.0006 rank=3.2919 rot=0.0120 beta=0.13) | val: 1.68deg/2344mm R@10/2=45.1% R@5/1=18.1% attn_top1<2m=36.8% | 67.7s
[ 6900/10000] loss=3.3234 (t=0.0006 rank=3.3213 rot=0.0115 beta=0.13) | val: 1.66deg/2350mm R@10/2=44.5% R@5/1=17.0% attn_top1<2m=36.3% | 68.5s
[ 7000/10000] loss=3.3535 (t=0.0006 rank=3.3514 rot=0.0116 beta=0.13) | val: 1.66deg/2359mm R@10/2=44.5% R@5/1=18.7% attn_top1<2m=37.4% | 69.8s
[ 7100/10000] loss=3.3602 (t=0.0006 rank=3.3581 rot=0.0116 beta=0.13) | val: 1.66deg/2347mm R@10/2=44.5% R@5/1=20.3% attn_top1<2m=37.4% | 71.0s
[ 7200/10000] loss=3.3953 (t=0.0006 rank=3.3932 rot=0.0115 beta=0.13) | val: 1.65deg/2318mm R@10/2=44.0% R@5/1=18.7% attn_top1<2m=37.4% | 71.8s
[ 7300/10000] loss=3.4176 (t=0.0006 rank=3.4156 rot=0.0118 beta=0.12) | val: 1.68deg/2393mm R@10/2=45.1% R@5/1=18.7% attn_top1<2m=37.4% | 72.7s
[ 7400/10000] loss=3.2891 (t=0.0006 rank=3.2870 rot=0.0127 beta=0.12) | val: 1.65deg/2344mm R@10/2=44.0% R@5/1=17.6% attn_top1<2m=37.4% | 73.5s
[ 7500/10000] loss=3.2687 (t=0.0006 rank=3.2668 rot=0.0106 beta=0.12) | val: 1.59deg/2353mm R@10/2=45.1% R@5/1=18.1% attn_top1<2m=37.4% | 74.4s
[ 7600/10000] loss=3.2557 (t=0.0006 rank=3.2538 rot=0.0112 beta=0.12) | val: 1.70deg/2349mm R@10/2=46.2% R@5/1=18.7% attn_top1<2m=37.4% | 75.2s
[ 7700/10000] loss=3.3042 (t=0.0006 rank=3.3022 rot=0.0119 beta=0.12) | val: 1.65deg/2280mm R@10/2=44.5% R@5/1=19.8% attn_top1<2m=36.8% | 76.0s
[ 7800/10000] loss=3.3338 (t=0.0006 rank=3.3320 rot=0.0103 beta=0.12) | val: 1.71deg/2306mm R@10/2=45.1% R@5/1=18.7% attn_top1<2m=36.8% | 76.9s
[ 7900/10000] loss=3.2387 (t=0.0006 rank=3.2366 rot=0.0126 beta=0.12) | val: 1.66deg/2284mm R@10/2=45.6% R@5/1=17.6% attn_top1<2m=36.8% | 77.8s
[ 8000/10000] loss=3.3292 (t=0.0005 rank=3.3273 rot=0.0117 beta=0.12) | val: 1.67deg/2323mm R@10/2=44.5% R@5/1=18.7% attn_top1<2m=36.8% | 79.2s
[ 8100/10000] loss=3.3094 (t=0.0006 rank=3.3075 rot=0.0116 beta=0.12) | val: 1.65deg/2338mm R@10/2=45.1% R@5/1=18.1% attn_top1<2m=37.4% | 80.6s
[ 8200/10000] loss=3.3867 (t=0.0004 rank=3.3850 rot=0.0108 beta=0.12) | val: 1.75deg/2272mm R@10/2=43.4% R@5/1=18.7% attn_top1<2m=37.4% | 81.5s
[ 8300/10000] loss=3.3466 (t=0.0005 rank=3.3448 rot=0.0113 beta=0.11) | val: 1.67deg/2281mm R@10/2=44.0% R@5/1=17.0% attn_top1<2m=37.4% | 82.4s
[ 8400/10000] loss=3.2382 (t=0.0006 rank=3.2363 rot=0.0110 beta=0.11) | val: 1.69deg/2268mm R@10/2=45.6% R@5/1=19.8% attn_top1<2m=37.4% | 83.2s
[ 8500/10000] loss=3.2343 (t=0.0005 rank=3.2324 rot=0.0123 beta=0.11) | val: 1.66deg/2389mm R@10/2=45.1% R@5/1=17.6% attn_top1<2m=37.4% | 84.1s
[ 8600/10000] loss=3.2992 (t=0.0005 rank=3.2975 rot=0.0112 beta=0.11) | val: 1.65deg/2358mm R@10/2=44.5% R@5/1=18.1% attn_top1<2m=37.4% | 85.1s
[ 8700/10000] loss=3.3786 (t=0.0005 rank=3.3768 rot=0.0117 beta=0.11) | val: 1.68deg/2327mm R@10/2=45.1% R@5/1=18.1% attn_top1<2m=36.8% | 86.0s
[ 8800/10000] loss=3.3127 (t=0.0006 rank=3.3109 rot=0.0106 beta=0.11) | val: 1.72deg/2315mm R@10/2=44.5% R@5/1=18.7% attn_top1<2m=37.4% | 87.1s
[ 8900/10000] loss=3.3006 (t=0.0006 rank=3.2988 rot=0.0109 beta=0.11) | val: 1.67deg/2250mm R@10/2=45.1% R@5/1=18.7% attn_top1<2m=37.4% | 88.1s
[ 9000/10000] loss=3.3225 (t=0.0004 rank=3.3206 rot=0.0126 beta=0.11) | val: 1.68deg/2273mm R@10/2=44.5% R@5/1=18.1% attn_top1<2m=36.8% | 89.1s
[ 9100/10000] loss=3.3806 (t=0.0004 rank=3.3789 rot=0.0111 beta=0.11) | val: 1.73deg/2368mm R@10/2=44.5% R@5/1=18.7% attn_top1<2m=37.4% | 90.0s
[ 9200/10000] loss=3.3769 (t=0.0005 rank=3.3752 rot=0.0106 beta=0.11) | val: 1.60deg/2326mm R@10/2=44.5% R@5/1=18.7% attn_top1<2m=37.4% | 90.9s
[ 9300/10000] loss=3.3097 (t=0.0005 rank=3.3080 rot=0.0113 beta=0.11) | val: 1.67deg/2329mm R@10/2=44.5% R@5/1=18.1% attn_top1<2m=37.4% | 91.8s
[ 9400/10000] loss=3.3425 (t=0.0005 rank=3.3409 rot=0.0104 beta=0.11) | val: 1.70deg/2335mm R@10/2=44.5% R@5/1=18.1% attn_top1<2m=37.4% | 92.7s
[ 9500/10000] loss=3.3530 (t=0.0004 rank=3.3514 rot=0.0110 beta=0.11) | val: 1.67deg/2317mm R@10/2=44.5% R@5/1=18.7% attn_top1<2m=37.4% | 93.5s
[ 9600/10000] loss=3.2984 (t=0.0006 rank=3.2966 rot=0.0112 beta=0.11) | val: 1.66deg/2328mm R@10/2=44.5% R@5/1=18.7% attn_top1<2m=37.4% | 94.4s
[ 9700/10000] loss=3.2075 (t=0.0004 rank=3.2060 rot=0.0105 beta=0.11) | val: 1.68deg/2319mm R@10/2=44.5% R@5/1=18.7% attn_top1<2m=37.4% | 95.4s
[ 9800/10000] loss=3.4162 (t=0.0005 rank=3.4145 rot=0.0104 beta=0.11) | val: 1.68deg/2314mm R@10/2=44.5% R@5/1=18.7% attn_top1<2m=37.4% | 96.3s
[ 9900/10000] loss=3.2534 (t=0.0006 rank=3.2516 rot=0.0109 beta=0.11) | val: 1.68deg/2324mm R@10/2=44.5% R@5/1=18.7% attn_top1<2m=37.4% | 97.2s
[10000/10000] loss=3.3794 (t=0.0005 rank=3.3776 rot=0.0113 beta=0.11) | val: 1.67deg/2324mm R@10/2=44.5% R@5/1=18.7% attn_top1<2m=37.4% | 98.2s

Training done. Best epoch: 370, score: 2.1211

======================================================================
EVALUATION RESULTS (Memory Translation + Rotation Regression)
======================================================================
Rotation  (median): 2.12deg
Translation (median): 1913mm
  R@5deg_1m: 22.0%  (rot_pass=90.7%, trans_pass=22.0%)
  R@10deg_2m: 51.1%  (rot_pass=100.0%, trans_pass=51.1%)
  R@15deg_5m: 85.2%  (rot_pass=100.0%, trans_pass=85.2%)
  R@25deg_5m: 85.2%  (rot_pass=100.0%, trans_pass=85.2%)

======================================================================
EVALUATION RESULTS (Retrieval Mode)
======================================================================
Retrieval median: 10.13deg / 2689mm
  R@5deg_1m: 2.7%  (rot=10.4%, trans=17.0%)
  R@10deg_2m: 19.2%  (rot=48.9%, trans=37.9%)
  R@15deg_5m: 63.7%  (rot=79.7%, trans=82.4%)
  R@25deg_5m: 81.9%  (rot=98.4%, trans=82.4%)

======================================================================
MEMORY
======================================================================
  attn_top1_lt2m: 37.9
  attn_top3_lt2m: 41.2
