=== exp24e_attn_h4_wider_seed123 on GPU 3 ===
======================================================================
Experiment: exp24e_attn_h4_wider_seed123
Pool: attn, Features: both+sum
======================================================================
Random seed: 123
Using device: cuda:3

Loading data (fine=True, coarse=True, summary=True)...
  Loaded fine_geo: torch.Size([895, 128, 68, 120])
  Loaded coarse_sem: torch.Size([895, 128, 68, 120])
  Loaded summary: torch.Size([895, 2560])
  [train] 895 samples loaded
  Loaded fine_geo: torch.Size([182, 128, 68, 120])
  Loaded coarse_sem: torch.Size([182, 128, 68, 120])
  Loaded summary: torch.Size([182, 2560])
  [test] 182 samples loaded
Translation norm: mean=[13.19548    -0.64731836 23.103329  ], std=[10.827089    0.94348246  9.766839  ]
  Feature dim after pooling: 3584
Model parameters: 10,001,042
Model parameters: 10,001,042
[    1/10000] loss=3.1942 (t=0.5843 r=2.6099 beta=1.00) | val: 32.57deg/29172mm | 1.1s
[  100/10000] loss=0.1132 (t=0.0457 r=0.0728 beta=0.93) | val: 5.25deg/2900mm | 4.1s
[  200/10000] loss=0.0663 (t=0.0235 r=0.0484 beta=0.88) | val: 4.19deg/2236mm | 7.1s
[  300/10000] loss=0.0528 (t=0.0182 r=0.0410 beta=0.85) | val: 2.30deg/1748mm | 9.4s
[  400/10000] loss=0.0495 (t=0.0180 r=0.0389 beta=0.81) | val: 2.92deg/1705mm | 11.7s
[  500/10000] loss=0.0381 (t=0.0112 r=0.0345 beta=0.78) | val: 2.19deg/1416mm | 13.7s
[  600/10000] loss=0.0338 (t=0.0089 r=0.0332 beta=0.75) | val: 2.06deg/1489mm | 15.5s
[  700/10000] loss=0.0289 (t=0.0085 r=0.0282 beta=0.72) | val: 2.06deg/1531mm | 17.5s
[  800/10000] loss=0.0297 (t=0.0077 r=0.0316 beta=0.70) | val: 1.82deg/1531mm | 19.3s
[  900/10000] loss=0.0253 (t=0.0067 r=0.0277 beta=0.67) | val: 1.88deg/1648mm | 21.3s
[ 1000/10000] loss=0.0212 (t=0.0053 r=0.0245 beta=0.65) | val: 1.89deg/1498mm | 23.2s
[ 1100/10000] loss=0.0180 (t=0.0045 r=0.0217 beta=0.62) | val: 1.96deg/1550mm | 25.0s
[ 1200/10000] loss=0.0192 (t=0.0039 r=0.0255 beta=0.60) | val: 1.90deg/1575mm | 27.0s
[ 1300/10000] loss=0.0182 (t=0.0047 r=0.0233 beta=0.58) | val: 1.97deg/1518mm | 28.9s
[ 1400/10000] loss=0.0165 (t=0.0036 r=0.0229 beta=0.56) | val: 1.82deg/1255mm | 30.7s
[ 1500/10000] loss=0.0165 (t=0.0037 r=0.0238 beta=0.54) | val: 1.92deg/1535mm | 32.5s
[ 1600/10000] loss=0.0149 (t=0.0032 r=0.0225 beta=0.52) | val: 1.82deg/1381mm | 34.4s
[ 1700/10000] loss=0.0137 (t=0.0033 r=0.0208 beta=0.50) | val: 1.93deg/1426mm | 36.2s
[ 1800/10000] loss=0.0132 (t=0.0035 r=0.0201 beta=0.49) | val: 1.88deg/1466mm | 38.1s
[ 1900/10000] loss=0.0126 (t=0.0030 r=0.0205 beta=0.47) | val: 2.01deg/1528mm | 39.9s
[ 2000/10000] loss=0.0130 (t=0.0032 r=0.0216 beta=0.45) | val: 1.94deg/1403mm | 41.8s
[ 2100/10000] loss=0.0107 (t=0.0023 r=0.0191 beta=0.44) | val: 1.86deg/1421mm | 43.6s
[ 2200/10000] loss=0.0115 (t=0.0031 r=0.0197 beta=0.42) | val: 1.93deg/1373mm | 45.4s
[ 2300/10000] loss=0.0103 (t=0.0031 r=0.0175 beta=0.41) | val: 2.01deg/1507mm | 47.3s
[ 2400/10000] loss=0.0105 (t=0.0025 r=0.0202 beta=0.40) | val: 1.98deg/1502mm | 49.1s
[ 2500/10000] loss=0.0093 (t=0.0020 r=0.0190 beta=0.38) | val: 2.07deg/1758mm | 51.0s
[ 2600/10000] loss=0.0093 (t=0.0025 r=0.0181 beta=0.37) | val: 2.12deg/1325mm | 52.8s
[ 2700/10000] loss=0.0095 (t=0.0024 r=0.0197 beta=0.36) | val: 2.02deg/1376mm | 54.6s
[ 2800/10000] loss=0.0090 (t=0.0022 r=0.0196 beta=0.35) | val: 1.97deg/1468mm | 56.5s
[ 2900/10000] loss=0.0084 (t=0.0026 r=0.0174 beta=0.34) | val: 2.09deg/1626mm | 58.3s
[ 3000/10000] loss=0.0083 (t=0.0025 r=0.0175 beta=0.33) | val: 2.10deg/1558mm | 60.2s
[ 3100/10000] loss=0.0086 (t=0.0028 r=0.0185 beta=0.32) | val: 2.04deg/1447mm | 62.0s
[ 3200/10000] loss=0.0080 (t=0.0021 r=0.0193 beta=0.31) | val: 2.22deg/1447mm | 63.9s
[ 3300/10000] loss=0.0083 (t=0.0020 r=0.0213 beta=0.30) | val: 2.05deg/1607mm | 65.7s
[ 3400/10000] loss=0.0084 (t=0.0027 r=0.0196 beta=0.29) | val: 2.15deg/1607mm | 67.5s
[ 3500/10000] loss=0.0075 (t=0.0022 r=0.0190 beta=0.28) | val: 2.06deg/1540mm | 69.4s
[ 3600/10000] loss=0.0069 (t=0.0020 r=0.0181 beta=0.27) | val: 2.18deg/1554mm | 71.2s
[ 3700/10000] loss=0.0068 (t=0.0020 r=0.0185 beta=0.26) | val: 2.11deg/1490mm | 73.1s
[ 3800/10000] loss=0.0065 (t=0.0022 r=0.0168 beta=0.26) | val: 2.21deg/1646mm | 74.9s
[ 3900/10000] loss=0.0066 (t=0.0022 r=0.0176 beta=0.25) | val: 2.12deg/1630mm | 76.8s
[ 4000/10000] loss=0.0064 (t=0.0021 r=0.0177 beta=0.24) | val: 2.06deg/1607mm | 78.6s
[ 4100/10000] loss=0.0064 (t=0.0021 r=0.0184 beta=0.24) | val: 2.15deg/1414mm | 80.4s
[ 4200/10000] loss=0.0061 (t=0.0019 r=0.0184 beta=0.23) | val: 2.20deg/1672mm | 82.3s
[ 4300/10000] loss=0.0058 (t=0.0021 r=0.0169 beta=0.22) | val: 1.99deg/1642mm | 84.1s
[ 4400/10000] loss=0.0058 (t=0.0020 r=0.0174 beta=0.22) | val: 2.19deg/1676mm | 86.0s
[ 4500/10000] loss=0.0052 (t=0.0017 r=0.0167 beta=0.21) | val: 2.19deg/1658mm | 87.8s
[ 4600/10000] loss=0.0054 (t=0.0019 r=0.0169 beta=0.21) | val: 2.20deg/1679mm | 89.7s
[ 4700/10000] loss=0.0049 (t=0.0015 r=0.0167 beta=0.20) | val: 2.07deg/1586mm | 91.5s
[ 4800/10000] loss=0.0054 (t=0.0020 r=0.0173 beta=0.20) | val: 2.13deg/1654mm | 93.4s
[ 4900/10000] loss=0.0053 (t=0.0020 r=0.0176 beta=0.19) | val: 2.17deg/1612mm | 95.2s
[ 5000/10000] loss=0.0050 (t=0.0019 r=0.0165 beta=0.19) | val: 2.22deg/1737mm | 97.1s
[ 5100/10000] loss=0.0050 (t=0.0017 r=0.0179 beta=0.18) | val: 2.21deg/1529mm | 98.9s
[ 5200/10000] loss=0.0048 (t=0.0019 r=0.0164 beta=0.18) | val: 2.15deg/1657mm | 100.7s
[ 5300/10000] loss=0.0045 (t=0.0016 r=0.0168 beta=0.17) | val: 2.10deg/1598mm | 102.6s
[ 5400/10000] loss=0.0047 (t=0.0018 r=0.0173 beta=0.17) | val: 2.19deg/1499mm | 104.4s
[ 5500/10000] loss=0.0050 (t=0.0021 r=0.0178 beta=0.17) | val: 2.06deg/1638mm | 106.3s
[ 5600/10000] loss=0.0046 (t=0.0019 r=0.0161 beta=0.16) | val: 2.16deg/1469mm | 108.2s
[ 5700/10000] loss=0.0042 (t=0.0015 r=0.0164 beta=0.16) | val: 2.11deg/1541mm | 110.0s
