=== exp14q_256d_wider_seed456 (GPU 5) ===
[ 3800/5000] loss=0.0058 (t=0.0015 r=0.0138 beta=0.31) | val: 1.83deg/1692mm | 40.0s
[ 3900/5000] loss=0.0059 (t=0.0015 r=0.0141 beta=0.31) | val: 1.81deg/1632mm | 40.8s
[ 4000/5000] loss=0.0058 (t=0.0015 r=0.0139 beta=0.31) | val: 1.90deg/1750mm | 41.6s
[ 4100/5000] loss=0.0057 (t=0.0014 r=0.0139 beta=0.31) | val: 1.86deg/1729mm | 42.4s
[ 4200/5000] loss=0.0056 (t=0.0014 r=0.0137 beta=0.30) | val: 1.90deg/1725mm | 43.2s
[ 4300/5000] loss=0.0056 (t=0.0014 r=0.0136 beta=0.30) | val: 1.83deg/1734mm | 44.0s
[ 4400/5000] loss=0.0055 (t=0.0014 r=0.0137 beta=0.30) | val: 1.85deg/1694mm | 44.8s
[ 4500/5000] loss=0.0055 (t=0.0015 r=0.0133 beta=0.30) | val: 1.83deg/1772mm | 45.6s
[ 4600/5000] loss=0.0055 (t=0.0015 r=0.0135 beta=0.30) | val: 1.85deg/1756mm | 46.4s
[ 4700/5000] loss=0.0054 (t=0.0014 r=0.0132 beta=0.30) | val: 1.87deg/1724mm | 47.2s
[ 4800/5000] loss=0.0056 (t=0.0014 r=0.0137 beta=0.30) | val: 1.87deg/1744mm | 48.0s
[ 4900/5000] loss=0.0055 (t=0.0015 r=0.0136 beta=0.30) | val: 1.84deg/1742mm | 48.8s
[ 5000/5000] loss=0.0056 (t=0.0015 r=0.0135 beta=0.30) | val: 1.86deg/1737mm | 49.6s

Training done. Best epoch: 650, score: 1.5806

Loaded best model from epoch 650

======================================================================
EVALUATION RESULTS (Direct Regression)
======================================================================
Rotation  (median): 1.66deg
Translation (median): 1428mm

  R@5deg_1m: 33.5%  (rot_pass=89.6%, trans_pass=34.6%)
  R@10deg_2m: 63.7%  (rot_pass=99.5%, trans_pass=64.3%)
  R@15deg_5m: 89.0%  (rot_pass=100.0%, trans_pass=89.0%)
  R@25deg_5m: 89.0%  (rot_pass=100.0%, trans_pass=89.0%)

======================================================================
EVALUATION RESULTS (Retrieval Mode)
======================================================================
Retrieval median: 10.73deg / 2408mm
  R@5deg_1m: 2.2%  (rot=6.6%, trans=20.9%)
  R@10deg_2m: 19.2%  (rot=46.2%, trans=44.0%)
  R@15deg_5m: 54.4%  (rot=69.8%, trans=81.3%)
  R@25deg_5m: 81.3%  (rot=98.4%, trans=81.3%)
======================================================================

Done!
--- exp14q_256d_wider_seed456 done ---

=== exp14q_256d_wider_seed789 (GPU 5) ===
[ 3800/5000] loss=0.0058 (t=0.0015 r=0.0136 beta=0.32) | val: 1.91deg/1798mm | 38.8s
[ 3900/5000] loss=0.0056 (t=0.0015 r=0.0130 beta=0.32) | val: 1.90deg/1746mm | 39.6s
[ 4000/5000] loss=0.0059 (t=0.0016 r=0.0139 beta=0.31) | val: 1.92deg/1697mm | 40.4s
[ 4100/5000] loss=0.0057 (t=0.0015 r=0.0135 beta=0.31) | val: 1.96deg/1700mm | 41.2s
[ 4200/5000] loss=0.0058 (t=0.0016 r=0.0137 beta=0.31) | val: 1.90deg/1718mm | 42.0s
[ 4300/5000] loss=0.0056 (t=0.0015 r=0.0135 beta=0.31) | val: 1.86deg/1664mm | 42.8s
[ 4400/5000] loss=0.0056 (t=0.0015 r=0.0134 beta=0.31) | val: 1.90deg/1779mm | 43.6s
[ 4500/5000] loss=0.0057 (t=0.0015 r=0.0137 beta=0.31) | val: 1.87deg/1718mm | 44.4s
[ 4600/5000] loss=0.0055 (t=0.0014 r=0.0134 beta=0.31) | val: 1.91deg/1720mm | 45.1s
[ 4700/5000] loss=0.0055 (t=0.0014 r=0.0132 beta=0.31) | val: 1.93deg/1703mm | 45.9s
[ 4800/5000] loss=0.0057 (t=0.0014 r=0.0138 beta=0.31) | val: 1.91deg/1722mm | 46.7s
[ 4900/5000] loss=0.0054 (t=0.0014 r=0.0131 beta=0.31) | val: 1.89deg/1731mm | 47.5s
[ 5000/5000] loss=0.0054 (t=0.0014 r=0.0131 beta=0.31) | val: 1.90deg/1719mm | 48.3s

Training done. Best epoch: 440, score: 1.5694

Loaded best model from epoch 440

======================================================================
EVALUATION RESULTS (Direct Regression)
======================================================================
Rotation  (median): 1.61deg
Translation (median): 1422mm

  R@5deg_1m: 32.4%  (rot_pass=95.1%, trans_pass=33.0%)
  R@10deg_2m: 69.2%  (rot_pass=100.0%, trans_pass=69.2%)
  R@15deg_5m: 91.8%  (rot_pass=100.0%, trans_pass=91.8%)
  R@25deg_5m: 91.8%  (rot_pass=100.0%, trans_pass=91.8%)

======================================================================
EVALUATION RESULTS (Retrieval Mode)
======================================================================
Retrieval median: 11.33deg / 2408mm
  R@5deg_1m: 2.2%  (rot=4.4%, trans=23.6%)
  R@10deg_2m: 20.9%  (rot=42.3%, trans=44.5%)
  R@15deg_5m: 61.0%  (rot=74.2%, trans=85.7%)
  R@25deg_5m: 83.0%  (rot=96.7%, trans=85.7%)
======================================================================

Done!
--- exp14q_256d_wider_seed789 done ---

=== exp14q_256d_wider_seed42 (GPU 5) ===
[ 3800/5000] loss=0.0059 (t=0.0015 r=0.0139 beta=0.31) | val: 1.83deg/1680mm | 39.0s
[ 3900/5000] loss=0.0057 (t=0.0015 r=0.0135 beta=0.31) | val: 1.80deg/1771mm | 39.8s
[ 4000/5000] loss=0.0058 (t=0.0015 r=0.0139 beta=0.31) | val: 1.85deg/1732mm | 40.6s
[ 4100/5000] loss=0.0059 (t=0.0015 r=0.0141 beta=0.31) | val: 1.83deg/1773mm | 41.4s
[ 4200/5000] loss=0.0057 (t=0.0015 r=0.0136 beta=0.31) | val: 1.80deg/1719mm | 42.2s
[ 4300/5000] loss=0.0056 (t=0.0015 r=0.0135 beta=0.30) | val: 1.82deg/1709mm | 43.0s
[ 4400/5000] loss=0.0055 (t=0.0014 r=0.0134 beta=0.30) | val: 1.84deg/1807mm | 43.8s
[ 4500/5000] loss=0.0055 (t=0.0015 r=0.0134 beta=0.30) | val: 1.82deg/1855mm | 44.6s
[ 4600/5000] loss=0.0055 (t=0.0014 r=0.0134 beta=0.30) | val: 1.82deg/1749mm | 45.4s
[ 4700/5000] loss=0.0054 (t=0.0014 r=0.0133 beta=0.30) | val: 1.79deg/1767mm | 46.2s
[ 4800/5000] loss=0.0053 (t=0.0014 r=0.0131 beta=0.30) | val: 1.80deg/1731mm | 47.0s
[ 4900/5000] loss=0.0054 (t=0.0014 r=0.0133 beta=0.30) | val: 1.82deg/1747mm | 47.8s
[ 5000/5000] loss=0.0055 (t=0.0014 r=0.0136 beta=0.30) | val: 1.83deg/1753mm | 48.6s

Training done. Best epoch: 840, score: 1.5608

Loaded best model from epoch 840

======================================================================
EVALUATION RESULTS (Direct Regression)
======================================================================
Rotation  (median): 1.60deg
Translation (median): 1404mm

  R@5deg_1m: 34.6%  (rot_pass=92.9%, trans_pass=35.2%)
  R@10deg_2m: 68.1%  (rot_pass=99.5%, trans_pass=68.7%)
  R@15deg_5m: 90.1%  (rot_pass=100.0%, trans_pass=90.1%)
  R@25deg_5m: 90.1%  (rot_pass=100.0%, trans_pass=90.1%)

======================================================================
EVALUATION RESULTS (Retrieval Mode)
======================================================================
Retrieval median: 11.15deg / 2408mm
  R@5deg_1m: 2.2%  (rot=4.9%, trans=20.3%)
  R@10deg_2m: 20.3%  (rot=44.5%, trans=43.4%)
  R@15deg_5m: 57.7%  (rot=72.0%, trans=84.1%)
  R@25deg_5m: 83.0%  (rot=98.4%, trans=84.1%)
======================================================================

Done!
--- exp14q_256d_wider_seed42 done ---

=== exp14q_256d_wider_seed2024 (GPU 5) ===
[ 3800/5000] loss=0.0060 (t=0.0015 r=0.0139 beta=0.33) | val: 1.87deg/1621mm | 40.4s
[ 3900/5000] loss=0.0058 (t=0.0015 r=0.0131 beta=0.32) | val: 1.90deg/1698mm | 41.2s
[ 4000/5000] loss=0.0060 (t=0.0015 r=0.0138 beta=0.32) | val: 1.88deg/1705mm | 42.0s
[ 4100/5000] loss=0.0059 (t=0.0015 r=0.0137 beta=0.32) | val: 1.85deg/1678mm | 42.8s
[ 4200/5000] loss=0.0058 (t=0.0015 r=0.0135 beta=0.32) | val: 1.84deg/1700mm | 43.6s
[ 4300/5000] loss=0.0056 (t=0.0014 r=0.0134 beta=0.32) | val: 1.89deg/1712mm | 44.4s
[ 4400/5000] loss=0.0057 (t=0.0015 r=0.0134 beta=0.32) | val: 1.92deg/1648mm | 45.2s
[ 4500/5000] loss=0.0058 (t=0.0014 r=0.0136 beta=0.32) | val: 1.88deg/1710mm | 46.0s
[ 4600/5000] loss=0.0059 (t=0.0015 r=0.0138 beta=0.32) | val: 1.91deg/1702mm | 46.8s
[ 4700/5000] loss=0.0059 (t=0.0015 r=0.0137 beta=0.32) | val: 1.86deg/1702mm | 47.5s
[ 4800/5000] loss=0.0058 (t=0.0015 r=0.0135 beta=0.32) | val: 1.85deg/1690mm | 48.3s
[ 4900/5000] loss=0.0058 (t=0.0015 r=0.0137 beta=0.32) | val: 1.89deg/1692mm | 49.1s
[ 5000/5000] loss=0.0058 (t=0.0016 r=0.0135 beta=0.32) | val: 1.89deg/1695mm | 49.9s

Training done. Best epoch: 390, score: 1.5736

Loaded best model from epoch 390

======================================================================
EVALUATION RESULTS (Direct Regression)
======================================================================
Rotation  (median): 1.67deg
Translation (median): 1408mm

  R@5deg_1m: 35.2%  (rot_pass=95.1%, trans_pass=35.2%)
  R@10deg_2m: 64.8%  (rot_pass=100.0%, trans_pass=64.8%)
  R@15deg_5m: 92.9%  (rot_pass=100.0%, trans_pass=92.9%)
  R@25deg_5m: 92.9%  (rot_pass=100.0%, trans_pass=92.9%)

======================================================================
EVALUATION RESULTS (Retrieval Mode)
======================================================================
Retrieval median: 10.91deg / 2352mm
  R@5deg_1m: 2.2%  (rot=4.4%, trans=23.1%)
  R@10deg_2m: 20.3%  (rot=44.0%, trans=45.6%)
  R@15deg_5m: 62.6%  (rot=72.5%, trans=87.9%)
  R@25deg_5m: 85.7%  (rot=97.8%, trans=87.9%)
======================================================================

Done!
--- exp14q_256d_wider_seed2024 done ---

=== exp14q2_256d_extrawide_seed123 (GPU 5) ===
[ 3800/5000] loss=0.0049 (t=0.0010 r=0.0105 beta=0.37) | val: 1.80deg/1661mm | 82.2s
[ 3900/5000] loss=0.0049 (t=0.0009 r=0.0107 beta=0.37) | val: 1.81deg/1680mm | 83.8s
[ 4000/5000] loss=0.0049 (t=0.0010 r=0.0108 beta=0.36) | val: 1.78deg/1706mm | 85.3s
[ 4100/5000] loss=0.0047 (t=0.0010 r=0.0104 beta=0.36) | val: 1.84deg/1663mm | 86.9s
[ 4200/5000] loss=0.0046 (t=0.0009 r=0.0103 beta=0.36) | val: 1.84deg/1724mm | 88.5s
[ 4300/5000] loss=0.0047 (t=0.0010 r=0.0105 beta=0.36) | val: 1.83deg/1675mm | 90.1s
[ 4400/5000] loss=0.0048 (t=0.0010 r=0.0107 beta=0.36) | val: 1.80deg/1698mm | 91.7s
[ 4500/5000] loss=0.0047 (t=0.0010 r=0.0104 beta=0.36) | val: 1.81deg/1688mm | 93.2s
[ 4600/5000] loss=0.0046 (t=0.0009 r=0.0103 beta=0.36) | val: 1.83deg/1693mm | 94.8s
[ 4700/5000] loss=0.0046 (t=0.0010 r=0.0102 beta=0.36) | val: 1.83deg/1710mm | 96.4s
[ 4800/5000] loss=0.0045 (t=0.0009 r=0.0101 beta=0.36) | val: 1.79deg/1690mm | 98.0s
[ 4900/5000] loss=0.0045 (t=0.0009 r=0.0101 beta=0.36) | val: 1.82deg/1697mm | 99.6s
[ 5000/5000] loss=0.0045 (t=0.0009 r=0.0103 beta=0.36) | val: 1.84deg/1700mm | 101.2s

Training done. Best epoch: 580, score: 1.4809

Loaded best model from epoch 580

======================================================================
EVALUATION RESULTS (Direct Regression)
======================================================================
Rotation  (median): 1.57deg
Translation (median): 1327mm

  R@5deg_1m: 33.0%  (rot_pass=93.4%, trans_pass=33.5%)
  R@10deg_2m: 68.7%  (rot_pass=99.5%, trans_pass=69.2%)
  R@15deg_5m: 95.1%  (rot_pass=100.0%, trans_pass=95.1%)
  R@25deg_5m: 95.1%  (rot_pass=100.0%, trans_pass=95.1%)

======================================================================
EVALUATION RESULTS (Retrieval Mode)
======================================================================
Retrieval median: 10.91deg / 2352mm
  R@5deg_1m: 1.6%  (rot=4.4%, trans=23.1%)
  R@10deg_2m: 21.4%  (rot=43.4%, trans=45.6%)
  R@15deg_5m: 59.3%  (rot=70.9%, trans=85.2%)
  R@25deg_5m: 84.1%  (rot=97.8%, trans=85.2%)
======================================================================

Done!
--- exp14q2_256d_extrawide_seed123 done ---

=== exp14q2_256d_extrawide_seed456 (GPU 5) ===
[ 3800/5000] loss=0.0047 (t=0.0009 r=0.0103 beta=0.37) | val: 1.83deg/1704mm | 81.4s
[ 3900/5000] loss=0.0048 (t=0.0009 r=0.0107 beta=0.36) | val: 1.81deg/1644mm | 83.0s
[ 4000/5000] loss=0.0047 (t=0.0009 r=0.0103 beta=0.36) | val: 1.87deg/1669mm | 84.6s
[ 4100/5000] loss=0.0047 (t=0.0009 r=0.0106 beta=0.36) | val: 1.80deg/1619mm | 86.2s
[ 4200/5000] loss=0.0046 (t=0.0009 r=0.0105 beta=0.36) | val: 1.85deg/1671mm | 87.8s
[ 4300/5000] loss=0.0047 (t=0.0010 r=0.0103 beta=0.36) | val: 1.83deg/1630mm | 89.3s
[ 4400/5000] loss=0.0046 (t=0.0009 r=0.0103 beta=0.36) | val: 1.85deg/1645mm | 90.9s
[ 4500/5000] loss=0.0046 (t=0.0009 r=0.0104 beta=0.35) | val: 1.84deg/1645mm | 92.5s
[ 4600/5000] loss=0.0046 (t=0.0009 r=0.0103 beta=0.35) | val: 1.84deg/1651mm | 94.1s
[ 4700/5000] loss=0.0045 (t=0.0009 r=0.0103 beta=0.35) | val: 1.85deg/1643mm | 95.7s
[ 4800/5000] loss=0.0045 (t=0.0009 r=0.0102 beta=0.35) | val: 1.81deg/1652mm | 97.2s
[ 4900/5000] loss=0.0046 (t=0.0009 r=0.0104 beta=0.35) | val: 1.83deg/1632mm | 98.8s
[ 5000/5000] loss=0.0045 (t=0.0009 r=0.0103 beta=0.35) | val: 1.81deg/1627mm | 100.4s

Training done. Best epoch: 1470, score: 1.4676

Loaded best model from epoch 1470

======================================================================
EVALUATION RESULTS (Direct Regression)
======================================================================
Rotation  (median): 1.58deg
Translation (median): 1314mm

  R@5deg_1m: 36.3%  (rot_pass=92.9%, trans_pass=36.3%)
  R@10deg_2m: 70.3%  (rot_pass=99.5%, trans_pass=70.9%)
  R@15deg_5m: 91.8%  (rot_pass=100.0%, trans_pass=91.8%)
  R@25deg_5m: 91.8%  (rot_pass=100.0%, trans_pass=91.8%)

======================================================================
EVALUATION RESULTS (Retrieval Mode)
======================================================================
Retrieval median: 11.38deg / 2347mm
  R@5deg_1m: 2.7%  (rot=6.0%, trans=20.3%)
  R@10deg_2m: 19.8%  (rot=42.3%, trans=44.5%)
  R@15deg_5m: 57.1%  (rot=70.3%, trans=84.6%)
  R@25deg_5m: 81.9%  (rot=95.6%, trans=84.6%)
======================================================================

Done!
--- exp14q2_256d_extrawide_seed456 done ---

=== exp14q3_256d_coarse_seed123 (GPU 5) ===
[ 3800/5000] loss=0.0058 (t=0.0015 r=0.0139 beta=0.31) | val: 1.94deg/1539mm | 26.5s
[ 3900/5000] loss=0.0059 (t=0.0015 r=0.0143 beta=0.30) | val: 1.96deg/1515mm | 27.0s
[ 4000/5000] loss=0.0057 (t=0.0015 r=0.0137 beta=0.30) | val: 1.98deg/1579mm | 27.6s
[ 4100/5000] loss=0.0057 (t=0.0015 r=0.0142 beta=0.30) | val: 1.91deg/1585mm | 28.1s
[ 4200/5000] loss=0.0058 (t=0.0016 r=0.0143 beta=0.30) | val: 1.96deg/1707mm | 28.6s
[ 4300/5000] loss=0.0056 (t=0.0015 r=0.0138 beta=0.30) | val: 1.95deg/1603mm | 29.2s
[ 4400/5000] loss=0.0057 (t=0.0016 r=0.0140 beta=0.30) | val: 1.92deg/1604mm | 29.8s
[ 4500/5000] loss=0.0056 (t=0.0014 r=0.0139 beta=0.30) | val: 1.92deg/1630mm | 30.3s
[ 4600/5000] loss=0.0056 (t=0.0015 r=0.0137 beta=0.30) | val: 1.92deg/1543mm | 30.9s
[ 4700/5000] loss=0.0058 (t=0.0015 r=0.0145 beta=0.30) | val: 1.94deg/1594mm | 31.4s
[ 4800/5000] loss=0.0055 (t=0.0014 r=0.0138 beta=0.30) | val: 1.96deg/1603mm | 32.0s
[ 4900/5000] loss=0.0057 (t=0.0016 r=0.0139 beta=0.30) | val: 1.94deg/1597mm | 32.5s
[ 5000/5000] loss=0.0056 (t=0.0015 r=0.0138 beta=0.30) | val: 1.95deg/1604mm | 33.1s

Training done. Best epoch: 440, score: 1.5034

Loaded best model from epoch 440

======================================================================
EVALUATION RESULTS (Direct Regression)
======================================================================
Rotation  (median): 1.66deg
Translation (median): 1346mm

  R@5deg_1m: 31.9%  (rot_pass=94.0%, trans_pass=33.0%)
  R@10deg_2m: 68.1%  (rot_pass=100.0%, trans_pass=68.1%)
  R@15deg_5m: 90.7%  (rot_pass=100.0%, trans_pass=90.7%)
  R@25deg_5m: 90.7%  (rot_pass=100.0%, trans_pass=90.7%)

======================================================================
EVALUATION RESULTS (Retrieval Mode)
======================================================================
Retrieval median: 10.60deg / 2408mm
  R@5deg_1m: 3.3%  (rot=6.6%, trans=20.3%)
  R@10deg_2m: 18.7%  (rot=43.4%, trans=44.0%)
  R@15deg_5m: 59.9%  (rot=74.2%, trans=83.5%)
  R@25deg_5m: 83.0%  (rot=99.5%, trans=83.5%)
======================================================================

Done!
--- exp14q3_256d_coarse_seed123 done ---

=== exp14q3_256d_coarse_seed456 (GPU 5) ===
[ 3800/5000] loss=0.0057 (t=0.0015 r=0.0138 beta=0.31) | val: 1.87deg/1822mm | 26.4s
[ 3900/5000] loss=0.0057 (t=0.0015 r=0.0139 beta=0.30) | val: 1.89deg/1787mm | 26.9s
[ 4000/5000] loss=0.0057 (t=0.0015 r=0.0139 beta=0.30) | val: 1.91deg/1813mm | 27.5s
[ 4100/5000] loss=0.0056 (t=0.0015 r=0.0136 beta=0.30) | val: 1.89deg/1817mm | 28.0s
[ 4200/5000] loss=0.0056 (t=0.0015 r=0.0135 beta=0.30) | val: 1.90deg/1821mm | 28.5s
[ 4300/5000] loss=0.0056 (t=0.0015 r=0.0138 beta=0.30) | val: 1.89deg/1791mm | 29.1s
[ 4400/5000] loss=0.0057 (t=0.0015 r=0.0142 beta=0.30) | val: 1.93deg/1831mm | 29.7s
[ 4500/5000] loss=0.0055 (t=0.0014 r=0.0138 beta=0.30) | val: 1.86deg/1873mm | 30.3s
[ 4600/5000] loss=0.0054 (t=0.0015 r=0.0133 beta=0.30) | val: 1.87deg/1832mm | 30.8s
[ 4700/5000] loss=0.0054 (t=0.0015 r=0.0133 beta=0.30) | val: 1.86deg/1816mm | 31.4s
[ 4800/5000] loss=0.0055 (t=0.0015 r=0.0138 beta=0.30) | val: 1.87deg/1847mm | 31.9s
[ 4900/5000] loss=0.0055 (t=0.0015 r=0.0135 beta=0.30) | val: 1.87deg/1842mm | 32.5s
[ 5000/5000] loss=0.0053 (t=0.0014 r=0.0132 beta=0.30) | val: 1.88deg/1839mm | 33.0s

Training done. Best epoch: 610, score: 1.4966

Loaded best model from epoch 610

======================================================================
EVALUATION RESULTS (Direct Regression)
======================================================================
Rotation  (median): 1.61deg
Translation (median): 1345mm

  R@5deg_1m: 34.1%  (rot_pass=96.2%, trans_pass=34.1%)
  R@10deg_2m: 66.5%  (rot_pass=99.5%, trans_pass=67.0%)
  R@15deg_5m: 90.1%  (rot_pass=100.0%, trans_pass=90.1%)
  R@25deg_5m: 90.1%  (rot_pass=100.0%, trans_pass=90.1%)

======================================================================
EVALUATION RESULTS (Retrieval Mode)
======================================================================
Retrieval median: 10.98deg / 2377mm
  R@5deg_1m: 2.2%  (rot=3.8%, trans=21.4%)
  R@10deg_2m: 19.2%  (rot=43.4%, trans=42.9%)
  R@15deg_5m: 57.1%  (rot=70.3%, trans=83.5%)
  R@25deg_5m: 81.9%  (rot=96.7%, trans=83.5%)
======================================================================

Done!
--- exp14q3_256d_coarse_seed456 done ---

=== DONE ===
