Random seed: 123
Using device: cuda:4
  Feature dim after pooling: 3584

Loading raw data for frozen pooling (fine=True, coarse=True, summary=True)...
  Loaded fine_geo: torch.Size([895, 128, 68, 120])
  Loaded coarse_sem: torch.Size([895, 128, 68, 120])
  Loaded summary: torch.Size([895, 2560])
  [train] 895 samples loaded
  Loaded fine_geo: torch.Size([182, 128, 68, 120])
  Loaded coarse_sem: torch.Size([182, 128, 68, 120])
  Loaded summary: torch.Size([182, 2560])
  [test] 182 samples loaded

Precomputing frozen pooled features...
  Pre-computed pooled features: torch.Size([895, 3584]) (12.8 MB)
  Pre-computed pooled features: torch.Size([182, 3584]) (2.6 MB)
Trainable parameters: 8,672,011
[    1/10000] loss=1.5503 (t=0.3631 rank=5.9363 rot=2.3618 beta=0.00) | val: 153.71deg/20161mm R@10/2=0.0% R@5/1=0.0% attn_top1<2m=25.3% | 0.7s
[  100/10000] loss=0.9423 (t=0.0235 rank=4.5940 rot=2.3845 beta=0.00) | val: 153.73deg/1921mm R@10/2=0.0% R@5/1=0.0% attn_top1<2m=33.0% | 2.5s
[  200/10000] loss=0.9180 (t=0.0111 rank=4.5346 rot=2.3057 beta=0.00) | val: 153.52deg/2047mm R@10/2=0.0% R@5/1=0.0% attn_top1<2m=37.4% | 4.4s
[  300/10000] loss=0.9061 (t=0.0070 rank=4.4954 rot=2.3493 beta=0.00) | val: 153.80deg/1920mm R@10/2=0.0% R@5/1=0.0% attn_top1<2m=41.2% | 6.0s
[  400/10000] loss=0.9029 (t=0.0068 rank=4.4804 rot=2.2990 beta=0.00) | val: 153.97deg/1867mm R@10/2=0.0% R@5/1=0.0% attn_top1<2m=39.0% | 7.3s
[  500/10000] loss=0.8986 (t=0.0038 rank=4.4738 rot=2.3887 beta=0.00) | val: 153.64deg/1917mm R@10/2=0.0% R@5/1=0.0% attn_top1<2m=39.6% | 8.5s
[  600/10000] loss=0.9018 (t=0.0031 rank=4.4933 rot=2.3465 beta=0.00) | val: 153.50deg/1825mm R@10/2=0.0% R@5/1=0.0% attn_top1<2m=40.7% | 9.8s
[  700/10000] loss=0.9117 (t=0.0031 rank=4.5432 rot=2.3031 beta=0.00) | val: 153.61deg/1688mm R@10/2=0.0% R@5/1=0.0% attn_top1<2m=40.7% | 11.7s
[  800/10000] loss=0.9166 (t=0.0025 rank=4.5704 rot=2.4232 beta=0.00) | val: 153.44deg/1647mm R@10/2=0.0% R@5/1=0.0% attn_top1<2m=39.6% | 13.9s
[  900/10000] loss=0.8920 (t=0.0028 rank=4.4461 rot=2.3472 beta=0.00) | val: 153.00deg/1883mm R@10/2=0.0% R@5/1=0.0% attn_top1<2m=39.6% | 15.9s
[ 1000/10000] loss=0.8794 (t=0.0023 rank=4.3852 rot=2.2989 beta=0.00) | val: 152.81deg/1692mm R@10/2=0.0% R@5/1=0.0% attn_top1<2m=40.1% | 17.5s
[ 1100/10000] loss=0.8932 (t=0.0016 rank=4.4580 rot=2.3135 beta=0.00) | val: 152.57deg/1766mm R@10/2=0.0% R@5/1=0.0% attn_top1<2m=39.6% | 19.0s
[ 1200/10000] loss=0.8975 (t=0.0017 rank=4.4791 rot=2.3861 beta=0.00) | val: 152.26deg/1649mm R@10/2=0.0% R@5/1=0.0% attn_top1<2m=39.6% | 20.4s
[ 1300/10000] loss=0.8802 (t=0.0017 rank=4.3926 rot=2.3345 beta=0.00) | val: 152.21deg/1874mm R@10/2=0.0% R@5/1=0.0% attn_top1<2m=40.1% | 22.0s
[ 1400/10000] loss=0.9070 (t=0.0013 rank=4.5287 rot=2.3919 beta=0.00) | val: 152.26deg/1734mm R@10/2=0.0% R@5/1=0.0% attn_top1<2m=40.7% | 23.4s
[ 1500/10000] loss=0.8953 (t=0.0017 rank=4.4680 rot=2.3528 beta=0.00) | val: 152.35deg/1685mm R@10/2=0.0% R@5/1=0.0% attn_top1<2m=40.7% | 24.7s
[ 1600/10000] loss=0.8775 (t=0.0014 rank=4.3806 rot=2.3518 beta=0.00) | val: 152.51deg/1793mm R@10/2=0.0% R@5/1=0.0% attn_top1<2m=40.7% | 26.1s
[ 1700/10000] loss=0.8771 (t=0.0012 rank=4.3796 rot=2.2771 beta=0.00) | val: 152.65deg/1835mm R@10/2=0.0% R@5/1=0.0% attn_top1<2m=40.7% | 27.5s
[ 1800/10000] loss=0.9046 (t=0.0010 rank=4.5175 rot=2.3533 beta=0.00) | val: 152.80deg/1860mm R@10/2=0.0% R@5/1=0.0% attn_top1<2m=40.7% | 28.7s
[ 1900/10000] loss=0.9016 (t=0.0009 rank=4.5036 rot=2.2315 beta=0.00) | val: 152.87deg/1787mm R@10/2=0.0% R@5/1=0.0% attn_top1<2m=40.7% | 29.9s
[ 2000/10000] loss=0.9084 (t=0.0009 rank=4.5375 rot=2.4995 beta=0.00) | val: 152.92deg/1795mm R@10/2=0.0% R@5/1=0.0% attn_top1<2m=40.7% | 31.1s
[ 2100/10000] loss=0.8957 (t=0.0009 rank=4.4740 rot=2.3281 beta=0.00) | val: 152.56deg/1852mm R@10/2=0.0% R@5/1=0.0% attn_top1<2m=39.6% | 32.2s
[ 2200/10000] loss=0.8923 (t=0.0008 rank=4.4575 rot=2.3279 beta=0.00) | val: 153.11deg/1813mm R@10/2=0.0% R@5/1=0.0% attn_top1<2m=40.7% | 33.5s
[ 2300/10000] loss=0.8901 (t=0.0008 rank=4.4465 rot=2.3660 beta=0.00) | val: 153.19deg/1790mm R@10/2=0.0% R@5/1=0.0% attn_top1<2m=41.2% | 34.7s
[ 2400/10000] loss=0.8916 (t=0.0007 rank=4.4543 rot=2.3839 beta=0.00) | val: 153.32deg/1656mm R@10/2=0.0% R@5/1=0.0% attn_top1<2m=41.2% | 36.0s
[ 2500/10000] loss=0.8892 (t=0.0009 rank=4.4414 rot=2.2894 beta=0.00) | val: 152.48deg/1694mm R@10/2=0.0% R@5/1=0.0% attn_top1<2m=40.7% | 37.1s
[ 2600/10000] loss=0.9073 (t=0.0010 rank=4.5313 rot=2.3622 beta=0.00) | val: 152.06deg/1838mm R@10/2=0.0% R@5/1=0.0% attn_top1<2m=41.2% | 38.2s
[ 2700/10000] loss=0.8886 (t=0.0007 rank=4.4397 rot=2.3315 beta=0.00) | val: 152.34deg/1901mm R@10/2=0.0% R@5/1=0.0% attn_top1<2m=41.2% | 39.4s
[ 2800/10000] loss=0.9076 (t=0.0008 rank=4.5339 rot=2.3376 beta=0.00) | val: 151.25deg/1764mm R@10/2=0.0% R@5/1=0.0% attn_top1<2m=40.7% | 40.7s
[ 2900/10000] loss=0.8789 (t=0.0008 rank=4.3904 rot=2.3519 beta=0.00) | val: 151.28deg/1790mm R@10/2=0.0% R@5/1=0.0% attn_top1<2m=40.1% | 41.8s
[ 3000/10000] loss=0.8958 (t=0.0007 rank=4.4751 rot=2.3351 beta=0.00) | val: 151.39deg/1786mm R@10/2=0.0% R@5/1=0.0% attn_top1<2m=41.2% | 43.0s
[ 3100/10000] loss=0.8806 (t=0.0010 rank=4.3978 rot=2.3012 beta=0.00) | val: 151.55deg/1742mm R@10/2=0.0% R@5/1=0.0% attn_top1<2m=41.2% | 44.4s
[ 3200/10000] loss=0.8922 (t=0.0008 rank=4.4570 rot=2.2858 beta=0.00) | val: 151.54deg/1725mm R@10/2=0.0% R@5/1=0.0% attn_top1<2m=40.7% | 45.7s
[ 3300/10000] loss=0.9032 (t=0.0006 rank=4.5133 rot=2.3398 beta=0.00) | val: 151.64deg/1736mm R@10/2=0.0% R@5/1=0.0% attn_top1<2m=41.2% | 47.0s
[ 3400/10000] loss=0.8865 (t=0.0006 rank=4.4294 rot=2.3336 beta=0.00) | val: 151.79deg/1744mm R@10/2=0.0% R@5/1=0.0% attn_top1<2m=40.7% | 48.3s
[ 3500/10000] loss=0.9144 (t=0.0006 rank=4.5687 rot=2.3127 beta=0.00) | val: 151.91deg/1726mm R@10/2=0.0% R@5/1=0.0% attn_top1<2m=40.7% | 49.6s
[ 3600/10000] loss=0.9009 (t=0.0005 rank=4.5017 rot=2.2953 beta=0.00) | val: 151.97deg/1701mm R@10/2=0.0% R@5/1=0.0% attn_top1<2m=40.1% | 50.9s
[ 3700/10000] loss=0.9010 (t=0.0006 rank=4.5019 rot=2.3114 beta=0.00) | val: 152.13deg/1656mm R@10/2=0.0% R@5/1=0.0% attn_top1<2m=39.6% | 52.2s
[ 3800/10000] loss=0.8806 (t=0.0008 rank=4.3992 rot=2.3367 beta=0.00) | val: 151.79deg/1775mm R@10/2=0.0% R@5/1=0.0% attn_top1<2m=40.7% | 53.5s
[ 3900/10000] loss=0.8957 (t=0.0007 rank=4.4747 rot=2.2669 beta=0.00) | val: 151.49deg/1705mm R@10/2=0.0% R@5/1=0.0% attn_top1<2m=39.6% | 54.8s
[ 4000/10000] loss=0.9107 (t=0.0005 rank=4.5508 rot=2.3536 beta=0.00) | val: 151.04deg/1698mm R@10/2=0.0% R@5/1=0.0% attn_top1<2m=41.2% | 56.0s
[ 4100/10000] loss=0.8964 (t=0.0006 rank=4.4790 rot=2.3438 beta=0.00) | val: 150.18deg/1685mm R@10/2=0.0% R@5/1=0.0% attn_top1<2m=40.7% | 57.2s
[ 4200/10000] loss=0.9161 (t=0.0005 rank=4.5781 rot=2.3251 beta=0.00) | val: 149.79deg/1793mm R@10/2=0.0% R@5/1=0.0% attn_top1<2m=39.6% | 58.4s
[ 4300/10000] loss=0.8937 (t=0.0005 rank=4.4658 rot=2.2643 beta=0.00) | val: 149.83deg/1750mm R@10/2=0.0% R@5/1=0.0% attn_top1<2m=40.7% | 59.7s
[ 4400/10000] loss=0.8970 (t=0.0005 rank=4.4828 rot=2.2641 beta=0.00) | val: 149.88deg/1821mm R@10/2=0.0% R@5/1=0.0% attn_top1<2m=40.7% | 61.0s
[ 4500/10000] loss=0.8722 (t=0.0005 rank=4.3585 rot=2.2803 beta=0.00) | val: 149.55deg/1774mm R@10/2=0.0% R@5/1=0.0% attn_top1<2m=39.6% | 62.5s
[ 4600/10000] loss=0.9004 (t=0.0006 rank=4.4992 rot=2.3724 beta=0.00) | val: 149.50deg/1753mm R@10/2=0.0% R@5/1=0.0% attn_top1<2m=40.7% | 63.7s
[ 4700/10000] loss=0.9090 (t=0.0006 rank=4.5422 rot=2.2558 beta=0.00) | val: 149.46deg/1786mm R@10/2=0.0% R@5/1=0.0% attn_top1<2m=40.1% | 65.0s
[ 4800/10000] loss=0.8992 (t=0.0005 rank=4.4934 rot=2.2478 beta=0.00) | val: 149.49deg/1719mm R@10/2=0.0% R@5/1=0.0% attn_top1<2m=40.7% | 66.3s
[ 4900/10000] loss=0.8767 (t=0.0005 rank=4.3806 rot=2.3754 beta=0.00) | val: 149.48deg/1752mm R@10/2=0.0% R@5/1=0.0% attn_top1<2m=40.1% | 67.7s
[ 5000/10000] loss=0.8730 (t=0.0007 rank=4.3615 rot=2.3070 beta=0.00) | val: 149.48deg/1674mm R@10/2=0.0% R@5/1=0.0% attn_top1<2m=39.6% | 69.0s
[ 5100/10000] loss=0.8971 (t=0.0006 rank=4.4826 rot=2.3226 beta=0.00) | val: 149.47deg/1681mm R@10/2=0.0% R@5/1=0.0% attn_top1<2m=40.1% | 70.3s
[ 5200/10000] loss=0.9033 (t=0.0005 rank=4.5141 rot=2.3372 beta=0.00) | val: 149.52deg/1812mm R@10/2=0.0% R@5/1=0.0% attn_top1<2m=41.2% | 71.5s
[ 5300/10000] loss=0.9181 (t=0.0005 rank=4.5882 rot=2.3440 beta=0.00) | val: 149.50deg/1767mm R@10/2=0.0% R@5/1=0.0% attn_top1<2m=40.7% | 72.7s
[ 5400/10000] loss=0.8882 (t=0.0006 rank=4.4380 rot=2.3391 beta=0.00) | val: 149.52deg/1722mm R@10/2=0.0% R@5/1=0.0% attn_top1<2m=40.1% | 74.1s
[ 5500/10000] loss=0.8925 (t=0.0005 rank=4.4600 rot=2.2690 beta=0.00) | val: 149.50deg/1770mm R@10/2=0.0% R@5/1=0.0% attn_top1<2m=39.0% | 75.4s
[ 5600/10000] loss=0.9102 (t=0.0004 rank=4.5490 rot=2.3075 beta=0.00) | val: 149.51deg/1881mm R@10/2=0.0% R@5/1=0.0% attn_top1<2m=40.1% | 76.6s
[ 5700/10000] loss=0.9047 (t=0.0005 rank=4.5209 rot=2.3344 beta=0.00) | val: 149.59deg/1828mm R@10/2=0.0% R@5/1=0.0% attn_top1<2m=40.1% | 77.9s
[ 5800/10000] loss=0.8892 (t=0.0005 rank=4.4431 rot=2.3080 beta=0.00) | val: 149.60deg/1747mm R@10/2=0.0% R@5/1=0.0% attn_top1<2m=40.1% | 79.1s
[ 5900/10000] loss=0.8832 (t=0.0006 rank=4.4130 rot=2.3232 beta=0.00) | val: 149.55deg/1801mm R@10/2=0.0% R@5/1=0.0% attn_top1<2m=39.6% | 80.1s
[ 6000/10000] loss=0.8916 (t=0.0004 rank=4.4561 rot=2.3005 beta=0.00) | val: 149.58deg/1720mm R@10/2=0.0% R@5/1=0.0% attn_top1<2m=40.1% | 81.2s
[ 6100/10000] loss=0.9005 (t=0.0004 rank=4.5001 rot=2.3880 beta=0.00) | val: 149.58deg/1662mm R@10/2=0.0% R@5/1=0.0% attn_top1<2m=39.6% | 82.2s
[ 6200/10000] loss=0.9005 (t=0.0004 rank=4.5009 rot=2.3430 beta=0.00) | val: 149.58deg/1722mm R@10/2=0.0% R@5/1=0.0% attn_top1<2m=40.1% | 83.1s
[ 6300/10000] loss=0.9037 (t=0.0004 rank=4.5161 rot=2.3529 beta=0.00) | val: 149.56deg/1736mm R@10/2=0.0% R@5/1=0.0% attn_top1<2m=40.1% | 84.5s
[ 6400/10000] loss=0.8927 (t=0.0004 rank=4.4616 rot=2.3746 beta=0.00) | val: 149.57deg/1885mm R@10/2=0.0% R@5/1=0.0% attn_top1<2m=40.1% | 85.7s
[ 6500/10000] loss=0.8890 (t=0.0004 rank=4.4429 rot=2.3363 beta=0.00) | val: 149.57deg/1758mm R@10/2=0.0% R@5/1=0.0% attn_top1<2m=39.6% | 86.9s
[ 6600/10000] loss=0.9162 (t=0.0004 rank=4.5791 rot=2.3347 beta=0.00) | val: 149.53deg/1793mm R@10/2=0.0% R@5/1=0.0% attn_top1<2m=40.7% | 88.1s
[ 6700/10000] loss=0.9037 (t=0.0004 rank=4.5164 rot=2.2958 beta=0.00) | val: 149.53deg/1827mm R@10/2=0.0% R@5/1=0.0% attn_top1<2m=39.6% | 89.4s
[ 6800/10000] loss=0.8984 (t=0.0005 rank=4.4894 rot=2.2333 beta=0.00) | val: 149.54deg/1773mm R@10/2=0.0% R@5/1=0.0% attn_top1<2m=37.9% | 90.7s
[ 6900/10000] loss=0.9046 (t=0.0004 rank=4.5205 rot=2.2625 beta=0.00) | val: 149.55deg/1777mm R@10/2=0.0% R@5/1=0.0% attn_top1<2m=39.6% | 91.9s
[ 7000/10000] loss=0.9005 (t=0.0004 rank=4.5006 rot=2.3632 beta=0.00) | val: 149.53deg/1775mm R@10/2=0.0% R@5/1=0.0% attn_top1<2m=40.1% | 93.0s
[ 7100/10000] loss=0.9051 (t=0.0004 rank=4.5237 rot=2.2941 beta=0.00) | val: 149.54deg/1738mm R@10/2=0.0% R@5/1=0.0% attn_top1<2m=40.1% | 94.2s
[ 7200/10000] loss=0.9178 (t=0.0004 rank=4.5873 rot=2.2969 beta=0.00) | val: 149.54deg/1688mm R@10/2=0.0% R@5/1=0.0% attn_top1<2m=39.6% | 95.5s
[ 7300/10000] loss=0.9192 (t=0.0004 rank=4.5939 rot=2.2799 beta=0.00) | val: 149.53deg/1746mm R@10/2=0.0% R@5/1=0.0% attn_top1<2m=40.7% | 96.7s
[ 7400/10000] loss=0.8965 (t=0.0004 rank=4.4805 rot=2.2925 beta=0.00) | val: 149.54deg/1778mm R@10/2=0.0% R@5/1=0.0% attn_top1<2m=40.1% | 97.9s
[ 7500/10000] loss=0.8867 (t=0.0004 rank=4.4315 rot=2.3798 beta=0.00) | val: 149.54deg/1745mm R@10/2=0.0% R@5/1=0.0% attn_top1<2m=39.6% | 99.2s
[ 7600/10000] loss=0.8875 (t=0.0005 rank=4.4348 rot=2.3429 beta=0.00) | val: 149.55deg/1740mm R@10/2=0.0% R@5/1=0.0% attn_top1<2m=40.1% | 100.5s
[ 7700/10000] loss=0.8997 (t=0.0004 rank=4.4967 rot=2.2602 beta=0.00) | val: 149.54deg/1738mm R@10/2=0.0% R@5/1=0.0% attn_top1<2m=39.0% | 101.8s
[ 7800/10000] loss=0.8941 (t=0.0004 rank=4.4685 rot=2.3697 beta=0.00) | val: 149.54deg/1703mm R@10/2=0.0% R@5/1=0.0% attn_top1<2m=39.0% | 103.1s
[ 7900/10000] loss=0.8926 (t=0.0004 rank=4.4614 rot=2.3224 beta=0.00) | val: 149.52deg/1891mm R@10/2=0.0% R@5/1=0.0% attn_top1<2m=40.1% | 104.8s
[ 8000/10000] loss=0.8994 (t=0.0004 rank=4.4953 rot=2.2333 beta=0.00) | val: 149.56deg/1822mm R@10/2=0.0% R@5/1=0.0% attn_top1<2m=40.1% | 107.0s
[ 8100/10000] loss=0.8987 (t=0.0004 rank=4.4913 rot=2.2738 beta=0.00) | val: 149.54deg/1773mm R@10/2=0.0% R@5/1=0.0% attn_top1<2m=39.6% | 108.8s
[ 8200/10000] loss=0.9121 (t=0.0003 rank=4.5589 rot=2.3552 beta=0.00) | val: 149.55deg/1856mm R@10/2=0.0% R@5/1=0.0% attn_top1<2m=39.6% | 110.1s
[ 8300/10000] loss=0.8979 (t=0.0004 rank=4.4875 rot=2.3635 beta=0.00) | val: 149.55deg/1825mm R@10/2=0.0% R@5/1=0.0% attn_top1<2m=40.1% | 111.3s
[ 8400/10000] loss=0.8742 (t=0.0004 rank=4.3691 rot=2.2622 beta=0.00) | val: 149.53deg/1831mm R@10/2=0.0% R@5/1=0.0% attn_top1<2m=40.1% | 112.5s
[ 8500/10000] loss=0.8811 (t=0.0003 rank=4.4042 rot=2.2615 beta=0.00) | val: 149.55deg/1743mm R@10/2=0.0% R@5/1=0.0% attn_top1<2m=39.6% | 113.7s
[ 8600/10000] loss=0.8957 (t=0.0003 rank=4.4767 rot=2.3137 beta=0.00) | val: 149.54deg/1845mm R@10/2=0.0% R@5/1=0.0% attn_top1<2m=40.1% | 114.9s
[ 8700/10000] loss=0.9065 (t=0.0004 rank=4.5308 rot=2.2401 beta=0.00) | val: 149.54deg/1811mm R@10/2=0.0% R@5/1=0.0% attn_top1<2m=39.6% | 115.9s
[ 8800/10000] loss=0.8939 (t=0.0004 rank=4.4677 rot=2.3969 beta=0.00) | val: 149.54deg/1769mm R@10/2=0.0% R@5/1=0.0% attn_top1<2m=39.6% | 117.1s
[ 8900/10000] loss=0.9049 (t=0.0003 rank=4.5230 rot=2.3489 beta=0.00) | val: 149.55deg/1804mm R@10/2=0.0% R@5/1=0.0% attn_top1<2m=39.6% | 118.3s
[ 9000/10000] loss=0.8898 (t=0.0003 rank=4.4474 rot=2.4416 beta=0.00) | val: 149.54deg/1736mm R@10/2=0.0% R@5/1=0.0% attn_top1<2m=39.6% | 119.5s
[ 9100/10000] loss=0.9099 (t=0.0003 rank=4.5477 rot=2.2754 beta=0.00) | val: 149.55deg/1749mm R@10/2=0.0% R@5/1=0.0% attn_top1<2m=39.6% | 120.7s
[ 9200/10000] loss=0.9023 (t=0.0003 rank=4.5098 rot=2.3000 beta=0.00) | val: 149.54deg/1770mm R@10/2=0.0% R@5/1=0.0% attn_top1<2m=40.1% | 121.9s
[ 9300/10000] loss=0.8895 (t=0.0004 rank=4.4458 rot=2.3593 beta=0.00) | val: 149.54deg/1765mm R@10/2=0.0% R@5/1=0.0% attn_top1<2m=40.1% | 123.0s
[ 9400/10000] loss=0.9061 (t=0.0004 rank=4.5287 rot=2.4213 beta=0.00) | val: 149.54deg/1774mm R@10/2=0.0% R@5/1=0.0% attn_top1<2m=39.6% | 124.3s
[ 9500/10000] loss=0.9097 (t=0.0004 rank=4.5468 rot=2.3843 beta=0.00) | val: 149.55deg/1756mm R@10/2=0.0% R@5/1=0.0% attn_top1<2m=39.6% | 125.5s
[ 9600/10000] loss=0.8956 (t=0.0005 rank=4.4754 rot=2.3450 beta=0.00) | val: 149.55deg/1775mm R@10/2=0.0% R@5/1=0.0% attn_top1<2m=39.6% | 126.6s
[ 9700/10000] loss=0.8826 (t=0.0003 rank=4.4114 rot=2.3314 beta=0.00) | val: 149.54deg/1769mm R@10/2=0.0% R@5/1=0.0% attn_top1<2m=39.6% | 128.0s
[ 9800/10000] loss=0.9111 (t=0.0003 rank=4.5542 rot=2.2758 beta=0.00) | val: 149.54deg/1775mm R@10/2=0.0% R@5/1=0.0% attn_top1<2m=39.6% | 129.6s
[ 9900/10000] loss=0.8861 (t=0.0004 rank=4.4287 rot=2.1812 beta=0.00) | val: 149.54deg/1771mm R@10/2=0.0% R@5/1=0.0% attn_top1<2m=39.6% | 131.6s
[10000/10000] loss=0.9131 (t=0.0004 rank=4.5636 rot=2.4604 beta=0.00) | val: 149.54deg/1776mm R@10/2=0.0% R@5/1=0.0% attn_top1<2m=39.6% | 133.8s

Training done. Best epoch: 5070, score: 16.5396

======================================================================
EVALUATION RESULTS (Memory Translation + Rotation Regression)
======================================================================
Rotation  (median): 149.74deg
Translation (median): 1603mm
  R@5deg_1m: 0.0%  (rot_pass=0.0%, trans_pass=28.0%)
  R@10deg_2m: 0.0%  (rot_pass=0.0%, trans_pass=54.9%)
  R@15deg_5m: 0.0%  (rot_pass=0.0%, trans_pass=86.8%)
  R@25deg_5m: 0.0%  (rot_pass=0.0%, trans_pass=86.8%)

======================================================================
EVALUATION RESULTS (Retrieval Mode)
======================================================================
Retrieval median: 10.30deg / 2535mm
  R@5deg_1m: 2.7%  (rot=7.7%, trans=19.2%)
  R@10deg_2m: 23.6%  (rot=49.5%, trans=42.3%)
  R@15deg_5m: 58.8%  (rot=75.3%, trans=81.3%)
  R@25deg_5m: 80.8%  (rot=98.9%, trans=81.3%)

======================================================================
MEMORY
======================================================================
  attn_top1_lt2m: 40.1
  attn_top3_lt2m: 43.4
