=== New Architecture Experiments ===
=== exp14t_128d_residual_seed123 ===
[ 3800/5000] loss=0.0030 (t=0.0007 r=0.0075 beta=0.31) | val: 1.70deg/1562mm | 261.6s
[ 3900/5000] loss=0.0029 (t=0.0006 r=0.0075 beta=0.31) | val: 1.59deg/1491mm | 268.3s
[ 4000/5000] loss=0.0030 (t=0.0006 r=0.0077 beta=0.31) | val: 1.61deg/1514mm | 275.1s
[ 4100/5000] loss=0.0029 (t=0.0006 r=0.0074 beta=0.31) | val: 1.63deg/1546mm | 281.8s
[ 4200/5000] loss=0.0028 (t=0.0006 r=0.0073 beta=0.31) | val: 1.67deg/1530mm | 288.6s
[ 4300/5000] loss=0.0028 (t=0.0006 r=0.0072 beta=0.30) | val: 1.68deg/1509mm | 295.4s
[ 4400/5000] loss=0.0028 (t=0.0006 r=0.0072 beta=0.30) | val: 1.64deg/1517mm | 302.1s
[ 4500/5000] loss=0.0028 (t=0.0006 r=0.0073 beta=0.30) | val: 1.67deg/1506mm | 308.9s
[ 4600/5000] loss=0.0028 (t=0.0006 r=0.0072 beta=0.30) | val: 1.70deg/1488mm | 315.6s
[ 4700/5000] loss=0.0028 (t=0.0006 r=0.0073 beta=0.30) | val: 1.68deg/1542mm | 322.4s
[ 4800/5000] loss=0.0027 (t=0.0006 r=0.0071 beta=0.30) | val: 1.68deg/1530mm | 329.1s
[ 4900/5000] loss=0.0028 (t=0.0006 r=0.0073 beta=0.30) | val: 1.68deg/1525mm | 335.9s
[ 5000/5000] loss=0.0027 (t=0.0006 r=0.0071 beta=0.30) | val: 1.68deg/1526mm | 342.6s

Training done. Best epoch: 2940, score: 1.5125

Loaded best model from epoch 2940

======================================================================
EVALUATION RESULTS (Direct Regression)
======================================================================
Rotation  (median): 1.65deg
Translation (median): 1372mm

  R@5deg_1m: 28.6%  (rot_pass=89.6%, trans_pass=29.7%)
  R@10deg_2m: 64.3%  (rot_pass=99.5%, trans_pass=64.3%)
  R@15deg_5m: 92.9%  (rot_pass=100.0%, trans_pass=92.9%)
  R@25deg_5m: 92.9%  (rot_pass=100.0%, trans_pass=92.9%)

======================================================================
EVALUATION RESULTS (Retrieval Mode)
======================================================================
Retrieval median: 11.16deg / 2676mm
  R@5deg_1m: 2.7%  (rot=5.5%, trans=20.3%)
  R@10deg_2m: 20.9%  (rot=42.3%, trans=41.2%)
  R@15deg_5m: 58.2%  (rot=70.3%, trans=85.7%)
  R@25deg_5m: 83.5%  (rot=95.6%, trans=85.7%)
======================================================================

Done!
--- exp14t_128d_residual_seed123 done ---

=== exp14t_128d_residual_seed456 ===
[ 3800/5000] loss=0.0029 (t=0.0006 r=0.0074 beta=0.31) | val: 1.88deg/1715mm | 262.0s
[ 3900/5000] loss=0.0030 (t=0.0006 r=0.0077 beta=0.31) | val: 1.92deg/1681mm | 268.8s
[ 4000/5000] loss=0.0029 (t=0.0006 r=0.0073 beta=0.31) | val: 1.94deg/1697mm | 275.5s
[ 4100/5000] loss=0.0028 (t=0.0006 r=0.0072 beta=0.31) | val: 1.94deg/1679mm | 282.3s
[ 4200/5000] loss=0.0029 (t=0.0006 r=0.0073 beta=0.31) | val: 1.93deg/1728mm | 289.0s
[ 4300/5000] loss=0.0028 (t=0.0006 r=0.0072 beta=0.30) | val: 1.91deg/1674mm | 295.8s
[ 4400/5000] loss=0.0027 (t=0.0006 r=0.0070 beta=0.30) | val: 1.92deg/1749mm | 302.5s
[ 4500/5000] loss=0.0028 (t=0.0006 r=0.0073 beta=0.30) | val: 1.96deg/1732mm | 309.3s
[ 4600/5000] loss=0.0028 (t=0.0006 r=0.0072 beta=0.30) | val: 1.97deg/1677mm | 316.0s
[ 4700/5000] loss=0.0027 (t=0.0006 r=0.0070 beta=0.30) | val: 1.96deg/1705mm | 322.8s
[ 4800/5000] loss=0.0028 (t=0.0006 r=0.0073 beta=0.30) | val: 1.97deg/1721mm | 329.5s
[ 4900/5000] loss=0.0028 (t=0.0006 r=0.0072 beta=0.30) | val: 1.97deg/1724mm | 336.3s
[ 5000/5000] loss=0.0027 (t=0.0006 r=0.0071 beta=0.30) | val: 1.95deg/1726mm | 343.0s

Training done. Best epoch: 2970, score: 1.7674

Loaded best model from epoch 2970

======================================================================
EVALUATION RESULTS (Direct Regression)
======================================================================
Rotation  (median): 1.97deg
Translation (median): 1580mm

  R@5deg_1m: 22.5%  (rot_pass=90.7%, trans_pass=23.1%)
  R@10deg_2m: 60.4%  (rot_pass=99.5%, trans_pass=60.4%)
  R@15deg_5m: 94.0%  (rot_pass=100.0%, trans_pass=94.0%)
  R@25deg_5m: 94.0%  (rot_pass=100.0%, trans_pass=94.0%)

======================================================================
EVALUATION RESULTS (Retrieval Mode)
======================================================================
Retrieval median: 10.76deg / 2611mm
  R@5deg_1m: 2.7%  (rot=4.9%, trans=19.8%)
  R@10deg_2m: 18.7%  (rot=42.9%, trans=40.1%)
  R@15deg_5m: 60.4%  (rot=73.1%, trans=86.8%)
  R@25deg_5m: 83.5%  (rot=96.2%, trans=86.8%)
======================================================================

Done!
--- exp14t_128d_residual_seed456 done ---

=== exp14t_128d_residual_seed789 ===
[ 3800/5000] loss=0.0030 (t=0.0006 r=0.0076 beta=0.32) | val: 1.71deg/1664mm | 260.9s
[ 3900/5000] loss=0.0031 (t=0.0007 r=0.0078 beta=0.32) | val: 1.71deg/1696mm | 267.6s
[ 4000/5000] loss=0.0030 (t=0.0007 r=0.0075 beta=0.31) | val: 1.76deg/1698mm | 274.4s
[ 4100/5000] loss=0.0029 (t=0.0006 r=0.0073 beta=0.31) | val: 1.74deg/1738mm | 281.1s
[ 4200/5000] loss=0.0029 (t=0.0006 r=0.0073 beta=0.31) | val: 1.75deg/1709mm | 287.9s
[ 4300/5000] loss=0.0029 (t=0.0006 r=0.0075 beta=0.31) | val: 1.75deg/1701mm | 294.6s
[ 4400/5000] loss=0.0028 (t=0.0006 r=0.0071 beta=0.31) | val: 1.73deg/1706mm | 301.4s
[ 4500/5000] loss=0.0029 (t=0.0006 r=0.0073 beta=0.31) | val: 1.74deg/1700mm | 308.1s
[ 4600/5000] loss=0.0028 (t=0.0006 r=0.0072 beta=0.31) | val: 1.74deg/1709mm | 314.9s
[ 4700/5000] loss=0.0028 (t=0.0006 r=0.0073 beta=0.31) | val: 1.74deg/1695mm | 321.6s
[ 4800/5000] loss=0.0028 (t=0.0006 r=0.0073 beta=0.31) | val: 1.74deg/1692mm | 328.3s
[ 4900/5000] loss=0.0029 (t=0.0006 r=0.0074 beta=0.31) | val: 1.75deg/1702mm | 335.1s
[ 5000/5000] loss=0.0028 (t=0.0006 r=0.0072 beta=0.31) | val: 1.75deg/1702mm | 341.8s

Training done. Best epoch: 1670, score: 1.7151

Loaded best model from epoch 1670

======================================================================
EVALUATION RESULTS (Direct Regression)
======================================================================
Rotation  (median): 1.68deg
Translation (median): 1558mm

  R@5deg_1m: 23.1%  (rot_pass=92.3%, trans_pass=23.6%)
  R@10deg_2m: 61.0%  (rot_pass=99.5%, trans_pass=61.0%)
  R@15deg_5m: 92.3%  (rot_pass=100.0%, trans_pass=92.3%)
  R@25deg_5m: 92.3%  (rot_pass=100.0%, trans_pass=92.3%)

======================================================================
EVALUATION RESULTS (Retrieval Mode)
======================================================================
Retrieval median: 11.57deg / 2592mm
  R@5deg_1m: 2.2%  (rot=3.3%, trans=18.7%)
  R@10deg_2m: 19.8%  (rot=40.7%, trans=40.1%)
  R@15deg_5m: 61.0%  (rot=73.6%, trans=86.8%)
  R@25deg_5m: 81.3%  (rot=94.0%, trans=86.8%)
======================================================================

Done!
--- exp14t_128d_residual_seed789 done ---

=== exp14t2_128d_residual_wide_seed123 ===
[ 3800/5000] loss=0.0025 (t=0.0004 r=0.0058 beta=0.35) | val: 1.66deg/1512mm | 322.9s
[ 3900/5000] loss=0.0025 (t=0.0004 r=0.0059 beta=0.35) | val: 1.65deg/1598mm | 330.9s
[ 4000/5000] loss=0.0025 (t=0.0004 r=0.0059 beta=0.35) | val: 1.70deg/1568mm | 338.8s
[ 4100/5000] loss=0.0023 (t=0.0004 r=0.0055 beta=0.35) | val: 1.67deg/1557mm | 346.8s
[ 4200/5000] loss=0.0023 (t=0.0004 r=0.0056 beta=0.34) | val: 1.68deg/1605mm | 354.7s
[ 4300/5000] loss=0.0023 (t=0.0004 r=0.0056 beta=0.34) | val: 1.67deg/1573mm | 362.6s
[ 4400/5000] loss=0.0023 (t=0.0004 r=0.0055 beta=0.34) | val: 1.68deg/1561mm | 370.6s
[ 4500/5000] loss=0.0022 (t=0.0004 r=0.0054 beta=0.34) | val: 1.66deg/1562mm | 378.5s
[ 4600/5000] loss=0.0023 (t=0.0004 r=0.0056 beta=0.34) | val: 1.68deg/1549mm | 386.5s
[ 4700/5000] loss=0.0023 (t=0.0004 r=0.0055 beta=0.34) | val: 1.67deg/1549mm | 394.4s
[ 4800/5000] loss=0.0023 (t=0.0004 r=0.0055 beta=0.34) | val: 1.68deg/1557mm | 402.4s
[ 4900/5000] loss=0.0022 (t=0.0004 r=0.0055 beta=0.34) | val: 1.68deg/1542mm | 410.3s
[ 5000/5000] loss=0.0022 (t=0.0004 r=0.0054 beta=0.34) | val: 1.68deg/1542mm | 418.3s

Training done. Best epoch: 1160, score: 1.5922

Loaded best model from epoch 1160

======================================================================
EVALUATION RESULTS (Direct Regression)
======================================================================
Rotation  (median): 1.64deg
Translation (median): 1431mm

  R@5deg_1m: 30.2%  (rot_pass=93.4%, trans_pass=31.3%)
  R@10deg_2m: 63.2%  (rot_pass=99.5%, trans_pass=63.2%)
  R@15deg_5m: 91.8%  (rot_pass=100.0%, trans_pass=91.8%)
  R@25deg_5m: 91.8%  (rot_pass=100.0%, trans_pass=91.8%)

======================================================================
EVALUATION RESULTS (Retrieval Mode)
======================================================================
Retrieval median: 11.35deg / 2504mm
  R@5deg_1m: 3.8%  (rot=4.4%, trans=20.3%)
  R@10deg_2m: 19.8%  (rot=39.6%, trans=44.0%)
  R@15deg_5m: 59.3%  (rot=70.9%, trans=87.4%)
  R@25deg_5m: 84.6%  (rot=97.3%, trans=87.4%)
======================================================================

Done!
--- exp14t2_128d_residual_wide_seed123 done ---

=== exp14t2_128d_residual_wide_seed456 ===
[ 3800/5000] loss=0.0023 (t=0.0004 r=0.0060 beta=0.32) | val: 1.82deg/1530mm | 327.0s
[ 3900/5000] loss=0.0023 (t=0.0004 r=0.0062 beta=0.31) | val: 1.80deg/1535mm | 335.0s
[ 4000/5000] loss=0.0022 (t=0.0004 r=0.0058 beta=0.31) | val: 1.79deg/1562mm | 342.9s
[ 4100/5000] loss=0.0022 (t=0.0004 r=0.0057 beta=0.31) | val: 1.83deg/1530mm | 350.8s
[ 4200/5000] loss=0.0022 (t=0.0004 r=0.0058 beta=0.31) | val: 1.81deg/1593mm | 358.8s
[ 4300/5000] loss=0.0021 (t=0.0004 r=0.0055 beta=0.31) | val: 1.82deg/1590mm | 366.7s
[ 4400/5000] loss=0.0022 (t=0.0004 r=0.0057 beta=0.31) | val: 1.84deg/1601mm | 374.7s
[ 4500/5000] loss=0.0021 (t=0.0004 r=0.0057 beta=0.31) | val: 1.82deg/1562mm | 382.6s
[ 4600/5000] loss=0.0021 (t=0.0004 r=0.0057 beta=0.31) | val: 1.82deg/1575mm | 390.6s
[ 4700/5000] loss=0.0021 (t=0.0004 r=0.0056 beta=0.31) | val: 1.82deg/1565mm | 398.5s
[ 4800/5000] loss=0.0020 (t=0.0004 r=0.0055 beta=0.31) | val: 1.82deg/1549mm | 406.5s
[ 4900/5000] loss=0.0020 (t=0.0003 r=0.0056 beta=0.31) | val: 1.81deg/1575mm | 414.4s
[ 5000/5000] loss=0.0022 (t=0.0004 r=0.0058 beta=0.31) | val: 1.82deg/1575mm | 422.4s

Training done. Best epoch: 1130, score: 1.5864

Loaded best model from epoch 1130

======================================================================
EVALUATION RESULTS (Direct Regression)
======================================================================
Rotation  (median): 1.80deg
Translation (median): 1410mm

  R@5deg_1m: 30.8%  (rot_pass=93.4%, trans_pass=31.3%)
  R@10deg_2m: 61.5%  (rot_pass=99.5%, trans_pass=61.5%)
  R@15deg_5m: 89.0%  (rot_pass=100.0%, trans_pass=89.0%)
  R@25deg_5m: 89.0%  (rot_pass=100.0%, trans_pass=89.0%)

======================================================================
EVALUATION RESULTS (Retrieval Mode)
======================================================================
Retrieval median: 11.53deg / 2739mm
  R@5deg_1m: 3.8%  (rot=6.0%, trans=18.7%)
  R@10deg_2m: 19.8%  (rot=37.9%, trans=39.6%)
  R@15deg_5m: 58.2%  (rot=69.8%, trans=85.7%)
  R@25deg_5m: 81.9%  (rot=95.1%, trans=85.7%)
======================================================================

Done!
--- exp14t2_128d_residual_wide_seed456 done ---

=== exp14u_128d_minibatch_seed123 ===
[13800/15000] loss=0.0014 (t=0.0010 r=0.0168 beta=0.02) | val: 1.81deg/1571mm | 310.9s
[13900/15000] loss=0.0014 (t=0.0010 r=0.0164 beta=0.02) | val: 1.77deg/1582mm | 313.1s
[14000/15000] loss=0.0013 (t=0.0010 r=0.0158 beta=0.02) | val: 1.74deg/1579mm | 315.3s
[14100/15000] loss=0.0013 (t=0.0009 r=0.0163 beta=0.02) | val: 1.75deg/1575mm | 317.5s
[14200/15000] loss=0.0012 (t=0.0008 r=0.0164 beta=0.02) | val: 1.74deg/1554mm | 319.7s
[14300/15000] loss=0.0012 (t=0.0009 r=0.0161 beta=0.02) | val: 1.72deg/1574mm | 321.9s
[14400/15000] loss=0.0012 (t=0.0008 r=0.0155 beta=0.02) | val: 1.73deg/1557mm | 324.1s
[14500/15000] loss=0.0012 (t=0.0009 r=0.0156 beta=0.02) | val: 1.75deg/1568mm | 326.2s
[14600/15000] loss=0.0012 (t=0.0009 r=0.0160 beta=0.02) | val: 1.77deg/1587mm | 328.4s
[14700/15000] loss=0.0012 (t=0.0009 r=0.0155 beta=0.02) | val: 1.80deg/1590mm | 330.6s
[14800/15000] loss=0.0013 (t=0.0009 r=0.0158 beta=0.02) | val: 1.76deg/1592mm | 332.8s
[14900/15000] loss=0.0014 (t=0.0010 r=0.0165 beta=0.02) | val: 1.76deg/1584mm | 335.0s
[15000/15000] loss=0.0013 (t=0.0009 r=0.0166 beta=0.02) | val: 1.75deg/1586mm | 337.2s

Training done. Best epoch: 3280, score: 1.3170

Loaded best model from epoch 3280

======================================================================
EVALUATION RESULTS (Direct Regression)
======================================================================
Rotation  (median): 1.75deg
Translation (median): 1148mm

  R@5deg_1m: 38.5%  (rot_pass=92.3%, trans_pass=39.0%)
  R@10deg_2m: 67.6%  (rot_pass=99.5%, trans_pass=68.1%)
  R@15deg_5m: 90.7%  (rot_pass=100.0%, trans_pass=90.7%)
  R@25deg_5m: 90.7%  (rot_pass=100.0%, trans_pass=90.7%)

======================================================================
EVALUATION RESULTS (Retrieval Mode)
======================================================================
Retrieval median: 11.91deg / 2576mm
  R@5deg_1m: 2.2%  (rot=4.9%, trans=19.2%)
  R@10deg_2m: 18.1%  (rot=39.0%, trans=42.9%)
  R@15deg_5m: 53.8%  (rot=65.4%, trans=85.7%)
  R@25deg_5m: 82.4%  (rot=95.6%, trans=85.7%)
======================================================================

Done!
--- exp14u_128d_minibatch_seed123 done ---

=== exp14u_128d_minibatch_seed456 ===
[13800/15000] loss=0.0013 (t=0.0009 r=0.0160 beta=0.03) | val: 1.83deg/1512mm | 311.2s
[13900/15000] loss=0.0013 (t=0.0009 r=0.0163 beta=0.03) | val: 1.78deg/1511mm | 313.4s
[14000/15000] loss=0.0013 (t=0.0009 r=0.0154 beta=0.03) | val: 1.80deg/1536mm | 315.6s
[14100/15000] loss=0.0014 (t=0.0010 r=0.0163 beta=0.03) | val: 1.82deg/1449mm | 317.8s
[14200/15000] loss=0.0013 (t=0.0008 r=0.0170 beta=0.03) | val: 1.82deg/1447mm | 320.0s
[14300/15000] loss=0.0013 (t=0.0010 r=0.0152 beta=0.03) | val: 1.80deg/1453mm | 322.1s
[14400/15000] loss=0.0014 (t=0.0010 r=0.0161 beta=0.03) | val: 1.81deg/1447mm | 324.3s
[14500/15000] loss=0.0013 (t=0.0009 r=0.0157 beta=0.03) | val: 1.79deg/1460mm | 326.5s
[14600/15000] loss=0.0012 (t=0.0008 r=0.0156 beta=0.03) | val: 1.79deg/1476mm | 328.7s
[14700/15000] loss=0.0012 (t=0.0008 r=0.0157 beta=0.03) | val: 1.80deg/1473mm | 330.9s
[14800/15000] loss=0.0012 (t=0.0008 r=0.0150 beta=0.03) | val: 1.82deg/1476mm | 333.1s
[14900/15000] loss=0.0013 (t=0.0009 r=0.0157 beta=0.03) | val: 1.82deg/1458mm | 335.3s
[15000/15000] loss=0.0013 (t=0.0009 r=0.0157 beta=0.03) | val: 1.82deg/1458mm | 337.5s

Training done. Best epoch: 6810, score: 1.3928

Loaded best model from epoch 6810

======================================================================
EVALUATION RESULTS (Direct Regression)
======================================================================
Rotation  (median): 1.82deg
Translation (median): 1264mm

  R@5deg_1m: 39.6%  (rot_pass=91.8%, trans_pass=40.1%)
  R@10deg_2m: 65.9%  (rot_pass=100.0%, trans_pass=65.9%)
  R@15deg_5m: 86.3%  (rot_pass=100.0%, trans_pass=86.3%)
  R@25deg_5m: 86.3%  (rot_pass=100.0%, trans_pass=86.3%)

======================================================================
EVALUATION RESULTS (Retrieval Mode)
======================================================================
Retrieval median: 11.57deg / 2528mm
  R@5deg_1m: 2.2%  (rot=4.4%, trans=20.3%)
  R@10deg_2m: 18.1%  (rot=38.5%, trans=43.4%)
  R@15deg_5m: 52.7%  (rot=69.8%, trans=83.0%)
  R@25deg_5m: 81.9%  (rot=98.9%, trans=83.0%)
======================================================================

Done!
--- exp14u_128d_minibatch_seed456 done ---

=== exp14u_128d_minibatch_seed789 ===
[13800/15000] loss=0.0013 (t=0.0009 r=0.0165 beta=0.02) | val: 1.86deg/1648mm | 310.5s
[13900/15000] loss=0.0013 (t=0.0009 r=0.0157 beta=0.02) | val: 1.83deg/1575mm | 312.7s
[14000/15000] loss=0.0013 (t=0.0009 r=0.0148 beta=0.02) | val: 1.88deg/1598mm | 314.9s
[14100/15000] loss=0.0012 (t=0.0009 r=0.0151 beta=0.02) | val: 1.87deg/1636mm | 317.1s
[14200/15000] loss=0.0012 (t=0.0008 r=0.0174 beta=0.02) | val: 1.84deg/1585mm | 319.3s
[14300/15000] loss=0.0013 (t=0.0010 r=0.0162 beta=0.02) | val: 1.86deg/1614mm | 321.5s
[14400/15000] loss=0.0012 (t=0.0008 r=0.0164 beta=0.02) | val: 1.89deg/1633mm | 323.6s
[14500/15000] loss=0.0012 (t=0.0009 r=0.0156 beta=0.02) | val: 1.89deg/1633mm | 325.8s
[14600/15000] loss=0.0013 (t=0.0009 r=0.0162 beta=0.02) | val: 1.89deg/1594mm | 328.0s
[14700/15000] loss=0.0012 (t=0.0008 r=0.0160 beta=0.02) | val: 1.86deg/1599mm | 330.2s
[14800/15000] loss=0.0012 (t=0.0008 r=0.0160 beta=0.02) | val: 1.87deg/1583mm | 332.4s
[14900/15000] loss=0.0012 (t=0.0009 r=0.0149 beta=0.02) | val: 1.87deg/1595mm | 334.6s
[15000/15000] loss=0.0012 (t=0.0008 r=0.0167 beta=0.02) | val: 1.86deg/1584mm | 336.8s

Training done. Best epoch: 6130, score: 1.4725

Loaded best model from epoch 6130

======================================================================
EVALUATION RESULTS (Direct Regression)
======================================================================
Rotation  (median): 1.65deg
Translation (median): 1318mm

  R@5deg_1m: 35.2%  (rot_pass=92.9%, trans_pass=36.8%)
  R@10deg_2m: 64.8%  (rot_pass=99.5%, trans_pass=65.4%)
  R@15deg_5m: 85.2%  (rot_pass=100.0%, trans_pass=85.2%)
  R@25deg_5m: 85.2%  (rot_pass=100.0%, trans_pass=85.2%)

======================================================================
EVALUATION RESULTS (Retrieval Mode)
======================================================================
Retrieval median: 11.33deg / 2532mm
  R@5deg_1m: 2.2%  (rot=3.8%, trans=19.2%)
  R@10deg_2m: 17.0%  (rot=40.1%, trans=42.3%)
  R@15deg_5m: 54.4%  (rot=71.4%, trans=81.9%)
  R@25deg_5m: 80.8%  (rot=97.8%, trans=81.9%)
======================================================================

Done!
--- exp14u_128d_minibatch_seed789 done ---

=== exp14v_128d_tnoise0.3_seed123 ===
[ 3800/5000] loss=0.0232 (t=0.0188 r=0.0143 beta=0.31) | val: 1.65deg/1498mm | 262.1s
[ 3900/5000] loss=0.0230 (t=0.0187 r=0.0138 beta=0.31) | val: 1.69deg/1474mm | 268.8s
[ 4000/5000] loss=0.0220 (t=0.0178 r=0.0137 beta=0.31) | val: 1.66deg/1506mm | 275.6s
[ 4100/5000] loss=0.0245 (t=0.0202 r=0.0141 beta=0.30) | val: 1.69deg/1520mm | 282.3s
[ 4200/5000] loss=0.0229 (t=0.0187 r=0.0141 beta=0.30) | val: 1.67deg/1591mm | 289.0s
[ 4300/5000] loss=0.0226 (t=0.0184 r=0.0138 beta=0.30) | val: 1.70deg/1598mm | 295.8s
[ 4400/5000] loss=0.0222 (t=0.0180 r=0.0141 beta=0.30) | val: 1.70deg/1492mm | 302.5s
[ 4500/5000] loss=0.0217 (t=0.0175 r=0.0141 beta=0.30) | val: 1.70deg/1602mm | 309.3s
[ 4600/5000] loss=0.0228 (t=0.0186 r=0.0139 beta=0.30) | val: 1.68deg/1538mm | 316.0s
[ 4700/5000] loss=0.0236 (t=0.0194 r=0.0141 beta=0.30) | val: 1.69deg/1524mm | 322.7s
[ 4800/5000] loss=0.0232 (t=0.0191 r=0.0138 beta=0.30) | val: 1.65deg/1483mm | 329.5s
[ 4900/5000] loss=0.0231 (t=0.0190 r=0.0137 beta=0.30) | val: 1.67deg/1489mm | 336.2s
[ 5000/5000] loss=0.0232 (t=0.0190 r=0.0138 beta=0.30) | val: 1.67deg/1475mm | 342.9s

Training done. Best epoch: 3010, score: 1.4704

Loaded best model from epoch 3010

======================================================================
EVALUATION RESULTS (Direct Regression)
======================================================================
Rotation  (median): 1.67deg
Translation (median): 1323mm

  R@5deg_1m: 36.8%  (rot_pass=92.9%, trans_pass=37.9%)
  R@10deg_2m: 69.8%  (rot_pass=99.5%, trans_pass=70.3%)
  R@15deg_5m: 89.6%  (rot_pass=100.0%, trans_pass=89.6%)
  R@25deg_5m: 89.6%  (rot_pass=100.0%, trans_pass=89.6%)

======================================================================
EVALUATION RESULTS (Retrieval Mode)
======================================================================
Retrieval median: 11.65deg / 2490mm
  R@5deg_1m: 2.2%  (rot=5.5%, trans=21.4%)
  R@10deg_2m: 17.6%  (rot=41.2%, trans=44.0%)
  R@15deg_5m: 56.6%  (rot=70.9%, trans=85.2%)
  R@25deg_5m: 81.9%  (rot=96.7%, trans=85.2%)
======================================================================

Done!
--- exp14v_128d_tnoise0.3_seed123 done ---

=== exp14v_128d_tnoise0.3_seed456 ===
[ 3800/5000] loss=0.0239 (t=0.0194 r=0.0139 beta=0.33) | val: 1.65deg/1542mm | 264.8s
[ 3900/5000] loss=0.0243 (t=0.0196 r=0.0145 beta=0.32) | val: 1.60deg/1500mm | 271.5s
[ 4000/5000] loss=0.0223 (t=0.0177 r=0.0141 beta=0.32) | val: 1.62deg/1444mm | 278.2s
[ 4100/5000] loss=0.0225 (t=0.0181 r=0.0140 beta=0.32) | val: 1.66deg/1563mm | 285.0s
[ 4200/5000] loss=0.0253 (t=0.0209 r=0.0139 beta=0.32) | val: 1.68deg/1392mm | 291.7s
[ 4300/5000] loss=0.0230 (t=0.0187 r=0.0134 beta=0.32) | val: 1.60deg/1371mm | 298.4s
[ 4400/5000] loss=0.0234 (t=0.0191 r=0.0137 beta=0.32) | val: 1.61deg/1483mm | 305.2s
[ 4500/5000] loss=0.0231 (t=0.0188 r=0.0139 beta=0.32) | val: 1.64deg/1463mm | 311.9s
[ 4600/5000] loss=0.0228 (t=0.0184 r=0.0139 beta=0.32) | val: 1.58deg/1500mm | 318.6s
[ 4700/5000] loss=0.0229 (t=0.0186 r=0.0136 beta=0.32) | val: 1.64deg/1485mm | 325.4s
[ 4800/5000] loss=0.0226 (t=0.0183 r=0.0135 beta=0.32) | val: 1.61deg/1505mm | 332.1s
[ 4900/5000] loss=0.0225 (t=0.0182 r=0.0138 beta=0.32) | val: 1.63deg/1493mm | 338.9s
[ 5000/5000] loss=0.0223 (t=0.0180 r=0.0136 beta=0.32) | val: 1.62deg/1491mm | 345.6s

Training done. Best epoch: 1390, score: 1.3815

Loaded best model from epoch 1390

======================================================================
EVALUATION RESULTS (Direct Regression)
======================================================================
Rotation  (median): 1.73deg
Translation (median): 1216mm

  R@5deg_1m: 36.3%  (rot_pass=93.4%, trans_pass=36.8%)
  R@10deg_2m: 69.2%  (rot_pass=99.5%, trans_pass=69.8%)
  R@15deg_5m: 90.7%  (rot_pass=100.0%, trans_pass=90.7%)
  R@25deg_5m: 90.7%  (rot_pass=100.0%, trans_pass=90.7%)

======================================================================
EVALUATION RESULTS (Retrieval Mode)
======================================================================
Retrieval median: 11.74deg / 2384mm
  R@5deg_1m: 2.7%  (rot=5.5%, trans=18.1%)
  R@10deg_2m: 18.7%  (rot=39.6%, trans=44.0%)
  R@15deg_5m: 55.5%  (rot=68.1%, trans=86.3%)
  R@25deg_5m: 84.6%  (rot=98.4%, trans=86.3%)
======================================================================

Done!
--- exp14v_128d_tnoise0.3_seed456 done ---

=== exp14v_128d_tnoise0.5_seed123 ===
[ 3800/5000] loss=0.0532 (t=0.0487 r=0.0149 beta=0.30) | val: 1.67deg/1606mm | 263.4s
[ 3900/5000] loss=0.0525 (t=0.0482 r=0.0144 beta=0.30) | val: 1.69deg/1463mm | 270.1s
[ 4000/5000] loss=0.0503 (t=0.0460 r=0.0144 beta=0.30) | val: 1.64deg/1647mm | 276.9s
[ 4100/5000] loss=0.0565 (t=0.0522 r=0.0146 beta=0.29) | val: 1.70deg/1564mm | 283.6s
[ 4200/5000] loss=0.0528 (t=0.0485 r=0.0147 beta=0.29) | val: 1.63deg/1561mm | 290.3s
[ 4300/5000] loss=0.0520 (t=0.0478 r=0.0143 beta=0.29) | val: 1.71deg/1582mm | 297.1s
[ 4400/5000] loss=0.0503 (t=0.0460 r=0.0148 beta=0.29) | val: 1.62deg/1542mm | 303.8s
[ 4500/5000] loss=0.0496 (t=0.0453 r=0.0146 beta=0.29) | val: 1.70deg/1625mm | 310.6s
[ 4600/5000] loss=0.0529 (t=0.0487 r=0.0144 beta=0.29) | val: 1.65deg/1546mm | 317.3s
[ 4700/5000] loss=0.0540 (t=0.0498 r=0.0145 beta=0.29) | val: 1.65deg/1578mm | 324.1s
[ 4800/5000] loss=0.0538 (t=0.0497 r=0.0142 beta=0.29) | val: 1.63deg/1517mm | 330.8s
[ 4900/5000] loss=0.0531 (t=0.0490 r=0.0142 beta=0.29) | val: 1.63deg/1545mm | 337.6s
[ 5000/5000] loss=0.0540 (t=0.0498 r=0.0145 beta=0.29) | val: 1.63deg/1539mm | 344.3s

Training done. Best epoch: 3030, score: 1.4880

Loaded best model from epoch 3030

======================================================================
EVALUATION RESULTS (Direct Regression)
======================================================================
Rotation  (median): 1.62deg
Translation (median): 1332mm

  R@5deg_1m: 36.8%  (rot_pass=94.5%, trans_pass=37.9%)
  R@10deg_2m: 65.9%  (rot_pass=99.5%, trans_pass=66.5%)
  R@15deg_5m: 89.0%  (rot_pass=100.0%, trans_pass=89.0%)
  R@25deg_5m: 89.0%  (rot_pass=100.0%, trans_pass=89.0%)

======================================================================
EVALUATION RESULTS (Retrieval Mode)
======================================================================
Retrieval median: 11.39deg / 2490mm
  R@5deg_1m: 2.2%  (rot=4.9%, trans=20.9%)
  R@10deg_2m: 18.1%  (rot=42.9%, trans=43.4%)
  R@15deg_5m: 54.9%  (rot=69.2%, trans=84.6%)
  R@25deg_5m: 82.4%  (rot=97.8%, trans=84.6%)
======================================================================

Done!
--- exp14v_128d_tnoise0.5_seed123 done ---

=== exp14v_128d_tnoise0.5_seed456 ===
[ 3800/5000] loss=0.0547 (t=0.0501 r=0.0144 beta=0.32) | val: 1.62deg/1622mm | 261.1s
[ 3900/5000] loss=0.0560 (t=0.0512 r=0.0148 beta=0.32) | val: 1.62deg/1470mm | 267.9s
[ 4000/5000] loss=0.0503 (t=0.0457 r=0.0145 beta=0.32) | val: 1.63deg/1423mm | 274.6s
[ 4100/5000] loss=0.0510 (t=0.0465 r=0.0145 beta=0.32) | val: 1.64deg/1492mm | 281.3s
[ 4200/5000] loss=0.0585 (t=0.0540 r=0.0145 beta=0.31) | val: 1.75deg/1425mm | 288.1s
[ 4300/5000] loss=0.0528 (t=0.0485 r=0.0137 beta=0.31) | val: 1.71deg/1420mm | 294.8s
[ 4400/5000] loss=0.0540 (t=0.0496 r=0.0142 beta=0.31) | val: 1.63deg/1556mm | 301.6s
[ 4500/5000] loss=0.0539 (t=0.0494 r=0.0143 beta=0.31) | val: 1.66deg/1465mm | 308.3s
[ 4600/5000] loss=0.0526 (t=0.0481 r=0.0143 beta=0.31) | val: 1.62deg/1552mm | 315.1s
[ 4700/5000] loss=0.0528 (t=0.0484 r=0.0141 beta=0.31) | val: 1.69deg/1498mm | 321.8s
[ 4800/5000] loss=0.0523 (t=0.0480 r=0.0140 beta=0.31) | val: 1.68deg/1525mm | 328.6s
[ 4900/5000] loss=0.0514 (t=0.0470 r=0.0143 beta=0.31) | val: 1.65deg/1514mm | 335.3s
[ 5000/5000] loss=0.0511 (t=0.0466 r=0.0143 beta=0.31) | val: 1.66deg/1495mm | 342.0s

Training done. Best epoch: 740, score: 1.4181

Loaded best model from epoch 740

======================================================================
EVALUATION RESULTS (Direct Regression)
======================================================================
Rotation  (median): 1.75deg
Translation (median): 1244mm

  R@5deg_1m: 39.6%  (rot_pass=93.4%, trans_pass=39.6%)
  R@10deg_2m: 69.2%  (rot_pass=99.5%, trans_pass=69.2%)
  R@15deg_5m: 92.9%  (rot_pass=100.0%, trans_pass=92.9%)
  R@25deg_5m: 92.9%  (rot_pass=100.0%, trans_pass=92.9%)

======================================================================
EVALUATION RESULTS (Retrieval Mode)
======================================================================
Retrieval median: 11.16deg / 2354mm
  R@5deg_1m: 2.7%  (rot=4.9%, trans=22.5%)
  R@10deg_2m: 21.4%  (rot=45.1%, trans=44.5%)
  R@15deg_5m: 57.7%  (rot=69.2%, trans=86.8%)
  R@25deg_5m: 84.6%  (rot=97.8%, trans=86.8%)
======================================================================

Done!
--- exp14v_128d_tnoise0.5_seed456 done ---

=== exp14w_128d_combo_seed123 ===
[13800/15000] loss=0.0194 (t=0.0191 r=0.0100 beta=0.02) | val: 2.10deg/1895mm | 323.7s
[13900/15000] loss=0.0185 (t=0.0183 r=0.0102 beta=0.02) | val: 2.11deg/1916mm | 326.0s
[14000/15000] loss=0.0191 (t=0.0189 r=0.0100 beta=0.02) | val: 2.12deg/1876mm | 328.3s
[14100/15000] loss=0.0178 (t=0.0176 r=0.0101 beta=0.02) | val: 2.14deg/1904mm | 330.6s
[14200/15000] loss=0.0153 (t=0.0151 r=0.0098 beta=0.02) | val: 2.14deg/1933mm | 332.9s
[14300/15000] loss=0.0169 (t=0.0167 r=0.0100 beta=0.02) | val: 2.12deg/1913mm | 335.2s
[14400/15000] loss=0.0163 (t=0.0161 r=0.0097 beta=0.02) | val: 2.12deg/1894mm | 337.5s
[14500/15000] loss=0.0154 (t=0.0151 r=0.0102 beta=0.02) | val: 2.11deg/1915mm | 339.8s
[14600/15000] loss=0.0176 (t=0.0174 r=0.0102 beta=0.02) | val: 2.13deg/1918mm | 342.1s
[14700/15000] loss=0.0191 (t=0.0188 r=0.0101 beta=0.02) | val: 2.12deg/1909mm | 344.4s
[14800/15000] loss=0.0173 (t=0.0171 r=0.0100 beta=0.02) | val: 2.12deg/1904mm | 346.7s
[14900/15000] loss=0.0164 (t=0.0162 r=0.0095 beta=0.02) | val: 2.12deg/1908mm | 349.0s
[15000/15000] loss=0.0192 (t=0.0189 r=0.0101 beta=0.02) | val: 2.12deg/1912mm | 351.4s

Training done. Best epoch: 1620, score: 1.7442

Loaded best model from epoch 1620

======================================================================
EVALUATION RESULTS (Direct Regression)
======================================================================
Rotation  (median): 1.73deg
Translation (median): 1588mm

  R@5deg_1m: 23.6%  (rot_pass=95.1%, trans_pass=23.6%)
  R@10deg_2m: 62.1%  (rot_pass=99.5%, trans_pass=62.1%)
  R@15deg_5m: 96.7%  (rot_pass=100.0%, trans_pass=96.7%)
  R@25deg_5m: 96.7%  (rot_pass=100.0%, trans_pass=96.7%)

======================================================================
EVALUATION RESULTS (Retrieval Mode)
======================================================================
Retrieval median: 10.76deg / 2492mm
  R@5deg_1m: 2.7%  (rot=6.6%, trans=15.9%)
  R@10deg_2m: 20.3%  (rot=45.1%, trans=39.6%)
  R@15deg_5m: 59.3%  (rot=70.9%, trans=87.9%)
  R@25deg_5m: 84.1%  (rot=96.2%, trans=87.9%)
======================================================================

Done!
--- exp14w_128d_combo_seed123 done ---

=== exp14w_128d_combo_seed456 ===
[13800/15000] loss=0.0172 (t=0.0169 r=0.0105 beta=0.02) | val: 2.15deg/1981mm | 328.6s
[13900/15000] loss=0.0155 (t=0.0152 r=0.0103 beta=0.02) | val: 2.21deg/2012mm | 330.9s
[14000/15000] loss=0.0189 (t=0.0186 r=0.0095 beta=0.02) | val: 2.17deg/1949mm | 333.2s
[14100/15000] loss=0.0216 (t=0.0213 r=0.0094 beta=0.02) | val: 2.19deg/1967mm | 335.5s
[14200/15000] loss=0.0159 (t=0.0156 r=0.0094 beta=0.02) | val: 2.19deg/1962mm | 337.8s
[14300/15000] loss=0.0182 (t=0.0179 r=0.0103 beta=0.02) | val: 2.21deg/1970mm | 340.2s
[14400/15000] loss=0.0173 (t=0.0171 r=0.0102 beta=0.02) | val: 2.20deg/1953mm | 342.5s
[14500/15000] loss=0.0168 (t=0.0166 r=0.0103 beta=0.02) | val: 2.19deg/1964mm | 344.8s
[14600/15000] loss=0.0175 (t=0.0173 r=0.0098 beta=0.02) | val: 2.22deg/1941mm | 347.1s
[14700/15000] loss=0.0185 (t=0.0182 r=0.0101 beta=0.02) | val: 2.20deg/1938mm | 349.4s
[14800/15000] loss=0.0187 (t=0.0184 r=0.0100 beta=0.02) | val: 2.19deg/1934mm | 351.7s
[14900/15000] loss=0.0167 (t=0.0165 r=0.0097 beta=0.02) | val: 2.19deg/1943mm | 354.0s
[15000/15000] loss=0.0192 (t=0.0190 r=0.0099 beta=0.02) | val: 2.18deg/1932mm | 356.3s

Training done. Best epoch: 7330, score: 1.7623

Loaded best model from epoch 7330

======================================================================
EVALUATION RESULTS (Direct Regression)
======================================================================
Rotation  (median): 1.93deg
Translation (median): 1627mm

  R@5deg_1m: 22.5%  (rot_pass=92.9%, trans_pass=23.6%)
  R@10deg_2m: 59.9%  (rot_pass=99.5%, trans_pass=59.9%)
  R@15deg_5m: 87.4%  (rot_pass=100.0%, trans_pass=87.4%)
  R@25deg_5m: 87.4%  (rot_pass=100.0%, trans_pass=87.4%)

======================================================================
EVALUATION RESULTS (Retrieval Mode)
======================================================================
Retrieval median: 11.08deg / 2729mm
  R@5deg_1m: 2.7%  (rot=4.4%, trans=17.0%)
  R@10deg_2m: 19.2%  (rot=39.6%, trans=41.2%)
  R@15deg_5m: 56.6%  (rot=73.6%, trans=81.9%)
  R@25deg_5m: 80.8%  (rot=98.9%, trans=81.9%)
======================================================================

Done!
--- exp14w_128d_combo_seed456 done ---

=== ALL DONE ===
