Random seed: 123
Using device: cuda:5
  Feature dim after pooling: 3584

Loading raw data for frozen pooling (fine=True, coarse=True, summary=True)...
  Loaded fine_geo: torch.Size([895, 128, 68, 120])
  Loaded coarse_sem: torch.Size([895, 128, 68, 120])
  Loaded summary: torch.Size([895, 2560])
  [train] 895 samples loaded
  Loaded fine_geo: torch.Size([182, 128, 68, 120])
  Loaded coarse_sem: torch.Size([182, 128, 68, 120])
  Loaded summary: torch.Size([182, 2560])
  [test] 182 samples loaded

Precomputing frozen pooled features...
  Pre-computed pooled features: torch.Size([895, 3584]) (12.8 MB)
  Pre-computed pooled features: torch.Size([182, 3584]) (2.6 MB)
Trainable parameters: 8,672,011
[    1/10000] loss=5.4897 (t=0.2504 rank=5.7551 rot=2.3618 beta=1.00) | val: 94.33deg/18825mm R@10/2=0.0% R@5/1=0.0% attn_top1<2m=27.5% | 0.5s
[  100/10000] loss=1.7830 (t=0.0219 rank=3.4326 rot=0.0480 beta=0.93) | val: 3.62deg/2139mm R@10/2=45.6% R@5/1=15.9% attn_top1<2m=40.7% | 3.1s
[  200/10000] loss=1.7224 (t=0.0127 rank=3.3575 rot=0.0346 beta=0.89) | val: 2.70deg/2206mm R@10/2=47.8% R@5/1=20.3% attn_top1<2m=44.0% | 4.5s
[  300/10000] loss=1.7063 (t=0.0104 rank=3.3396 rot=0.0305 beta=0.86) | val: 1.77deg/2292mm R@10/2=46.2% R@5/1=17.0% attn_top1<2m=40.7% | 5.6s
[  400/10000] loss=1.6908 (t=0.0059 rank=3.3190 rot=0.0309 beta=0.82) | val: 2.13deg/2444mm R@10/2=43.4% R@5/1=15.4% attn_top1<2m=41.8% | 6.9s
[  500/10000] loss=1.6786 (t=0.0053 rank=3.3059 rot=0.0257 beta=0.79) | val: 1.99deg/2262mm R@10/2=45.6% R@5/1=19.2% attn_top1<2m=41.2% | 8.6s
[  600/10000] loss=1.7003 (t=0.0057 rank=3.3524 rot=0.0242 beta=0.76) | val: 1.83deg/2401mm R@10/2=43.4% R@5/1=20.9% attn_top1<2m=41.2% | 9.8s
[  700/10000] loss=1.7190 (t=0.0043 rank=3.3948 rot=0.0238 beta=0.73) | val: 1.95deg/2526mm R@10/2=43.4% R@5/1=19.2% attn_top1<2m=40.1% | 10.8s
[  800/10000] loss=1.7119 (t=0.0032 rank=3.3794 rot=0.0272 beta=0.70) | val: 1.95deg/2387mm R@10/2=44.5% R@5/1=20.3% attn_top1<2m=40.7% | 11.8s
[  900/10000] loss=1.6628 (t=0.0029 rank=3.2871 rot=0.0243 beta=0.67) | val: 1.80deg/2359mm R@10/2=45.1% R@5/1=20.9% attn_top1<2m=41.2% | 12.8s
[ 1000/10000] loss=1.6292 (t=0.0040 rank=3.2236 rot=0.0206 beta=0.65) | val: 1.79deg/2352mm R@10/2=42.9% R@5/1=19.8% attn_top1<2m=40.7% | 13.8s
[ 1100/10000] loss=1.6764 (t=0.0025 rank=3.3243 rot=0.0189 beta=0.62) | val: 1.69deg/2319mm R@10/2=44.0% R@5/1=22.0% attn_top1<2m=38.5% | 15.1s
[ 1200/10000] loss=1.6806 (t=0.0018 rank=3.3312 rot=0.0220 beta=0.60) | val: 2.03deg/2269mm R@10/2=47.3% R@5/1=22.5% attn_top1<2m=39.6% | 16.8s
[ 1300/10000] loss=1.6364 (t=0.0021 rank=3.2459 rot=0.0197 beta=0.58) | val: 1.63deg/2397mm R@10/2=42.9% R@5/1=18.1% attn_top1<2m=36.8% | 18.0s
[ 1400/10000] loss=1.6930 (t=0.0016 rank=3.3630 rot=0.0178 beta=0.56) | val: 1.66deg/2294mm R@10/2=44.0% R@5/1=19.8% attn_top1<2m=39.6% | 19.1s
[ 1500/10000] loss=1.6787 (t=0.0017 rank=3.3330 rot=0.0197 beta=0.54) | val: 1.70deg/2419mm R@10/2=43.4% R@5/1=19.2% attn_top1<2m=37.9% | 20.2s
[ 1600/10000] loss=1.6330 (t=0.0016 rank=3.2451 rot=0.0170 beta=0.52) | val: 1.61deg/2268mm R@10/2=45.1% R@5/1=20.9% attn_top1<2m=38.5% | 21.3s
[ 1700/10000] loss=1.5976 (t=0.0018 rank=3.1741 rot=0.0177 beta=0.50) | val: 1.53deg/2219mm R@10/2=44.5% R@5/1=21.4% attn_top1<2m=37.4% | 22.3s
[ 1800/10000] loss=1.6821 (t=0.0013 rank=3.3438 rot=0.0184 beta=0.48) | val: 1.54deg/2097mm R@10/2=46.7% R@5/1=22.0% attn_top1<2m=39.6% | 23.5s
[ 1900/10000] loss=1.6872 (t=0.0012 rank=3.3556 rot=0.0175 beta=0.46) | val: 1.77deg/2214mm R@10/2=46.2% R@5/1=22.5% attn_top1<2m=38.5% | 24.7s
[ 2000/10000] loss=1.7097 (t=0.0012 rank=3.4021 rot=0.0167 beta=0.45) | val: 1.66deg/2194mm R@10/2=44.5% R@5/1=22.0% attn_top1<2m=39.6% | 25.7s
[ 2100/10000] loss=1.6642 (t=0.0014 rank=3.3103 rot=0.0176 beta=0.43) | val: 1.65deg/2299mm R@10/2=45.1% R@5/1=22.5% attn_top1<2m=38.5% | 26.8s
[ 2200/10000] loss=1.6467 (t=0.0013 rank=3.2764 rot=0.0172 beta=0.42) | val: 1.72deg/2119mm R@10/2=47.8% R@5/1=22.5% attn_top1<2m=39.0% | 27.8s
[ 2300/10000] loss=1.6411 (t=0.0010 rank=3.2664 rot=0.0170 beta=0.40) | val: 1.67deg/2138mm R@10/2=46.2% R@5/1=20.3% attn_top1<2m=37.4% | 28.9s
[ 2400/10000] loss=1.6538 (t=0.0010 rank=3.2938 rot=0.0152 beta=0.39) | val: 1.59deg/2121mm R@10/2=46.2% R@5/1=21.4% attn_top1<2m=37.9% | 30.0s
[ 2500/10000] loss=1.6403 (t=0.0010 rank=3.2665 rot=0.0159 beta=0.38) | val: 1.76deg/2156mm R@10/2=44.5% R@5/1=19.8% attn_top1<2m=36.8% | 31.1s
[ 2600/10000] loss=1.6907 (t=0.0013 rank=3.3676 rot=0.0154 beta=0.36) | val: 1.60deg/2150mm R@10/2=45.6% R@5/1=21.4% attn_top1<2m=38.5% | 32.1s
[ 2700/10000] loss=1.6488 (t=0.0010 rank=3.2833 rot=0.0173 beta=0.35) | val: 1.68deg/2183mm R@10/2=47.3% R@5/1=20.3% attn_top1<2m=37.4% | 33.2s
[ 2800/10000] loss=1.6735 (t=0.0013 rank=3.3344 rot=0.0147 beta=0.34) | val: 1.72deg/2155mm R@10/2=46.7% R@5/1=20.3% attn_top1<2m=37.4% | 34.2s
[ 2900/10000] loss=1.6212 (t=0.0008 rank=3.2285 rot=0.0186 beta=0.33) | val: 1.58deg/2177mm R@10/2=47.8% R@5/1=19.8% attn_top1<2m=37.4% | 35.2s
[ 3000/10000] loss=1.6572 (t=0.0007 rank=3.3039 rot=0.0142 beta=0.32) | val: 1.69deg/2142mm R@10/2=43.4% R@5/1=20.9% attn_top1<2m=38.5% | 36.4s
[ 3100/10000] loss=1.6086 (t=0.0011 rank=3.2061 rot=0.0144 beta=0.31) | val: 1.60deg/2188mm R@10/2=45.1% R@5/1=20.9% attn_top1<2m=37.9% | 37.5s
[ 3200/10000] loss=1.6600 (t=0.0011 rank=3.3078 rot=0.0168 beta=0.30) | val: 1.64deg/2132mm R@10/2=45.1% R@5/1=19.8% attn_top1<2m=37.4% | 38.5s
[ 3300/10000] loss=1.6979 (t=0.0009 rank=3.3857 rot=0.0143 beta=0.29) | val: 1.77deg/2192mm R@10/2=45.1% R@5/1=20.9% attn_top1<2m=38.5% | 39.5s
[ 3400/10000] loss=1.6490 (t=0.0011 rank=3.2869 rot=0.0158 beta=0.28) | val: 1.64deg/2200mm R@10/2=45.6% R@5/1=18.7% attn_top1<2m=37.9% | 40.6s
[ 3500/10000] loss=1.7079 (t=0.0009 rank=3.4060 rot=0.0146 beta=0.28) | val: 1.73deg/2240mm R@10/2=46.2% R@5/1=18.7% attn_top1<2m=36.3% | 41.6s
[ 3600/10000] loss=1.6817 (t=0.0008 rank=3.3537 rot=0.0151 beta=0.27) | val: 1.63deg/2249mm R@10/2=47.3% R@5/1=18.7% attn_top1<2m=37.4% | 42.7s
[ 3700/10000] loss=1.6782 (t=0.0009 rank=3.3475 rot=0.0135 beta=0.26) | val: 1.64deg/2141mm R@10/2=46.2% R@5/1=20.3% attn_top1<2m=38.5% | 43.7s
[ 3800/10000] loss=1.6444 (t=0.0008 rank=3.2796 rot=0.0152 beta=0.25) | val: 1.65deg/2259mm R@10/2=45.1% R@5/1=19.8% attn_top1<2m=37.9% | 44.8s
[ 3900/10000] loss=1.6765 (t=0.0008 rank=3.3448 rot=0.0138 beta=0.25) | val: 1.66deg/2221mm R@10/2=46.2% R@5/1=19.8% attn_top1<2m=37.4% | 46.0s
[ 4000/10000] loss=1.6936 (t=0.0006 rank=3.3797 rot=0.0132 beta=0.24) | val: 1.62deg/2341mm R@10/2=45.1% R@5/1=18.7% attn_top1<2m=37.4% | 47.1s
[ 4100/10000] loss=1.6604 (t=0.0008 rank=3.3124 rot=0.0147 beta=0.23) | val: 1.66deg/2103mm R@10/2=45.1% R@5/1=17.6% attn_top1<2m=37.4% | 48.2s
[ 4200/10000] loss=1.7155 (t=0.0008 rank=3.4234 rot=0.0135 beta=0.23) | val: 1.57deg/2231mm R@10/2=46.7% R@5/1=22.5% attn_top1<2m=37.4% | 49.3s
[ 4300/10000] loss=1.6504 (t=0.0005 rank=3.2935 rot=0.0144 beta=0.22) | val: 1.77deg/2130mm R@10/2=47.8% R@5/1=19.2% attn_top1<2m=37.9% | 50.3s
[ 4400/10000] loss=1.6606 (t=0.0006 rank=3.3141 rot=0.0139 beta=0.21) | val: 1.64deg/2242mm R@10/2=45.1% R@5/1=18.7% attn_top1<2m=37.4% | 51.3s
[ 4500/10000] loss=1.6144 (t=0.0005 rank=3.2216 rot=0.0150 beta=0.21) | val: 1.62deg/2109mm R@10/2=47.3% R@5/1=21.4% attn_top1<2m=37.4% | 52.4s
[ 4600/10000] loss=1.6681 (t=0.0005 rank=3.3290 rot=0.0149 beta=0.20) | val: 1.69deg/2253mm R@10/2=45.1% R@5/1=18.1% attn_top1<2m=36.8% | 53.5s
[ 4700/10000] loss=1.6874 (t=0.0007 rank=3.3682 rot=0.0129 beta=0.20) | val: 1.75deg/2218mm R@10/2=45.1% R@5/1=19.2% attn_top1<2m=37.4% | 54.5s
[ 4800/10000] loss=1.6770 (t=0.0008 rank=3.3473 rot=0.0131 beta=0.19) | val: 1.57deg/2239mm R@10/2=45.6% R@5/1=15.4% attn_top1<2m=36.3% | 55.5s
[ 4900/10000] loss=1.6185 (t=0.0006 rank=3.2309 rot=0.0129 beta=0.19) | val: 1.68deg/2234mm R@10/2=45.6% R@5/1=20.3% attn_top1<2m=37.4% | 56.5s
[ 5000/10000] loss=1.6046 (t=0.0006 rank=3.2028 rot=0.0141 beta=0.19) | val: 1.60deg/2209mm R@10/2=45.1% R@5/1=20.3% attn_top1<2m=37.4% | 57.6s
[ 5100/10000] loss=1.6731 (t=0.0005 rank=3.3404 rot=0.0130 beta=0.18) | val: 1.71deg/2236mm R@10/2=45.6% R@5/1=19.2% attn_top1<2m=37.9% | 58.7s
[ 5200/10000] loss=1.6669 (t=0.0007 rank=3.3280 rot=0.0125 beta=0.18) | val: 1.67deg/2134mm R@10/2=46.7% R@5/1=17.6% attn_top1<2m=37.4% | 59.7s
[ 5300/10000] loss=1.7012 (t=0.0006 rank=3.3969 rot=0.0126 beta=0.17) | val: 1.66deg/2179mm R@10/2=45.6% R@5/1=18.7% attn_top1<2m=36.8% | 60.8s
[ 5400/10000] loss=1.6361 (t=0.0005 rank=3.2666 rot=0.0132 beta=0.17) | val: 1.69deg/2219mm R@10/2=44.5% R@5/1=20.3% attn_top1<2m=36.8% | 61.9s
[ 5500/10000] loss=1.6428 (t=0.0006 rank=3.2800 rot=0.0132 beta=0.17) | val: 1.67deg/2169mm R@10/2=44.5% R@5/1=18.1% attn_top1<2m=37.4% | 63.0s
[ 5600/10000] loss=1.6988 (t=0.0006 rank=3.3925 rot=0.0123 beta=0.16) | val: 1.67deg/2246mm R@10/2=45.1% R@5/1=18.7% attn_top1<2m=35.7% | 64.0s
[ 5700/10000] loss=1.6780 (t=0.0005 rank=3.3506 rot=0.0139 beta=0.16) | val: 1.61deg/2238mm R@10/2=45.6% R@5/1=17.6% attn_top1<2m=36.3% | 65.1s
[ 5800/10000] loss=1.6339 (t=0.0006 rank=3.2624 rot=0.0129 beta=0.16) | val: 1.59deg/2251mm R@10/2=43.4% R@5/1=18.7% attn_top1<2m=36.8% | 66.1s
[ 5900/10000] loss=1.6321 (t=0.0006 rank=3.2595 rot=0.0116 beta=0.15) | val: 1.65deg/2213mm R@10/2=44.5% R@5/1=18.1% attn_top1<2m=36.3% | 67.5s
[ 6000/10000] loss=1.6452 (t=0.0005 rank=3.2850 rot=0.0141 beta=0.15) | val: 1.67deg/2191mm R@10/2=45.1% R@5/1=19.2% attn_top1<2m=37.9% | 68.7s
[ 6100/10000] loss=1.6616 (t=0.0006 rank=3.3180 rot=0.0131 beta=0.15) | val: 1.67deg/2244mm R@10/2=43.4% R@5/1=17.6% attn_top1<2m=37.4% | 69.7s
[ 6200/10000] loss=1.6639 (t=0.0004 rank=3.3230 rot=0.0134 beta=0.15) | val: 1.68deg/2221mm R@10/2=42.9% R@5/1=18.1% attn_top1<2m=37.4% | 70.8s
[ 6300/10000] loss=1.6888 (t=0.0004 rank=3.3734 rot=0.0119 beta=0.14) | val: 1.66deg/2262mm R@10/2=42.9% R@5/1=17.6% attn_top1<2m=36.3% | 71.9s
[ 6400/10000] loss=1.6519 (t=0.0004 rank=3.2995 rot=0.0125 beta=0.14) | val: 1.61deg/2220mm R@10/2=44.5% R@5/1=18.1% attn_top1<2m=36.8% | 73.0s
[ 6500/10000] loss=1.6452 (t=0.0006 rank=3.2855 rot=0.0131 beta=0.14) | val: 1.63deg/2150mm R@10/2=45.1% R@5/1=19.8% attn_top1<2m=36.8% | 74.1s
[ 6600/10000] loss=1.7002 (t=0.0005 rank=3.3958 rot=0.0125 beta=0.14) | val: 1.63deg/2212mm R@10/2=43.4% R@5/1=19.2% attn_top1<2m=37.9% | 75.1s
[ 6700/10000] loss=1.6853 (t=0.0006 rank=3.3663 rot=0.0120 beta=0.13) | val: 1.64deg/2137mm R@10/2=43.4% R@5/1=18.1% attn_top1<2m=35.7% | 76.2s
[ 6800/10000] loss=1.6478 (t=0.0004 rank=3.2915 rot=0.0120 beta=0.13) | val: 1.67deg/2167mm R@10/2=45.1% R@5/1=19.2% attn_top1<2m=37.4% | 77.3s
[ 6900/10000] loss=1.6631 (t=0.0005 rank=3.3222 rot=0.0115 beta=0.13) | val: 1.62deg/2202mm R@10/2=46.2% R@5/1=17.0% attn_top1<2m=36.3% | 78.4s
[ 7000/10000] loss=1.6779 (t=0.0004 rank=3.3518 rot=0.0118 beta=0.13) | val: 1.69deg/2279mm R@10/2=44.5% R@5/1=18.1% attn_top1<2m=36.8% | 79.6s
[ 7100/10000] loss=1.6813 (t=0.0005 rank=3.3585 rot=0.0114 beta=0.13) | val: 1.67deg/2168mm R@10/2=43.4% R@5/1=19.2% attn_top1<2m=36.3% | 80.8s
[ 7200/10000] loss=1.6994 (t=0.0004 rank=3.3949 rot=0.0118 beta=0.13) | val: 1.61deg/2227mm R@10/2=44.5% R@5/1=18.1% attn_top1<2m=36.8% | 82.2s
[ 7300/10000] loss=1.7096 (t=0.0004 rank=3.4155 rot=0.0119 beta=0.13) | val: 1.68deg/2249mm R@10/2=45.6% R@5/1=18.7% attn_top1<2m=37.4% | 83.2s
[ 7400/10000] loss=1.6455 (t=0.0006 rank=3.2867 rot=0.0129 beta=0.12) | val: 1.65deg/2223mm R@10/2=44.5% R@5/1=18.7% attn_top1<2m=36.8% | 84.3s
[ 7500/10000] loss=1.6350 (t=0.0005 rank=3.2665 rot=0.0105 beta=0.12) | val: 1.65deg/2182mm R@10/2=43.4% R@5/1=19.2% attn_top1<2m=37.9% | 85.3s
[ 7600/10000] loss=1.6289 (t=0.0005 rank=3.2539 rot=0.0111 beta=0.12) | val: 1.66deg/2227mm R@10/2=43.4% R@5/1=19.2% attn_top1<2m=36.8% | 86.5s
[ 7700/10000] loss=1.6532 (t=0.0005 rank=3.3027 rot=0.0118 beta=0.12) | val: 1.65deg/2204mm R@10/2=45.6% R@5/1=18.1% attn_top1<2m=36.8% | 87.6s
[ 7800/10000] loss=1.6682 (t=0.0005 rank=3.3330 rot=0.0102 beta=0.12) | val: 1.68deg/2254mm R@10/2=43.4% R@5/1=18.7% attn_top1<2m=36.3% | 88.6s
[ 7900/10000] loss=1.6208 (t=0.0004 rank=3.2378 rot=0.0126 beta=0.12) | val: 1.64deg/2179mm R@10/2=42.9% R@5/1=18.7% attn_top1<2m=36.8% | 89.7s
[ 8000/10000] loss=1.6655 (t=0.0004 rank=3.3274 rot=0.0118 beta=0.12) | val: 1.65deg/2209mm R@10/2=44.0% R@5/1=18.1% attn_top1<2m=36.3% | 90.7s
[ 8100/10000] loss=1.6559 (t=0.0005 rank=3.3081 rot=0.0113 beta=0.12) | val: 1.66deg/2234mm R@10/2=44.0% R@5/1=18.1% attn_top1<2m=36.3% | 91.8s
[ 8200/10000] loss=1.6944 (t=0.0006 rank=3.3853 rot=0.0106 beta=0.12) | val: 1.74deg/2211mm R@10/2=44.0% R@5/1=18.1% attn_top1<2m=37.4% | 92.8s
[ 8300/10000] loss=1.6746 (t=0.0006 rank=3.3456 rot=0.0108 beta=0.12) | val: 1.68deg/2201mm R@10/2=45.1% R@5/1=18.7% attn_top1<2m=37.4% | 94.3s
[ 8400/10000] loss=1.6204 (t=0.0005 rank=3.2374 rot=0.0111 beta=0.11) | val: 1.65deg/2201mm R@10/2=44.0% R@5/1=18.7% attn_top1<2m=36.8% | 95.5s
[ 8500/10000] loss=1.6181 (t=0.0003 rank=3.2328 rot=0.0119 beta=0.11) | val: 1.67deg/2251mm R@10/2=44.0% R@5/1=17.6% attn_top1<2m=37.4% | 96.5s
[ 8600/10000] loss=1.6505 (t=0.0005 rank=3.2973 rot=0.0114 beta=0.11) | val: 1.64deg/2230mm R@10/2=44.0% R@5/1=18.1% attn_top1<2m=37.4% | 97.6s
[ 8700/10000] loss=1.6903 (t=0.0004 rank=3.3773 rot=0.0117 beta=0.11) | val: 1.65deg/2229mm R@10/2=44.0% R@5/1=18.7% attn_top1<2m=36.8% | 98.8s
[ 8800/10000] loss=1.6569 (t=0.0004 rank=3.3106 rot=0.0106 beta=0.11) | val: 1.68deg/2205mm R@10/2=44.0% R@5/1=18.1% attn_top1<2m=37.4% | 99.9s
[ 8900/10000] loss=1.6512 (t=0.0003 rank=3.2992 rot=0.0108 beta=0.11) | val: 1.66deg/2217mm R@10/2=44.0% R@5/1=18.1% attn_top1<2m=36.8% | 101.0s
[ 9000/10000] loss=1.6620 (t=0.0003 rank=3.3205 rot=0.0125 beta=0.11) | val: 1.64deg/2237mm R@10/2=44.5% R@5/1=18.7% attn_top1<2m=36.8% | 102.2s
[ 9100/10000] loss=1.6916 (t=0.0004 rank=3.3798 rot=0.0111 beta=0.11) | val: 1.69deg/2251mm R@10/2=44.0% R@5/1=18.7% attn_top1<2m=37.4% | 103.3s
[ 9200/10000] loss=1.6894 (t=0.0005 rank=3.3754 rot=0.0108 beta=0.11) | val: 1.65deg/2206mm R@10/2=44.0% R@5/1=18.7% attn_top1<2m=36.8% | 104.4s
[ 9300/10000] loss=1.6563 (t=0.0005 rank=3.3090 rot=0.0114 beta=0.11) | val: 1.65deg/2201mm R@10/2=44.0% R@5/1=18.7% attn_top1<2m=36.8% | 105.5s
[ 9400/10000] loss=1.6721 (t=0.0004 rank=3.3410 rot=0.0104 beta=0.11) | val: 1.65deg/2254mm R@10/2=44.0% R@5/1=18.1% attn_top1<2m=36.8% | 106.6s
[ 9500/10000] loss=1.6777 (t=0.0003 rank=3.3523 rot=0.0107 beta=0.11) | val: 1.65deg/2222mm R@10/2=44.0% R@5/1=18.7% attn_top1<2m=36.8% | 107.6s
[ 9600/10000] loss=1.6500 (t=0.0004 rank=3.2966 rot=0.0112 beta=0.11) | val: 1.62deg/2214mm R@10/2=44.0% R@5/1=18.7% attn_top1<2m=36.8% | 108.6s
[ 9700/10000] loss=1.6049 (t=0.0005 rank=3.2065 rot=0.0107 beta=0.11) | val: 1.65deg/2214mm R@10/2=44.0% R@5/1=18.7% attn_top1<2m=36.8% | 109.7s
[ 9800/10000] loss=1.7092 (t=0.0004 rank=3.4153 rot=0.0103 beta=0.11) | val: 1.64deg/2227mm R@10/2=44.0% R@5/1=18.1% attn_top1<2m=36.8% | 110.6s
[ 9900/10000] loss=1.6278 (t=0.0003 rank=3.2525 rot=0.0109 beta=0.11) | val: 1.66deg/2217mm R@10/2=44.0% R@5/1=18.7% attn_top1<2m=36.8% | 111.6s
[10000/10000] loss=1.6908 (t=0.0005 rank=3.3783 rot=0.0108 beta=0.11) | val: 1.64deg/2213mm R@10/2=44.0% R@5/1=18.7% attn_top1<2m=36.8% | 112.6s

Training done. Best epoch: 2350, score: 2.1869

======================================================================
EVALUATION RESULTS (Memory Translation + Rotation Regression)
======================================================================
Rotation  (median): 1.65deg
Translation (median): 2084mm
  R@5deg_1m: 20.3%  (rot_pass=96.7%, trans_pass=20.3%)
  R@10deg_2m: 48.4%  (rot_pass=100.0%, trans_pass=48.4%)
  R@15deg_5m: 84.1%  (rot_pass=100.0%, trans_pass=84.1%)
  R@25deg_5m: 84.1%  (rot_pass=100.0%, trans_pass=84.1%)

======================================================================
EVALUATION RESULTS (Retrieval Mode)
======================================================================
Retrieval median: 9.87deg / 2733mm
  R@5deg_1m: 2.2%  (rot=8.8%, trans=18.7%)
  R@10deg_2m: 21.4%  (rot=51.1%, trans=37.9%)
  R@15deg_5m: 61.0%  (rot=80.8%, trans=78.6%)
  R@25deg_5m: 78.0%  (rot=98.9%, trans=78.6%)

======================================================================
MEMORY
======================================================================
  attn_top1_lt2m: 36.8
  attn_top3_lt2m: 41.8
