Random seed: 123
Using device: cuda:1

Loading data (fine=True, coarse=True, summary=False)...
  Loaded fine_geo: torch.Size([895, 128, 68, 120])
  Loaded coarse_sem: torch.Size([895, 128, 68, 120])
  [train] 895 samples loaded
  Loaded fine_geo: torch.Size([182, 128, 68, 120])
  Loaded coarse_sem: torch.Size([182, 128, 68, 120])
  [test] 182 samples loaded

Building center anchors...
  Anchor KMeans: K=32, inertia=5151.9
  Samples per anchor: min=13, mean=28.0, median=27, max=56
  Feature dim after pooling: 1024
Model parameters: 6,394,639
[    1/10000] loss=5.2742 (cls=3.8148 res=0.8448 f=0.4137 u=0.8154) | val: 26.93deg/6625mm R@10/2=0.0% R@5/1=0.0% a@1=40.1% a@3=53.8% | 0.7s
[  100/10000] loss=0.2501 (cls=0.0714 res=0.1772 f=0.0016 u=0.0013) | val: 4.11deg/3170mm R@10/2=34.6% R@5/1=16.5% a@1=64.8% a@3=91.2% | 2.9s
[  200/10000] loss=0.2109 (cls=0.0900 res=0.1202 f=0.0008 u=0.0006) | val: 3.29deg/2979mm R@10/2=33.5% R@5/1=15.9% a@1=67.0% a@3=96.2% | 4.9s
[  300/10000] loss=0.1243 (cls=0.0414 res=0.0824 f=0.0006 u=0.0004) | val: 2.98deg/3372mm R@10/2=33.0% R@5/1=16.5% a@1=66.5% a@3=91.8% | 6.8s
[  400/10000] loss=0.0940 (cls=0.0256 res=0.0680 f=0.0005 u=0.0003) | val: 2.74deg/3140mm R@10/2=34.6% R@5/1=20.9% a@1=69.8% a@3=91.2% | 8.6s
[  500/10000] loss=0.0425 (cls=0.0031 res=0.0391 f=0.0004 u=0.0003) | val: 2.89deg/3230mm R@10/2=35.7% R@5/1=13.2% a@1=67.0% a@3=90.7% | 10.4s
[  600/10000] loss=0.0451 (cls=0.0022 res=0.0427 f=0.0004 u=0.0002) | val: 2.73deg/3117mm R@10/2=35.2% R@5/1=16.5% a@1=71.4% a@3=94.0% | 12.3s
[  700/10000] loss=0.0369 (cls=0.0032 res=0.0334 f=0.0003 u=0.0002) | val: 2.84deg/3302mm R@10/2=32.4% R@5/1=15.4% a@1=69.8% a@3=92.3% | 14.1s
[  800/10000] loss=0.0333 (cls=0.0026 res=0.0303 f=0.0004 u=0.0002) | val: 2.83deg/3301mm R@10/2=34.1% R@5/1=17.6% a@1=70.3% a@3=92.3% | 16.0s
[  900/10000] loss=0.0282 (cls=0.0019 res=0.0260 f=0.0003 u=0.0002) | val: 2.96deg/3408mm R@10/2=34.6% R@5/1=17.0% a@1=67.0% a@3=91.2% | 17.8s
[ 1000/10000] loss=0.0426 (cls=0.0164 res=0.0260 f=0.0003 u=0.0002) | val: 3.01deg/3438mm R@10/2=33.0% R@5/1=18.7% a@1=67.0% a@3=91.2% | 19.7s
[ 1100/10000] loss=0.0248 (cls=0.0012 res=0.0233 f=0.0002 u=0.0002) | val: 2.97deg/3699mm R@10/2=34.6% R@5/1=14.3% a@1=67.0% a@3=90.7% | 21.5s
[ 1200/10000] loss=0.0331 (cls=0.0056 res=0.0272 f=0.0003 u=0.0001) | val: 3.08deg/3217mm R@10/2=35.2% R@5/1=14.3% a@1=68.1% a@3=90.7% | 23.4s
[ 1300/10000] loss=0.0306 (cls=0.0027 res=0.0276 f=0.0003 u=0.0002) | val: 2.98deg/3756mm R@10/2=33.5% R@5/1=12.1% a@1=69.2% a@3=89.0% | 25.2s
[ 1400/10000] loss=0.0225 (cls=0.0021 res=0.0202 f=0.0003 u=0.0002) | val: 3.25deg/3480mm R@10/2=34.1% R@5/1=12.6% a@1=66.5% a@3=90.7% | 27.1s
[ 1500/10000] loss=0.0231 (cls=0.0011 res=0.0219 f=0.0002 u=0.0001) | val: 3.04deg/3416mm R@10/2=33.5% R@5/1=17.0% a@1=67.6% a@3=91.2% | 28.9s
[ 1600/10000] loss=0.0192 (cls=0.0010 res=0.0181 f=0.0002 u=0.0001) | val: 2.98deg/3575mm R@10/2=32.4% R@5/1=14.3% a@1=69.2% a@3=89.0% | 30.8s
[ 1700/10000] loss=0.0170 (cls=0.0008 res=0.0160 f=0.0002 u=0.0001) | val: 2.90deg/3563mm R@10/2=30.8% R@5/1=11.0% a@1=68.1% a@3=90.1% | 32.7s
[ 1800/10000] loss=0.0167 (cls=0.0006 res=0.0160 f=0.0002 u=0.0001) | val: 2.79deg/3558mm R@10/2=32.4% R@5/1=14.8% a@1=65.9% a@3=89.0% | 34.5s
[ 1900/10000] loss=0.0136 (cls=0.0005 res=0.0128 f=0.0002 u=0.0001) | val: 2.93deg/3527mm R@10/2=34.1% R@5/1=15.4% a@1=69.2% a@3=91.2% | 36.4s
[ 2000/10000] loss=0.0112 (cls=0.0004 res=0.0106 f=0.0002 u=0.0001) | val: 2.91deg/3497mm R@10/2=31.9% R@5/1=13.7% a@1=67.0% a@3=90.7% | 38.2s
[ 2100/10000] loss=0.0129 (cls=0.0007 res=0.0121 f=0.0002 u=0.0001) | val: 2.93deg/3664mm R@10/2=32.4% R@5/1=14.3% a@1=67.6% a@3=89.0% | 40.1s
[ 2200/10000] loss=0.0123 (cls=0.0006 res=0.0116 f=0.0002 u=0.0001) | val: 2.67deg/3610mm R@10/2=33.5% R@5/1=13.2% a@1=68.7% a@3=89.6% | 41.9s
[ 2300/10000] loss=0.0120 (cls=0.0003 res=0.0115 f=0.0001 u=0.0001) | val: 2.89deg/3552mm R@10/2=33.5% R@5/1=13.2% a@1=69.8% a@3=90.1% | 43.7s
[ 2400/10000] loss=0.0123 (cls=0.0006 res=0.0115 f=0.0002 u=0.0001) | val: 2.85deg/3624mm R@10/2=35.7% R@5/1=12.1% a@1=67.0% a@3=90.1% | 45.6s
[ 2500/10000] loss=0.0121 (cls=0.0004 res=0.0116 f=0.0002 u=0.0001) | val: 3.04deg/3655mm R@10/2=34.1% R@5/1=15.4% a@1=66.5% a@3=89.6% | 47.4s
[ 2600/10000] loss=0.0117 (cls=0.0004 res=0.0111 f=0.0002 u=0.0001) | val: 2.89deg/3569mm R@10/2=34.1% R@5/1=11.5% a@1=67.6% a@3=89.6% | 49.3s
[ 2700/10000] loss=0.0133 (cls=0.0005 res=0.0126 f=0.0002 u=0.0001) | val: 2.89deg/3782mm R@10/2=32.4% R@5/1=12.6% a@1=67.0% a@3=90.1% | 51.1s
[ 2800/10000] loss=0.0113 (cls=0.0004 res=0.0108 f=0.0002 u=0.0001) | val: 2.75deg/3640mm R@10/2=35.2% R@5/1=14.3% a@1=68.1% a@3=89.0% | 53.0s
[ 2900/10000] loss=0.0115 (cls=0.0003 res=0.0110 f=0.0001 u=0.0001) | val: 2.81deg/3524mm R@10/2=34.1% R@5/1=14.8% a@1=67.0% a@3=88.5% | 54.8s
[ 3000/10000] loss=0.0104 (cls=0.0003 res=0.0099 f=0.0001 u=0.0001) | val: 2.83deg/3520mm R@10/2=34.1% R@5/1=11.5% a@1=68.1% a@3=87.9% | 56.7s
[ 3100/10000] loss=0.1335 (cls=0.0904 res=0.0430 f=0.0002 u=0.0001) | val: 3.11deg/3926mm R@10/2=30.8% R@5/1=9.9% a@1=63.2% a@3=88.5% | 58.5s
[ 3200/10000] loss=0.0304 (cls=0.0026 res=0.0277 f=0.0002 u=0.0001) | val: 2.96deg/3696mm R@10/2=30.2% R@5/1=12.6% a@1=63.7% a@3=87.9% | 60.3s
[ 3300/10000] loss=0.0157 (cls=0.0010 res=0.0147 f=0.0002 u=0.0001) | val: 3.00deg/3656mm R@10/2=31.9% R@5/1=12.6% a@1=68.7% a@3=92.9% | 62.2s
[ 3400/10000] loss=0.0107 (cls=0.0006 res=0.0100 f=0.0002 u=0.0001) | val: 2.98deg/3292mm R@10/2=33.5% R@5/1=14.8% a@1=70.9% a@3=91.8% | 64.0s
[ 3500/10000] loss=0.0094 (cls=0.0003 res=0.0090 f=0.0001 u=0.0001) | val: 2.81deg/3415mm R@10/2=34.6% R@5/1=13.7% a@1=69.2% a@3=92.3% | 65.9s
[ 3600/10000] loss=0.0101 (cls=0.0003 res=0.0098 f=0.0001 u=0.0001) | val: 2.96deg/3432mm R@10/2=33.5% R@5/1=14.3% a@1=69.2% a@3=91.8% | 67.8s
[ 3700/10000] loss=0.0093 (cls=0.0005 res=0.0087 f=0.0002 u=0.0001) | val: 3.08deg/3438mm R@10/2=35.2% R@5/1=14.8% a@1=69.8% a@3=90.7% | 69.6s
[ 3800/10000] loss=0.0102 (cls=0.0003 res=0.0098 f=0.0001 u=0.0001) | val: 3.09deg/3500mm R@10/2=34.1% R@5/1=15.9% a@1=68.1% a@3=90.1% | 71.5s
[ 3900/10000] loss=0.0093 (cls=0.0002 res=0.0089 f=0.0002 u=0.0001) | val: 3.01deg/3418mm R@10/2=34.6% R@5/1=15.4% a@1=68.1% a@3=91.2% | 73.3s
[ 4000/10000] loss=0.0083 (cls=0.0002 res=0.0080 f=0.0001 u=0.0001) | val: 3.02deg/3458mm R@10/2=34.6% R@5/1=13.7% a@1=68.7% a@3=92.9% | 75.2s
[ 4100/10000] loss=0.0084 (cls=0.0002 res=0.0081 f=0.0001 u=0.0001) | val: 2.95deg/3458mm R@10/2=35.2% R@5/1=17.6% a@1=69.8% a@3=91.2% | 77.0s
[ 4200/10000] loss=0.0072 (cls=0.0002 res=0.0069 f=0.0001 u=0.0001) | val: 3.01deg/3524mm R@10/2=36.3% R@5/1=15.4% a@1=68.7% a@3=91.2% | 78.9s
[ 4300/10000] loss=0.0092 (cls=0.0003 res=0.0088 f=0.0001 u=0.0001) | val: 3.06deg/3532mm R@10/2=35.7% R@5/1=11.5% a@1=69.8% a@3=91.2% | 80.7s
[ 4400/10000] loss=0.0086 (cls=0.0002 res=0.0082 f=0.0001 u=0.0001) | val: 3.04deg/3443mm R@10/2=36.3% R@5/1=12.1% a@1=68.7% a@3=90.7% | 82.6s
[ 4500/10000] loss=0.0078 (cls=0.0003 res=0.0074 f=0.0001 u=0.0001) | val: 3.17deg/3502mm R@10/2=34.6% R@5/1=15.9% a@1=68.7% a@3=90.1% | 84.4s
[ 4600/10000] loss=0.0080 (cls=0.0002 res=0.0077 f=0.0001 u=0.0001) | val: 3.20deg/3394mm R@10/2=35.7% R@5/1=14.8% a@1=68.1% a@3=91.2% | 86.3s
[ 4700/10000] loss=0.0071 (cls=0.0002 res=0.0068 f=0.0001 u=0.0001) | val: 3.15deg/3487mm R@10/2=33.5% R@5/1=17.0% a@1=68.7% a@3=90.7% | 88.1s
[ 4800/10000] loss=0.0069 (cls=0.0002 res=0.0066 f=0.0001 u=0.0001) | val: 3.01deg/3426mm R@10/2=36.3% R@5/1=16.5% a@1=68.1% a@3=90.7% | 90.0s
[ 4900/10000] loss=0.0064 (cls=0.0002 res=0.0061 f=0.0001 u=0.0001) | val: 3.22deg/3438mm R@10/2=37.9% R@5/1=11.0% a@1=68.7% a@3=90.7% | 91.9s
[ 5000/10000] loss=0.0061 (cls=0.0002 res=0.0058 f=0.0002 u=0.0001) | val: 3.14deg/3500mm R@10/2=36.3% R@5/1=13.7% a@1=68.7% a@3=90.1% | 93.7s
[ 5100/10000] loss=0.0065 (cls=0.0002 res=0.0063 f=0.0001 u=0.0001) | val: 3.03deg/3453mm R@10/2=37.4% R@5/1=14.8% a@1=68.1% a@3=89.6% | 95.6s
[ 5200/10000] loss=0.0078 (cls=0.0001 res=0.0076 f=0.0001 u=0.0001) | val: 3.22deg/3533mm R@10/2=36.3% R@5/1=13.7% a@1=68.1% a@3=90.7% | 97.4s
[ 5300/10000] loss=0.0067 (cls=0.0002 res=0.0064 f=0.0001 u=0.0001) | val: 2.93deg/3387mm R@10/2=37.9% R@5/1=15.4% a@1=67.6% a@3=90.1% | 99.3s
[ 5400/10000] loss=0.0064 (cls=0.0002 res=0.0061 f=0.0001 u=0.0001) | val: 3.20deg/3462mm R@10/2=37.4% R@5/1=13.7% a@1=67.0% a@3=90.7% | 101.1s
[ 5500/10000] loss=0.0069 (cls=0.0002 res=0.0066 f=0.0001 u=0.0001) | val: 3.14deg/3437mm R@10/2=35.2% R@5/1=13.7% a@1=68.7% a@3=90.7% | 103.0s
[ 5600/10000] loss=0.0069 (cls=0.0002 res=0.0066 f=0.0001 u=0.0001) | val: 3.04deg/3323mm R@10/2=35.2% R@5/1=13.2% a@1=68.1% a@3=91.8% | 104.9s
[ 5700/10000] loss=0.0067 (cls=0.0002 res=0.0064 f=0.0001 u=0.0001) | val: 3.05deg/3514mm R@10/2=35.7% R@5/1=13.7% a@1=68.1% a@3=89.0% | 106.8s
[ 5800/10000] loss=0.0060 (cls=0.0001 res=0.0058 f=0.0001 u=0.0001) | val: 3.03deg/3469mm R@10/2=35.2% R@5/1=14.3% a@1=68.1% a@3=89.0% | 108.6s
[ 5900/10000] loss=0.0070 (cls=0.0001 res=0.0068 f=0.0001 u=0.0001) | val: 3.12deg/3596mm R@10/2=35.7% R@5/1=12.1% a@1=69.2% a@3=89.6% | 110.5s
[ 6000/10000] loss=0.0052 (cls=0.0001 res=0.0050 f=0.0001 u=0.0001) | val: 3.07deg/3384mm R@10/2=36.8% R@5/1=12.6% a@1=69.2% a@3=90.1% | 112.4s
[ 6100/10000] loss=0.0059 (cls=0.0001 res=0.0057 f=0.0001 u=0.0001) | val: 3.25deg/3493mm R@10/2=36.8% R@5/1=14.8% a@1=68.7% a@3=90.1% | 114.2s
[ 6200/10000] loss=0.0050 (cls=0.0001 res=0.0048 f=0.0001 u=0.0001) | val: 3.08deg/3455mm R@10/2=34.1% R@5/1=12.6% a@1=68.7% a@3=90.7% | 116.1s
[ 6300/10000] loss=0.0059 (cls=0.0001 res=0.0057 f=0.0001 u=0.0001) | val: 3.05deg/3524mm R@10/2=35.2% R@5/1=11.0% a@1=68.7% a@3=89.6% | 117.9s
[ 6400/10000] loss=0.0060 (cls=0.0001 res=0.0057 f=0.0001 u=0.0001) | val: 3.18deg/3485mm R@10/2=35.7% R@5/1=11.5% a@1=68.7% a@3=90.7% | 119.8s
[ 6500/10000] loss=0.0057 (cls=0.0001 res=0.0054 f=0.0001 u=0.0001) | val: 3.20deg/3617mm R@10/2=34.6% R@5/1=12.1% a@1=68.1% a@3=90.1% | 121.7s
[ 6600/10000] loss=0.0054 (cls=0.0001 res=0.0052 f=0.0001 u=0.0000) | val: 3.22deg/3443mm R@10/2=36.3% R@5/1=13.7% a@1=69.2% a@3=89.0% | 123.5s
[ 6700/10000] loss=0.0050 (cls=0.0001 res=0.0048 f=0.0001 u=0.0001) | val: 3.10deg/3552mm R@10/2=36.8% R@5/1=12.6% a@1=68.7% a@3=89.6% | 125.4s
[ 6800/10000] loss=0.0055 (cls=0.0001 res=0.0053 f=0.0001 u=0.0001) | val: 3.19deg/3566mm R@10/2=35.7% R@5/1=14.8% a@1=67.0% a@3=89.0% | 127.3s
[ 6900/10000] loss=0.0054 (cls=0.0001 res=0.0052 f=0.0001 u=0.0001) | val: 3.17deg/3623mm R@10/2=35.2% R@5/1=12.6% a@1=67.0% a@3=88.5% | 129.1s
[ 7000/10000] loss=0.0062 (cls=0.0002 res=0.0060 f=0.0001 u=0.0001) | val: 3.19deg/3543mm R@10/2=36.3% R@5/1=11.5% a@1=68.7% a@3=90.1% | 131.0s
[ 7100/10000] loss=0.0054 (cls=0.0001 res=0.0052 f=0.0001 u=0.0000) | val: 3.11deg/3504mm R@10/2=35.7% R@5/1=13.2% a@1=69.8% a@3=90.1% | 132.8s
[ 7200/10000] loss=0.0057 (cls=0.0002 res=0.0055 f=0.0001 u=0.0001) | val: 3.17deg/3586mm R@10/2=36.8% R@5/1=13.7% a@1=68.7% a@3=89.0% | 134.7s
[ 7300/10000] loss=0.0049 (cls=0.0001 res=0.0047 f=0.0001 u=0.0001) | val: 3.11deg/3681mm R@10/2=35.7% R@5/1=13.7% a@1=68.7% a@3=89.6% | 136.5s
[ 7400/10000] loss=0.0048 (cls=0.0002 res=0.0045 f=0.0001 u=0.0001) | val: 3.14deg/3679mm R@10/2=35.7% R@5/1=15.4% a@1=68.1% a@3=90.1% | 138.4s
[ 7500/10000] loss=0.0051 (cls=0.0001 res=0.0049 f=0.0001 u=0.0001) | val: 3.14deg/3586mm R@10/2=35.2% R@5/1=13.2% a@1=69.8% a@3=90.1% | 140.3s
[ 7600/10000] loss=0.0040 (cls=0.0000 res=0.0039 f=0.0001 u=0.0001) | val: 3.12deg/3565mm R@10/2=35.2% R@5/1=12.6% a@1=68.1% a@3=89.6% | 142.2s
[ 7700/10000] loss=0.0043 (cls=0.0001 res=0.0042 f=0.0001 u=0.0001) | val: 3.07deg/3640mm R@10/2=35.2% R@5/1=13.7% a@1=68.7% a@3=89.6% | 144.0s
[ 7800/10000] loss=0.0040 (cls=0.0002 res=0.0038 f=0.0001 u=0.0001) | val: 3.09deg/3580mm R@10/2=35.7% R@5/1=11.0% a@1=69.8% a@3=89.6% | 145.9s
[ 7900/10000] loss=0.0038 (cls=0.0001 res=0.0036 f=0.0001 u=0.0001) | val: 3.10deg/3718mm R@10/2=35.2% R@5/1=13.2% a@1=68.7% a@3=89.0% | 147.7s
[ 8000/10000] loss=0.0040 (cls=0.0001 res=0.0039 f=0.0001 u=0.0001) | val: 3.12deg/3586mm R@10/2=36.8% R@5/1=12.6% a@1=68.7% a@3=89.0% | 149.6s
[ 8100/10000] loss=0.0039 (cls=0.0001 res=0.0037 f=0.0001 u=0.0000) | val: 3.17deg/3629mm R@10/2=35.7% R@5/1=12.6% a@1=68.1% a@3=89.0% | 151.4s
[ 8200/10000] loss=0.0041 (cls=0.0001 res=0.0039 f=0.0001 u=0.0001) | val: 3.10deg/3660mm R@10/2=35.2% R@5/1=12.6% a@1=68.7% a@3=88.5% | 153.3s
[ 8300/10000] loss=0.0040 (cls=0.0001 res=0.0039 f=0.0001 u=0.0001) | val: 3.13deg/3581mm R@10/2=35.7% R@5/1=12.6% a@1=68.7% a@3=89.0% | 155.2s
[ 8400/10000] loss=0.0043 (cls=0.0001 res=0.0042 f=0.0001 u=0.0000) | val: 3.03deg/3603mm R@10/2=35.7% R@5/1=12.6% a@1=68.1% a@3=88.5% | 157.0s
[ 8500/10000] loss=0.0037 (cls=0.0001 res=0.0035 f=0.0001 u=0.0001) | val: 3.07deg/3617mm R@10/2=35.7% R@5/1=13.7% a@1=68.7% a@3=88.5% | 158.9s
[ 8600/10000] loss=0.0043 (cls=0.0001 res=0.0042 f=0.0001 u=0.0000) | val: 3.11deg/3647mm R@10/2=36.3% R@5/1=12.6% a@1=68.7% a@3=88.5% | 160.7s
[ 8700/10000] loss=0.0044 (cls=0.0001 res=0.0042 f=0.0001 u=0.0001) | val: 3.11deg/3658mm R@10/2=35.7% R@5/1=13.2% a@1=68.1% a@3=88.5% | 162.6s
[ 8800/10000] loss=0.0042 (cls=0.0001 res=0.0040 f=0.0001 u=0.0001) | val: 3.11deg/3642mm R@10/2=35.7% R@5/1=13.2% a@1=68.1% a@3=89.6% | 164.4s
[ 8900/10000] loss=0.0040 (cls=0.0001 res=0.0038 f=0.0001 u=0.0000) | val: 3.12deg/3607mm R@10/2=35.7% R@5/1=12.6% a@1=68.1% a@3=89.0% | 166.3s
[ 9000/10000] loss=0.0037 (cls=0.0001 res=0.0035 f=0.0001 u=0.0000) | val: 3.12deg/3656mm R@10/2=35.2% R@5/1=12.6% a@1=69.2% a@3=89.0% | 168.1s
[ 9100/10000] loss=0.0044 (cls=0.0001 res=0.0042 f=0.0001 u=0.0000) | val: 3.07deg/3644mm R@10/2=35.7% R@5/1=12.6% a@1=68.1% a@3=89.0% | 170.0s
[ 9200/10000] loss=0.0039 (cls=0.0001 res=0.0038 f=0.0001 u=0.0000) | val: 3.06deg/3697mm R@10/2=35.7% R@5/1=12.6% a@1=69.2% a@3=88.5% | 171.8s
[ 9300/10000] loss=0.0036 (cls=0.0001 res=0.0034 f=0.0001 u=0.0000) | val: 3.09deg/3636mm R@10/2=36.3% R@5/1=12.1% a@1=69.2% a@3=88.5% | 173.7s
[ 9400/10000] loss=0.0031 (cls=0.0001 res=0.0030 f=0.0001 u=0.0000) | val: 3.09deg/3640mm R@10/2=36.3% R@5/1=11.5% a@1=68.7% a@3=88.5% | 175.5s
[ 9500/10000] loss=0.0037 (cls=0.0001 res=0.0035 f=0.0001 u=0.0000) | val: 3.08deg/3632mm R@10/2=35.7% R@5/1=12.6% a@1=68.7% a@3=89.0% | 177.4s
[ 9600/10000] loss=0.0035 (cls=0.0001 res=0.0034 f=0.0001 u=0.0000) | val: 3.08deg/3627mm R@10/2=36.3% R@5/1=12.1% a@1=68.7% a@3=89.0% | 179.2s
[ 9700/10000] loss=0.0042 (cls=0.0001 res=0.0040 f=0.0001 u=0.0000) | val: 3.08deg/3632mm R@10/2=36.3% R@5/1=12.1% a@1=68.7% a@3=89.0% | 181.1s
[ 9800/10000] loss=0.0038 (cls=0.0001 res=0.0036 f=0.0001 u=0.0000) | val: 3.08deg/3630mm R@10/2=36.3% R@5/1=12.1% a@1=68.7% a@3=89.0% | 182.9s
[ 9900/10000] loss=0.0044 (cls=0.0001 res=0.0043 f=0.0001 u=0.0000) | val: 3.07deg/3628mm R@10/2=36.3% R@5/1=12.1% a@1=68.7% a@3=89.0% | 184.8s
[10000/10000] loss=0.0033 (cls=0.0001 res=0.0032 f=0.0001 u=0.0000) | val: 3.08deg/3630mm R@10/2=36.3% R@5/1=12.1% a@1=68.7% a@3=89.0% | 186.6s

Training done. Best epoch: 260, score=3.0185

======================================================================
EVALUATION RESULTS (Center + Frustum)
======================================================================
Rotation  (median): 2.97deg
Translation (median): 2722mm
  R@5deg_1m: 14.8%  (rot_pass=76.4%, trans_pass=15.4%)
  R@10deg_2m: 34.1%  (rot_pass=95.1%, trans_pass=34.1%)
  R@15deg_5m: 79.1%  (rot_pass=99.5%, trans_pass=79.1%)
  R@25deg_5m: 79.1%  (rot_pass=100.0%, trans_pass=79.1%)

======================================================================
EVALUATION RESULTS (Retrieval Mode)
======================================================================
Retrieval median: 11.14deg / 3235mm
  R@5deg_1m: 3.3%  (rot=8.2%, trans=12.6%)
  R@10deg_2m: 20.9%  (rot=46.2%, trans=31.9%)
  R@15deg_5m: 57.1%  (rot=70.9%, trans=75.8%)
  R@25deg_5m: 74.2%  (rot=95.6%, trans=75.8%)
