=== 128d Attention Pooling Training ===
=== exp14r_128d_attn_seed123 (GPU 3) ===
  File "/root/ICLPose-loc/feature_retrieval/patch_regressor_v7.py", line 865, in <module>
    main()
  File "/root/ICLPose-loc/feature_retrieval/patch_regressor_v7.py", line 850, in main
    model, train_data, test_data, trans_mean, trans_std, history = train(args)
  File "/root/ICLPose-loc/feature_retrieval/patch_regressor_v7.py", line 592, in train
    loss.backward()
  File "/root/miniconda3/envs/iclpose/lib/python3.9/site-packages/torch/_tensor.py", line 487, in backward
    torch.autograd.backward(
  File "/root/miniconda3/envs/iclpose/lib/python3.9/site-packages/torch/autograd/__init__.py", line 200, in backward
    Variable._execution_engine.run_backward(  # Calls into the C++ engine to run the backward pass
torch.cuda.OutOfMemoryError: CUDA out of memory. Tried to allocate 1.74 GiB (GPU 0; 23.52 GiB total capacity; 19.41 GiB already allocated; 1.46 GiB free; 19.57 GiB reserved in total by PyTorch) If reserved memory is >> allocated memory try setting max_split_size_mb to avoid fragmentation.  See documentation for Memory Management and PYTORCH_CUDA_ALLOC_CONF
======================================================================
Experiment: exp14r_128d_attn_seed123
Pool: attn, Features: both+sum
======================================================================
Random seed: 123
Using device: cuda:0

Loading data (fine=True, coarse=True, summary=True)...
  Loaded fine_geo: torch.Size([895, 128, 68, 120])
  Loaded coarse_sem: torch.Size([895, 128, 68, 120])
  Loaded summary: torch.Size([895, 2560])
  [train] 895 samples loaded
  Loaded fine_geo: torch.Size([182, 128, 68, 120])
  Loaded coarse_sem: torch.Size([182, 128, 68, 120])
  Loaded summary: torch.Size([182, 2560])
  [test] 182 samples loaded
Translation norm: mean=[13.19548    -0.64731836 23.103329  ], std=[10.827089    0.94348246  9.766839  ]
  Feature dim after pooling: 4608
Model parameters: 12,100,762
--- exp14r_128d_attn_seed123 done ---

=== exp14r_128d_attn_seed456 (GPU 3) ===
  File "/root/ICLPose-loc/feature_retrieval/patch_regressor_v7.py", line 865, in <module>
    main()
  File "/root/ICLPose-loc/feature_retrieval/patch_regressor_v7.py", line 850, in main
    model, train_data, test_data, trans_mean, trans_std, history = train(args)
  File "/root/ICLPose-loc/feature_retrieval/patch_regressor_v7.py", line 592, in train
    loss.backward()
  File "/root/miniconda3/envs/iclpose/lib/python3.9/site-packages/torch/_tensor.py", line 487, in backward
    torch.autograd.backward(
  File "/root/miniconda3/envs/iclpose/lib/python3.9/site-packages/torch/autograd/__init__.py", line 200, in backward
    Variable._execution_engine.run_backward(  # Calls into the C++ engine to run the backward pass
torch.cuda.OutOfMemoryError: CUDA out of memory. Tried to allocate 1.74 GiB (GPU 0; 23.52 GiB total capacity; 19.41 GiB already allocated; 1.46 GiB free; 19.57 GiB reserved in total by PyTorch) If reserved memory is >> allocated memory try setting max_split_size_mb to avoid fragmentation.  See documentation for Memory Management and PYTORCH_CUDA_ALLOC_CONF
======================================================================
Experiment: exp14r_128d_attn_seed456
Pool: attn, Features: both+sum
======================================================================
Random seed: 456
Using device: cuda:0

Loading data (fine=True, coarse=True, summary=True)...
  Loaded fine_geo: torch.Size([895, 128, 68, 120])
  Loaded coarse_sem: torch.Size([895, 128, 68, 120])
  Loaded summary: torch.Size([895, 2560])
  [train] 895 samples loaded
  Loaded fine_geo: torch.Size([182, 128, 68, 120])
  Loaded coarse_sem: torch.Size([182, 128, 68, 120])
  Loaded summary: torch.Size([182, 2560])
  [test] 182 samples loaded
Translation norm: mean=[13.19548    -0.64731836 23.103329  ], std=[10.827089    0.94348246  9.766839  ]
  Feature dim after pooling: 4608
Model parameters: 12,100,762
--- exp14r_128d_attn_seed456 done ---

=== exp14r_128d_attn_seed789 (GPU 3) ===
  File "/root/ICLPose-loc/feature_retrieval/patch_regressor_v7.py", line 865, in <module>
    main()
  File "/root/ICLPose-loc/feature_retrieval/patch_regressor_v7.py", line 850, in main
    model, train_data, test_data, trans_mean, trans_std, history = train(args)
  File "/root/ICLPose-loc/feature_retrieval/patch_regressor_v7.py", line 592, in train
    loss.backward()
  File "/root/miniconda3/envs/iclpose/lib/python3.9/site-packages/torch/_tensor.py", line 487, in backward
    torch.autograd.backward(
  File "/root/miniconda3/envs/iclpose/lib/python3.9/site-packages/torch/autograd/__init__.py", line 200, in backward
    Variable._execution_engine.run_backward(  # Calls into the C++ engine to run the backward pass
torch.cuda.OutOfMemoryError: CUDA out of memory. Tried to allocate 1.74 GiB (GPU 0; 23.52 GiB total capacity; 19.41 GiB already allocated; 1.46 GiB free; 19.57 GiB reserved in total by PyTorch) If reserved memory is >> allocated memory try setting max_split_size_mb to avoid fragmentation.  See documentation for Memory Management and PYTORCH_CUDA_ALLOC_CONF
======================================================================
Experiment: exp14r_128d_attn_seed789
Pool: attn, Features: both+sum
======================================================================
Random seed: 789
Using device: cuda:0

Loading data (fine=True, coarse=True, summary=True)...
  Loaded fine_geo: torch.Size([895, 128, 68, 120])
  Loaded coarse_sem: torch.Size([895, 128, 68, 120])
  Loaded summary: torch.Size([895, 2560])
  [train] 895 samples loaded
  Loaded fine_geo: torch.Size([182, 128, 68, 120])
  Loaded coarse_sem: torch.Size([182, 128, 68, 120])
  Loaded summary: torch.Size([182, 2560])
  [test] 182 samples loaded
Translation norm: mean=[13.19548    -0.64731836 23.103329  ], std=[10.827089    0.94348246  9.766839  ]
  Feature dim after pooling: 4608
Model parameters: 12,100,762
--- exp14r_128d_attn_seed789 done ---

=== exp14r2_256d_attn_seed123 (GPU 3) ===
  File "/root/miniconda3/envs/iclpose/lib/python3.9/runpy.py", line 197, in _run_module_as_main
    return _run_code(code, main_globals, None,
  File "/root/miniconda3/envs/iclpose/lib/python3.9/runpy.py", line 87, in _run_code
    exec(code, run_globals)
  File "/root/ICLPose-loc/feature_retrieval/patch_regressor_v7.py", line 865, in <module>
    main()
  File "/root/ICLPose-loc/feature_retrieval/patch_regressor_v7.py", line 850, in main
    model, train_data, test_data, trans_mean, trans_std, history = train(args)
  File "/root/ICLPose-loc/feature_retrieval/patch_regressor_v7.py", line 533, in train
    pf = train_data.patch_fine[indices] if train_data.patch_fine is not None else None
torch.cuda.OutOfMemoryError: CUDA out of memory. Tried to allocate 6.97 GiB (GPU 0; 23.52 GiB total capacity; 16.83 GiB already allocated; 4.22 GiB free; 16.84 GiB reserved in total by PyTorch) If reserved memory is >> allocated memory try setting max_split_size_mb to avoid fragmentation.  See documentation for Memory Management and PYTORCH_CUDA_ALLOC_CONF
======================================================================
Experiment: exp14r2_256d_attn_seed123
Pool: attn, Features: both+sum
======================================================================
Random seed: 123
Using device: cuda:0

Loading data (fine=True, coarse=True, summary=True)...
  Loaded fine_geo: torch.Size([895, 256, 68, 120])
  Loaded coarse_sem: torch.Size([895, 256, 68, 120])
  Loaded summary: torch.Size([895, 2560])
  [train] 895 samples loaded
  Loaded fine_geo: torch.Size([182, 256, 68, 120])
  Loaded coarse_sem: torch.Size([182, 256, 68, 120])
  Loaded summary: torch.Size([182, 2560])
  [test] 182 samples loaded
Translation norm: mean=[13.19548    -0.64731836 23.103329  ], std=[10.827089    0.94348246  9.766839  ]
  Feature dim after pooling: 6656
Model parameters: 16,349,466
--- exp14r2_256d_attn_seed123 done ---

=== exp14r2_256d_attn_seed456 (GPU 3) ===
  File "/root/miniconda3/envs/iclpose/lib/python3.9/runpy.py", line 197, in _run_module_as_main
    return _run_code(code, main_globals, None,
  File "/root/miniconda3/envs/iclpose/lib/python3.9/runpy.py", line 87, in _run_code
    exec(code, run_globals)
  File "/root/ICLPose-loc/feature_retrieval/patch_regressor_v7.py", line 865, in <module>
    main()
  File "/root/ICLPose-loc/feature_retrieval/patch_regressor_v7.py", line 850, in main
    model, train_data, test_data, trans_mean, trans_std, history = train(args)
  File "/root/ICLPose-loc/feature_retrieval/patch_regressor_v7.py", line 533, in train
    pf = train_data.patch_fine[indices] if train_data.patch_fine is not None else None
torch.cuda.OutOfMemoryError: CUDA out of memory. Tried to allocate 6.97 GiB (GPU 0; 23.52 GiB total capacity; 16.83 GiB already allocated; 4.22 GiB free; 16.84 GiB reserved in total by PyTorch) If reserved memory is >> allocated memory try setting max_split_size_mb to avoid fragmentation.  See documentation for Memory Management and PYTORCH_CUDA_ALLOC_CONF
======================================================================
Experiment: exp14r2_256d_attn_seed456
Pool: attn, Features: both+sum
======================================================================
Random seed: 456
Using device: cuda:0

Loading data (fine=True, coarse=True, summary=True)...
  Loaded fine_geo: torch.Size([895, 256, 68, 120])
  Loaded coarse_sem: torch.Size([895, 256, 68, 120])
  Loaded summary: torch.Size([895, 2560])
  [train] 895 samples loaded
  Loaded fine_geo: torch.Size([182, 256, 68, 120])
  Loaded coarse_sem: torch.Size([182, 256, 68, 120])
  Loaded summary: torch.Size([182, 2560])
  [test] 182 samples loaded
Translation norm: mean=[13.19548    -0.64731836 23.103329  ], std=[10.827089    0.94348246  9.766839  ]
  Feature dim after pooling: 6656
Model parameters: 16,349,466
--- exp14r2_256d_attn_seed456 done ---

=== All attention pooling training complete! ===
