=== exp24c_attn_h16_seed123 on GPU 1 ===
======================================================================
Experiment: exp24c_attn_h16_seed123
Pool: attn, Features: both+sum
======================================================================
Random seed: 123
Using device: cuda:1

Loading data (fine=True, coarse=True, summary=True)...
  Loaded fine_geo: torch.Size([895, 128, 68, 120])
  Loaded coarse_sem: torch.Size([895, 128, 68, 120])
  Loaded summary: torch.Size([895, 2560])
  [train] 895 samples loaded
  Loaded fine_geo: torch.Size([182, 128, 68, 120])
  Loaded coarse_sem: torch.Size([182, 128, 68, 120])
  Loaded summary: torch.Size([182, 2560])
  [test] 182 samples loaded
Translation norm: mean=[13.19548    -0.64731836 23.103329  ], std=[10.827089    0.94348246  9.766839  ]
  Feature dim after pooling: 6656
Model parameters: 7,510,698
Model parameters: 7,510,698
[    1/10000] loss=3.0316 (t=0.6158 r=2.4158 beta=1.00) | val: 59.62deg/22510mm | 0.4s
[  100/10000] loss=0.1029 (t=0.0452 r=0.0627 beta=0.92) | val: 4.14deg/1941mm | 3.4s
[  200/10000] loss=0.0646 (t=0.0226 r=0.0484 beta=0.87) | val: 2.84deg/1988mm | 5.9s
[  300/10000] loss=0.0540 (t=0.0193 r=0.0422 beta=0.82) | val: 2.35deg/1369mm | 8.5s
[  400/10000] loss=0.0450 (t=0.0154 r=0.0379 beta=0.78) | val: 2.63deg/1887mm | 10.6s
[  500/10000] loss=0.0374 (t=0.0108 r=0.0360 beta=0.74) | val: 2.17deg/1488mm | 12.6s
[  600/10000] loss=0.0326 (t=0.0082 r=0.0347 beta=0.71) | val: 2.28deg/1664mm | 14.7s
[  700/10000] loss=0.0311 (t=0.0082 r=0.0340 beta=0.67) | val: 1.95deg/1852mm | 16.9s
[  800/10000] loss=0.0290 (t=0.0073 r=0.0338 beta=0.64) | val: 1.69deg/1474mm | 19.1s
[  900/10000] loss=0.0290 (t=0.0089 r=0.0328 beta=0.61) | val: 1.68deg/1372mm | 21.1s
[ 1000/10000] loss=0.0238 (t=0.0059 r=0.0305 beta=0.59) | val: 1.96deg/1628mm | 23.1s
[ 1100/10000] loss=0.0225 (t=0.0063 r=0.0289 beta=0.56) | val: 2.03deg/1615mm | 25.4s
[ 1200/10000] loss=0.0215 (t=0.0056 r=0.0297 beta=0.53) | val: 1.83deg/1473mm | 27.5s
[ 1300/10000] loss=0.0210 (t=0.0062 r=0.0289 beta=0.51) | val: 1.75deg/1597mm | 29.5s
[ 1400/10000] loss=0.0186 (t=0.0049 r=0.0280 beta=0.49) | val: 2.10deg/1485mm | 31.5s
[ 1500/10000] loss=0.0186 (t=0.0046 r=0.0298 beta=0.47) | val: 1.87deg/1618mm | 33.5s
[ 1600/10000] loss=0.0152 (t=0.0034 r=0.0261 beta=0.45) | val: 1.79deg/1515mm | 35.5s
[ 1700/10000] loss=0.0158 (t=0.0051 r=0.0248 beta=0.43) | val: 1.96deg/1570mm | 37.6s
[ 1800/10000] loss=0.0145 (t=0.0038 r=0.0259 beta=0.41) | val: 1.66deg/1481mm | 39.6s
[ 1900/10000] loss=0.0151 (t=0.0046 r=0.0264 beta=0.40) | val: 2.00deg/1500mm | 41.6s
[ 2000/10000] loss=0.0155 (t=0.0048 r=0.0280 beta=0.38) | val: 1.94deg/1498mm | 43.7s
[ 2100/10000] loss=0.0132 (t=0.0042 r=0.0246 beta=0.37) | val: 1.77deg/1583mm | 45.7s
[ 2200/10000] loss=0.0124 (t=0.0038 r=0.0243 beta=0.35) | val: 2.05deg/1538mm | 47.7s
[ 2300/10000] loss=0.0126 (t=0.0039 r=0.0257 beta=0.34) | val: 1.86deg/1525mm | 49.7s
[ 2400/10000] loss=0.0115 (t=0.0033 r=0.0250 beta=0.33) | val: 1.76deg/1432mm | 51.8s
[ 2500/10000] loss=0.0121 (t=0.0040 r=0.0256 beta=0.31) | val: 1.86deg/1577mm | 53.8s
[ 2600/10000] loss=0.0122 (t=0.0044 r=0.0260 beta=0.30) | val: 2.09deg/1617mm | 55.8s
[ 2700/10000] loss=0.0103 (t=0.0031 r=0.0244 beta=0.29) | val: 1.81deg/1519mm | 57.8s
[ 2800/10000] loss=0.0102 (t=0.0032 r=0.0249 beta=0.28) | val: 1.78deg/1552mm | 59.9s
[ 2900/10000] loss=0.0098 (t=0.0032 r=0.0240 beta=0.27) | val: 1.75deg/1413mm | 61.9s
[ 3000/10000] loss=0.0092 (t=0.0031 r=0.0233 beta=0.26) | val: 1.94deg/1529mm | 63.9s
[ 3100/10000] loss=0.0105 (t=0.0041 r=0.0251 beta=0.25) | val: 1.84deg/1499mm | 65.9s
[ 3200/10000] loss=0.0085 (t=0.0029 r=0.0230 beta=0.24) | val: 2.03deg/1652mm | 68.0s
[ 3300/10000] loss=0.0093 (t=0.0037 r=0.0235 beta=0.24) | val: 1.96deg/1467mm | 70.0s
[ 3400/10000] loss=0.0096 (t=0.0037 r=0.0257 beta=0.23) | val: 2.10deg/1533mm | 72.0s
[ 3500/10000] loss=0.0088 (t=0.0033 r=0.0246 beta=0.22) | val: 1.96deg/1455mm | 74.1s
[ 3600/10000] loss=0.0081 (t=0.0027 r=0.0248 beta=0.21) | val: 1.97deg/1557mm | 76.1s
[ 3700/10000] loss=0.0080 (t=0.0029 r=0.0246 beta=0.21) | val: 1.96deg/1539mm | 78.1s
[ 3800/10000] loss=0.0071 (t=0.0028 r=0.0214 beta=0.20) | val: 1.88deg/1666mm | 80.1s
[ 3900/10000] loss=0.0072 (t=0.0029 r=0.0222 beta=0.20) | val: 1.95deg/1462mm | 82.2s
[ 4000/10000] loss=0.0078 (t=0.0033 r=0.0239 beta=0.19) | val: 2.01deg/1461mm | 84.2s
[ 4100/10000] loss=0.0071 (t=0.0030 r=0.0222 beta=0.18) | val: 1.99deg/1693mm | 86.2s
[ 4200/10000] loss=0.0078 (t=0.0034 r=0.0247 beta=0.18) | val: 2.12deg/1797mm | 88.2s
[ 4300/10000] loss=0.0070 (t=0.0029 r=0.0237 beta=0.17) | val: 2.00deg/1540mm | 90.3s
[ 4400/10000] loss=0.0068 (t=0.0032 r=0.0215 beta=0.17) | val: 1.89deg/1458mm | 92.3s
[ 4500/10000] loss=0.0060 (t=0.0024 r=0.0221 beta=0.16) | val: 2.00deg/1694mm | 94.3s
[ 4600/10000] loss=0.0068 (t=0.0031 r=0.0233 beta=0.16) | val: 1.93deg/1443mm | 96.3s
[ 4700/10000] loss=0.0056 (t=0.0021 r=0.0228 beta=0.15) | val: 1.95deg/1464mm | 98.4s
[ 4800/10000] loss=0.0063 (t=0.0030 r=0.0223 beta=0.15) | val: 2.06deg/1514mm | 100.4s
[ 4900/10000] loss=0.0060 (t=0.0027 r=0.0229 beta=0.15) | val: 1.99deg/1526mm | 102.4s
[ 5000/10000] loss=0.0062 (t=0.0029 r=0.0233 beta=0.14) | val: 1.91deg/1545mm | 104.4s
[ 5100/10000] loss=0.0064 (t=0.0028 r=0.0257 beta=0.14) | val: 2.00deg/1573mm | 106.5s
[ 5200/10000] loss=0.0055 (t=0.0025 r=0.0220 beta=0.14) | val: 2.00deg/1601mm | 108.5s
[ 5300/10000] loss=0.0065 (t=0.0032 r=0.0249 beta=0.13) | val: 1.99deg/1548mm | 110.5s
