=== exp24a_attn_h4_seed123 on GPU 4 ===
======================================================================
Experiment: exp24a_attn_h4_seed123
Pool: attn, Features: both+sum
======================================================================
Random seed: 123
Using device: cuda:4

Loading data (fine=True, coarse=True, summary=True)...
  Loaded fine_geo: torch.Size([895, 128, 68, 120])
  Loaded coarse_sem: torch.Size([895, 128, 68, 120])
  Loaded summary: torch.Size([895, 2560])
  [train] 895 samples loaded
  Loaded fine_geo: torch.Size([182, 128, 68, 120])
  Loaded coarse_sem: torch.Size([182, 128, 68, 120])
  Loaded summary: torch.Size([182, 2560])
  [test] 182 samples loaded
Translation norm: mean=[13.19548    -0.64731836 23.103329  ], std=[10.827089    0.94348246  9.766839  ]
  Feature dim after pooling: 3584
Model parameters: 4,357,266
Model parameters: 4,357,266
[    1/10000] loss=3.1343 (t=0.4928 r=2.6415 beta=1.00) | val: 39.66deg/32445mm | 0.6s
[  100/10000] loss=0.1135 (t=0.0440 r=0.0751 beta=0.93) | val: 4.84deg/3226mm | 2.8s
[  200/10000] loss=0.0751 (t=0.0255 r=0.0566 beta=0.88) | val: 3.44deg/2205mm | 4.9s
[  300/10000] loss=0.0628 (t=0.0202 r=0.0511 beta=0.83) | val: 2.61deg/2198mm | 6.8s
[  400/10000] loss=0.0539 (t=0.0194 r=0.0434 beta=0.80) | val: 2.24deg/1933mm | 8.8s
[  500/10000] loss=0.0450 (t=0.0153 r=0.0391 beta=0.76) | val: 2.63deg/1868mm | 10.6s
[  600/10000] loss=0.0387 (t=0.0106 r=0.0386 beta=0.73) | val: 2.34deg/1675mm | 12.5s
[  700/10000] loss=0.0336 (t=0.0085 r=0.0362 beta=0.69) | val: 2.13deg/1610mm | 14.6s
[  800/10000] loss=0.0359 (t=0.0117 r=0.0364 beta=0.66) | val: 2.60deg/1462mm | 16.4s
[  900/10000] loss=0.0277 (t=0.0067 r=0.0331 beta=0.64) | val: 2.50deg/1575mm | 18.2s
[ 1000/10000] loss=0.0270 (t=0.0064 r=0.0336 beta=0.61) | val: 2.15deg/1301mm | 20.0s
[ 1100/10000] loss=0.0269 (t=0.0097 r=0.0294 beta=0.58) | val: 2.37deg/1687mm | 21.8s
[ 1200/10000] loss=0.0231 (t=0.0054 r=0.0316 beta=0.56) | val: 2.52deg/1501mm | 23.6s
[ 1300/10000] loss=0.0206 (t=0.0051 r=0.0288 beta=0.54) | val: 2.35deg/1401mm | 25.4s
[ 1400/10000] loss=0.0202 (t=0.0053 r=0.0287 beta=0.52) | val: 2.28deg/1640mm | 27.2s
[ 1500/10000] loss=0.0188 (t=0.0049 r=0.0279 beta=0.50) | val: 2.27deg/1666mm | 29.1s
[ 1600/10000] loss=0.0181 (t=0.0048 r=0.0280 beta=0.48) | val: 2.20deg/1554mm | 30.9s
[ 1700/10000] loss=0.0173 (t=0.0047 r=0.0276 beta=0.46) | val: 2.54deg/1711mm | 32.7s
[ 1800/10000] loss=0.0162 (t=0.0045 r=0.0266 beta=0.44) | val: 2.31deg/1537mm | 34.5s
[ 1900/10000] loss=0.0162 (t=0.0045 r=0.0277 beta=0.42) | val: 2.29deg/1562mm | 36.3s
[ 2000/10000] loss=0.0178 (t=0.0049 r=0.0317 beta=0.41) | val: 2.31deg/1792mm | 38.1s
[ 2100/10000] loss=0.0143 (t=0.0042 r=0.0256 beta=0.39) | val: 2.37deg/1430mm | 39.9s
[ 2200/10000] loss=0.0152 (t=0.0048 r=0.0275 beta=0.38) | val: 2.44deg/1646mm | 41.7s
[ 2300/10000] loss=0.0121 (t=0.0033 r=0.0243 beta=0.36) | val: 2.32deg/1692mm | 43.5s
[ 2400/10000] loss=0.0131 (t=0.0038 r=0.0265 beta=0.35) | val: 2.42deg/1511mm | 45.4s
[ 2500/10000] loss=0.0117 (t=0.0030 r=0.0255 beta=0.34) | val: 2.28deg/1678mm | 47.2s
[ 2600/10000] loss=0.0118 (t=0.0034 r=0.0259 beta=0.33) | val: 2.38deg/1645mm | 49.0s
