=== 128d Additional Seeds ===
=== exp14s_128d_wider_seed314 (GPU 3) ===
[ 3800/5000] loss=0.0054 (t=0.0014 r=0.0129 beta=0.31) | val: 1.69deg/1420mm | 421.0s
[ 3900/5000] loss=0.0055 (t=0.0014 r=0.0133 beta=0.31) | val: 1.65deg/1462mm | 432.1s
[ 4000/5000] loss=0.0055 (t=0.0015 r=0.0133 beta=0.31) | val: 1.68deg/1479mm | 443.4s
[ 4100/5000] loss=0.0054 (t=0.0013 r=0.0133 beta=0.31) | val: 1.66deg/1561mm | 454.6s
[ 4200/5000] loss=0.0054 (t=0.0014 r=0.0133 beta=0.30) | val: 1.71deg/1495mm | 465.9s
[ 4300/5000] loss=0.0054 (t=0.0014 r=0.0131 beta=0.30) | val: 1.69deg/1494mm | 477.1s
[ 4400/5000] loss=0.0055 (t=0.0015 r=0.0133 beta=0.30) | val: 1.67deg/1436mm | 488.4s
[ 4500/5000] loss=0.0054 (t=0.0014 r=0.0130 beta=0.30) | val: 1.70deg/1439mm | 499.7s
[ 4600/5000] loss=0.0053 (t=0.0014 r=0.0129 beta=0.30) | val: 1.67deg/1502mm | 510.9s
[ 4700/5000] loss=0.0055 (t=0.0014 r=0.0135 beta=0.30) | val: 1.71deg/1487mm | 522.1s
[ 4800/5000] loss=0.0052 (t=0.0013 r=0.0132 beta=0.30) | val: 1.71deg/1462mm | 533.4s
[ 4900/5000] loss=0.0053 (t=0.0014 r=0.0129 beta=0.30) | val: 1.70deg/1464mm | 544.3s
[ 5000/5000] loss=0.0053 (t=0.0014 r=0.0130 beta=0.30) | val: 1.70deg/1459mm | 555.6s

Training done. Best epoch: 700, score: 1.4398

Loaded best model from epoch 700

======================================================================
EVALUATION RESULTS (Direct Regression)
======================================================================
Rotation  (median): 1.70deg
Translation (median): 1272mm

  R@5deg_1m: 37.9%  (rot_pass=94.0%, trans_pass=38.5%)
  R@10deg_2m: 72.0%  (rot_pass=99.5%, trans_pass=72.5%)
  R@15deg_5m: 91.2%  (rot_pass=100.0%, trans_pass=91.2%)
  R@25deg_5m: 91.2%  (rot_pass=100.0%, trans_pass=91.2%)

======================================================================
EVALUATION RESULTS (Retrieval Mode)
======================================================================
Retrieval median: 11.20deg / 2384mm
  R@5deg_1m: 3.3%  (rot=6.6%, trans=20.9%)
  R@10deg_2m: 20.3%  (rot=42.9%, trans=45.6%)
  R@15deg_5m: 57.1%  (rot=70.3%, trans=86.3%)
  R@25deg_5m: 83.0%  (rot=96.7%, trans=86.3%)
======================================================================

Done!
--- exp14s_128d_wider_seed314 done ---

=== exp14s_128d_wider_seed628 (GPU 3) ===
[ 3800/5000] loss=0.0059 (t=0.0015 r=0.0141 beta=0.31) | val: 1.70deg/1515mm | 431.1s
[ 3900/5000] loss=0.0057 (t=0.0014 r=0.0138 beta=0.31) | val: 1.80deg/1559mm | 440.2s
[ 4000/5000] loss=0.0059 (t=0.0017 r=0.0137 beta=0.31) | val: 1.73deg/1493mm | 448.8s
[ 4100/5000] loss=0.0056 (t=0.0014 r=0.0135 beta=0.31) | val: 1.68deg/1528mm | 457.7s
[ 4200/5000] loss=0.0057 (t=0.0015 r=0.0137 beta=0.31) | val: 1.73deg/1478mm | 468.9s
[ 4300/5000] loss=0.0055 (t=0.0015 r=0.0132 beta=0.31) | val: 1.78deg/1493mm | 480.2s
[ 4400/5000] loss=0.0055 (t=0.0014 r=0.0136 beta=0.31) | val: 1.80deg/1556mm | 491.4s
[ 4500/5000] loss=0.0056 (t=0.0015 r=0.0137 beta=0.30) | val: 1.70deg/1504mm | 502.7s
[ 4600/5000] loss=0.0054 (t=0.0013 r=0.0134 beta=0.30) | val: 1.69deg/1509mm | 513.9s
[ 4700/5000] loss=0.0054 (t=0.0014 r=0.0133 beta=0.30) | val: 1.64deg/1492mm | 525.2s
[ 4800/5000] loss=0.0053 (t=0.0014 r=0.0131 beta=0.30) | val: 1.68deg/1519mm | 536.3s
[ 4900/5000] loss=0.0053 (t=0.0014 r=0.0130 beta=0.30) | val: 1.66deg/1520mm | 547.5s
[ 5000/5000] loss=0.0054 (t=0.0014 r=0.0132 beta=0.30) | val: 1.66deg/1525mm | 558.7s

Training done. Best epoch: 1830, score: 1.4778

Loaded best model from epoch 1830

======================================================================
EVALUATION RESULTS (Direct Regression)
======================================================================
Rotation  (median): 1.56deg
Translation (median): 1325mm

  R@5deg_1m: 35.7%  (rot_pass=92.3%, trans_pass=36.8%)
  R@10deg_2m: 66.5%  (rot_pass=99.5%, trans_pass=67.0%)
  R@15deg_5m: 89.6%  (rot_pass=100.0%, trans_pass=89.6%)
  R@25deg_5m: 89.6%  (rot_pass=100.0%, trans_pass=89.6%)

======================================================================
EVALUATION RESULTS (Retrieval Mode)
======================================================================
Retrieval median: 11.39deg / 2490mm
  R@5deg_1m: 2.2%  (rot=6.0%, trans=20.9%)
  R@10deg_2m: 18.7%  (rot=41.2%, trans=44.0%)
  R@15deg_5m: 55.5%  (rot=68.7%, trans=85.7%)
  R@25deg_5m: 84.1%  (rot=98.4%, trans=85.7%)
======================================================================

Done!
--- exp14s_128d_wider_seed628 done ---

=== exp14s_128d_wider_seed999 (GPU 3) ===
[ 3800/5000] loss=0.0058 (t=0.0015 r=0.0136 beta=0.31) | val: 1.75deg/1455mm | 432.2s
[ 3900/5000] loss=0.0057 (t=0.0015 r=0.0136 beta=0.31) | val: 1.74deg/1403mm | 443.5s
[ 4000/5000] loss=0.0056 (t=0.0014 r=0.0135 beta=0.31) | val: 1.77deg/1408mm | 454.8s
[ 4100/5000] loss=0.0055 (t=0.0014 r=0.0132 beta=0.31) | val: 1.86deg/1390mm | 466.0s
[ 4200/5000] loss=0.0057 (t=0.0015 r=0.0137 beta=0.31) | val: 1.85deg/1472mm | 477.3s
[ 4300/5000] loss=0.0054 (t=0.0014 r=0.0131 beta=0.31) | val: 1.80deg/1447mm | 488.0s
[ 4400/5000] loss=0.0055 (t=0.0014 r=0.0134 beta=0.30) | val: 1.77deg/1434mm | 499.3s
[ 4500/5000] loss=0.0055 (t=0.0015 r=0.0133 beta=0.30) | val: 1.85deg/1402mm | 510.6s
[ 4600/5000] loss=0.0053 (t=0.0014 r=0.0128 beta=0.30) | val: 1.82deg/1419mm | 521.8s
[ 4700/5000] loss=0.0052 (t=0.0014 r=0.0128 beta=0.30) | val: 1.80deg/1414mm | 533.1s
[ 4800/5000] loss=0.0055 (t=0.0015 r=0.0132 beta=0.30) | val: 1.80deg/1432mm | 544.3s
[ 4900/5000] loss=0.0055 (t=0.0014 r=0.0134 beta=0.30) | val: 1.81deg/1409mm | 555.6s
[ 5000/5000] loss=0.0054 (t=0.0015 r=0.0130 beta=0.30) | val: 1.82deg/1403mm | 566.9s

Training done. Best epoch: 880, score: 1.4811

Loaded best model from epoch 880

======================================================================
EVALUATION RESULTS (Direct Regression)
======================================================================
Rotation  (median): 1.66deg
Translation (median): 1316mm

  R@5deg_1m: 35.2%  (rot_pass=94.0%, trans_pass=35.2%)
  R@10deg_2m: 67.0%  (rot_pass=100.0%, trans_pass=67.0%)
  R@15deg_5m: 92.9%  (rot_pass=100.0%, trans_pass=92.9%)
  R@25deg_5m: 92.9%  (rot_pass=100.0%, trans_pass=92.9%)

======================================================================
EVALUATION RESULTS (Retrieval Mode)
======================================================================
Retrieval median: 11.30deg / 2408mm
  R@5deg_1m: 3.8%  (rot=7.7%, trans=19.8%)
  R@10deg_2m: 19.8%  (rot=42.3%, trans=44.5%)
  R@15deg_5m: 58.2%  (rot=70.9%, trans=86.8%)
  R@25deg_5m: 83.0%  (rot=96.2%, trans=86.8%)
======================================================================

Done!
--- exp14s_128d_wider_seed999 done ---

=== exp14s_128d_wider_seed1337 (GPU 3) ===
[ 3800/5000] loss=0.0058 (t=0.0016 r=0.0134 beta=0.31) | val: 1.69deg/1512mm | 423.8s
[ 3900/5000] loss=0.0057 (t=0.0015 r=0.0135 beta=0.31) | val: 1.65deg/1499mm | 435.1s
[ 4000/5000] loss=0.0055 (t=0.0015 r=0.0131 beta=0.31) | val: 1.76deg/1575mm | 446.4s
[ 4100/5000] loss=0.0055 (t=0.0014 r=0.0134 beta=0.31) | val: 1.66deg/1523mm | 457.6s
[ 4200/5000] loss=0.0055 (t=0.0014 r=0.0134 beta=0.31) | val: 1.72deg/1499mm | 469.0s
[ 4300/5000] loss=0.0052 (t=0.0013 r=0.0127 beta=0.30) | val: 1.73deg/1465mm | 480.1s
[ 4400/5000] loss=0.0054 (t=0.0015 r=0.0130 beta=0.30) | val: 1.75deg/1466mm | 491.5s
[ 4500/5000] loss=0.0054 (t=0.0014 r=0.0133 beta=0.30) | val: 1.69deg/1514mm | 502.8s
[ 4600/5000] loss=0.0056 (t=0.0015 r=0.0135 beta=0.30) | val: 1.67deg/1469mm | 514.0s
[ 4700/5000] loss=0.0054 (t=0.0013 r=0.0133 beta=0.30) | val: 1.68deg/1496mm | 525.3s
[ 4800/5000] loss=0.0053 (t=0.0014 r=0.0128 beta=0.30) | val: 1.64deg/1506mm | 536.6s
[ 4900/5000] loss=0.0055 (t=0.0014 r=0.0133 beta=0.30) | val: 1.64deg/1497mm | 547.8s
[ 5000/5000] loss=0.0054 (t=0.0014 r=0.0131 beta=0.30) | val: 1.64deg/1482mm | 559.0s

Training done. Best epoch: 1070, score: 1.4253

Loaded best model from epoch 1070

======================================================================
EVALUATION RESULTS (Direct Regression)
======================================================================
Rotation  (median): 1.53deg
Translation (median): 1279mm

  R@5deg_1m: 35.7%  (rot_pass=92.3%, trans_pass=36.3%)
  R@10deg_2m: 69.2%  (rot_pass=99.5%, trans_pass=69.8%)
  R@15deg_5m: 92.9%  (rot_pass=100.0%, trans_pass=92.9%)
  R@25deg_5m: 92.9%  (rot_pass=100.0%, trans_pass=92.9%)

======================================================================
EVALUATION RESULTS (Retrieval Mode)
======================================================================
Retrieval median: 11.68deg / 2408mm
  R@5deg_1m: 2.2%  (rot=4.9%, trans=20.3%)
  R@10deg_2m: 19.2%  (rot=40.7%, trans=45.1%)
  R@15deg_5m: 57.7%  (rot=69.8%, trans=87.9%)
  R@25deg_5m: 84.1%  (rot=96.2%, trans=87.9%)
======================================================================

Done!
--- exp14s_128d_wider_seed1337 done ---

=== exp14s_128d_wider_seed4242 (GPU 3) ===
[ 3800/5000] loss=0.0056 (t=0.0015 r=0.0135 beta=0.31) | val: 1.77deg/1453mm | 423.6s
[ 3900/5000] loss=0.0055 (t=0.0014 r=0.0133 beta=0.30) | val: 1.75deg/1460mm | 434.9s
[ 4000/5000] loss=0.0054 (t=0.0014 r=0.0131 beta=0.30) | val: 1.72deg/1472mm | 446.1s
[ 4100/5000] loss=0.0055 (t=0.0015 r=0.0136 beta=0.30) | val: 1.78deg/1528mm | 457.4s
[ 4200/5000] loss=0.0054 (t=0.0014 r=0.0132 beta=0.30) | val: 1.72deg/1529mm | 468.5s
[ 4300/5000] loss=0.0053 (t=0.0014 r=0.0131 beta=0.30) | val: 1.72deg/1481mm | 479.7s
[ 4400/5000] loss=0.0052 (t=0.0013 r=0.0130 beta=0.30) | val: 1.74deg/1428mm | 490.8s
[ 4500/5000] loss=0.0052 (t=0.0013 r=0.0130 beta=0.30) | val: 1.72deg/1474mm | 502.1s
[ 4600/5000] loss=0.0053 (t=0.0014 r=0.0132 beta=0.30) | val: 1.74deg/1437mm | 513.3s
[ 4700/5000] loss=0.0052 (t=0.0013 r=0.0129 beta=0.30) | val: 1.75deg/1467mm | 524.6s
[ 4800/5000] loss=0.0054 (t=0.0014 r=0.0134 beta=0.30) | val: 1.71deg/1449mm | 535.9s
[ 4900/5000] loss=0.0052 (t=0.0014 r=0.0130 beta=0.30) | val: 1.73deg/1459mm | 547.2s
[ 5000/5000] loss=0.0053 (t=0.0014 r=0.0131 beta=0.30) | val: 1.72deg/1461mm | 558.4s

Training done. Best epoch: 990, score: 1.4591

Loaded best model from epoch 990

======================================================================
EVALUATION RESULTS (Direct Regression)
======================================================================
Rotation  (median): 1.83deg
Translation (median): 1304mm

  R@5deg_1m: 34.1%  (rot_pass=92.9%, trans_pass=34.6%)
  R@10deg_2m: 68.7%  (rot_pass=99.5%, trans_pass=69.2%)
  R@15deg_5m: 90.7%  (rot_pass=100.0%, trans_pass=90.7%)
  R@25deg_5m: 90.7%  (rot_pass=100.0%, trans_pass=90.7%)

======================================================================
EVALUATION RESULTS (Retrieval Mode)
======================================================================
Retrieval median: 11.46deg / 2447mm
  R@5deg_1m: 2.2%  (rot=5.5%, trans=20.9%)
  R@10deg_2m: 20.3%  (rot=42.9%, trans=44.5%)
  R@15deg_5m: 57.7%  (rot=69.8%, trans=85.7%)
  R@25deg_5m: 83.0%  (rot=96.2%, trans=85.7%)
======================================================================

Done!
--- exp14s_128d_wider_seed4242 done ---

=== exp14s_128d_wider_seed7890 (GPU 3) ===
[ 3800/5000] loss=0.0057 (t=0.0014 r=0.0136 beta=0.31) | val: 1.77deg/1480mm | 433.6s
[ 3900/5000] loss=0.0057 (t=0.0015 r=0.0135 beta=0.31) | val: 1.77deg/1534mm | 444.7s
[ 4000/5000] loss=0.0057 (t=0.0014 r=0.0140 beta=0.31) | val: 1.80deg/1405mm | 456.0s
[ 4100/5000] loss=0.0057 (t=0.0015 r=0.0137 beta=0.31) | val: 1.70deg/1447mm | 467.2s
[ 4200/5000] loss=0.0056 (t=0.0015 r=0.0133 beta=0.31) | val: 1.76deg/1465mm | 478.5s
[ 4300/5000] loss=0.0054 (t=0.0014 r=0.0129 beta=0.31) | val: 1.69deg/1491mm | 489.7s
[ 4400/5000] loss=0.0055 (t=0.0014 r=0.0135 beta=0.31) | val: 1.69deg/1507mm | 499.5s
[ 4500/5000] loss=0.0054 (t=0.0013 r=0.0133 beta=0.30) | val: 1.73deg/1468mm | 508.7s
[ 4600/5000] loss=0.0054 (t=0.0014 r=0.0133 beta=0.30) | val: 1.72deg/1458mm | 517.8s
[ 4700/5000] loss=0.0053 (t=0.0014 r=0.0129 beta=0.30) | val: 1.68deg/1480mm | 527.0s
[ 4800/5000] loss=0.0053 (t=0.0014 r=0.0131 beta=0.30) | val: 1.70deg/1495mm | 535.6s
[ 4900/5000] loss=0.0053 (t=0.0013 r=0.0131 beta=0.30) | val: 1.70deg/1511mm | 546.4s
[ 5000/5000] loss=0.0056 (t=0.0015 r=0.0137 beta=0.30) | val: 1.69deg/1507mm | 557.7s

Training done. Best epoch: 1350, score: 1.4438

Loaded best model from epoch 1350

======================================================================
EVALUATION RESULTS (Direct Regression)
======================================================================
Rotation  (median): 1.59deg
Translation (median): 1292mm

  R@5deg_1m: 38.5%  (rot_pass=94.0%, trans_pass=39.0%)
  R@10deg_2m: 68.1%  (rot_pass=99.5%, trans_pass=68.7%)
  R@15deg_5m: 92.9%  (rot_pass=100.0%, trans_pass=92.9%)
  R@25deg_5m: 92.9%  (rot_pass=100.0%, trans_pass=92.9%)

======================================================================
EVALUATION RESULTS (Retrieval Mode)
======================================================================
Retrieval median: 11.39deg / 2456mm
  R@5deg_1m: 2.2%  (rot=5.5%, trans=19.8%)
  R@10deg_2m: 19.8%  (rot=41.8%, trans=44.5%)
  R@15deg_5m: 57.1%  (rot=70.9%, trans=85.7%)
  R@25deg_5m: 81.9%  (rot=96.2%, trans=85.7%)
======================================================================

Done!
--- exp14s_128d_wider_seed7890 done ---

=== exp14s_128d_wider_seed11111 (GPU 3) ===
[ 3800/5000] loss=0.0061 (t=0.0014 r=0.0141 beta=0.33) | val: 1.80deg/1463mm | 433.1s
[ 3900/5000] loss=0.0060 (t=0.0015 r=0.0135 beta=0.33) | val: 1.80deg/1414mm | 444.3s
[ 4000/5000] loss=0.0059 (t=0.0015 r=0.0133 beta=0.33) | val: 1.83deg/1479mm | 455.5s
[ 4100/5000] loss=0.0058 (t=0.0014 r=0.0134 beta=0.33) | val: 1.85deg/1458mm | 466.8s
[ 4200/5000] loss=0.0057 (t=0.0015 r=0.0132 beta=0.32) | val: 1.73deg/1475mm | 478.1s
[ 4300/5000] loss=0.0056 (t=0.0014 r=0.0130 beta=0.32) | val: 1.78deg/1491mm | 489.4s
[ 4400/5000] loss=0.0058 (t=0.0014 r=0.0135 beta=0.32) | val: 1.79deg/1479mm | 500.7s
[ 4500/5000] loss=0.0059 (t=0.0014 r=0.0137 beta=0.32) | val: 1.83deg/1493mm | 512.1s
[ 4600/5000] loss=0.0057 (t=0.0015 r=0.0133 beta=0.32) | val: 1.76deg/1506mm | 523.4s
[ 4700/5000] loss=0.0056 (t=0.0014 r=0.0130 beta=0.32) | val: 1.78deg/1490mm | 534.7s
[ 4800/5000] loss=0.0057 (t=0.0014 r=0.0132 beta=0.32) | val: 1.77deg/1512mm | 545.9s
[ 4900/5000] loss=0.0056 (t=0.0014 r=0.0134 beta=0.32) | val: 1.78deg/1494mm | 557.1s
[ 5000/5000] loss=0.0056 (t=0.0013 r=0.0133 beta=0.32) | val: 1.78deg/1494mm | 568.3s

Training done. Best epoch: 600, score: 1.4238

Loaded best model from epoch 600

======================================================================
EVALUATION RESULTS (Direct Regression)
======================================================================
Rotation  (median): 1.73deg
Translation (median): 1255mm

  R@5deg_1m: 37.9%  (rot_pass=95.6%, trans_pass=37.9%)
  R@10deg_2m: 69.8%  (rot_pass=99.5%, trans_pass=69.8%)
  R@15deg_5m: 92.9%  (rot_pass=100.0%, trans_pass=92.9%)
  R@25deg_5m: 92.9%  (rot_pass=100.0%, trans_pass=92.9%)

======================================================================
EVALUATION RESULTS (Retrieval Mode)
======================================================================
Retrieval median: 11.39deg / 2567mm
  R@5deg_1m: 2.2%  (rot=3.8%, trans=21.4%)
  R@10deg_2m: 19.8%  (rot=43.4%, trans=42.9%)
  R@15deg_5m: 57.7%  (rot=69.8%, trans=87.9%)
  R@25deg_5m: 84.1%  (rot=96.2%, trans=87.9%)
======================================================================

Done!
--- exp14s_128d_wider_seed11111 done ---

=== exp14s_128d_wider_seed22222 (GPU 3) ===
[ 3800/5000] loss=0.0058 (t=0.0015 r=0.0133 beta=0.32) | val: 1.71deg/1544mm | 424.1s
[ 3900/5000] loss=0.0058 (t=0.0014 r=0.0138 beta=0.32) | val: 1.75deg/1516mm | 435.4s
[ 4000/5000] loss=0.0056 (t=0.0014 r=0.0133 beta=0.32) | val: 1.78deg/1526mm | 446.7s
[ 4100/5000] loss=0.0056 (t=0.0015 r=0.0130 beta=0.31) | val: 1.66deg/1502mm | 458.0s
[ 4200/5000] loss=0.0055 (t=0.0014 r=0.0131 beta=0.31) | val: 1.75deg/1566mm | 469.3s
[ 4300/5000] loss=0.0056 (t=0.0015 r=0.0132 beta=0.31) | val: 1.72deg/1565mm | 480.4s
[ 4400/5000] loss=0.0055 (t=0.0014 r=0.0132 beta=0.31) | val: 1.76deg/1536mm | 491.8s
[ 4500/5000] loss=0.0055 (t=0.0014 r=0.0132 beta=0.31) | val: 1.79deg/1534mm | 503.1s
[ 4600/5000] loss=0.0056 (t=0.0015 r=0.0132 beta=0.31) | val: 1.72deg/1523mm | 514.4s
[ 4700/5000] loss=0.0053 (t=0.0014 r=0.0127 beta=0.31) | val: 1.74deg/1523mm | 525.7s
[ 4800/5000] loss=0.0053 (t=0.0013 r=0.0129 beta=0.31) | val: 1.72deg/1543mm | 537.1s
[ 4900/5000] loss=0.0054 (t=0.0014 r=0.0129 beta=0.31) | val: 1.71deg/1536mm | 548.4s
[ 5000/5000] loss=0.0055 (t=0.0014 r=0.0132 beta=0.31) | val: 1.71deg/1530mm | 559.8s

Training done. Best epoch: 670, score: 1.4769

Loaded best model from epoch 670

======================================================================
EVALUATION RESULTS (Direct Regression)
======================================================================
Rotation  (median): 1.85deg
Translation (median): 1302mm

  R@5deg_1m: 40.1%  (rot_pass=92.9%, trans_pass=40.7%)
  R@10deg_2m: 69.2%  (rot_pass=99.5%, trans_pass=69.2%)
  R@15deg_5m: 92.9%  (rot_pass=100.0%, trans_pass=92.9%)
  R@25deg_5m: 92.9%  (rot_pass=100.0%, trans_pass=92.9%)

======================================================================
EVALUATION RESULTS (Retrieval Mode)
======================================================================
Retrieval median: 10.90deg / 2338mm
  R@5deg_1m: 2.7%  (rot=5.5%, trans=22.0%)
  R@10deg_2m: 21.4%  (rot=45.1%, trans=45.6%)
  R@15deg_5m: 57.7%  (rot=70.9%, trans=86.8%)
  R@25deg_5m: 83.5%  (rot=96.7%, trans=86.8%)
======================================================================

Done!
--- exp14s_128d_wider_seed22222 done ---

=== DONE ===
