Random seed: 123
Using device: cuda:4

Loading data (fine=True, coarse=True, summary=False)...
  Loaded fine_geo: torch.Size([895, 128, 68, 120])
  Loaded coarse_sem: torch.Size([895, 128, 68, 120])
  [train] 895 samples loaded
  Loaded fine_geo: torch.Size([182, 128, 68, 120])
  Loaded coarse_sem: torch.Size([182, 128, 68, 120])
  [test] 182 samples loaded

Building center anchors...
  Anchor KMeans: K=32, inertia=5151.9
  Samples per anchor: min=13, mean=28.0, median=27, max=56
  Residual std: [1.6799154  0.33601812 1.681575  ]
  Feature dim after pooling: 1024
Model parameters: 6,394,639
[    1/10000] loss=5.0855 (cls=3.8194 res=0.6516 f=0.4137 u=0.8154) | val: 26.98deg/7529mm R@10/2=0.0% R@5/1=0.0% a@1=39.6% a@3=50.5% a@5=59.9% oracle2m=11.0% | 0.9s
[  100/10000] loss=0.5795 (cls=0.4176 res=0.1605 f=0.0014 u=0.0012) | val: 3.95deg/2865mm R@10/2=43.4% R@5/1=20.3% a@1=71.4% a@3=92.9% a@5=98.4% oracle2m=48.9% | 2.9s
[  200/10000] loss=0.4639 (cls=0.3691 res=0.0941 f=0.0007 u=0.0006) | val: 3.07deg/2592mm R@10/2=41.8% R@5/1=21.4% a@1=63.2% a@3=95.1% a@5=97.8% oracle2m=46.7% | 4.8s
[  300/10000] loss=0.5413 (cls=0.4629 res=0.0778 f=0.0007 u=0.0004) | val: 2.74deg/2707mm R@10/2=42.9% R@5/1=26.4% a@1=65.4% a@3=95.6% a@5=99.5% oracle2m=45.6% | 6.6s
[  400/10000] loss=0.4818 (cls=0.4272 res=0.0542 f=0.0006 u=0.0003) | val: 2.63deg/2469mm R@10/2=45.6% R@5/1=23.6% a@1=64.3% a@3=95.6% a@5=98.9% oracle2m=48.4% | 8.6s
[  500/10000] loss=0.4361 (cls=0.3879 res=0.0479 f=0.0004 u=0.0003) | val: 2.66deg/2079mm R@10/2=48.9% R@5/1=24.2% a@1=68.1% a@3=92.9% a@5=97.8% oracle2m=47.8% | 10.5s
[  600/10000] loss=0.4338 (cls=0.3939 res=0.0395 f=0.0004 u=0.0002) | val: 2.38deg/2438mm R@10/2=43.4% R@5/1=23.1% a@1=67.0% a@3=94.5% a@5=98.9% oracle2m=44.0% | 12.3s
[  700/10000] loss=0.4806 (cls=0.4396 res=0.0407 f=0.0003 u=0.0002) | val: 2.64deg/2477mm R@10/2=45.6% R@5/1=23.6% a@1=70.9% a@3=95.1% a@5=98.4% oracle2m=46.2% | 14.2s
[  800/10000] loss=0.4560 (cls=0.4248 res=0.0309 f=0.0003 u=0.0002) | val: 2.75deg/2424mm R@10/2=44.5% R@5/1=24.2% a@1=68.1% a@3=94.5% a@5=98.4% oracle2m=43.4% | 16.1s
[  900/10000] loss=0.4435 (cls=0.4173 res=0.0260 f=0.0003 u=0.0002) | val: 2.65deg/2408mm R@10/2=46.2% R@5/1=23.6% a@1=69.2% a@3=93.4% a@5=94.5% oracle2m=45.6% | 17.9s
[ 1000/10000] loss=0.4344 (cls=0.4094 res=0.0247 f=0.0003 u=0.0002) | val: 2.60deg/2334mm R@10/2=47.3% R@5/1=25.3% a@1=70.3% a@3=95.6% a@5=98.4% oracle2m=46.7% | 19.8s
[ 1100/10000] loss=0.4128 (cls=0.3911 res=0.0215 f=0.0002 u=0.0002) | val: 2.65deg/2136mm R@10/2=47.3% R@5/1=24.2% a@1=71.4% a@3=94.0% a@5=96.7% oracle2m=45.1% | 21.7s
[ 1200/10000] loss=0.4128 (cls=0.3913 res=0.0213 f=0.0003 u=0.0001) | val: 2.83deg/2467mm R@10/2=45.6% R@5/1=20.3% a@1=68.1% a@3=95.6% a@5=98.4% oracle2m=47.3% | 23.5s
[ 1300/10000] loss=0.3921 (cls=0.3724 res=0.0195 f=0.0003 u=0.0002) | val: 2.61deg/2351mm R@10/2=45.6% R@5/1=19.8% a@1=68.1% a@3=94.0% a@5=98.4% oracle2m=46.7% | 25.4s
[ 1400/10000] loss=0.4031 (cls=0.3837 res=0.0192 f=0.0003 u=0.0002) | val: 2.89deg/2291mm R@10/2=46.2% R@5/1=23.6% a@1=68.7% a@3=95.1% a@5=98.4% oracle2m=46.7% | 27.3s
[ 1500/10000] loss=0.4172 (cls=0.4003 res=0.0168 f=0.0002 u=0.0001) | val: 2.89deg/2382mm R@10/2=46.2% R@5/1=21.4% a@1=68.7% a@3=92.9% a@5=98.4% oracle2m=47.3% | 29.2s
[ 1600/10000] loss=0.4348 (cls=0.4154 res=0.0191 f=0.0002 u=0.0001) | val: 2.66deg/2618mm R@10/2=44.5% R@5/1=20.9% a@1=67.6% a@3=94.5% a@5=98.4% oracle2m=46.2% | 31.1s
[ 1700/10000] loss=0.4366 (cls=0.4223 res=0.0142 f=0.0002 u=0.0001) | val: 2.62deg/2592mm R@10/2=41.2% R@5/1=18.7% a@1=67.6% a@3=94.0% a@5=98.4% oracle2m=46.7% | 33.1s
[ 1800/10000] loss=0.4200 (cls=0.4033 res=0.0165 f=0.0002 u=0.0001) | val: 2.74deg/2414mm R@10/2=41.8% R@5/1=22.0% a@1=68.7% a@3=95.1% a@5=98.9% oracle2m=46.2% | 35.0s
[ 1900/10000] loss=0.4052 (cls=0.3913 res=0.0138 f=0.0002 u=0.0001) | val: 2.77deg/2428mm R@10/2=45.6% R@5/1=19.2% a@1=67.0% a@3=92.3% a@5=97.3% oracle2m=45.6% | 36.9s
[ 2000/10000] loss=0.3956 (cls=0.3822 res=0.0132 f=0.0002 u=0.0001) | val: 2.65deg/2600mm R@10/2=44.0% R@5/1=17.6% a@1=67.0% a@3=92.9% a@5=98.4% oracle2m=45.6% | 38.8s
[ 2100/10000] loss=0.4115 (cls=0.3985 res=0.0128 f=0.0002 u=0.0001) | val: 2.79deg/2479mm R@10/2=44.5% R@5/1=23.6% a@1=67.6% a@3=94.0% a@5=97.8% oracle2m=45.6% | 40.8s
[ 2200/10000] loss=0.4001 (cls=0.3870 res=0.0130 f=0.0002 u=0.0001) | val: 2.61deg/2465mm R@10/2=41.8% R@5/1=20.3% a@1=68.1% a@3=93.4% a@5=97.8% oracle2m=45.1% | 42.7s
[ 2300/10000] loss=0.4325 (cls=0.4196 res=0.0128 f=0.0001 u=0.0001) | val: 2.82deg/2441mm R@10/2=44.5% R@5/1=19.2% a@1=68.1% a@3=93.4% a@5=97.8% oracle2m=45.6% | 44.7s
[ 2400/10000] loss=0.4427 (cls=0.4307 res=0.0118 f=0.0002 u=0.0001) | val: 2.65deg/2656mm R@10/2=41.8% R@5/1=19.8% a@1=66.5% a@3=92.9% a@5=97.8% oracle2m=44.5% | 46.6s
[ 2500/10000] loss=0.4138 (cls=0.4018 res=0.0118 f=0.0002 u=0.0001) | val: 2.85deg/2588mm R@10/2=41.8% R@5/1=16.5% a@1=66.5% a@3=94.5% a@5=98.4% oracle2m=47.3% | 48.5s
[ 2600/10000] loss=0.3854 (cls=0.3732 res=0.0120 f=0.0002 u=0.0001) | val: 2.79deg/2453mm R@10/2=44.0% R@5/1=21.4% a@1=67.6% a@3=95.1% a@5=98.4% oracle2m=46.2% | 50.4s
[ 2700/10000] loss=0.4156 (cls=0.4038 res=0.0116 f=0.0002 u=0.0001) | val: 2.76deg/2851mm R@10/2=38.5% R@5/1=18.7% a@1=65.4% a@3=93.4% a@5=97.8% oracle2m=44.5% | 52.3s
[ 2800/10000] loss=0.3837 (cls=0.3714 res=0.0122 f=0.0002 u=0.0001) | val: 2.68deg/2520mm R@10/2=41.2% R@5/1=18.7% a@1=65.9% a@3=95.1% a@5=98.4% oracle2m=45.1% | 54.2s
[ 2900/10000] loss=0.4159 (cls=0.4054 res=0.0103 f=0.0002 u=0.0001) | val: 2.71deg/2487mm R@10/2=44.5% R@5/1=18.7% a@1=68.7% a@3=95.1% a@5=98.4% oracle2m=44.5% | 56.1s
[ 3000/10000] loss=0.3846 (cls=0.3713 res=0.0132 f=0.0001 u=0.0001) | val: 2.90deg/2789mm R@10/2=40.7% R@5/1=17.0% a@1=65.4% a@3=93.4% a@5=97.8% oracle2m=46.2% | 58.1s
[ 3100/10000] loss=0.4350 (cls=0.4228 res=0.0121 f=0.0001 u=0.0001) | val: 2.89deg/2508mm R@10/2=44.0% R@5/1=19.8% a@1=69.2% a@3=95.1% a@5=98.4% oracle2m=45.6% | 60.0s
[ 3200/10000] loss=0.4530 (cls=0.4444 res=0.0085 f=0.0001 u=0.0001) | val: 2.93deg/2584mm R@10/2=43.4% R@5/1=20.9% a@1=68.1% a@3=95.1% a@5=97.8% oracle2m=46.7% | 62.0s
[ 3300/10000] loss=0.4023 (cls=0.3923 res=0.0098 f=0.0001 u=0.0001) | val: 2.95deg/2717mm R@10/2=40.1% R@5/1=21.4% a@1=65.9% a@3=94.5% a@5=97.8% oracle2m=46.2% | 63.9s
[ 3400/10000] loss=0.3830 (cls=0.3739 res=0.0090 f=0.0002 u=0.0001) | val: 2.76deg/2579mm R@10/2=39.6% R@5/1=18.7% a@1=65.4% a@3=94.0% a@5=97.8% oracle2m=44.5% | 65.9s
[ 3500/10000] loss=0.3768 (cls=0.3662 res=0.0104 f=0.0001 u=0.0001) | val: 2.66deg/2705mm R@10/2=42.3% R@5/1=18.1% a@1=64.8% a@3=94.0% a@5=97.8% oracle2m=45.6% | 67.8s
[ 3600/10000] loss=0.4121 (cls=0.4027 res=0.0093 f=0.0001 u=0.0001) | val: 2.82deg/2634mm R@10/2=39.6% R@5/1=15.4% a@1=65.9% a@3=94.5% a@5=97.8% oracle2m=45.6% | 69.7s
[ 3700/10000] loss=0.3758 (cls=0.3656 res=0.0102 f=0.0002 u=0.0001) | val: 2.76deg/2775mm R@10/2=40.1% R@5/1=19.2% a@1=66.5% a@3=94.0% a@5=98.4% oracle2m=44.5% | 71.7s
[ 3800/10000] loss=0.3963 (cls=0.3871 res=0.0091 f=0.0001 u=0.0001) | val: 2.82deg/2827mm R@10/2=39.0% R@5/1=18.1% a@1=67.6% a@3=94.5% a@5=97.8% oracle2m=44.5% | 73.6s
[ 3900/10000] loss=0.3931 (cls=0.3846 res=0.0083 f=0.0002 u=0.0001) | val: 2.90deg/2872mm R@10/2=39.6% R@5/1=15.9% a@1=65.9% a@3=94.0% a@5=98.4% oracle2m=46.2% | 75.5s
[ 4000/10000] loss=0.3949 (cls=0.3876 res=0.0072 f=0.0001 u=0.0001) | val: 2.87deg/2744mm R@10/2=42.9% R@5/1=19.2% a@1=67.0% a@3=94.0% a@5=98.4% oracle2m=46.2% | 77.4s
[ 4100/10000] loss=0.3595 (cls=0.3511 res=0.0082 f=0.0001 u=0.0001) | val: 2.75deg/2744mm R@10/2=40.7% R@5/1=18.1% a@1=68.1% a@3=95.1% a@5=98.4% oracle2m=45.6% | 79.3s
[ 4200/10000] loss=0.4015 (cls=0.3925 res=0.0089 f=0.0001 u=0.0001) | val: 2.88deg/2855mm R@10/2=39.0% R@5/1=19.2% a@1=65.9% a@3=93.4% a@5=98.4% oracle2m=45.1% | 81.2s
[ 4300/10000] loss=0.4148 (cls=0.4055 res=0.0092 f=0.0001 u=0.0001) | val: 2.93deg/2796mm R@10/2=39.0% R@5/1=18.1% a@1=65.9% a@3=94.5% a@5=98.9% oracle2m=46.2% | 83.2s
[ 4400/10000] loss=0.4136 (cls=0.4045 res=0.0090 f=0.0001 u=0.0001) | val: 2.87deg/3065mm R@10/2=39.0% R@5/1=18.7% a@1=66.5% a@3=94.5% a@5=98.4% oracle2m=46.7% | 85.1s
[ 4500/10000] loss=0.4108 (cls=0.4028 res=0.0079 f=0.0001 u=0.0001) | val: 3.10deg/3056mm R@10/2=38.5% R@5/1=17.6% a@1=65.9% a@3=92.3% a@5=98.4% oracle2m=46.2% | 87.0s
[ 4600/10000] loss=0.3949 (cls=0.3885 res=0.0064 f=0.0001 u=0.0001) | val: 3.13deg/2744mm R@10/2=39.0% R@5/1=16.5% a@1=65.9% a@3=93.4% a@5=97.8% oracle2m=45.6% | 89.0s
[ 4700/10000] loss=0.3995 (cls=0.3922 res=0.0072 f=0.0001 u=0.0001) | val: 2.92deg/2749mm R@10/2=38.5% R@5/1=18.1% a@1=67.0% a@3=93.4% a@5=97.8% oracle2m=44.5% | 90.9s
[ 4800/10000] loss=0.4327 (cls=0.4249 res=0.0077 f=0.0001 u=0.0001) | val: 2.91deg/2898mm R@10/2=39.0% R@5/1=18.1% a@1=68.1% a@3=92.9% a@5=97.8% oracle2m=45.1% | 92.9s
[ 4900/10000] loss=0.4087 (cls=0.4009 res=0.0077 f=0.0001 u=0.0001) | val: 3.11deg/2773mm R@10/2=37.9% R@5/1=18.7% a@1=67.6% a@3=94.0% a@5=98.4% oracle2m=45.6% | 94.8s
[ 5000/10000] loss=0.4132 (cls=0.4072 res=0.0059 f=0.0002 u=0.0001) | val: 3.00deg/2705mm R@10/2=39.0% R@5/1=18.1% a@1=67.6% a@3=94.0% a@5=98.4% oracle2m=45.6% | 96.7s
[ 5100/10000] loss=0.4244 (cls=0.4174 res=0.0070 f=0.0001 u=0.0001) | val: 2.79deg/3013mm R@10/2=38.5% R@5/1=15.9% a@1=67.0% a@3=93.4% a@5=97.8% oracle2m=45.1% | 98.6s
[ 5200/10000] loss=0.3789 (cls=0.3725 res=0.0063 f=0.0001 u=0.0001) | val: 3.02deg/2682mm R@10/2=39.6% R@5/1=18.1% a@1=66.5% a@3=93.4% a@5=97.8% oracle2m=46.2% | 100.5s
[ 5300/10000] loss=0.4207 (cls=0.4149 res=0.0057 f=0.0001 u=0.0001) | val: 2.99deg/3066mm R@10/2=36.8% R@5/1=18.7% a@1=66.5% a@3=94.0% a@5=97.8% oracle2m=46.2% | 102.4s
[ 5400/10000] loss=0.3959 (cls=0.3887 res=0.0071 f=0.0001 u=0.0001) | val: 2.88deg/2791mm R@10/2=36.3% R@5/1=19.2% a@1=67.0% a@3=93.4% a@5=98.4% oracle2m=46.7% | 104.3s
[ 5500/10000] loss=0.3710 (cls=0.3651 res=0.0058 f=0.0001 u=0.0001) | val: 3.10deg/2885mm R@10/2=37.9% R@5/1=18.1% a@1=68.1% a@3=92.9% a@5=97.8% oracle2m=44.5% | 106.2s
[ 5600/10000] loss=0.3947 (cls=0.3879 res=0.0067 f=0.0001 u=0.0001) | val: 2.96deg/2739mm R@10/2=41.2% R@5/1=21.4% a@1=69.2% a@3=93.4% a@5=97.8% oracle2m=46.7% | 108.1s
[ 5700/10000] loss=0.3820 (cls=0.3753 res=0.0065 f=0.0001 u=0.0001) | val: 2.93deg/2738mm R@10/2=38.5% R@5/1=18.7% a@1=68.1% a@3=93.4% a@5=97.8% oracle2m=44.0% | 110.0s
[ 5800/10000] loss=0.4052 (cls=0.3978 res=0.0073 f=0.0001 u=0.0001) | val: 2.98deg/2564mm R@10/2=41.2% R@5/1=18.1% a@1=67.0% a@3=93.4% a@5=97.8% oracle2m=45.6% | 111.9s
[ 5900/10000] loss=0.4019 (cls=0.3949 res=0.0069 f=0.0001 u=0.0001) | val: 2.91deg/2829mm R@10/2=38.5% R@5/1=18.1% a@1=69.2% a@3=94.0% a@5=98.4% oracle2m=45.1% | 113.8s
[ 6000/10000] loss=0.3984 (cls=0.3926 res=0.0057 f=0.0001 u=0.0001) | val: 2.98deg/2714mm R@10/2=39.6% R@5/1=19.2% a@1=67.6% a@3=93.4% a@5=97.8% oracle2m=44.5% | 115.8s
[ 6100/10000] loss=0.3728 (cls=0.3674 res=0.0053 f=0.0001 u=0.0001) | val: 3.06deg/2765mm R@10/2=37.4% R@5/1=16.5% a@1=67.0% a@3=92.9% a@5=97.8% oracle2m=44.5% | 117.7s
[ 6200/10000] loss=0.3789 (cls=0.3726 res=0.0061 f=0.0001 u=0.0001) | val: 3.12deg/2632mm R@10/2=41.2% R@5/1=17.0% a@1=65.4% a@3=92.9% a@5=97.8% oracle2m=45.1% | 119.6s
[ 6300/10000] loss=0.3743 (cls=0.3677 res=0.0065 f=0.0001 u=0.0001) | val: 2.86deg/2805mm R@10/2=39.0% R@5/1=17.0% a@1=68.1% a@3=93.4% a@5=97.8% oracle2m=45.1% | 121.5s
[ 6400/10000] loss=0.3914 (cls=0.3864 res=0.0049 f=0.0001 u=0.0001) | val: 2.89deg/2901mm R@10/2=36.3% R@5/1=18.1% a@1=68.7% a@3=92.3% a@5=97.8% oracle2m=45.1% | 123.5s
[ 6500/10000] loss=0.4034 (cls=0.3987 res=0.0046 f=0.0001 u=0.0001) | val: 2.99deg/2869mm R@10/2=39.0% R@5/1=19.2% a@1=68.1% a@3=92.9% a@5=97.8% oracle2m=45.1% | 125.4s
[ 6600/10000] loss=0.3853 (cls=0.3802 res=0.0051 f=0.0001 u=0.0000) | val: 3.01deg/2861mm R@10/2=37.9% R@5/1=16.5% a@1=68.1% a@3=92.3% a@5=97.8% oracle2m=44.5% | 127.3s
[ 6700/10000] loss=0.3733 (cls=0.3673 res=0.0059 f=0.0001 u=0.0001) | val: 3.01deg/2856mm R@10/2=38.5% R@5/1=17.6% a@1=67.0% a@3=92.3% a@5=97.8% oracle2m=44.5% | 129.2s
[ 6800/10000] loss=0.3774 (cls=0.3721 res=0.0052 f=0.0001 u=0.0001) | val: 2.85deg/2819mm R@10/2=39.6% R@5/1=18.7% a@1=68.7% a@3=93.4% a@5=97.8% oracle2m=45.1% | 131.1s
[ 6900/10000] loss=0.3975 (cls=0.3933 res=0.0041 f=0.0001 u=0.0001) | val: 2.98deg/2791mm R@10/2=38.5% R@5/1=17.0% a@1=67.6% a@3=93.4% a@5=97.8% oracle2m=45.1% | 133.0s
[ 7000/10000] loss=0.3975 (cls=0.3928 res=0.0047 f=0.0001 u=0.0001) | val: 2.97deg/2995mm R@10/2=36.3% R@5/1=18.1% a@1=68.7% a@3=92.9% a@5=97.8% oracle2m=45.1% | 134.8s
[ 7100/10000] loss=0.3898 (cls=0.3850 res=0.0048 f=0.0001 u=0.0001) | val: 3.01deg/2806mm R@10/2=37.4% R@5/1=16.5% a@1=67.6% a@3=93.4% a@5=97.8% oracle2m=45.6% | 136.7s
[ 7200/10000] loss=0.4415 (cls=0.4368 res=0.0046 f=0.0001 u=0.0001) | val: 3.05deg/2926mm R@10/2=37.4% R@5/1=18.7% a@1=66.5% a@3=92.9% a@5=97.8% oracle2m=46.2% | 138.6s
[ 7300/10000] loss=0.3693 (cls=0.3643 res=0.0049 f=0.0001 u=0.0001) | val: 2.95deg/2944mm R@10/2=36.3% R@5/1=17.0% a@1=68.1% a@3=92.9% a@5=97.8% oracle2m=45.1% | 140.6s
[ 7400/10000] loss=0.3885 (cls=0.3834 res=0.0051 f=0.0001 u=0.0001) | val: 3.06deg/2826mm R@10/2=39.6% R@5/1=19.2% a@1=69.2% a@3=92.9% a@5=97.8% oracle2m=46.2% | 142.5s
[ 7500/10000] loss=0.4178 (cls=0.4134 res=0.0043 f=0.0001 u=0.0001) | val: 2.98deg/3014mm R@10/2=35.7% R@5/1=17.6% a@1=68.7% a@3=93.4% a@5=97.8% oracle2m=44.5% | 144.4s
[ 7600/10000] loss=0.3987 (cls=0.3942 res=0.0044 f=0.0001 u=0.0001) | val: 2.92deg/2920mm R@10/2=35.7% R@5/1=17.6% a@1=68.1% a@3=92.9% a@5=97.8% oracle2m=45.6% | 146.3s
[ 7700/10000] loss=0.4051 (cls=0.4002 res=0.0048 f=0.0001 u=0.0001) | val: 3.00deg/2883mm R@10/2=37.4% R@5/1=17.6% a@1=67.6% a@3=92.9% a@5=97.8% oracle2m=45.6% | 148.2s
[ 7800/10000] loss=0.4244 (cls=0.4195 res=0.0048 f=0.0001 u=0.0000) | val: 3.01deg/3014mm R@10/2=36.8% R@5/1=17.6% a@1=68.7% a@3=92.9% a@5=97.8% oracle2m=45.1% | 150.2s
[ 7900/10000] loss=0.3832 (cls=0.3791 res=0.0040 f=0.0001 u=0.0001) | val: 2.92deg/2950mm R@10/2=36.8% R@5/1=17.0% a@1=68.1% a@3=93.4% a@5=97.8% oracle2m=46.7% | 152.1s
[ 8000/10000] loss=0.3475 (cls=0.3433 res=0.0041 f=0.0001 u=0.0000) | val: 3.06deg/3014mm R@10/2=36.8% R@5/1=18.1% a@1=68.1% a@3=92.9% a@5=97.8% oracle2m=46.2% | 154.0s
[ 8100/10000] loss=0.4178 (cls=0.4128 res=0.0050 f=0.0001 u=0.0000) | val: 2.97deg/3021mm R@10/2=36.8% R@5/1=18.1% a@1=69.2% a@3=92.9% a@5=97.8% oracle2m=45.6% | 156.0s
[ 8200/10000] loss=0.4246 (cls=0.4202 res=0.0044 f=0.0001 u=0.0001) | val: 3.04deg/3026mm R@10/2=36.3% R@5/1=18.1% a@1=68.1% a@3=92.9% a@5=97.8% oracle2m=46.2% | 157.8s
[ 8300/10000] loss=0.3866 (cls=0.3822 res=0.0044 f=0.0001 u=0.0001) | val: 2.97deg/2961mm R@10/2=36.8% R@5/1=17.0% a@1=69.2% a@3=92.9% a@5=97.8% oracle2m=45.6% | 159.7s
[ 8400/10000] loss=0.3788 (cls=0.3745 res=0.0042 f=0.0001 u=0.0000) | val: 2.94deg/2925mm R@10/2=36.8% R@5/1=18.1% a@1=68.7% a@3=92.9% a@5=97.8% oracle2m=45.6% | 161.6s
[ 8500/10000] loss=0.4125 (cls=0.4083 res=0.0042 f=0.0001 u=0.0000) | val: 2.97deg/2946mm R@10/2=36.8% R@5/1=17.0% a@1=68.7% a@3=93.4% a@5=97.8% oracle2m=45.6% | 163.5s
[ 8600/10000] loss=0.3892 (cls=0.3846 res=0.0045 f=0.0001 u=0.0000) | val: 2.97deg/2979mm R@10/2=36.8% R@5/1=18.7% a@1=69.2% a@3=92.9% a@5=97.8% oracle2m=46.2% | 165.4s
[ 8700/10000] loss=0.4091 (cls=0.4044 res=0.0046 f=0.0001 u=0.0001) | val: 3.03deg/3018mm R@10/2=36.3% R@5/1=18.1% a@1=68.7% a@3=92.9% a@5=97.8% oracle2m=46.2% | 167.3s
[ 8800/10000] loss=0.3739 (cls=0.3698 res=0.0039 f=0.0001 u=0.0000) | val: 2.97deg/2962mm R@10/2=35.7% R@5/1=17.6% a@1=68.7% a@3=93.4% a@5=97.8% oracle2m=46.2% | 169.2s
[ 8900/10000] loss=0.4046 (cls=0.4008 res=0.0038 f=0.0001 u=0.0000) | val: 2.96deg/3012mm R@10/2=35.7% R@5/1=17.6% a@1=68.1% a@3=93.4% a@5=97.8% oracle2m=45.6% | 171.1s
[ 9000/10000] loss=0.3312 (cls=0.3268 res=0.0043 f=0.0001 u=0.0001) | val: 2.94deg/2986mm R@10/2=35.2% R@5/1=18.1% a@1=68.7% a@3=92.9% a@5=97.8% oracle2m=46.2% | 173.0s
[ 9100/10000] loss=0.4098 (cls=0.4059 res=0.0038 f=0.0001 u=0.0000) | val: 2.92deg/2948mm R@10/2=35.2% R@5/1=18.1% a@1=68.7% a@3=92.9% a@5=97.8% oracle2m=46.2% | 175.0s
[ 9200/10000] loss=0.3967 (cls=0.3927 res=0.0039 f=0.0001 u=0.0000) | val: 2.90deg/3027mm R@10/2=35.7% R@5/1=18.1% a@1=68.7% a@3=92.9% a@5=97.8% oracle2m=46.2% | 176.9s
[ 9300/10000] loss=0.3727 (cls=0.3688 res=0.0039 f=0.0001 u=0.0000) | val: 2.97deg/3026mm R@10/2=35.2% R@5/1=18.1% a@1=69.2% a@3=92.9% a@5=97.8% oracle2m=45.6% | 178.8s
[ 9400/10000] loss=0.4066 (cls=0.4028 res=0.0037 f=0.0001 u=0.0000) | val: 2.94deg/3083mm R@10/2=35.2% R@5/1=17.6% a@1=68.7% a@3=92.9% a@5=97.8% oracle2m=45.6% | 180.8s
[ 9500/10000] loss=0.3977 (cls=0.3936 res=0.0040 f=0.0001 u=0.0000) | val: 2.96deg/3041mm R@10/2=35.2% R@5/1=17.6% a@1=68.7% a@3=92.9% a@5=97.8% oracle2m=45.6% | 182.7s
[ 9600/10000] loss=0.3525 (cls=0.3488 res=0.0037 f=0.0001 u=0.0000) | val: 2.97deg/3036mm R@10/2=35.2% R@5/1=18.1% a@1=68.7% a@3=92.9% a@5=97.8% oracle2m=45.6% | 184.6s
[ 9700/10000] loss=0.4417 (cls=0.4363 res=0.0053 f=0.0001 u=0.0000) | val: 2.97deg/3054mm R@10/2=35.2% R@5/1=17.6% a@1=68.7% a@3=92.9% a@5=97.8% oracle2m=45.6% | 186.5s
[ 9800/10000] loss=0.3898 (cls=0.3855 res=0.0042 f=0.0001 u=0.0000) | val: 2.94deg/3019mm R@10/2=35.2% R@5/1=17.6% a@1=68.7% a@3=92.9% a@5=97.8% oracle2m=45.6% | 188.4s
[ 9900/10000] loss=0.3780 (cls=0.3736 res=0.0043 f=0.0001 u=0.0000) | val: 2.95deg/3040mm R@10/2=35.2% R@5/1=17.6% a@1=68.7% a@3=92.9% a@5=97.8% oracle2m=45.6% | 190.3s
[10000/10000] loss=0.3877 (cls=0.3839 res=0.0037 f=0.0001 u=0.0000) | val: 2.95deg/3043mm R@10/2=35.2% R@5/1=17.6% a@1=68.7% a@3=92.9% a@5=97.8% oracle2m=46.2% | 192.3s

Training done. Best epoch: 1, score=-10.8867

======================================================================
EVALUATION RESULTS (Center + Frustum)
======================================================================
Rotation  (median): 27.02deg
Translation (median): 7540mm
  R@5deg_1m: 0.0%  (rot_pass=0.5%, trans_pass=0.5%)
  R@10deg_2m: 0.0%  (rot_pass=3.3%, trans_pass=6.6%)
  R@15deg_5m: 2.7%  (rot_pass=15.4%, trans_pass=25.3%)
  R@25deg_5m: 12.6%  (rot_pass=42.9%, trans_pass=25.3%)

======================================================================
EVALUATION RESULTS (Retrieval Mode)
======================================================================
Retrieval median: 16.62deg / 8485mm
  R@5deg_1m: 0.0%  (rot=6.6%, trans=0.5%)
  R@10deg_2m: 1.6%  (rot=23.6%, trans=2.7%)
  R@15deg_5m: 16.5%  (rot=42.3%, trans=20.9%)
  R@25deg_5m: 20.3%  (rot=72.5%, trans=20.9%)
