=== exp24e_attn_h4_wider_seed314_full on GPU 5 ===
======================================================================
Experiment: exp24e_attn_h4_wider_seed314_full
Pool: attn, Features: both+sum
======================================================================
Random seed: 314
Using device: cuda:5

Loading data (fine=True, coarse=True, summary=True)...
  Loaded fine_geo: torch.Size([895, 128, 68, 120])
  Loaded coarse_sem: torch.Size([895, 128, 68, 120])
  Loaded summary: torch.Size([895, 2560])
  [train] 895 samples loaded
  Loaded fine_geo: torch.Size([182, 128, 68, 120])
  Loaded coarse_sem: torch.Size([182, 128, 68, 120])
  Loaded summary: torch.Size([182, 2560])
  [test] 182 samples loaded
Translation norm: mean=[13.19548    -0.64731836 23.103329  ], std=[10.827089    0.94348246  9.766839  ]
  Feature dim after pooling: 3584
Model parameters: 10,001,042
Model parameters: 10,001,042
[    1/10000] loss=3.0411 (t=0.5241 r=2.5170 beta=1.00) | val: 52.00deg/13566mm | 0.4s
[  100/10000] loss=0.0995 (t=0.0338 r=0.0708 beta=0.93) | val: 5.17deg/2634mm | 3.2s
[  200/10000] loss=0.0690 (t=0.0247 r=0.0502 beta=0.88) | val: 3.48deg/1976mm | 6.1s
[  300/10000] loss=0.0538 (t=0.0196 r=0.0405 beta=0.84) | val: 2.72deg/1320mm | 8.6s
[  400/10000] loss=0.0437 (t=0.0144 r=0.0363 beta=0.81) | val: 2.27deg/1560mm | 10.6s
[  500/10000] loss=0.0451 (t=0.0171 r=0.0361 beta=0.78) | val: 1.98deg/1610mm | 12.5s
[  600/10000] loss=0.0309 (t=0.0083 r=0.0302 beta=0.75) | val: 2.10deg/1322mm | 14.4s
[  700/10000] loss=0.0301 (t=0.0085 r=0.0301 beta=0.72) | val: 1.98deg/1595mm | 16.4s
[  800/10000] loss=0.0281 (t=0.0081 r=0.0289 beta=0.69) | val: 1.82deg/1485mm | 18.3s
[  900/10000] loss=0.0209 (t=0.0057 r=0.0229 beta=0.67) | val: 1.84deg/1389mm | 20.3s
[ 1000/10000] loss=0.0232 (t=0.0061 r=0.0265 beta=0.64) | val: 1.83deg/1458mm | 22.1s
[ 1100/10000] loss=0.0183 (t=0.0055 r=0.0206 beta=0.62) | val: 1.59deg/1592mm | 24.1s
[ 1200/10000] loss=0.0191 (t=0.0046 r=0.0243 beta=0.60) | val: 1.89deg/1664mm | 25.9s
[ 1300/10000] loss=0.0186 (t=0.0043 r=0.0249 beta=0.58) | val: 1.67deg/1425mm | 28.1s
[ 1400/10000] loss=0.0160 (t=0.0038 r=0.0219 beta=0.56) | val: 1.87deg/1428mm | 29.9s
[ 1500/10000] loss=0.0158 (t=0.0041 r=0.0219 beta=0.54) | val: 2.10deg/1424mm | 31.9s
[ 1600/10000] loss=0.0141 (t=0.0036 r=0.0202 beta=0.52) | val: 1.84deg/1403mm | 33.7s
[ 1700/10000] loss=0.0143 (t=0.0037 r=0.0211 beta=0.50) | val: 1.70deg/1298mm | 35.6s
[ 1800/10000] loss=0.0137 (t=0.0032 r=0.0218 beta=0.48) | val: 1.72deg/1384mm | 37.4s
[ 1900/10000] loss=0.0141 (t=0.0038 r=0.0221 beta=0.46) | val: 1.74deg/1349mm | 39.4s
[ 2000/10000] loss=0.0116 (t=0.0028 r=0.0196 beta=0.45) | val: 1.72deg/1384mm | 41.4s
[ 2100/10000] loss=0.0115 (t=0.0031 r=0.0194 beta=0.43) | val: 1.68deg/1205mm | 43.4s
[ 2200/10000] loss=0.0121 (t=0.0028 r=0.0222 beta=0.42) | val: 1.94deg/1376mm | 45.3s
[ 2300/10000] loss=0.0108 (t=0.0025 r=0.0206 beta=0.41) | val: 1.62deg/1292mm | 47.1s
[ 2400/10000] loss=0.0101 (t=0.0024 r=0.0196 beta=0.39) | val: 1.84deg/1375mm | 49.0s
[ 2500/10000] loss=0.0096 (t=0.0026 r=0.0187 beta=0.38) | val: 1.68deg/1289mm | 50.8s
[ 2600/10000] loss=0.0094 (t=0.0024 r=0.0190 beta=0.37) | val: 1.94deg/1504mm | 52.6s
[ 2700/10000] loss=0.0099 (t=0.0030 r=0.0196 beta=0.36) | val: 1.85deg/1309mm | 54.5s
[ 2800/10000] loss=0.0096 (t=0.0025 r=0.0207 beta=0.34) | val: 1.94deg/1405mm | 56.3s
[ 2900/10000] loss=0.0098 (t=0.0031 r=0.0203 beta=0.33) | val: 1.99deg/1375mm | 58.1s
[ 3000/10000] loss=0.0086 (t=0.0023 r=0.0196 beta=0.32) | val: 1.84deg/1287mm | 60.0s
[ 3100/10000] loss=0.0079 (t=0.0022 r=0.0181 beta=0.31) | val: 1.87deg/1287mm | 62.0s
[ 3200/10000] loss=0.0072 (t=0.0021 r=0.0169 beta=0.30) | val: 1.86deg/1254mm | 63.8s
[ 3300/10000] loss=0.0081 (t=0.0024 r=0.0196 beta=0.29) | val: 1.81deg/1353mm | 65.7s
[ 3400/10000] loss=0.0070 (t=0.0021 r=0.0173 beta=0.29) | val: 1.83deg/1371mm | 67.5s
[ 3500/10000] loss=0.0079 (t=0.0026 r=0.0190 beta=0.28) | val: 1.92deg/1406mm | 69.4s
[ 3600/10000] loss=0.0070 (t=0.0022 r=0.0178 beta=0.27) | val: 1.92deg/1218mm | 71.2s
[ 3700/10000] loss=0.0073 (t=0.0022 r=0.0193 beta=0.26) | val: 1.85deg/1388mm | 73.0s
[ 3800/10000] loss=0.0065 (t=0.0020 r=0.0178 beta=0.25) | val: 1.96deg/1418mm | 74.9s
[ 3900/10000] loss=0.0064 (t=0.0020 r=0.0179 beta=0.25) | val: 1.87deg/1473mm | 76.7s
[ 4000/10000] loss=0.0061 (t=0.0017 r=0.0185 beta=0.24) | val: 1.76deg/1475mm | 78.6s
[ 4100/10000] loss=0.0059 (t=0.0020 r=0.0170 beta=0.23) | val: 1.95deg/1469mm | 80.4s
[ 4200/10000] loss=0.0065 (t=0.0021 r=0.0191 beta=0.23) | val: 1.93deg/1364mm | 82.2s
[ 4300/10000] loss=0.0058 (t=0.0020 r=0.0171 beta=0.22) | val: 1.77deg/1303mm | 84.1s
[ 4400/10000] loss=0.0049 (t=0.0016 r=0.0157 beta=0.21) | val: 1.84deg/1326mm | 85.9s
[ 4500/10000] loss=0.0050 (t=0.0015 r=0.0169 beta=0.21) | val: 1.94deg/1568mm | 87.7s
[ 4600/10000] loss=0.0054 (t=0.0021 r=0.0166 beta=0.20) | val: 1.91deg/1271mm | 89.6s
[ 4700/10000] loss=0.0050 (t=0.0017 r=0.0168 beta=0.20) | val: 2.01deg/1296mm | 91.4s
[ 4800/10000] loss=0.0048 (t=0.0017 r=0.0163 beta=0.19) | val: 1.97deg/1325mm | 93.3s
[ 4900/10000] loss=0.0056 (t=0.0021 r=0.0185 beta=0.19) | val: 1.80deg/1316mm | 95.1s
[ 5000/10000] loss=0.0047 (t=0.0015 r=0.0174 beta=0.18) | val: 1.93deg/1358mm | 96.9s
[ 5100/10000] loss=0.0051 (t=0.0017 r=0.0184 beta=0.18) | val: 2.09deg/1521mm | 98.8s
[ 5200/10000] loss=0.0048 (t=0.0019 r=0.0166 beta=0.18) | val: 1.94deg/1225mm | 100.6s
[ 5300/10000] loss=0.0045 (t=0.0016 r=0.0170 beta=0.17) | val: 2.01deg/1285mm | 102.4s
[ 5400/10000] loss=0.0042 (t=0.0016 r=0.0156 beta=0.17) | val: 2.05deg/1290mm | 104.3s
[ 5500/10000] loss=0.0041 (t=0.0013 r=0.0173 beta=0.16) | val: 2.15deg/1482mm | 106.1s
[ 5600/10000] loss=0.0044 (t=0.0018 r=0.0163 beta=0.16) | val: 1.95deg/1385mm | 108.0s
[ 5700/10000] loss=0.0040 (t=0.0013 r=0.0170 beta=0.16) | val: 2.10deg/1389mm | 109.8s
[ 5800/10000] loss=0.0043 (t=0.0018 r=0.0162 beta=0.16) | val: 2.07deg/1314mm | 111.6s
[ 5900/10000] loss=0.0042 (t=0.0015 r=0.0174 beta=0.15) | val: 2.15deg/1520mm | 113.5s
[ 6000/10000] loss=0.0041 (t=0.0016 r=0.0170 beta=0.15) | val: 1.98deg/1371mm | 115.3s
[ 6100/10000] loss=0.0039 (t=0.0014 r=0.0168 beta=0.15) | val: 1.98deg/1428mm | 117.1s
[ 6200/10000] loss=0.0036 (t=0.0014 r=0.0157 beta=0.14) | val: 2.05deg/1449mm | 119.0s
[ 6300/10000] loss=0.0037 (t=0.0013 r=0.0169 beta=0.14) | val: 2.07deg/1348mm | 120.8s
[ 6400/10000] loss=0.0035 (t=0.0015 r=0.0146 beta=0.14) | val: 2.01deg/1614mm | 122.7s
[ 6500/10000] loss=0.0040 (t=0.0017 r=0.0163 beta=0.14) | val: 2.05deg/1352mm | 124.5s
[ 6600/10000] loss=0.0040 (t=0.0017 r=0.0171 beta=0.13) | val: 2.00deg/1508mm | 126.4s
[ 6700/10000] loss=0.0032 (t=0.0012 r=0.0153 beta=0.13) | val: 2.11deg/1479mm | 128.2s
[ 6800/10000] loss=0.0035 (t=0.0015 r=0.0151 beta=0.13) | val: 2.03deg/1367mm | 130.1s
[ 6900/10000] loss=0.0031 (t=0.0012 r=0.0148 beta=0.13) | val: 2.12deg/1420mm | 131.9s
[ 7000/10000] loss=0.0036 (t=0.0016 r=0.0151 beta=0.13) | val: 1.93deg/1448mm | 133.7s
[ 7100/10000] loss=0.0037 (t=0.0015 r=0.0178 beta=0.13) | val: 2.09deg/1352mm | 135.6s
[ 7200/10000] loss=0.0036 (t=0.0016 r=0.0159 beta=0.12) | val: 1.96deg/1441mm | 137.4s
[ 7300/10000] loss=0.0032 (t=0.0015 r=0.0143 beta=0.12) | val: 2.01deg/1290mm | 139.3s
[ 7400/10000] loss=0.0034 (t=0.0014 r=0.0167 beta=0.12) | val: 2.14deg/1532mm | 141.1s
[ 7500/10000] loss=0.0033 (t=0.0014 r=0.0157 beta=0.12) | val: 2.06deg/1446mm | 142.9s
[ 7600/10000] loss=0.0030 (t=0.0012 r=0.0152 beta=0.12) | val: 2.10deg/1508mm | 144.8s
[ 7700/10000] loss=0.0032 (t=0.0013 r=0.0164 beta=0.12) | val: 2.08deg/1374mm | 146.6s
[ 7800/10000] loss=0.0031 (t=0.0012 r=0.0156 beta=0.12) | val: 2.11deg/1449mm | 148.5s
[ 7900/10000] loss=0.0033 (t=0.0012 r=0.0184 beta=0.12) | val: 2.05deg/1476mm | 150.3s
[ 8000/10000] loss=0.0031 (t=0.0013 r=0.0161 beta=0.12) | val: 2.06deg/1473mm | 152.2s
[ 8100/10000] loss=0.0035 (t=0.0016 r=0.0169 beta=0.11) | val: 1.99deg/1359mm | 154.0s
[ 8200/10000] loss=0.0030 (t=0.0012 r=0.0163 beta=0.11) | val: 2.07deg/1479mm | 155.9s
[ 8300/10000] loss=0.0026 (t=0.0010 r=0.0143 beta=0.11) | val: 2.04deg/1421mm | 157.7s
[ 8400/10000] loss=0.0030 (t=0.0013 r=0.0146 beta=0.11) | val: 2.11deg/1415mm | 159.5s
[ 8500/10000] loss=0.0027 (t=0.0009 r=0.0156 beta=0.11) | val: 2.05deg/1355mm | 161.4s
[ 8600/10000] loss=0.0029 (t=0.0011 r=0.0154 beta=0.11) | val: 2.05deg/1494mm | 163.2s
[ 8700/10000] loss=0.0031 (t=0.0013 r=0.0161 beta=0.11) | val: 2.02deg/1414mm | 165.1s
[ 8800/10000] loss=0.0028 (t=0.0010 r=0.0161 beta=0.11) | val: 2.11deg/1381mm | 166.9s
[ 8900/10000] loss=0.0032 (t=0.0014 r=0.0162 beta=0.11) | val: 2.07deg/1449mm | 168.7s
[ 9000/10000] loss=0.0027 (t=0.0010 r=0.0150 beta=0.11) | val: 2.04deg/1403mm | 170.6s
[ 9100/10000] loss=0.0029 (t=0.0013 r=0.0152 beta=0.11) | val: 2.06deg/1418mm | 172.5s
[ 9200/10000] loss=0.0028 (t=0.0012 r=0.0145 beta=0.11) | val: 2.07deg/1432mm | 174.3s
[ 9300/10000] loss=0.0030 (t=0.0015 r=0.0136 beta=0.11) | val: 2.09deg/1433mm | 176.2s
[ 9400/10000] loss=0.0028 (t=0.0012 r=0.0147 beta=0.11) | val: 2.04deg/1433mm | 178.0s
[ 9500/10000] loss=0.0030 (t=0.0012 r=0.0161 beta=0.11) | val: 2.05deg/1418mm | 179.8s
[ 9600/10000] loss=0.0025 (t=0.0010 r=0.0143 beta=0.11) | val: 2.00deg/1431mm | 181.7s
[ 9700/10000] loss=0.0029 (t=0.0013 r=0.0151 beta=0.11) | val: 2.01deg/1442mm | 183.5s
[ 9800/10000] loss=0.0028 (t=0.0011 r=0.0152 beta=0.11) | val: 2.01deg/1423mm | 185.4s
[ 9900/10000] loss=0.0029 (t=0.0012 r=0.0152 beta=0.11) | val: 2.01deg/1423mm | 187.2s
[10000/10000] loss=0.0029 (t=0.0012 r=0.0155 beta=0.11) | val: 2.02deg/1411mm | 189.0s

Training done. Best epoch: 3050, score: 1.3321

Loaded best model from epoch 3050

======================================================================
EVALUATION RESULTS (Direct Regression)
======================================================================
Rotation  (median): 1.70deg
Translation (median): 1166mm

  R@5deg_1m: 39.0%  (rot_pass=95.6%, trans_pass=39.6%)
  R@10deg_2m: 68.7%  (rot_pass=100.0%, trans_pass=68.7%)
  R@15deg_5m: 89.0%  (rot_pass=100.0%, trans_pass=89.0%)
  R@25deg_5m: 89.0%  (rot_pass=100.0%, trans_pass=89.0%)

======================================================================
EVALUATION RESULTS (Retrieval Mode)
======================================================================
Retrieval median: 12.08deg / 2534mm
  R@5deg_1m: 1.1%  (rot=5.5%, trans=18.1%)
  R@10deg_2m: 16.5%  (rot=40.1%, trans=45.1%)
  R@15deg_5m: 49.5%  (rot=65.4%, trans=81.3%)
  R@25deg_5m: 78.6%  (rot=97.3%, trans=81.3%)
======================================================================

Done!
=== exp24e_attn_h4_wider_seed314_full DONE ===
