Random seed: 123
Using device: cuda:1

Loading data (fine=True, coarse=True, summary=True)...
  Loaded fine_geo: torch.Size([895, 128, 68, 120])
  Loaded coarse_sem: torch.Size([895, 128, 68, 120])
  Loaded summary: torch.Size([895, 2560])
  [train] 895 samples loaded
  Loaded fine_geo: torch.Size([182, 128, 68, 120])
  Loaded coarse_sem: torch.Size([182, 128, 68, 120])
  Loaded summary: torch.Size([182, 2560])
  [test] 182 samples loaded

Building spatial cells...
  Camera K-means: K=32, inertia=5151.9
  Samples per cell: min=13, mean=28.0, median=27, max=56
  Residual std: [1.6799155  0.33601812 1.681575  ]
  Feature dim after pooling: 3584
Model parameters: 14,264,079
[    1/10000] loss=7.5707 (cls=3.6840 res=0.5886 mix=0.4517 rot=2.3947 beta=1.00) | val: 73.02deg/27013mm R@10/2=0.0% R@5/1=0.0% cell@1=5.5% cell@3=9.3% | 0.9s
[  100/10000] loss=0.5279 (cls=0.1710 res=0.2485 mix=0.0238 rot=0.0655 beta=0.93) | val: 4.07deg/2707mm R@10/2=36.8% R@5/1=9.3% cell@1=70.3% cell@3=97.8% | 4.9s
[  200/10000] loss=0.2681 (cls=0.0715 res=0.1356 mix=0.0123 rot=0.0416 beta=0.87) | val: 2.53deg/2592mm R@10/2=35.7% R@5/1=17.0% cell@1=73.1% cell@3=95.6% | 7.3s
[  300/10000] loss=0.1698 (cls=0.0183 res=0.1020 mix=0.0104 rot=0.0348 beta=0.82) | val: 2.39deg/2861mm R@10/2=35.7% R@5/1=18.7% cell@1=75.8% cell@3=94.5% | 9.4s
[  400/10000] loss=0.1694 (cls=0.0331 res=0.0960 mix=0.0072 rot=0.0333 beta=0.78) | val: 2.47deg/2962mm R@10/2=36.8% R@5/1=17.6% cell@1=72.5% cell@3=94.0% | 11.4s
[  500/10000] loss=0.0872 (cls=0.0028 res=0.0532 mix=0.0045 rot=0.0303 beta=0.74) | val: 2.51deg/2708mm R@10/2=38.5% R@5/1=12.6% cell@1=77.5% cell@3=95.6% | 13.3s
[  600/10000] loss=0.1062 (cls=0.0069 res=0.0703 mix=0.0052 rot=0.0264 beta=0.70) | val: 2.54deg/2972mm R@10/2=38.5% R@5/1=16.5% cell@1=79.1% cell@3=94.0% | 15.2s
[  700/10000] loss=0.0686 (cls=0.0030 res=0.0420 mix=0.0027 rot=0.0272 beta=0.67) | val: 2.45deg/2962mm R@10/2=34.6% R@5/1=15.4% cell@1=78.0% cell@3=94.0% | 17.1s
[  800/10000] loss=0.0606 (cls=0.0019 res=0.0360 mix=0.0030 rot=0.0261 beta=0.64) | val: 2.51deg/3013mm R@10/2=34.6% R@5/1=12.6% cell@1=78.6% cell@3=94.0% | 19.1s
[  900/10000] loss=0.0490 (cls=0.0013 res=0.0279 mix=0.0022 rot=0.0254 beta=0.61) | val: 2.34deg/2801mm R@10/2=40.7% R@5/1=12.1% cell@1=76.4% cell@3=94.0% | 21.0s
[ 1000/10000] loss=0.0403 (cls=0.0016 res=0.0223 mix=0.0015 rot=0.0230 beta=0.58) | val: 2.12deg/2866mm R@10/2=36.3% R@5/1=14.3% cell@1=78.6% cell@3=95.6% | 22.9s
[ 1100/10000] loss=0.0383 (cls=0.0013 res=0.0224 mix=0.0016 rot=0.0204 beta=0.56) | val: 2.44deg/2910mm R@10/2=38.5% R@5/1=17.0% cell@1=77.5% cell@3=95.6% | 24.9s
[ 1200/10000] loss=0.0398 (cls=0.0014 res=0.0236 mix=0.0018 rot=0.0211 beta=0.53) | val: 2.46deg/3066mm R@10/2=38.5% R@5/1=13.7% cell@1=78.6% cell@3=94.0% | 26.8s
[ 1300/10000] loss=0.0325 (cls=0.0012 res=0.0188 mix=0.0014 rot=0.0192 beta=0.51) | val: 2.58deg/2971mm R@10/2=35.2% R@5/1=15.9% cell@1=75.3% cell@3=94.5% | 28.7s
[ 1400/10000] loss=0.0288 (cls=0.0011 res=0.0158 mix=0.0010 rot=0.0198 beta=0.49) | val: 2.70deg/2883mm R@10/2=35.2% R@5/1=17.0% cell@1=77.5% cell@3=94.5% | 30.6s
[ 1500/10000] loss=0.0258 (cls=0.0007 res=0.0145 mix=0.0010 rot=0.0183 beta=0.47) | val: 2.40deg/2855mm R@10/2=34.6% R@5/1=13.2% cell@1=76.9% cell@3=94.0% | 32.6s
[ 1600/10000] loss=0.0946 (cls=0.0187 res=0.0583 mix=0.0044 rot=0.0194 beta=0.45) | val: 2.88deg/3280mm R@10/2=31.3% R@5/1=9.9% cell@1=78.0% cell@3=92.9% | 34.5s
[ 1700/10000] loss=0.0366 (cls=0.0023 res=0.0229 mix=0.0016 rot=0.0189 beta=0.44) | val: 2.54deg/3199mm R@10/2=34.1% R@5/1=13.7% cell@1=75.3% cell@3=93.4% | 36.4s
[ 1800/10000] loss=0.0247 (cls=0.0004 res=0.0145 mix=0.0009 rot=0.0190 beta=0.42) | val: 2.50deg/3206mm R@10/2=35.7% R@5/1=13.2% cell@1=78.6% cell@3=94.5% | 38.4s
[ 1900/10000] loss=0.0235 (cls=0.0007 res=0.0137 mix=0.0010 rot=0.0176 beta=0.40) | val: 2.38deg/3249mm R@10/2=34.1% R@5/1=13.7% cell@1=77.5% cell@3=93.4% | 40.3s
[ 2000/10000] loss=0.0189 (cls=0.0004 res=0.0104 mix=0.0007 rot=0.0174 beta=0.39) | val: 2.39deg/3213mm R@10/2=35.7% R@5/1=12.6% cell@1=75.8% cell@3=94.5% | 42.2s
[ 2100/10000] loss=0.0191 (cls=0.0005 res=0.0109 mix=0.0007 rot=0.0167 beta=0.38) | val: 2.54deg/3120mm R@10/2=33.5% R@5/1=9.3% cell@1=75.3% cell@3=94.5% | 44.1s
[ 2200/10000] loss=0.0185 (cls=0.0004 res=0.0106 mix=0.0008 rot=0.0166 beta=0.36) | val: 2.54deg/3093mm R@10/2=33.5% R@5/1=10.4% cell@1=76.4% cell@3=95.1% | 46.1s
[ 2300/10000] loss=0.0188 (cls=0.0005 res=0.0111 mix=0.0008 rot=0.0160 beta=0.35) | val: 2.51deg/3111mm R@10/2=34.1% R@5/1=12.6% cell@1=74.7% cell@3=94.5% | 48.0s
[ 2400/10000] loss=0.0169 (cls=0.0005 res=0.0096 mix=0.0007 rot=0.0162 beta=0.34) | val: 2.61deg/3044mm R@10/2=32.4% R@5/1=10.4% cell@1=75.8% cell@3=94.5% | 49.9s
[ 2500/10000] loss=0.0161 (cls=0.0006 res=0.0090 mix=0.0006 rot=0.0167 beta=0.33) | val: 2.48deg/3055mm R@10/2=33.0% R@5/1=12.1% cell@1=74.7% cell@3=94.0% | 51.9s
[ 2600/10000] loss=0.0134 (cls=0.0003 res=0.0074 mix=0.0005 rot=0.0151 beta=0.31) | val: 2.40deg/3410mm R@10/2=33.5% R@5/1=12.6% cell@1=73.6% cell@3=94.5% | 53.8s
[ 2700/10000] loss=0.0154 (cls=0.0003 res=0.0095 mix=0.0006 rot=0.0143 beta=0.30) | val: 2.57deg/3182mm R@10/2=33.0% R@5/1=9.3% cell@1=74.2% cell@3=94.5% | 55.8s
[ 2800/10000] loss=0.0143 (cls=0.0003 res=0.0083 mix=0.0005 rot=0.0158 beta=0.29) | val: 2.43deg/3019mm R@10/2=33.5% R@5/1=12.1% cell@1=74.2% cell@3=94.5% | 57.7s
[ 2900/10000] loss=0.0144 (cls=0.0003 res=0.0085 mix=0.0006 rot=0.0157 beta=0.28) | val: 2.46deg/3168mm R@10/2=34.1% R@5/1=11.5% cell@1=75.8% cell@3=94.5% | 59.6s
[ 3000/10000] loss=0.0147 (cls=0.0004 res=0.0087 mix=0.0006 rot=0.0160 beta=0.27) | val: 2.53deg/3047mm R@10/2=34.1% R@5/1=12.6% cell@1=74.2% cell@3=94.0% | 61.6s
[ 3100/10000] loss=0.0152 (cls=0.0003 res=0.0096 mix=0.0006 rot=0.0154 beta=0.27) | val: 2.44deg/3140mm R@10/2=33.0% R@5/1=10.4% cell@1=73.6% cell@3=94.5% | 63.5s
[ 3200/10000] loss=0.0130 (cls=0.0002 res=0.0079 mix=0.0005 rot=0.0147 beta=0.26) | val: 2.87deg/3282mm R@10/2=32.4% R@5/1=11.5% cell@1=73.1% cell@3=94.5% | 65.4s
[ 3300/10000] loss=0.0117 (cls=0.0002 res=0.0072 mix=0.0005 rot=0.0137 beta=0.25) | val: 2.59deg/3188mm R@10/2=32.4% R@5/1=9.9% cell@1=74.7% cell@3=94.5% | 67.4s
[ 3400/10000] loss=0.0120 (cls=0.0003 res=0.0070 mix=0.0004 rot=0.0158 beta=0.24) | val: 2.72deg/3214mm R@10/2=33.5% R@5/1=9.9% cell@1=74.2% cell@3=94.5% | 69.3s
[ 3500/10000] loss=0.0121 (cls=0.0005 res=0.0074 mix=0.0005 rot=0.0138 beta=0.24) | val: 2.64deg/3147mm R@10/2=35.2% R@5/1=11.5% cell@1=74.7% cell@3=94.5% | 71.2s
[ 3600/10000] loss=0.0117 (cls=0.0004 res=0.0068 mix=0.0004 rot=0.0159 beta=0.23) | val: 2.57deg/3181mm R@10/2=31.9% R@5/1=10.4% cell@1=73.1% cell@3=94.5% | 73.2s
[ 3700/10000] loss=0.0104 (cls=0.0002 res=0.0059 mix=0.0004 rot=0.0154 beta=0.22) | val: 2.67deg/3088mm R@10/2=31.3% R@5/1=9.3% cell@1=73.6% cell@3=94.0% | 75.1s
[ 3800/10000] loss=0.0104 (cls=0.0003 res=0.0063 mix=0.0004 rot=0.0140 beta=0.22) | val: 2.56deg/3213mm R@10/2=31.9% R@5/1=9.9% cell@1=73.6% cell@3=94.5% | 77.1s
[ 3900/10000] loss=0.0106 (cls=0.0002 res=0.0062 mix=0.0004 rot=0.0155 beta=0.21) | val: 2.50deg/3269mm R@10/2=33.0% R@5/1=14.3% cell@1=74.7% cell@3=94.5% | 79.0s
[ 4000/10000] loss=0.0181 (cls=0.0003 res=0.0129 mix=0.0010 rot=0.0135 beta=0.20) | val: 2.44deg/3415mm R@10/2=31.3% R@5/1=10.4% cell@1=72.5% cell@3=94.5% | 80.9s
[ 4100/10000] loss=0.0106 (cls=0.0002 res=0.0066 mix=0.0004 rot=0.0145 beta=0.20) | val: 2.76deg/3181mm R@10/2=31.3% R@5/1=11.0% cell@1=72.0% cell@3=94.5% | 82.9s
[ 4200/10000] loss=0.0107 (cls=0.0004 res=0.0065 mix=0.0004 rot=0.0150 beta=0.19) | val: 2.79deg/3034mm R@10/2=32.4% R@5/1=9.9% cell@1=72.0% cell@3=94.5% | 84.8s
[ 4300/10000] loss=0.0116 (cls=0.0003 res=0.0076 mix=0.0005 rot=0.0143 beta=0.19) | val: 2.81deg/3178mm R@10/2=30.2% R@5/1=11.5% cell@1=73.1% cell@3=94.5% | 86.8s
[ 4400/10000] loss=0.0105 (cls=0.0003 res=0.0068 mix=0.0004 rot=0.0137 beta=0.18) | val: 2.79deg/3220mm R@10/2=31.3% R@5/1=9.9% cell@1=72.0% cell@3=94.5% | 88.7s
[ 4500/10000] loss=0.0105 (cls=0.0002 res=0.0069 mix=0.0004 rot=0.0143 beta=0.18) | val: 2.62deg/3150mm R@10/2=31.3% R@5/1=10.4% cell@1=72.5% cell@3=94.5% | 90.6s
[ 4600/10000] loss=0.0091 (cls=0.0003 res=0.0058 mix=0.0003 rot=0.0138 beta=0.17) | val: 2.69deg/3186mm R@10/2=30.8% R@5/1=9.9% cell@1=70.9% cell@3=94.5% | 92.6s
[ 4700/10000] loss=0.0096 (cls=0.0003 res=0.0061 mix=0.0004 rot=0.0153 beta=0.17) | val: 2.92deg/3119mm R@10/2=30.8% R@5/1=12.1% cell@1=72.5% cell@3=94.5% | 94.5s
[ 4800/10000] loss=0.0086 (cls=0.0002 res=0.0058 mix=0.0003 rot=0.0120 beta=0.16) | val: 2.65deg/3007mm R@10/2=33.0% R@5/1=9.9% cell@1=72.0% cell@3=94.5% | 96.4s
[ 4900/10000] loss=0.0089 (cls=0.0003 res=0.0057 mix=0.0004 rot=0.0142 beta=0.16) | val: 2.70deg/3264mm R@10/2=32.4% R@5/1=11.5% cell@1=71.4% cell@3=94.0% | 98.4s
[ 5000/10000] loss=0.0086 (cls=0.0002 res=0.0057 mix=0.0004 rot=0.0129 beta=0.16) | val: 2.63deg/3181mm R@10/2=31.9% R@5/1=11.5% cell@1=73.6% cell@3=94.5% | 100.3s
[ 5100/10000] loss=0.0081 (cls=0.0002 res=0.0052 mix=0.0004 rot=0.0134 beta=0.15) | val: 2.70deg/3249mm R@10/2=31.9% R@5/1=12.1% cell@1=71.4% cell@3=94.5% | 102.3s
[ 5200/10000] loss=0.0078 (cls=0.0001 res=0.0051 mix=0.0003 rot=0.0128 beta=0.15) | val: 2.70deg/3290mm R@10/2=31.9% R@5/1=10.4% cell@1=72.5% cell@3=94.5% | 104.2s
[ 5300/10000] loss=0.0067 (cls=0.0002 res=0.0041 mix=0.0002 rot=0.0133 beta=0.15) | val: 2.64deg/3222mm R@10/2=31.9% R@5/1=11.0% cell@1=72.5% cell@3=94.5% | 106.1s
[ 5400/10000] loss=0.0068 (cls=0.0002 res=0.0042 mix=0.0003 rot=0.0129 beta=0.14) | val: 2.79deg/3145mm R@10/2=30.8% R@5/1=11.5% cell@1=72.0% cell@3=94.5% | 108.1s
[ 5500/10000] loss=0.0075 (cls=0.0001 res=0.0049 mix=0.0003 rot=0.0133 beta=0.14) | val: 2.75deg/3386mm R@10/2=31.3% R@5/1=9.3% cell@1=70.9% cell@3=94.5% | 110.0s
[ 5600/10000] loss=0.0081 (cls=0.0001 res=0.0055 mix=0.0004 rot=0.0122 beta=0.14) | val: 2.57deg/3276mm R@10/2=31.9% R@5/1=10.4% cell@1=72.5% cell@3=94.5% | 112.0s
[ 5700/10000] loss=0.0071 (cls=0.0001 res=0.0047 mix=0.0003 rot=0.0124 beta=0.14) | val: 2.77deg/3275mm R@10/2=30.8% R@5/1=10.4% cell@1=71.4% cell@3=94.5% | 113.9s
[ 5800/10000] loss=0.0071 (cls=0.0001 res=0.0047 mix=0.0003 rot=0.0137 beta=0.13) | val: 2.69deg/3205mm R@10/2=32.4% R@5/1=11.5% cell@1=73.6% cell@3=94.5% | 115.8s
[ 5900/10000] loss=0.0065 (cls=0.0001 res=0.0043 mix=0.0003 rot=0.0124 beta=0.13) | val: 2.75deg/3097mm R@10/2=30.8% R@5/1=11.0% cell@1=71.4% cell@3=94.5% | 117.8s
[ 6000/10000] loss=0.0064 (cls=0.0001 res=0.0039 mix=0.0002 rot=0.0144 beta=0.13) | val: 2.76deg/3219mm R@10/2=30.8% R@5/1=11.0% cell@1=70.9% cell@3=94.5% | 119.7s
[ 6100/10000] loss=0.0069 (cls=0.0001 res=0.0045 mix=0.0003 rot=0.0128 beta=0.13) | val: 2.83deg/3239mm R@10/2=31.9% R@5/1=9.9% cell@1=73.1% cell@3=94.5% | 121.6s
[ 6200/10000] loss=0.0063 (cls=0.0001 res=0.0041 mix=0.0003 rot=0.0122 beta=0.12) | val: 2.82deg/3404mm R@10/2=31.3% R@5/1=11.0% cell@1=71.4% cell@3=94.5% | 123.6s
[ 6300/10000] loss=0.0063 (cls=0.0001 res=0.0041 mix=0.0003 rot=0.0125 beta=0.12) | val: 2.84deg/3389mm R@10/2=31.9% R@5/1=12.1% cell@1=73.1% cell@3=94.5% | 125.5s
[ 6400/10000] loss=0.0054 (cls=0.0001 res=0.0033 mix=0.0002 rot=0.0125 beta=0.12) | val: 2.90deg/3331mm R@10/2=32.4% R@5/1=12.6% cell@1=71.4% cell@3=94.5% | 127.5s
[ 6500/10000] loss=0.0063 (cls=0.0001 res=0.0041 mix=0.0003 rot=0.0138 beta=0.12) | val: 2.75deg/3398mm R@10/2=31.9% R@5/1=13.2% cell@1=71.4% cell@3=94.5% | 129.4s
[ 6600/10000] loss=0.0063 (cls=0.0001 res=0.0042 mix=0.0003 rot=0.0123 beta=0.12) | val: 2.90deg/3338mm R@10/2=32.4% R@5/1=12.1% cell@1=73.1% cell@3=94.5% | 131.4s
[ 6700/10000] loss=0.0055 (cls=0.0001 res=0.0035 mix=0.0002 rot=0.0128 beta=0.11) | val: 2.74deg/3310mm R@10/2=31.9% R@5/1=11.0% cell@1=72.5% cell@3=94.5% | 133.3s
[ 6800/10000] loss=0.0059 (cls=0.0001 res=0.0039 mix=0.0003 rot=0.0124 beta=0.11) | val: 2.87deg/3241mm R@10/2=31.3% R@5/1=12.6% cell@1=72.5% cell@3=94.5% | 135.2s
[ 6900/10000] loss=0.0056 (cls=0.0001 res=0.0037 mix=0.0002 rot=0.0126 beta=0.11) | val: 2.75deg/3284mm R@10/2=30.8% R@5/1=12.6% cell@1=72.0% cell@3=94.5% | 137.2s
[ 7000/10000] loss=0.0051 (cls=0.0001 res=0.0033 mix=0.0002 rot=0.0117 beta=0.11) | val: 2.89deg/3152mm R@10/2=30.2% R@5/1=12.1% cell@1=72.5% cell@3=94.5% | 139.1s
[ 7100/10000] loss=0.0057 (cls=0.0001 res=0.0036 mix=0.0003 rot=0.0135 beta=0.11) | val: 2.82deg/3264mm R@10/2=31.9% R@5/1=11.0% cell@1=71.4% cell@3=94.5% | 141.0s
[ 7200/10000] loss=0.0063 (cls=0.0001 res=0.0043 mix=0.0003 rot=0.0126 beta=0.11) | val: 2.84deg/3232mm R@10/2=31.9% R@5/1=12.1% cell@1=72.0% cell@3=94.5% | 143.0s
[ 7300/10000] loss=0.0055 (cls=0.0002 res=0.0036 mix=0.0002 rot=0.0119 beta=0.11) | val: 2.76deg/3319mm R@10/2=33.0% R@5/1=11.5% cell@1=72.0% cell@3=94.5% | 144.9s
[ 7400/10000] loss=0.0052 (cls=0.0001 res=0.0033 mix=0.0002 rot=0.0131 beta=0.10) | val: 2.84deg/3287mm R@10/2=32.4% R@5/1=12.1% cell@1=72.0% cell@3=94.5% | 146.9s
[ 7500/10000] loss=0.0054 (cls=0.0000 res=0.0036 mix=0.0002 rot=0.0125 beta=0.10) | val: 2.82deg/3297mm R@10/2=31.9% R@5/1=13.2% cell@1=73.1% cell@3=94.5% | 148.8s
[ 7600/10000] loss=0.0054 (cls=0.0001 res=0.0036 mix=0.0002 rot=0.0128 beta=0.10) | val: 2.76deg/3248mm R@10/2=31.9% R@5/1=12.1% cell@1=72.5% cell@3=94.5% | 150.8s
[ 7700/10000] loss=0.0046 (cls=0.0001 res=0.0029 mix=0.0002 rot=0.0131 beta=0.10) | val: 2.83deg/3261mm R@10/2=31.9% R@5/1=12.1% cell@1=72.5% cell@3=94.5% | 152.7s
[ 7800/10000] loss=0.0045 (cls=0.0001 res=0.0028 mix=0.0002 rot=0.0117 beta=0.10) | val: 2.87deg/3304mm R@10/2=31.9% R@5/1=12.6% cell@1=72.5% cell@3=94.5% | 154.6s
[ 7900/10000] loss=0.0048 (cls=0.0001 res=0.0032 mix=0.0002 rot=0.0122 beta=0.10) | val: 2.85deg/3329mm R@10/2=33.5% R@5/1=13.2% cell@1=71.4% cell@3=94.5% | 156.6s
[ 8000/10000] loss=0.0050 (cls=0.0001 res=0.0033 mix=0.0002 rot=0.0116 beta=0.10) | val: 2.87deg/3351mm R@10/2=32.4% R@5/1=12.1% cell@1=70.9% cell@3=94.5% | 158.5s
[ 8100/10000] loss=0.0043 (cls=0.0002 res=0.0026 mix=0.0002 rot=0.0117 beta=0.10) | val: 2.84deg/3308mm R@10/2=31.3% R@5/1=12.1% cell@1=72.0% cell@3=94.5% | 160.5s
[ 8200/10000] loss=0.0047 (cls=0.0001 res=0.0031 mix=0.0002 rot=0.0113 beta=0.10) | val: 2.82deg/3288mm R@10/2=31.9% R@5/1=12.6% cell@1=71.4% cell@3=94.5% | 162.4s
[ 8300/10000] loss=0.0043 (cls=0.0001 res=0.0028 mix=0.0002 rot=0.0119 beta=0.10) | val: 2.88deg/3325mm R@10/2=31.3% R@5/1=12.1% cell@1=72.0% cell@3=94.5% | 164.3s
[ 8400/10000] loss=0.0044 (cls=0.0001 res=0.0029 mix=0.0002 rot=0.0107 beta=0.10) | val: 2.83deg/3270mm R@10/2=33.0% R@5/1=13.2% cell@1=70.9% cell@3=94.5% | 166.3s
[ 8500/10000] loss=0.0047 (cls=0.0001 res=0.0031 mix=0.0002 rot=0.0118 beta=0.10) | val: 2.81deg/3355mm R@10/2=31.3% R@5/1=11.5% cell@1=71.4% cell@3=94.5% | 168.2s
[ 8600/10000] loss=0.0039 (cls=0.0001 res=0.0024 mix=0.0001 rot=0.0115 beta=0.10) | val: 2.89deg/3311mm R@10/2=30.2% R@5/1=12.6% cell@1=70.9% cell@3=94.5% | 170.2s
[ 8700/10000] loss=0.0041 (cls=0.0001 res=0.0026 mix=0.0002 rot=0.0112 beta=0.10) | val: 2.84deg/3250mm R@10/2=31.3% R@5/1=12.1% cell@1=71.4% cell@3=94.5% | 172.1s
[ 8800/10000] loss=0.0044 (cls=0.0001 res=0.0029 mix=0.0002 rot=0.0105 beta=0.10) | val: 2.86deg/3273mm R@10/2=30.8% R@5/1=11.0% cell@1=71.4% cell@3=94.5% | 174.0s
[ 8900/10000] loss=0.0043 (cls=0.0001 res=0.0028 mix=0.0002 rot=0.0108 beta=0.10) | val: 2.84deg/3269mm R@10/2=31.9% R@5/1=12.6% cell@1=70.9% cell@3=94.5% | 176.0s
[ 9000/10000] loss=0.0039 (cls=0.0001 res=0.0024 mix=0.0002 rot=0.0117 beta=0.10) | val: 2.84deg/3307mm R@10/2=32.4% R@5/1=12.6% cell@1=72.0% cell@3=94.5% | 177.9s
[ 9100/10000] loss=0.0042 (cls=0.0000 res=0.0026 mix=0.0002 rot=0.0122 beta=0.10) | val: 2.82deg/3293mm R@10/2=31.9% R@5/1=12.6% cell@1=71.4% cell@3=94.5% | 179.9s
[ 9200/10000] loss=0.0051 (cls=0.0001 res=0.0034 mix=0.0002 rot=0.0121 beta=0.09) | val: 2.83deg/3347mm R@10/2=31.3% R@5/1=12.1% cell@1=72.0% cell@3=94.5% | 181.8s
[ 9300/10000] loss=0.0040 (cls=0.0001 res=0.0026 mix=0.0001 rot=0.0110 beta=0.09) | val: 2.81deg/3334mm R@10/2=30.8% R@5/1=12.1% cell@1=72.0% cell@3=94.5% | 183.8s
[ 9400/10000] loss=0.0038 (cls=0.0001 res=0.0023 mix=0.0001 rot=0.0118 beta=0.09) | val: 2.91deg/3284mm R@10/2=31.3% R@5/1=12.1% cell@1=71.4% cell@3=94.5% | 185.7s
[ 9500/10000] loss=0.0044 (cls=0.0001 res=0.0029 mix=0.0002 rot=0.0117 beta=0.09) | val: 2.86deg/3284mm R@10/2=31.3% R@5/1=11.5% cell@1=72.5% cell@3=94.5% | 187.6s
[ 9600/10000] loss=0.0036 (cls=0.0001 res=0.0022 mix=0.0001 rot=0.0112 beta=0.09) | val: 2.88deg/3291mm R@10/2=31.3% R@5/1=11.5% cell@1=71.4% cell@3=94.5% | 189.6s
[ 9700/10000] loss=0.0043 (cls=0.0001 res=0.0027 mix=0.0002 rot=0.0116 beta=0.09) | val: 2.87deg/3339mm R@10/2=31.3% R@5/1=11.5% cell@1=71.4% cell@3=94.5% | 191.5s
[ 9800/10000] loss=0.0044 (cls=0.0001 res=0.0029 mix=0.0002 rot=0.0117 beta=0.09) | val: 2.90deg/3334mm R@10/2=31.3% R@5/1=12.1% cell@1=71.4% cell@3=94.5% | 193.5s
[ 9900/10000] loss=0.0041 (cls=0.0001 res=0.0027 mix=0.0002 rot=0.0107 beta=0.09) | val: 2.88deg/3327mm R@10/2=31.3% R@5/1=11.5% cell@1=72.0% cell@3=94.5% | 195.4s
[10000/10000] loss=0.0042 (cls=0.0001 res=0.0027 mix=0.0002 rot=0.0118 beta=0.09) | val: 2.87deg/3327mm R@10/2=31.3% R@5/1=11.5% cell@1=71.4% cell@3=94.5% | 197.3s

Training done. Best epoch: 290, score: 2.8169

======================================================================
EVALUATION RESULTS (Grid Classification + Residual)
======================================================================
Rotation  (median): 2.50deg
Translation (median): 2582mm
  R@5deg_1m: 19.8%  (rot_pass=88.5%, trans_pass=19.8%)
  R@10deg_2m: 37.9%  (rot_pass=100.0%, trans_pass=37.9%)
  R@15deg_5m: 81.3%  (rot_pass=100.0%, trans_pass=81.3%)
  R@25deg_5m: 81.3%  (rot_pass=100.0%, trans_pass=81.3%)

======================================================================
EVALUATION RESULTS (Retrieval Mode)
======================================================================
Retrieval median: 11.03deg / 3115mm
  R@5deg_1m: 1.6%  (rot=6.0%, trans=14.3%)
  R@10deg_2m: 18.1%  (rot=41.8%, trans=33.5%)
  R@15deg_5m: 58.8%  (rot=72.0%, trans=75.3%)
  R@25deg_5m: 73.6%  (rot=95.6%, trans=75.3%)

======================================================================
CLASSIFICATION
======================================================================
  Top-1 cell acc: 71.4%
  Top-3 cell acc: 95.1%
