Random seed: 123
Using device: cuda:1
  Loaded fine_geo: torch.Size([895, 128, 68, 120])
  Loaded coarse_sem: torch.Size([895, 128, 68, 120])
  Loaded summary: torch.Size([895, 2560])
  [train] 895 samples loaded
  Loaded fine_geo: torch.Size([182, 128, 68, 120])
  Loaded coarse_sem: torch.Size([182, 128, 68, 120])
  Loaded summary: torch.Size([182, 2560])
  [test] 182 samples loaded

Building anchors...
  Anchors: K=64, inertia=2106.9
  Samples per anchor: min=6, mean=14.0, median=13, max=32
  Feature dim after pooling: 3584
Model parameters: 14,478,739
[    1/10000] loss=3.9611 (t=0.5369 cls=4.5035 rot=2.5235 beta=1.00) | val: 172.48deg/18706mm R@10/2=0.0% R@5/1=0.0% a@1=2.2% a@3=14.3% | 0.6s
[  100/10000] loss=0.2021 (t=0.0199 cls=0.6096 rot=0.0647 beta=0.93) | val: 5.54deg/2915mm R@10/2=28.6% R@5/1=4.9% a@1=40.1% a@3=74.2% | 2.9s
[  200/10000] loss=0.0981 (t=0.0165 cls=0.2072 rot=0.0449 beta=0.89) | val: 2.98deg/3174mm R@10/2=27.5% R@5/1=10.4% a@1=46.2% a@3=76.4% | 5.0s
[  300/10000] loss=0.0703 (t=0.0182 cls=0.1001 rot=0.0372 beta=0.86) | val: 2.95deg/3472mm R@10/2=26.9% R@5/1=7.7% a@1=44.5% a@3=74.7% | 7.0s
[  400/10000] loss=0.0506 (t=0.0131 cls=0.0575 rot=0.0311 beta=0.83) | val: 2.55deg/3401mm R@10/2=26.4% R@5/1=8.8% a@1=43.4% a@3=73.6% | 9.0s
[  500/10000] loss=0.0358 (t=0.0116 cls=0.0189 rot=0.0253 beta=0.81) | val: 2.40deg/3146mm R@10/2=28.0% R@5/1=9.9% a@1=46.2% a@3=77.5% | 11.0s
[  600/10000] loss=0.0331 (t=0.0103 cls=0.0152 rot=0.0253 beta=0.78) | val: 2.54deg/3347mm R@10/2=25.3% R@5/1=11.0% a@1=46.7% a@3=72.5% | 12.9s
[  700/10000] loss=0.0353 (t=0.0126 cls=0.0262 rot=0.0232 beta=0.76) | val: 2.44deg/3879mm R@10/2=22.0% R@5/1=7.1% a@1=39.6% a@3=73.6% | 14.9s
[  800/10000] loss=0.0288 (t=0.0093 cls=0.0089 rot=0.0242 beta=0.73) | val: 2.45deg/3256mm R@10/2=27.5% R@5/1=10.4% a@1=42.9% a@3=73.1% | 16.8s
[  900/10000] loss=0.0303 (t=0.0072 cls=0.0263 rot=0.0251 beta=0.71) | val: 2.38deg/3241mm R@10/2=24.7% R@5/1=7.7% a@1=43.4% a@3=74.2% | 18.7s
[ 1000/10000] loss=0.0215 (t=0.0058 cls=0.0013 rot=0.0225 beta=0.68) | val: 1.98deg/4002mm R@10/2=22.5% R@5/1=8.8% a@1=41.2% a@3=68.1% | 20.7s
[ 1100/10000] loss=0.0184 (t=0.0046 cls=0.0010 rot=0.0205 beta=0.66) | val: 2.09deg/3953mm R@10/2=23.1% R@5/1=7.7% a@1=43.4% a@3=69.8% | 22.6s
[ 1200/10000] loss=0.0177 (t=0.0041 cls=0.0014 rot=0.0209 beta=0.64) | val: 1.94deg/4097mm R@10/2=22.5% R@5/1=7.1% a@1=40.7% a@3=68.1% | 24.6s
[ 1300/10000] loss=0.0155 (t=0.0034 cls=0.0011 rot=0.0192 beta=0.62) | val: 2.07deg/3881mm R@10/2=21.4% R@5/1=6.6% a@1=41.2% a@3=68.1% | 26.5s
[ 1400/10000] loss=0.0142 (t=0.0028 cls=0.0016 rot=0.0184 beta=0.60) | val: 2.11deg/4047mm R@10/2=23.6% R@5/1=11.5% a@1=39.0% a@3=68.7% | 28.5s
[ 1500/10000] loss=0.0142 (t=0.0024 cls=0.0006 rot=0.0200 beta=0.58) | val: 2.01deg/3941mm R@10/2=22.0% R@5/1=9.9% a@1=40.7% a@3=68.7% | 30.4s
[ 1600/10000] loss=0.0133 (t=0.0021 cls=0.0006 rot=0.0197 beta=0.56) | val: 2.00deg/3981mm R@10/2=20.9% R@5/1=11.0% a@1=40.7% a@3=66.5% | 32.4s
[ 1700/10000] loss=0.0124 (t=0.0019 cls=0.0005 rot=0.0191 beta=0.54) | val: 1.93deg/3977mm R@10/2=23.1% R@5/1=9.9% a@1=41.2% a@3=65.4% | 34.3s
[ 1800/10000] loss=0.0114 (t=0.0016 cls=0.0005 rot=0.0184 beta=0.53) | val: 1.89deg/4039mm R@10/2=21.4% R@5/1=12.6% a@1=40.7% a@3=64.8% | 36.3s
[ 1900/10000] loss=0.0101 (t=0.0015 cls=0.0005 rot=0.0166 beta=0.51) | val: 2.09deg/4024mm R@10/2=21.4% R@5/1=10.4% a@1=39.0% a@3=65.4% | 38.2s
[ 2000/10000] loss=0.0106 (t=0.0013 cls=0.0004 rot=0.0185 beta=0.50) | val: 1.98deg/4019mm R@10/2=23.1% R@5/1=11.0% a@1=39.6% a@3=65.4% | 40.2s
[ 2100/10000] loss=0.0104 (t=0.0014 cls=0.0005 rot=0.0186 beta=0.48) | val: 2.14deg/4298mm R@10/2=20.9% R@5/1=7.7% a@1=39.6% a@3=62.6% | 42.1s
[ 2200/10000] loss=0.0176 (t=0.0078 cls=0.0086 rot=0.0174 beta=0.46) | val: 2.16deg/4063mm R@10/2=23.6% R@5/1=7.1% a@1=41.2% a@3=70.9% | 44.1s
[ 2300/10000] loss=0.0108 (t=0.0036 cls=0.0011 rot=0.0155 beta=0.45) | val: 2.05deg/3878mm R@10/2=20.9% R@5/1=8.2% a@1=44.5% a@3=70.3% | 46.0s
[ 2400/10000] loss=0.0103 (t=0.0028 cls=0.0021 rot=0.0163 beta=0.44) | val: 2.14deg/3949mm R@10/2=21.4% R@5/1=9.3% a@1=43.4% a@3=70.3% | 48.0s
[ 2500/10000] loss=0.0086 (t=0.0018 cls=0.0007 rot=0.0156 beta=0.42) | val: 2.31deg/4041mm R@10/2=22.0% R@5/1=9.9% a@1=43.4% a@3=69.8% | 49.9s
[ 2600/10000] loss=0.0092 (t=0.0017 cls=0.0007 rot=0.0179 beta=0.41) | val: 2.19deg/3967mm R@10/2=22.0% R@5/1=9.9% a@1=42.9% a@3=68.7% | 51.9s
[ 2700/10000] loss=0.0079 (t=0.0017 cls=0.0004 rot=0.0152 beta=0.40) | val: 2.17deg/3867mm R@10/2=22.0% R@5/1=10.4% a@1=42.3% a@3=70.3% | 53.8s
[ 2800/10000] loss=0.0071 (t=0.0014 cls=0.0004 rot=0.0145 beta=0.39) | val: 2.17deg/3859mm R@10/2=20.9% R@5/1=11.0% a@1=42.9% a@3=69.2% | 55.8s
[ 2900/10000] loss=0.0071 (t=0.0013 cls=0.0004 rot=0.0152 beta=0.38) | val: 2.27deg/3872mm R@10/2=22.0% R@5/1=11.0% a@1=42.9% a@3=69.8% | 57.7s
[ 3000/10000] loss=0.0067 (t=0.0014 cls=0.0003 rot=0.0144 beta=0.37) | val: 2.09deg/3909mm R@10/2=22.5% R@5/1=11.0% a@1=44.0% a@3=68.7% | 59.7s
[ 3100/10000] loss=0.0072 (t=0.0012 cls=0.0003 rot=0.0168 beta=0.36) | val: 2.10deg/3893mm R@10/2=20.9% R@5/1=11.0% a@1=42.9% a@3=69.2% | 61.7s
[ 3200/10000] loss=0.0067 (t=0.0012 cls=0.0004 rot=0.0158 beta=0.35) | val: 2.20deg/3949mm R@10/2=18.7% R@5/1=10.4% a@1=41.2% a@3=68.7% | 63.6s
[ 3300/10000] loss=0.0063 (t=0.0010 cls=0.0003 rot=0.0156 beta=0.34) | val: 2.17deg/3752mm R@10/2=19.2% R@5/1=9.9% a@1=42.9% a@3=67.6% | 65.6s
[ 3400/10000] loss=0.0057 (t=0.0010 cls=0.0002 rot=0.0145 beta=0.33) | val: 2.15deg/3931mm R@10/2=21.4% R@5/1=12.1% a@1=41.8% a@3=67.0% | 67.5s
[ 3500/10000] loss=0.0058 (t=0.0009 cls=0.0003 rot=0.0154 beta=0.32) | val: 2.21deg/3902mm R@10/2=20.3% R@5/1=11.0% a@1=41.8% a@3=68.1% | 69.5s
[ 3600/10000] loss=0.0057 (t=0.0011 cls=0.0002 rot=0.0149 beta=0.31) | val: 2.24deg/3963mm R@10/2=19.8% R@5/1=11.0% a@1=41.8% a@3=67.0% | 71.4s
[ 3700/10000] loss=0.0053 (t=0.0008 cls=0.0002 rot=0.0148 beta=0.30) | val: 2.28deg/3965mm R@10/2=21.4% R@5/1=11.0% a@1=41.2% a@3=65.9% | 73.4s
[ 3800/10000] loss=0.0052 (t=0.0008 cls=0.0002 rot=0.0149 beta=0.29) | val: 2.10deg/3873mm R@10/2=19.8% R@5/1=12.1% a@1=41.8% a@3=65.4% | 75.3s
[ 3900/10000] loss=0.0052 (t=0.0007 cls=0.0003 rot=0.0154 beta=0.28) | val: 2.24deg/4068mm R@10/2=21.4% R@5/1=11.5% a@1=41.8% a@3=64.3% | 77.3s
[ 4000/10000] loss=0.0049 (t=0.0007 cls=0.0002 rot=0.0148 beta=0.28) | val: 2.21deg/3952mm R@10/2=20.9% R@5/1=11.5% a@1=41.8% a@3=65.4% | 79.3s
[ 4100/10000] loss=0.0045 (t=0.0007 cls=0.0002 rot=0.0137 beta=0.27) | val: 2.33deg/3858mm R@10/2=20.3% R@5/1=10.4% a@1=42.3% a@3=67.0% | 81.2s
[ 4200/10000] loss=0.0049 (t=0.0009 cls=0.0002 rot=0.0148 beta=0.26) | val: 2.21deg/3978mm R@10/2=19.8% R@5/1=11.0% a@1=41.2% a@3=66.5% | 83.2s
[ 4300/10000] loss=0.0043 (t=0.0008 cls=0.0001 rot=0.0136 beta=0.26) | val: 2.18deg/3942mm R@10/2=20.3% R@5/1=11.5% a@1=41.2% a@3=64.8% | 85.1s
[ 4400/10000] loss=0.0038 (t=0.0006 cls=0.0001 rot=0.0127 beta=0.25) | val: 2.23deg/4028mm R@10/2=19.8% R@5/1=12.1% a@1=41.8% a@3=64.8% | 87.1s
[ 4500/10000] loss=0.0041 (t=0.0007 cls=0.0003 rot=0.0135 beta=0.24) | val: 2.18deg/3978mm R@10/2=19.8% R@5/1=11.0% a@1=41.8% a@3=63.2% | 89.0s
[ 4600/10000] loss=0.0038 (t=0.0007 cls=0.0001 rot=0.0127 beta=0.24) | val: 2.31deg/3925mm R@10/2=21.4% R@5/1=11.5% a@1=42.3% a@3=63.7% | 91.0s
[ 4700/10000] loss=0.0038 (t=0.0007 cls=0.0002 rot=0.0131 beta=0.23) | val: 2.27deg/4036mm R@10/2=23.1% R@5/1=10.4% a@1=40.7% a@3=63.7% | 93.0s
[ 4800/10000] loss=0.0039 (t=0.0008 cls=0.0001 rot=0.0134 beta=0.23) | val: 2.41deg/3955mm R@10/2=22.5% R@5/1=12.1% a@1=41.2% a@3=65.9% | 94.9s
[ 4900/10000] loss=0.0038 (t=0.0006 cls=0.0001 rot=0.0143 beta=0.22) | val: 2.39deg/3864mm R@10/2=21.4% R@5/1=12.1% a@1=41.2% a@3=65.4% | 96.9s
[ 5000/10000] loss=0.0037 (t=0.0007 cls=0.0001 rot=0.0137 beta=0.22) | val: 2.36deg/3895mm R@10/2=21.4% R@5/1=11.0% a@1=42.3% a@3=64.3% | 98.8s
[ 5100/10000] loss=0.0038 (t=0.0006 cls=0.0001 rot=0.0146 beta=0.21) | val: 2.23deg/3907mm R@10/2=22.0% R@5/1=11.0% a@1=42.3% a@3=66.5% | 100.8s
[ 5200/10000] loss=0.0031 (t=0.0006 cls=0.0001 rot=0.0120 beta=0.21) | val: 2.24deg/3937mm R@10/2=20.9% R@5/1=11.0% a@1=41.2% a@3=65.4% | 102.7s
[ 5300/10000] loss=0.0033 (t=0.0006 cls=0.0001 rot=0.0133 beta=0.20) | val: 2.33deg/3969mm R@10/2=20.9% R@5/1=11.5% a@1=41.8% a@3=63.7% | 104.7s
[ 5400/10000] loss=0.0030 (t=0.0005 cls=0.0001 rot=0.0126 beta=0.20) | val: 2.25deg/4059mm R@10/2=22.0% R@5/1=11.5% a@1=41.2% a@3=65.4% | 106.7s
[ 5500/10000] loss=0.0031 (t=0.0006 cls=0.0001 rot=0.0124 beta=0.20) | val: 2.33deg/4022mm R@10/2=21.4% R@5/1=10.4% a@1=41.8% a@3=64.3% | 108.6s
[ 5600/10000] loss=0.0029 (t=0.0005 cls=0.0001 rot=0.0125 beta=0.19) | val: 2.18deg/4070mm R@10/2=22.5% R@5/1=11.5% a@1=42.3% a@3=64.3% | 110.6s
[ 5700/10000] loss=0.0029 (t=0.0006 cls=0.0001 rot=0.0125 beta=0.19) | val: 2.41deg/3914mm R@10/2=22.5% R@5/1=11.5% a@1=41.2% a@3=62.6% | 112.5s
[ 5800/10000] loss=0.0029 (t=0.0005 cls=0.0001 rot=0.0130 beta=0.18) | val: 2.16deg/4045mm R@10/2=22.5% R@5/1=12.1% a@1=41.2% a@3=61.5% | 114.5s
[ 5900/10000] loss=0.0027 (t=0.0005 cls=0.0001 rot=0.0119 beta=0.18) | val: 2.30deg/4049mm R@10/2=21.4% R@5/1=10.4% a@1=41.2% a@3=62.1% | 116.4s
[ 6000/10000] loss=0.0030 (t=0.0006 cls=0.0001 rot=0.0134 beta=0.18) | val: 2.26deg/4010mm R@10/2=21.4% R@5/1=11.5% a@1=41.2% a@3=63.7% | 118.4s
[ 6100/10000] loss=0.0025 (t=0.0005 cls=0.0001 rot=0.0115 beta=0.18) | val: 2.28deg/3959mm R@10/2=21.4% R@5/1=10.4% a@1=41.8% a@3=63.2% | 120.4s
[ 6200/10000] loss=0.0025 (t=0.0005 cls=0.0001 rot=0.0118 beta=0.17) | val: 2.24deg/3982mm R@10/2=21.4% R@5/1=11.5% a@1=41.2% a@3=64.8% | 122.3s
[ 6300/10000] loss=0.0027 (t=0.0005 cls=0.0002 rot=0.0129 beta=0.17) | val: 2.29deg/4011mm R@10/2=21.4% R@5/1=11.5% a@1=40.7% a@3=63.7% | 124.3s
[ 6400/10000] loss=0.0025 (t=0.0005 cls=0.0001 rot=0.0122 beta=0.17) | val: 2.34deg/3946mm R@10/2=21.4% R@5/1=9.9% a@1=41.8% a@3=62.6% | 126.2s
[ 6500/10000] loss=0.0025 (t=0.0004 cls=0.0001 rot=0.0126 beta=0.16) | val: 2.22deg/3915mm R@10/2=20.3% R@5/1=11.5% a@1=40.1% a@3=63.2% | 128.2s
[ 6600/10000] loss=0.0024 (t=0.0004 cls=0.0001 rot=0.0120 beta=0.16) | val: 2.21deg/3934mm R@10/2=20.3% R@5/1=11.5% a@1=41.2% a@3=63.2% | 130.1s
[ 6700/10000] loss=0.0024 (t=0.0004 cls=0.0001 rot=0.0124 beta=0.16) | val: 2.19deg/3952mm R@10/2=19.8% R@5/1=11.0% a@1=41.2% a@3=62.6% | 132.1s
[ 6800/10000] loss=0.0022 (t=0.0004 cls=0.0001 rot=0.0111 beta=0.16) | val: 2.32deg/3970mm R@10/2=20.9% R@5/1=11.0% a@1=41.2% a@3=62.6% | 134.1s
[ 6900/10000] loss=0.0024 (t=0.0005 cls=0.0001 rot=0.0120 beta=0.16) | val: 2.28deg/3981mm R@10/2=20.9% R@5/1=10.4% a@1=41.2% a@3=62.1% | 136.0s
[ 7000/10000] loss=0.0024 (t=0.0005 cls=0.0000 rot=0.0125 beta=0.15) | val: 2.28deg/4051mm R@10/2=20.9% R@5/1=10.4% a@1=40.7% a@3=62.6% | 138.0s
[ 7100/10000] loss=0.0023 (t=0.0005 cls=0.0001 rot=0.0119 beta=0.15) | val: 2.29deg/4016mm R@10/2=20.3% R@5/1=11.0% a@1=41.2% a@3=62.1% | 139.9s
[ 7200/10000] loss=0.0024 (t=0.0004 cls=0.0001 rot=0.0132 beta=0.15) | val: 2.34deg/4086mm R@10/2=20.9% R@5/1=11.5% a@1=42.3% a@3=61.5% | 141.9s
[ 7300/10000] loss=0.0023 (t=0.0004 cls=0.0000 rot=0.0130 beta=0.15) | val: 2.27deg/4111mm R@10/2=20.9% R@5/1=10.4% a@1=41.2% a@3=62.1% | 143.8s
[ 7400/10000] loss=0.0024 (t=0.0004 cls=0.0001 rot=0.0133 beta=0.15) | val: 2.22deg/4094mm R@10/2=19.8% R@5/1=11.5% a@1=41.2% a@3=61.0% | 145.8s
[ 7500/10000] loss=0.0020 (t=0.0003 cls=0.0001 rot=0.0114 beta=0.15) | val: 2.25deg/4080mm R@10/2=20.3% R@5/1=11.5% a@1=42.3% a@3=61.0% | 147.8s
[ 7600/10000] loss=0.0021 (t=0.0004 cls=0.0000 rot=0.0116 beta=0.14) | val: 2.26deg/4065mm R@10/2=20.3% R@5/1=11.5% a@1=41.2% a@3=61.0% | 149.7s
[ 7700/10000] loss=0.0021 (t=0.0004 cls=0.0001 rot=0.0118 beta=0.14) | val: 2.28deg/4046mm R@10/2=20.3% R@5/1=11.5% a@1=41.2% a@3=62.6% | 151.7s
[ 7800/10000] loss=0.0022 (t=0.0004 cls=0.0001 rot=0.0126 beta=0.14) | val: 2.34deg/4086mm R@10/2=20.9% R@5/1=11.0% a@1=41.2% a@3=60.4% | 153.6s
[ 7900/10000] loss=0.0020 (t=0.0004 cls=0.0001 rot=0.0115 beta=0.14) | val: 2.28deg/4081mm R@10/2=20.3% R@5/1=12.6% a@1=41.2% a@3=61.5% | 155.6s
[ 8000/10000] loss=0.0019 (t=0.0003 cls=0.0000 rot=0.0115 beta=0.14) | val: 2.27deg/4060mm R@10/2=20.9% R@5/1=10.4% a@1=41.8% a@3=60.4% | 157.6s
[ 8100/10000] loss=0.0018 (t=0.0003 cls=0.0000 rot=0.0107 beta=0.14) | val: 2.35deg/4103mm R@10/2=20.3% R@5/1=11.0% a@1=41.2% a@3=62.1% | 159.5s
[ 8200/10000] loss=0.0021 (t=0.0004 cls=0.0000 rot=0.0122 beta=0.14) | val: 2.36deg/4106mm R@10/2=20.9% R@5/1=11.5% a@1=41.2% a@3=62.6% | 161.5s
[ 8300/10000] loss=0.0021 (t=0.0003 cls=0.0001 rot=0.0128 beta=0.14) | val: 2.29deg/4088mm R@10/2=20.3% R@5/1=11.5% a@1=40.7% a@3=62.6% | 163.4s
[ 8400/10000] loss=0.0020 (t=0.0003 cls=0.0000 rot=0.0120 beta=0.14) | val: 2.35deg/4079mm R@10/2=20.9% R@5/1=11.0% a@1=41.2% a@3=61.5% | 165.4s
[ 8500/10000] loss=0.0021 (t=0.0004 cls=0.0001 rot=0.0128 beta=0.14) | val: 2.23deg/4067mm R@10/2=20.9% R@5/1=11.0% a@1=40.7% a@3=62.6% | 167.4s
[ 8600/10000] loss=0.0018 (t=0.0003 cls=0.0000 rot=0.0107 beta=0.14) | val: 2.30deg/4088mm R@10/2=20.3% R@5/1=10.4% a@1=41.8% a@3=62.1% | 169.4s
[ 8700/10000] loss=0.0019 (t=0.0003 cls=0.0000 rot=0.0119 beta=0.13) | val: 2.30deg/4137mm R@10/2=20.3% R@5/1=10.4% a@1=41.2% a@3=61.5% | 171.3s
[ 8800/10000] loss=0.0019 (t=0.0004 cls=0.0000 rot=0.0109 beta=0.13) | val: 2.30deg/4104mm R@10/2=20.9% R@5/1=10.4% a@1=41.2% a@3=62.1% | 173.3s
[ 8900/10000] loss=0.0020 (t=0.0004 cls=0.0000 rot=0.0122 beta=0.13) | val: 2.35deg/4102mm R@10/2=20.9% R@5/1=10.4% a@1=41.2% a@3=61.0% | 175.2s
[ 9000/10000] loss=0.0018 (t=0.0003 cls=0.0000 rot=0.0107 beta=0.13) | val: 2.34deg/4112mm R@10/2=20.9% R@5/1=11.0% a@1=41.2% a@3=62.1% | 177.2s
[ 9100/10000] loss=0.0019 (t=0.0003 cls=0.0000 rot=0.0120 beta=0.13) | val: 2.38deg/4085mm R@10/2=20.9% R@5/1=10.4% a@1=41.2% a@3=61.5% | 179.2s
[ 9200/10000] loss=0.0018 (t=0.0003 cls=0.0000 rot=0.0109 beta=0.13) | val: 2.30deg/4055mm R@10/2=20.3% R@5/1=10.4% a@1=41.8% a@3=61.5% | 181.2s
[ 9300/10000] loss=0.0019 (t=0.0003 cls=0.0000 rot=0.0118 beta=0.13) | val: 2.33deg/4073mm R@10/2=20.3% R@5/1=11.0% a@1=41.2% a@3=61.5% | 183.1s
[ 9400/10000] loss=0.0019 (t=0.0003 cls=0.0000 rot=0.0118 beta=0.13) | val: 2.34deg/4074mm R@10/2=20.9% R@5/1=11.0% a@1=41.2% a@3=61.0% | 185.1s
[ 9500/10000] loss=0.0018 (t=0.0003 cls=0.0001 rot=0.0112 beta=0.13) | val: 2.33deg/4083mm R@10/2=20.9% R@5/1=11.5% a@1=41.2% a@3=61.0% | 187.0s
[ 9600/10000] loss=0.0019 (t=0.0003 cls=0.0000 rot=0.0121 beta=0.13) | val: 2.34deg/4083mm R@10/2=20.9% R@5/1=11.0% a@1=41.2% a@3=61.5% | 189.0s
[ 9700/10000] loss=0.0019 (t=0.0004 cls=0.0001 rot=0.0115 beta=0.13) | val: 2.34deg/4090mm R@10/2=20.9% R@5/1=10.4% a@1=41.2% a@3=61.5% | 191.0s
[ 9800/10000] loss=0.0018 (t=0.0003 cls=0.0000 rot=0.0107 beta=0.13) | val: 2.35deg/4084mm R@10/2=20.3% R@5/1=11.0% a@1=41.2% a@3=61.5% | 192.9s
[ 9900/10000] loss=0.0018 (t=0.0003 cls=0.0000 rot=0.0112 beta=0.13) | val: 2.33deg/4086mm R@10/2=20.9% R@5/1=10.4% a@1=41.2% a@3=61.5% | 194.9s
[10000/10000] loss=0.0018 (t=0.0003 cls=0.0000 rot=0.0111 beta=0.13) | val: 2.31deg/4089mm R@10/2=20.9% R@5/1=10.4% a@1=41.2% a@3=61.5% | 196.8s

Training done. Best epoch: 320, score: 3.1771

======================================================================
EVALUATION RESULTS (Anchor Mixture + Rotation Regression)
======================================================================
Rotation  (median): 2.64deg
Translation (median): 3011mm
  R@5deg_1m: 11.5%  (rot_pass=94.0%, trans_pass=12.1%)
  R@10deg_2m: 32.4%  (rot_pass=99.5%, trans_pass=32.4%)
  R@15deg_5m: 78.6%  (rot_pass=100.0%, trans_pass=78.6%)
  R@25deg_5m: 78.6%  (rot_pass=100.0%, trans_pass=78.6%)

======================================================================
EVALUATION RESULTS (Retrieval Mode)
======================================================================
Retrieval median: 11.55deg / 3594mm
  R@5deg_1m: 2.2%  (rot=6.0%, trans=12.1%)
  R@10deg_2m: 13.7%  (rot=37.4%, trans=30.8%)
  R@15deg_5m: 48.9%  (rot=69.2%, trans=70.9%)
  R@25deg_5m: 69.2%  (rot=97.8%, trans=70.9%)

======================================================================
ANCHORS
======================================================================
  Top-1 anchor acc: 42.9%
  Top-3 anchor acc: 75.3%
