=== exp24e_attn_h4_wider_seed123 on GPU 3 ===
======================================================================
Experiment: exp24e_attn_h4_wider_seed123
Pool: attn, Features: both+sum
======================================================================
Random seed: 123
Using device: cuda:3

Loading data (fine=True, coarse=True, summary=True)...
  Loaded fine_geo: torch.Size([895, 128, 68, 120])
  Loaded coarse_sem: torch.Size([895, 128, 68, 120])
  Loaded summary: torch.Size([895, 2560])
  [train] 895 samples loaded
  Loaded fine_geo: torch.Size([182, 128, 68, 120])
  Loaded coarse_sem: torch.Size([182, 128, 68, 120])
  Loaded summary: torch.Size([182, 2560])
  [test] 182 samples loaded
Translation norm: mean=[13.19548    -0.64731836 23.103329  ], std=[10.827089    0.94348246  9.766839  ]
  Feature dim after pooling: 3584
Model parameters: 10,001,042
Model parameters: 10,001,042
[    1/10000] loss=3.1942 (t=0.5843 r=2.6099 beta=1.00) | val: 32.57deg/29172mm | 0.4s
[  100/10000] loss=0.1132 (t=0.0457 r=0.0728 beta=0.93) | val: 5.25deg/2900mm | 3.5s
[  200/10000] loss=0.0663 (t=0.0235 r=0.0484 beta=0.88) | val: 4.19deg/2236mm | 6.2s
[  300/10000] loss=0.0528 (t=0.0182 r=0.0410 beta=0.85) | val: 2.30deg/1748mm | 8.5s
[  400/10000] loss=0.0495 (t=0.0180 r=0.0389 beta=0.81) | val: 2.92deg/1705mm | 10.8s
[  500/10000] loss=0.0381 (t=0.0112 r=0.0345 beta=0.78) | val: 2.19deg/1416mm | 12.8s
[  600/10000] loss=0.0338 (t=0.0089 r=0.0332 beta=0.75) | val: 2.06deg/1489mm | 14.6s
[  700/10000] loss=0.0289 (t=0.0085 r=0.0282 beta=0.72) | val: 2.06deg/1531mm | 16.6s
[  800/10000] loss=0.0297 (t=0.0077 r=0.0316 beta=0.70) | val: 1.82deg/1531mm | 18.4s
[  900/10000] loss=0.0253 (t=0.0067 r=0.0277 beta=0.67) | val: 1.88deg/1648mm | 20.4s
[ 1000/10000] loss=0.0212 (t=0.0053 r=0.0245 beta=0.65) | val: 1.89deg/1498mm | 22.3s
[ 1100/10000] loss=0.0180 (t=0.0045 r=0.0217 beta=0.62) | val: 1.96deg/1550mm | 24.1s
[ 1200/10000] loss=0.0192 (t=0.0039 r=0.0255 beta=0.60) | val: 1.90deg/1575mm | 26.1s
[ 1300/10000] loss=0.0182 (t=0.0047 r=0.0233 beta=0.58) | val: 1.97deg/1518mm | 27.9s
[ 1400/10000] loss=0.0165 (t=0.0036 r=0.0229 beta=0.56) | val: 1.82deg/1255mm | 29.8s
[ 1500/10000] loss=0.0165 (t=0.0037 r=0.0238 beta=0.54) | val: 1.92deg/1535mm | 31.6s
[ 1600/10000] loss=0.0149 (t=0.0032 r=0.0225 beta=0.52) | val: 1.82deg/1381mm | 33.5s
[ 1700/10000] loss=0.0137 (t=0.0033 r=0.0208 beta=0.50) | val: 1.93deg/1426mm | 35.3s
[ 1800/10000] loss=0.0132 (t=0.0035 r=0.0201 beta=0.49) | val: 1.88deg/1466mm | 37.1s
[ 1900/10000] loss=0.0126 (t=0.0030 r=0.0205 beta=0.47) | val: 2.01deg/1528mm | 39.0s
[ 2000/10000] loss=0.0130 (t=0.0032 r=0.0216 beta=0.45) | val: 1.94deg/1403mm | 40.8s
[ 2100/10000] loss=0.0107 (t=0.0023 r=0.0191 beta=0.44) | val: 1.86deg/1421mm | 42.7s
[ 2200/10000] loss=0.0115 (t=0.0031 r=0.0197 beta=0.42) | val: 1.93deg/1373mm | 44.5s
[ 2300/10000] loss=0.0103 (t=0.0031 r=0.0175 beta=0.41) | val: 2.01deg/1507mm | 46.3s
[ 2400/10000] loss=0.0105 (t=0.0025 r=0.0202 beta=0.40) | val: 1.98deg/1502mm | 48.2s
[ 2500/10000] loss=0.0093 (t=0.0020 r=0.0190 beta=0.38) | val: 2.07deg/1758mm | 50.0s
[ 2600/10000] loss=0.0093 (t=0.0025 r=0.0181 beta=0.37) | val: 2.12deg/1325mm | 51.9s
[ 2700/10000] loss=0.0095 (t=0.0024 r=0.0197 beta=0.36) | val: 2.02deg/1376mm | 53.7s
[ 2800/10000] loss=0.0090 (t=0.0022 r=0.0196 beta=0.35) | val: 1.97deg/1468mm | 55.6s
[ 2900/10000] loss=0.0084 (t=0.0026 r=0.0174 beta=0.34) | val: 2.09deg/1626mm | 57.4s
[ 3000/10000] loss=0.0083 (t=0.0025 r=0.0175 beta=0.33) | val: 2.10deg/1558mm | 59.3s
[ 3100/10000] loss=0.0086 (t=0.0028 r=0.0185 beta=0.32) | val: 2.04deg/1447mm | 61.1s
[ 3200/10000] loss=0.0080 (t=0.0021 r=0.0193 beta=0.31) | val: 2.22deg/1447mm | 62.9s
[ 3300/10000] loss=0.0083 (t=0.0020 r=0.0213 beta=0.30) | val: 2.05deg/1607mm | 64.8s
[ 3400/10000] loss=0.0084 (t=0.0027 r=0.0196 beta=0.29) | val: 2.15deg/1607mm | 66.6s
[ 3500/10000] loss=0.0075 (t=0.0022 r=0.0190 beta=0.28) | val: 2.06deg/1540mm | 68.5s
[ 3600/10000] loss=0.0069 (t=0.0020 r=0.0181 beta=0.27) | val: 2.18deg/1554mm | 70.3s
[ 3700/10000] loss=0.0068 (t=0.0020 r=0.0185 beta=0.26) | val: 2.11deg/1490mm | 72.2s
[ 3800/10000] loss=0.0065 (t=0.0022 r=0.0168 beta=0.26) | val: 2.21deg/1646mm | 74.0s
[ 3900/10000] loss=0.0066 (t=0.0022 r=0.0176 beta=0.25) | val: 2.12deg/1630mm | 75.9s
[ 4000/10000] loss=0.0064 (t=0.0021 r=0.0177 beta=0.24) | val: 2.06deg/1607mm | 77.7s
[ 4100/10000] loss=0.0064 (t=0.0021 r=0.0184 beta=0.24) | val: 2.15deg/1414mm | 79.5s
[ 4200/10000] loss=0.0061 (t=0.0019 r=0.0184 beta=0.23) | val: 2.20deg/1672mm | 81.4s
[ 4300/10000] loss=0.0058 (t=0.0021 r=0.0169 beta=0.22) | val: 1.99deg/1642mm | 83.2s
[ 4400/10000] loss=0.0058 (t=0.0020 r=0.0174 beta=0.22) | val: 2.19deg/1676mm | 85.1s
[ 4500/10000] loss=0.0052 (t=0.0017 r=0.0167 beta=0.21) | val: 2.19deg/1658mm | 86.9s
[ 4600/10000] loss=0.0054 (t=0.0019 r=0.0169 beta=0.21) | val: 2.20deg/1679mm | 88.8s
[ 4700/10000] loss=0.0049 (t=0.0015 r=0.0167 beta=0.20) | val: 2.07deg/1586mm | 90.6s
[ 4800/10000] loss=0.0054 (t=0.0020 r=0.0173 beta=0.20) | val: 2.13deg/1654mm | 92.5s
[ 4900/10000] loss=0.0053 (t=0.0020 r=0.0176 beta=0.19) | val: 2.17deg/1612mm | 94.3s
[ 5000/10000] loss=0.0050 (t=0.0019 r=0.0165 beta=0.19) | val: 2.22deg/1737mm | 96.1s
[ 5100/10000] loss=0.0050 (t=0.0017 r=0.0179 beta=0.18) | val: 2.21deg/1529mm | 98.0s
[ 5200/10000] loss=0.0048 (t=0.0019 r=0.0164 beta=0.18) | val: 2.15deg/1657mm | 99.8s
[ 5300/10000] loss=0.0045 (t=0.0016 r=0.0168 beta=0.17) | val: 2.10deg/1598mm | 101.7s
[ 5400/10000] loss=0.0047 (t=0.0018 r=0.0173 beta=0.17) | val: 2.19deg/1499mm | 103.5s
[ 5500/10000] loss=0.0050 (t=0.0021 r=0.0178 beta=0.17) | val: 2.06deg/1638mm | 105.4s
[ 5600/10000] loss=0.0046 (t=0.0019 r=0.0161 beta=0.16) | val: 2.16deg/1469mm | 107.2s
[ 5700/10000] loss=0.0042 (t=0.0015 r=0.0164 beta=0.16) | val: 2.11deg/1541mm | 109.1s
[ 5800/10000] loss=0.0044 (t=0.0018 r=0.0168 beta=0.16) | val: 2.22deg/1690mm | 110.9s
[ 5900/10000] loss=0.0041 (t=0.0015 r=0.0168 beta=0.15) | val: 2.16deg/1706mm | 112.8s
[ 6000/10000] loss=0.0043 (t=0.0017 r=0.0171 beta=0.15) | val: 2.27deg/1645mm | 114.6s
[ 6100/10000] loss=0.0037 (t=0.0012 r=0.0166 beta=0.15) | val: 2.10deg/1760mm | 116.4s
[ 6200/10000] loss=0.0041 (t=0.0016 r=0.0173 beta=0.15) | val: 2.28deg/1686mm | 118.3s
[ 6300/10000] loss=0.0039 (t=0.0016 r=0.0160 beta=0.14) | val: 2.23deg/1793mm | 120.1s
[ 6400/10000] loss=0.0040 (t=0.0018 r=0.0154 beta=0.14) | val: 2.26deg/1599mm | 122.0s
[ 6500/10000] loss=0.0037 (t=0.0014 r=0.0161 beta=0.14) | val: 2.18deg/1553mm | 123.8s
[ 6600/10000] loss=0.0034 (t=0.0014 r=0.0148 beta=0.14) | val: 2.18deg/1703mm | 125.7s
[ 6700/10000] loss=0.0036 (t=0.0015 r=0.0155 beta=0.13) | val: 2.21deg/1523mm | 127.5s
[ 6800/10000] loss=0.0036 (t=0.0015 r=0.0158 beta=0.13) | val: 2.18deg/1572mm | 129.4s
[ 6900/10000] loss=0.0042 (t=0.0018 r=0.0180 beta=0.13) | val: 2.12deg/1697mm | 131.2s
[ 7000/10000] loss=0.0035 (t=0.0013 r=0.0168 beta=0.13) | val: 2.26deg/1723mm | 133.1s
[ 7100/10000] loss=0.0035 (t=0.0014 r=0.0160 beta=0.13) | val: 2.15deg/1727mm | 134.9s
[ 7200/10000] loss=0.0032 (t=0.0013 r=0.0148 beta=0.13) | val: 2.27deg/1692mm | 136.8s
[ 7300/10000] loss=0.0033 (t=0.0013 r=0.0158 beta=0.12) | val: 2.24deg/1636mm | 138.6s
[ 7400/10000] loss=0.0032 (t=0.0012 r=0.0161 beta=0.12) | val: 2.21deg/1721mm | 140.5s
[ 7500/10000] loss=0.0032 (t=0.0014 r=0.0153 beta=0.12) | val: 2.17deg/1582mm | 142.3s
[ 7600/10000] loss=0.0033 (t=0.0013 r=0.0161 beta=0.12) | val: 2.16deg/1513mm | 144.2s
[ 7700/10000] loss=0.0030 (t=0.0011 r=0.0161 beta=0.12) | val: 2.22deg/1741mm | 146.0s
[ 7800/10000] loss=0.0033 (t=0.0014 r=0.0160 beta=0.12) | val: 2.24deg/1603mm | 147.8s
[ 7900/10000] loss=0.0028 (t=0.0010 r=0.0150 beta=0.12) | val: 2.22deg/1692mm | 149.7s
[ 8000/10000] loss=0.0032 (t=0.0014 r=0.0148 beta=0.12) | val: 2.22deg/1626mm | 151.5s
[ 8100/10000] loss=0.0029 (t=0.0011 r=0.0154 beta=0.12) | val: 2.19deg/1686mm | 153.4s
[ 8200/10000] loss=0.0029 (t=0.0011 r=0.0154 beta=0.12) | val: 2.14deg/1653mm | 155.2s
[ 8300/10000] loss=0.0031 (t=0.0015 r=0.0142 beta=0.12) | val: 2.22deg/1636mm | 157.1s
[ 8400/10000] loss=0.0029 (t=0.0013 r=0.0145 beta=0.11) | val: 2.24deg/1630mm | 158.9s
[ 8500/10000] loss=0.0031 (t=0.0013 r=0.0157 beta=0.11) | val: 2.21deg/1595mm | 160.8s
[ 8600/10000] loss=0.0034 (t=0.0016 r=0.0163 beta=0.11) | val: 2.19deg/1676mm | 162.6s
[ 8700/10000] loss=0.0032 (t=0.0014 r=0.0164 beta=0.11) | val: 2.14deg/1729mm | 164.5s
[ 8800/10000] loss=0.0032 (t=0.0013 r=0.0169 beta=0.11) | val: 2.20deg/1583mm | 166.3s
[ 8900/10000] loss=0.0032 (t=0.0015 r=0.0155 beta=0.11) | val: 2.19deg/1681mm | 168.2s
[ 9000/10000] loss=0.0029 (t=0.0012 r=0.0150 beta=0.11) | val: 2.21deg/1632mm | 170.0s
[ 9100/10000] loss=0.0029 (t=0.0012 r=0.0154 beta=0.11) | val: 2.22deg/1687mm | 171.9s
[ 9200/10000] loss=0.0030 (t=0.0011 r=0.0164 beta=0.11) | val: 2.21deg/1695mm | 173.7s
[ 9300/10000] loss=0.0031 (t=0.0013 r=0.0160 beta=0.11) | val: 2.23deg/1670mm | 175.6s
[ 9400/10000] loss=0.0029 (t=0.0011 r=0.0158 beta=0.11) | val: 2.20deg/1676mm | 177.4s
[ 9500/10000] loss=0.0028 (t=0.0011 r=0.0154 beta=0.11) | val: 2.23deg/1671mm | 179.3s
[ 9600/10000] loss=0.0029 (t=0.0011 r=0.0163 beta=0.11) | val: 2.19deg/1685mm | 181.1s
[ 9700/10000] loss=0.0028 (t=0.0012 r=0.0140 beta=0.11) | val: 2.21deg/1681mm | 183.0s
[ 9800/10000] loss=0.0031 (t=0.0014 r=0.0154 beta=0.11) | val: 2.22deg/1684mm | 184.8s
[ 9900/10000] loss=0.0031 (t=0.0014 r=0.0151 beta=0.11) | val: 2.23deg/1669mm | 186.7s
[10000/10000] loss=0.0029 (t=0.0012 r=0.0148 beta=0.11) | val: 2.21deg/1669mm | 188.5s

Training done. Best epoch: 1130, score: 1.3328

Loaded best model from epoch 1130

======================================================================
EVALUATION RESULTS (Direct Regression)
======================================================================
Rotation  (median): 2.08deg
Translation (median): 1138mm

  R@5deg_1m: 42.9%  (rot_pass=93.4%, trans_pass=42.9%)
  R@10deg_2m: 75.3%  (rot_pass=99.5%, trans_pass=75.3%)
  R@15deg_5m: 94.5%  (rot_pass=100.0%, trans_pass=94.5%)
  R@25deg_5m: 94.5%  (rot_pass=100.0%, trans_pass=94.5%)

======================================================================
EVALUATION RESULTS (Retrieval Mode)
======================================================================
Retrieval median: 11.78deg / 2263mm
  R@5deg_1m: 3.3%  (rot=6.0%, trans=19.2%)
  R@10deg_2m: 17.6%  (rot=40.1%, trans=44.5%)
  R@15deg_5m: 57.1%  (rot=68.7%, trans=87.9%)
  R@25deg_5m: 83.0%  (rot=95.1%, trans=87.9%)
======================================================================

Done!
--- seed123 done ---
=== exp24e_attn_h4_wider_seed456 on GPU 3 ===
======================================================================
Experiment: exp24e_attn_h4_wider_seed456
Pool: attn, Features: both+sum
======================================================================
Random seed: 456
Using device: cuda:3

Loading data (fine=True, coarse=True, summary=True)...
  Loaded fine_geo: torch.Size([895, 128, 68, 120])
  Loaded coarse_sem: torch.Size([895, 128, 68, 120])
  Loaded summary: torch.Size([895, 2560])
  [train] 895 samples loaded
  Loaded fine_geo: torch.Size([182, 128, 68, 120])
  Loaded coarse_sem: torch.Size([182, 128, 68, 120])
  Loaded summary: torch.Size([182, 2560])
  [test] 182 samples loaded
Translation norm: mean=[13.19548    -0.64731836 23.103329  ], std=[10.827089    0.94348246  9.766839  ]
  Feature dim after pooling: 3584
Model parameters: 10,001,042
Model parameters: 10,001,042
[    1/10000] loss=2.6966 (t=0.7616 r=1.9350 beta=1.00) | val: 36.98deg/35374mm | 0.7s
[  100/10000] loss=0.1089 (t=0.0348 r=0.0804 beta=0.92) | val: 6.16deg/3303mm | 3.8s
[  200/10000] loss=0.0699 (t=0.0223 r=0.0540 beta=0.88) | val: 3.63deg/2034mm | 6.2s
[  300/10000] loss=0.0480 (t=0.0148 r=0.0393 beta=0.84) | val: 2.61deg/1843mm | 8.4s
[  400/10000] loss=0.0450 (t=0.0143 r=0.0379 beta=0.81) | val: 2.61deg/2274mm | 10.7s
[  500/10000] loss=0.0381 (t=0.0130 r=0.0322 beta=0.78) | val: 2.52deg/2209mm | 12.5s
[  600/10000] loss=0.0320 (t=0.0080 r=0.0319 beta=0.75) | val: 2.18deg/1816mm | 14.6s
[  700/10000] loss=0.0293 (t=0.0085 r=0.0286 beta=0.72) | val: 2.20deg/1854mm | 17.1s
[  800/10000] loss=0.0269 (t=0.0063 r=0.0295 beta=0.70) | val: 2.02deg/1543mm | 19.0s
[  900/10000] loss=0.0220 (t=0.0059 r=0.0240 beta=0.67) | val: 2.17deg/1713mm | 21.0s
[ 1000/10000] loss=0.0226 (t=0.0055 r=0.0264 beta=0.65) | val: 2.31deg/1572mm | 22.9s
[ 1100/10000] loss=0.0219 (t=0.0052 r=0.0266 beta=0.63) | val: 2.12deg/1664mm | 24.7s
[ 1200/10000] loss=0.0198 (t=0.0050 r=0.0245 beta=0.60) | val: 2.32deg/1508mm | 26.6s
[ 1300/10000] loss=0.0174 (t=0.0047 r=0.0218 beta=0.58) | val: 2.36deg/1495mm | 28.4s
[ 1400/10000] loss=0.0176 (t=0.0049 r=0.0227 beta=0.56) | val: 2.23deg/1677mm | 30.3s
[ 1500/10000] loss=0.0151 (t=0.0035 r=0.0213 beta=0.54) | val: 2.19deg/1574mm | 32.1s
[ 1600/10000] loss=0.0152 (t=0.0032 r=0.0228 beta=0.52) | val: 2.11deg/1574mm | 34.0s
[ 1700/10000] loss=0.0140 (t=0.0035 r=0.0207 beta=0.51) | val: 2.32deg/1711mm | 35.8s
[ 1800/10000] loss=0.0141 (t=0.0039 r=0.0208 beta=0.49) | val: 2.08deg/1526mm | 37.7s
[ 1900/10000] loss=0.0127 (t=0.0029 r=0.0206 beta=0.47) | val: 2.38deg/1729mm | 39.5s
[ 2000/10000] loss=0.0117 (t=0.0029 r=0.0191 beta=0.46) | val: 2.09deg/1794mm | 41.4s
[ 2100/10000] loss=0.0119 (t=0.0029 r=0.0205 beta=0.44) | val: 2.16deg/1780mm | 43.2s
[ 2200/10000] loss=0.0108 (t=0.0025 r=0.0196 beta=0.43) | val: 2.31deg/1679mm | 45.0s
[ 2300/10000] loss=0.0110 (t=0.0025 r=0.0205 beta=0.41) | val: 2.40deg/1695mm | 46.9s
[ 2400/10000] loss=0.0098 (t=0.0025 r=0.0181 beta=0.40) | val: 2.09deg/1469mm | 48.7s
[ 2500/10000] loss=0.0098 (t=0.0024 r=0.0192 beta=0.39) | val: 2.09deg/1450mm | 50.6s
[ 2600/10000] loss=0.0095 (t=0.0028 r=0.0178 beta=0.38) | val: 2.04deg/1612mm | 52.4s
[ 2700/10000] loss=0.0096 (t=0.0022 r=0.0203 beta=0.36) | val: 2.08deg/1541mm | 54.3s
[ 2800/10000] loss=0.0095 (t=0.0026 r=0.0195 beta=0.35) | val: 2.20deg/1639mm | 56.1s
[ 2900/10000] loss=0.0086 (t=0.0027 r=0.0174 beta=0.34) | val: 2.32deg/1728mm | 57.9s
[ 3000/10000] loss=0.0078 (t=0.0020 r=0.0175 beta=0.33) | val: 2.20deg/1594mm | 59.8s
[ 3100/10000] loss=0.0085 (t=0.0024 r=0.0190 beta=0.32) | val: 2.25deg/1643mm | 61.6s
[ 3200/10000] loss=0.0083 (t=0.0024 r=0.0189 beta=0.31) | val: 2.23deg/1495mm | 63.5s
[ 3300/10000] loss=0.0085 (t=0.0026 r=0.0199 beta=0.30) | val: 2.36deg/1647mm | 65.3s
[ 3400/10000] loss=0.0074 (t=0.0022 r=0.0180 beta=0.29) | val: 2.06deg/1631mm | 67.2s
[ 3500/10000] loss=0.0070 (t=0.0019 r=0.0182 beta=0.28) | val: 2.16deg/1517mm | 69.0s
[ 3600/10000] loss=0.0078 (t=0.0025 r=0.0193 beta=0.28) | val: 2.57deg/1538mm | 70.9s
[ 3700/10000] loss=0.0067 (t=0.0020 r=0.0176 beta=0.27) | val: 2.18deg/1523mm | 72.7s
[ 3800/10000] loss=0.0065 (t=0.0019 r=0.0178 beta=0.26) | val: 2.19deg/1631mm | 74.6s
[ 3900/10000] loss=0.0067 (t=0.0022 r=0.0177 beta=0.25) | val: 2.47deg/1615mm | 76.4s
[ 4000/10000] loss=0.0068 (t=0.0021 r=0.0192 beta=0.25) | val: 2.51deg/1495mm | 78.3s
[ 4100/10000] loss=0.0069 (t=0.0024 r=0.0188 beta=0.24) | val: 2.38deg/1595mm | 80.1s
[ 4200/10000] loss=0.0073 (t=0.0028 r=0.0193 beta=0.23) | val: 2.48deg/1542mm | 82.0s
[ 4300/10000] loss=0.0065 (t=0.0021 r=0.0196 beta=0.23) | val: 2.31deg/1632mm | 83.8s
[ 4400/10000] loss=0.0055 (t=0.0019 r=0.0163 beta=0.22) | val: 2.34deg/1798mm | 85.6s
[ 4500/10000] loss=0.0053 (t=0.0017 r=0.0166 beta=0.22) | val: 2.37deg/1637mm | 87.5s
[ 4600/10000] loss=0.0056 (t=0.0017 r=0.0183 beta=0.21) | val: 2.43deg/1563mm | 89.3s
[ 4700/10000] loss=0.0050 (t=0.0016 r=0.0167 beta=0.21) | val: 2.22deg/1674mm | 91.2s
[ 4800/10000] loss=0.0055 (t=0.0021 r=0.0170 beta=0.20) | val: 2.22deg/1640mm | 93.0s
[ 4900/10000] loss=0.0056 (t=0.0025 r=0.0160 beta=0.20) | val: 2.37deg/1837mm | 94.9s
[ 5000/10000] loss=0.0047 (t=0.0015 r=0.0165 beta=0.19) | val: 2.30deg/1572mm | 96.7s
[ 5100/10000] loss=0.0048 (t=0.0017 r=0.0167 beta=0.19) | val: 2.42deg/1644mm | 98.6s
[ 5200/10000] loss=0.0051 (t=0.0018 r=0.0182 beta=0.18) | val: 2.39deg/1614mm | 100.4s
[ 5300/10000] loss=0.0047 (t=0.0018 r=0.0164 beta=0.18) | val: 2.51deg/1536mm | 102.3s
[ 5400/10000] loss=0.0048 (t=0.0018 r=0.0174 beta=0.17) | val: 2.39deg/1523mm | 104.1s
[ 5500/10000] loss=0.0044 (t=0.0015 r=0.0168 beta=0.17) | val: 2.31deg/1548mm | 106.0s
[ 5600/10000] loss=0.0046 (t=0.0019 r=0.0159 beta=0.17) | val: 2.30deg/1453mm | 107.8s
[ 5700/10000] loss=0.0041 (t=0.0016 r=0.0153 beta=0.16) | val: 2.38deg/1598mm | 109.7s
[ 5800/10000] loss=0.0047 (t=0.0018 r=0.0178 beta=0.16) | val: 2.35deg/1596mm | 111.5s
[ 5900/10000] loss=0.0045 (t=0.0017 r=0.0176 beta=0.16) | val: 2.47deg/1537mm | 113.4s
[ 6000/10000] loss=0.0040 (t=0.0016 r=0.0155 beta=0.15) | val: 2.29deg/1639mm | 115.2s
[ 6100/10000] loss=0.0038 (t=0.0013 r=0.0166 beta=0.15) | val: 2.45deg/1635mm | 117.0s
[ 6200/10000] loss=0.0039 (t=0.0015 r=0.0161 beta=0.15) | val: 2.46deg/1665mm | 118.9s
[ 6300/10000] loss=0.0040 (t=0.0015 r=0.0171 beta=0.15) | val: 2.48deg/1560mm | 120.7s
[ 6400/10000] loss=0.0037 (t=0.0012 r=0.0170 beta=0.14) | val: 2.40deg/1617mm | 122.6s
[ 6500/10000] loss=0.0039 (t=0.0017 r=0.0160 beta=0.14) | val: 2.37deg/1542mm | 124.4s
[ 6600/10000] loss=0.0039 (t=0.0015 r=0.0172 beta=0.14) | val: 2.52deg/1483mm | 126.3s
[ 6700/10000] loss=0.0040 (t=0.0017 r=0.0166 beta=0.14) | val: 2.41deg/1514mm | 128.1s
[ 6800/10000] loss=0.0036 (t=0.0012 r=0.0173 beta=0.14) | val: 2.43deg/1781mm | 130.0s
[ 6900/10000] loss=0.0033 (t=0.0013 r=0.0155 beta=0.13) | val: 2.50deg/1761mm | 131.8s
[ 7000/10000] loss=0.0034 (t=0.0014 r=0.0150 beta=0.13) | val: 2.30deg/1632mm | 133.7s
[ 7100/10000] loss=0.0038 (t=0.0016 r=0.0166 beta=0.13) | val: 2.42deg/1635mm | 135.5s
[ 7200/10000] loss=0.0034 (t=0.0015 r=0.0152 beta=0.13) | val: 2.39deg/1469mm | 137.4s
[ 7300/10000] loss=0.0034 (t=0.0014 r=0.0153 beta=0.13) | val: 2.42deg/1661mm | 139.2s
[ 7400/10000] loss=0.0036 (t=0.0014 r=0.0171 beta=0.13) | val: 2.38deg/1532mm | 141.0s
[ 7500/10000] loss=0.0032 (t=0.0012 r=0.0159 beta=0.12) | val: 2.40deg/1576mm | 142.9s
[ 7600/10000] loss=0.0032 (t=0.0014 r=0.0148 beta=0.12) | val: 2.31deg/1522mm | 144.8s
[ 7700/10000] loss=0.0030 (t=0.0012 r=0.0152 beta=0.12) | val: 2.35deg/1569mm | 146.6s
[ 7800/10000] loss=0.0031 (t=0.0012 r=0.0154 beta=0.12) | val: 2.37deg/1476mm | 148.4s
[ 7900/10000] loss=0.0031 (t=0.0013 r=0.0145 beta=0.12) | val: 2.34deg/1566mm | 150.3s
[ 8000/10000] loss=0.0033 (t=0.0014 r=0.0161 beta=0.12) | val: 2.47deg/1603mm | 152.1s
[ 8100/10000] loss=0.0031 (t=0.0012 r=0.0161 beta=0.12) | val: 2.36deg/1532mm | 154.0s
[ 8200/10000] loss=0.0028 (t=0.0011 r=0.0148 beta=0.12) | val: 2.41deg/1593mm | 155.9s
[ 8300/10000] loss=0.0034 (t=0.0015 r=0.0160 beta=0.12) | val: 2.29deg/1684mm | 157.7s
[ 8400/10000] loss=0.0032 (t=0.0014 r=0.0154 beta=0.12) | val: 2.51deg/1617mm | 159.6s
[ 8500/10000] loss=0.0034 (t=0.0016 r=0.0155 beta=0.12) | val: 2.45deg/1616mm | 161.4s
[ 8600/10000] loss=0.0029 (t=0.0011 r=0.0157 beta=0.12) | val: 2.36deg/1565mm | 163.2s
[ 8700/10000] loss=0.0029 (t=0.0011 r=0.0155 beta=0.12) | val: 2.37deg/1560mm | 165.1s
[ 8800/10000] loss=0.0030 (t=0.0012 r=0.0161 beta=0.12) | val: 2.41deg/1598mm | 167.0s
[ 8900/10000] loss=0.0029 (t=0.0013 r=0.0136 beta=0.11) | val: 2.39deg/1542mm | 168.8s
[ 9000/10000] loss=0.0029 (t=0.0011 r=0.0153 beta=0.11) | val: 2.37deg/1557mm | 170.7s
[ 9100/10000] loss=0.0028 (t=0.0012 r=0.0148 beta=0.11) | val: 2.37deg/1572mm | 172.5s
[ 9200/10000] loss=0.0030 (t=0.0013 r=0.0155 beta=0.11) | val: 2.38deg/1580mm | 174.4s
[ 9300/10000] loss=0.0029 (t=0.0011 r=0.0150 beta=0.11) | val: 2.43deg/1575mm | 176.2s
[ 9400/10000] loss=0.0031 (t=0.0013 r=0.0155 beta=0.11) | val: 2.38deg/1615mm | 178.1s
[ 9500/10000] loss=0.0033 (t=0.0015 r=0.0155 beta=0.11) | val: 2.37deg/1592mm | 179.9s
[ 9600/10000] loss=0.0030 (t=0.0012 r=0.0150 beta=0.11) | val: 2.40deg/1594mm | 181.8s
[ 9700/10000] loss=0.0030 (t=0.0013 r=0.0151 beta=0.11) | val: 2.36deg/1590mm | 183.6s
[ 9800/10000] loss=0.0030 (t=0.0013 r=0.0149 beta=0.11) | val: 2.38deg/1583mm | 185.5s
[ 9900/10000] loss=0.0027 (t=0.0010 r=0.0146 beta=0.11) | val: 2.39deg/1604mm | 187.4s
[10000/10000] loss=0.0030 (t=0.0014 r=0.0146 beta=0.11) | val: 2.37deg/1584mm | 189.2s

Training done. Best epoch: 830, score: 1.5457

Loaded best model from epoch 830

======================================================================
EVALUATION RESULTS (Direct Regression)
======================================================================
Rotation  (median): 2.19deg
Translation (median): 1328mm

  R@5deg_1m: 34.1%  (rot_pass=94.5%, trans_pass=34.6%)
  R@10deg_2m: 69.8%  (rot_pass=100.0%, trans_pass=69.8%)
  R@15deg_5m: 95.6%  (rot_pass=100.0%, trans_pass=95.6%)
  R@25deg_5m: 95.6%  (rot_pass=100.0%, trans_pass=95.6%)

======================================================================
EVALUATION RESULTS (Retrieval Mode)
======================================================================
Retrieval median: 11.47deg / 2348mm
  R@5deg_1m: 3.8%  (rot=6.6%, trans=20.3%)
  R@10deg_2m: 19.8%  (rot=40.1%, trans=46.2%)
  R@15deg_5m: 57.7%  (rot=69.8%, trans=86.8%)
  R@25deg_5m: 83.5%  (rot=96.7%, trans=86.8%)
======================================================================

Done!
--- seed456 done ---
=== exp24e_attn_h4_wider_seed42 on GPU 3 ===
======================================================================
Experiment: exp24e_attn_h4_wider_seed42
Pool: attn, Features: both+sum
======================================================================
Random seed: 42
Using device: cuda:3

Loading data (fine=True, coarse=True, summary=True)...
  Loaded fine_geo: torch.Size([895, 128, 68, 120])
  Loaded coarse_sem: torch.Size([895, 128, 68, 120])
  Loaded summary: torch.Size([895, 2560])
  [train] 895 samples loaded
  Loaded fine_geo: torch.Size([182, 128, 68, 120])
  Loaded coarse_sem: torch.Size([182, 128, 68, 120])
  Loaded summary: torch.Size([182, 2560])
  [test] 182 samples loaded
Translation norm: mean=[13.19548    -0.64731836 23.103329  ], std=[10.827089    0.94348246  9.766839  ]
  Feature dim after pooling: 3584
Model parameters: 10,001,042
Model parameters: 10,001,042
[    1/10000] loss=3.1834 (t=0.7570 r=2.4265 beta=1.00) | val: 42.01deg/20570mm | 0.6s
[  100/10000] loss=0.1067 (t=0.0364 r=0.0759 beta=0.93) | val: 5.51deg/3108mm | 3.6s
[  200/10000] loss=0.0736 (t=0.0284 r=0.0515 beta=0.88) | val: 3.61deg/2135mm | 6.3s
[  300/10000] loss=0.0564 (t=0.0219 r=0.0410 beta=0.84) | val: 2.99deg/2128mm | 8.3s
[  400/10000] loss=0.0447 (t=0.0154 r=0.0363 beta=0.81) | val: 2.29deg/1649mm | 10.3s
[  500/10000] loss=0.0416 (t=0.0140 r=0.0355 beta=0.78) | val: 2.39deg/1714mm | 12.4s
[  600/10000] loss=0.0326 (t=0.0094 r=0.0312 beta=0.75) | val: 2.42deg/2045mm | 14.2s
[  700/10000] loss=0.0267 (t=0.0072 r=0.0272 beta=0.72) | val: 2.71deg/1764mm | 16.3s
[  800/10000] loss=0.0273 (t=0.0069 r=0.0296 beta=0.69) | val: 2.82deg/2015mm | 18.1s
[  900/10000] loss=0.0247 (t=0.0062 r=0.0278 beta=0.67) | val: 2.15deg/1999mm | 19.9s
[ 1000/10000] loss=0.0209 (t=0.0049 r=0.0249 beta=0.64) | val: 2.43deg/1794mm | 21.8s
[ 1100/10000] loss=0.0241 (t=0.0066 r=0.0283 beta=0.62) | val: 2.64deg/1819mm | 23.6s
[ 1200/10000] loss=0.0202 (t=0.0048 r=0.0259 beta=0.60) | val: 2.99deg/2035mm | 25.5s
[ 1300/10000] loss=0.0171 (t=0.0041 r=0.0227 beta=0.57) | val: 2.32deg/1746mm | 27.5s
[ 1400/10000] loss=0.0183 (t=0.0049 r=0.0242 beta=0.55) | val: 2.08deg/1781mm | 29.4s
[ 1500/10000] loss=0.0163 (t=0.0037 r=0.0236 beta=0.53) | val: 2.29deg/1835mm | 31.2s
[ 1600/10000] loss=0.0143 (t=0.0036 r=0.0206 beta=0.52) | val: 2.21deg/1672mm | 33.1s
[ 1700/10000] loss=0.0145 (t=0.0032 r=0.0228 beta=0.50) | val: 2.32deg/1637mm | 35.0s
[ 1800/10000] loss=0.0136 (t=0.0034 r=0.0211 beta=0.48) | val: 2.12deg/1675mm | 36.8s
[ 1900/10000] loss=0.0145 (t=0.0039 r=0.0229 beta=0.46) | val: 2.29deg/1737mm | 38.6s
[ 2000/10000] loss=0.0127 (t=0.0030 r=0.0216 beta=0.45) | val: 2.41deg/1919mm | 40.7s
[ 2100/10000] loss=0.0123 (t=0.0029 r=0.0216 beta=0.43) | val: 2.09deg/1816mm | 42.5s
[ 2200/10000] loss=0.0102 (t=0.0024 r=0.0186 beta=0.42) | val: 2.16deg/1689mm | 44.3s
[ 2300/10000] loss=0.0116 (t=0.0030 r=0.0212 beta=0.40) | val: 2.27deg/1773mm | 46.2s
[ 2400/10000] loss=0.0108 (t=0.0027 r=0.0206 beta=0.39) | val: 2.16deg/1913mm | 48.0s
[ 2500/10000] loss=0.0104 (t=0.0026 r=0.0207 beta=0.38) | val: 2.17deg/1807mm | 49.9s
[ 2600/10000] loss=0.0103 (t=0.0029 r=0.0203 beta=0.37) | val: 2.09deg/1653mm | 51.7s
[ 2700/10000] loss=0.0098 (t=0.0025 r=0.0207 beta=0.35) | val: 2.40deg/1765mm | 53.6s
[ 2800/10000] loss=0.0086 (t=0.0023 r=0.0184 beta=0.34) | val: 2.27deg/1722mm | 55.4s
[ 2900/10000] loss=0.0089 (t=0.0027 r=0.0186 beta=0.33) | val: 2.14deg/1597mm | 57.3s
[ 3000/10000] loss=0.0095 (t=0.0031 r=0.0201 beta=0.32) | val: 2.34deg/1714mm | 59.1s
[ 3100/10000] loss=0.0083 (t=0.0022 r=0.0198 beta=0.31) | val: 2.07deg/2024mm | 61.0s
[ 3200/10000] loss=0.0078 (t=0.0023 r=0.0181 beta=0.30) | val: 2.09deg/1585mm | 62.8s
[ 3300/10000] loss=0.0069 (t=0.0020 r=0.0170 beta=0.29) | val: 2.31deg/1964mm | 64.7s
[ 3400/10000] loss=0.0076 (t=0.0023 r=0.0188 beta=0.29) | val: 2.06deg/1535mm | 66.5s
[ 3500/10000] loss=0.0075 (t=0.0021 r=0.0196 beta=0.28) | val: 2.24deg/1645mm | 68.4s
[ 3600/10000] loss=0.0069 (t=0.0021 r=0.0177 beta=0.27) | val: 2.32deg/1636mm | 70.2s
[ 3700/10000] loss=0.0067 (t=0.0020 r=0.0180 beta=0.26) | val: 2.42deg/1941mm | 72.1s
[ 3800/10000] loss=0.0065 (t=0.0020 r=0.0176 beta=0.25) | val: 2.10deg/1731mm | 73.9s
[ 3900/10000] loss=0.0066 (t=0.0022 r=0.0179 beta=0.25) | val: 2.23deg/1979mm | 75.7s
[ 4000/10000] loss=0.0059 (t=0.0016 r=0.0176 beta=0.24) | val: 2.31deg/1694mm | 77.6s
[ 4100/10000] loss=0.0063 (t=0.0018 r=0.0193 beta=0.23) | val: 2.25deg/1624mm | 79.4s
[ 4200/10000] loss=0.0061 (t=0.0023 r=0.0166 beta=0.23) | val: 2.09deg/1649mm | 81.3s
[ 4300/10000] loss=0.0062 (t=0.0021 r=0.0187 beta=0.22) | val: 2.17deg/1883mm | 83.1s
[ 4400/10000] loss=0.0059 (t=0.0020 r=0.0181 beta=0.21) | val: 2.07deg/1801mm | 85.0s
[ 4500/10000] loss=0.0061 (t=0.0019 r=0.0200 beta=0.21) | val: 2.24deg/1907mm | 86.9s
[ 4600/10000] loss=0.0054 (t=0.0016 r=0.0186 beta=0.20) | val: 1.99deg/1689mm | 88.7s
[ 4700/10000] loss=0.0052 (t=0.0016 r=0.0181 beta=0.20) | val: 2.09deg/1703mm | 90.6s
[ 4800/10000] loss=0.0051 (t=0.0017 r=0.0175 beta=0.19) | val: 2.26deg/1733mm | 92.4s
[ 4900/10000] loss=0.0050 (t=0.0016 r=0.0180 beta=0.19) | val: 2.03deg/1690mm | 94.3s
[ 5000/10000] loss=0.0050 (t=0.0018 r=0.0170 beta=0.18) | val: 2.16deg/2014mm | 96.1s
[ 5100/10000] loss=0.0046 (t=0.0016 r=0.0167 beta=0.18) | val: 2.20deg/1742mm | 98.0s
[ 5200/10000] loss=0.0050 (t=0.0020 r=0.0173 beta=0.18) | val: 2.20deg/1641mm | 99.8s
[ 5300/10000] loss=0.0046 (t=0.0016 r=0.0173 beta=0.17) | val: 2.13deg/1758mm | 101.7s
[ 5400/10000] loss=0.0046 (t=0.0017 r=0.0172 beta=0.17) | val: 2.35deg/1740mm | 103.5s
[ 5500/10000] loss=0.0046 (t=0.0018 r=0.0170 beta=0.17) | val: 2.20deg/1687mm | 105.4s
[ 5600/10000] loss=0.0047 (t=0.0019 r=0.0175 beta=0.16) | val: 2.21deg/1867mm | 107.2s
[ 5700/10000] loss=0.0048 (t=0.0019 r=0.0187 beta=0.16) | val: 2.01deg/1647mm | 109.1s
[ 5800/10000] loss=0.0043 (t=0.0017 r=0.0168 beta=0.16) | val: 2.23deg/1750mm | 111.0s
[ 5900/10000] loss=0.0043 (t=0.0017 r=0.0173 beta=0.15) | val: 2.10deg/1776mm | 112.8s
[ 6000/10000] loss=0.0043 (t=0.0016 r=0.0175 beta=0.15) | val: 2.13deg/1884mm | 114.7s
[ 6100/10000] loss=0.0040 (t=0.0014 r=0.0174 beta=0.15) | val: 2.04deg/1751mm | 116.5s
[ 6200/10000] loss=0.0038 (t=0.0013 r=0.0169 beta=0.14) | val: 2.09deg/1820mm | 118.4s
[ 6300/10000] loss=0.0040 (t=0.0016 r=0.0164 beta=0.14) | val: 2.08deg/1674mm | 120.2s
[ 6400/10000] loss=0.0039 (t=0.0015 r=0.0166 beta=0.14) | val: 2.10deg/1810mm | 122.0s
[ 6500/10000] loss=0.0040 (t=0.0017 r=0.0173 beta=0.14) | val: 2.15deg/1801mm | 123.9s
[ 6600/10000] loss=0.0039 (t=0.0016 r=0.0167 beta=0.14) | val: 2.26deg/1771mm | 125.7s
[ 6700/10000] loss=0.0038 (t=0.0015 r=0.0168 beta=0.13) | val: 2.20deg/1788mm | 127.6s
[ 6800/10000] loss=0.0040 (t=0.0018 r=0.0163 beta=0.13) | val: 2.16deg/1790mm | 129.4s
[ 6900/10000] loss=0.0036 (t=0.0015 r=0.0166 beta=0.13) | val: 2.11deg/1771mm | 131.3s
[ 7000/10000] loss=0.0033 (t=0.0015 r=0.0137 beta=0.13) | val: 2.13deg/1826mm | 133.1s
[ 7100/10000] loss=0.0035 (t=0.0016 r=0.0150 beta=0.13) | val: 2.15deg/1767mm | 135.0s
[ 7200/10000] loss=0.0037 (t=0.0016 r=0.0165 beta=0.12) | val: 2.21deg/1843mm | 136.8s
[ 7300/10000] loss=0.0034 (t=0.0014 r=0.0157 beta=0.12) | val: 2.16deg/1713mm | 138.7s
[ 7400/10000] loss=0.0030 (t=0.0012 r=0.0146 beta=0.12) | val: 2.26deg/1790mm | 140.5s
[ 7500/10000] loss=0.0032 (t=0.0013 r=0.0156 beta=0.12) | val: 2.18deg/1890mm | 142.4s
[ 7600/10000] loss=0.0032 (t=0.0013 r=0.0154 beta=0.12) | val: 2.22deg/1780mm | 144.2s
[ 7700/10000] loss=0.0034 (t=0.0015 r=0.0156 beta=0.12) | val: 2.26deg/1812mm | 146.1s
[ 7800/10000] loss=0.0033 (t=0.0014 r=0.0156 beta=0.12) | val: 2.15deg/1809mm | 147.9s
[ 7900/10000] loss=0.0031 (t=0.0013 r=0.0154 beta=0.12) | val: 2.19deg/1738mm | 149.8s
[ 8000/10000] loss=0.0030 (t=0.0014 r=0.0144 beta=0.12) | val: 2.13deg/1774mm | 151.6s
[ 8100/10000] loss=0.0033 (t=0.0013 r=0.0172 beta=0.12) | val: 2.21deg/1815mm | 153.5s
[ 8200/10000] loss=0.0029 (t=0.0013 r=0.0143 beta=0.11) | val: 2.13deg/1772mm | 155.3s
[ 8300/10000] loss=0.0029 (t=0.0012 r=0.0146 beta=0.11) | val: 2.12deg/1791mm | 157.2s
[ 8400/10000] loss=0.0031 (t=0.0012 r=0.0173 beta=0.11) | val: 2.23deg/1744mm | 159.0s
[ 8500/10000] loss=0.0030 (t=0.0012 r=0.0164 beta=0.11) | val: 2.25deg/1887mm | 160.8s
[ 8600/10000] loss=0.0031 (t=0.0013 r=0.0159 beta=0.11) | val: 2.25deg/1820mm | 162.7s
[ 8700/10000] loss=0.0032 (t=0.0014 r=0.0160 beta=0.11) | val: 2.22deg/1806mm | 164.5s
[ 8800/10000] loss=0.0030 (t=0.0014 r=0.0141 beta=0.11) | val: 2.22deg/1837mm | 166.4s
[ 8900/10000] loss=0.0030 (t=0.0011 r=0.0169 beta=0.11) | val: 2.19deg/1774mm | 168.2s
[ 9000/10000] loss=0.0028 (t=0.0012 r=0.0144 beta=0.11) | val: 2.25deg/1838mm | 170.1s
[ 9100/10000] loss=0.0034 (t=0.0015 r=0.0169 beta=0.11) | val: 2.18deg/1794mm | 171.9s
[ 9200/10000] loss=0.0029 (t=0.0012 r=0.0147 beta=0.11) | val: 2.20deg/1839mm | 173.8s
[ 9300/10000] loss=0.0030 (t=0.0012 r=0.0164 beta=0.11) | val: 2.23deg/1794mm | 175.6s
[ 9400/10000] loss=0.0031 (t=0.0014 r=0.0151 beta=0.11) | val: 2.22deg/1822mm | 177.5s
[ 9500/10000] loss=0.0027 (t=0.0011 r=0.0150 beta=0.11) | val: 2.22deg/1820mm | 179.4s
[ 9600/10000] loss=0.0029 (t=0.0012 r=0.0151 beta=0.11) | val: 2.23deg/1794mm | 181.2s
[ 9700/10000] loss=0.0033 (t=0.0015 r=0.0159 beta=0.11) | val: 2.20deg/1796mm | 183.1s
[ 9800/10000] loss=0.0033 (t=0.0015 r=0.0161 beta=0.11) | val: 2.19deg/1830mm | 185.0s
[ 9900/10000] loss=0.0028 (t=0.0012 r=0.0149 beta=0.11) | val: 2.21deg/1821mm | 186.8s
[10000/10000] loss=0.0031 (t=0.0012 r=0.0167 beta=0.11) | val: 2.22deg/1817mm | 188.7s

Training done. Best epoch: 1940, score: 1.6495

Loaded best model from epoch 1940

======================================================================
EVALUATION RESULTS (Direct Regression)
======================================================================
Rotation  (median): 2.13deg
Translation (median): 1455mm

  R@5deg_1m: 31.9%  (rot_pass=90.7%, trans_pass=31.9%)
  R@10deg_2m: 66.5%  (rot_pass=100.0%, trans_pass=66.5%)
  R@15deg_5m: 92.9%  (rot_pass=100.0%, trans_pass=92.9%)
  R@25deg_5m: 92.9%  (rot_pass=100.0%, trans_pass=92.9%)

======================================================================
EVALUATION RESULTS (Retrieval Mode)
======================================================================
Retrieval median: 11.06deg / 2408mm
  R@5deg_1m: 2.7%  (rot=4.4%, trans=18.1%)
  R@10deg_2m: 17.6%  (rot=42.3%, trans=40.7%)
  R@15deg_5m: 59.3%  (rot=71.4%, trans=87.4%)
  R@25deg_5m: 84.6%  (rot=97.3%, trans=87.4%)
======================================================================

Done!
--- seed42 done ---
=== exp24e_attn_h4_wider_seed7 on GPU 3 ===
======================================================================
Experiment: exp24e_attn_h4_wider_seed7
Pool: attn, Features: both+sum
======================================================================
Random seed: 7
Using device: cuda:3

Loading data (fine=True, coarse=True, summary=True)...
  Loaded fine_geo: torch.Size([895, 128, 68, 120])
  Loaded coarse_sem: torch.Size([895, 128, 68, 120])
  Loaded summary: torch.Size([895, 2560])
  [train] 895 samples loaded
  Loaded fine_geo: torch.Size([182, 128, 68, 120])
  Loaded coarse_sem: torch.Size([182, 128, 68, 120])
  Loaded summary: torch.Size([182, 2560])
  [test] 182 samples loaded
Translation norm: mean=[13.19548    -0.64731836 23.103329  ], std=[10.827089    0.94348246  9.766839  ]
  Feature dim after pooling: 3584
Model parameters: 10,001,042
Model parameters: 10,001,042
[    1/10000] loss=3.0712 (t=0.6856 r=2.3857 beta=1.00) | val: 22.93deg/19199mm | 0.5s
[  100/10000] loss=0.1108 (t=0.0336 r=0.0836 beta=0.92) | val: 5.15deg/3371mm | 3.6s
[  200/10000] loss=0.0706 (t=0.0296 r=0.0470 beta=0.87) | val: 3.71deg/1906mm | 6.0s
[  300/10000] loss=0.0539 (t=0.0214 r=0.0390 beta=0.83) | val: 2.68deg/1901mm | 8.2s
[  400/10000] loss=0.0448 (t=0.0158 r=0.0364 beta=0.80) | val: 2.10deg/1345mm | 10.3s
[  500/10000] loss=0.0370 (t=0.0109 r=0.0343 beta=0.76) | val: 2.62deg/1662mm | 12.4s
[  600/10000] loss=0.0322 (t=0.0103 r=0.0299 beta=0.73) | val: 2.38deg/2079mm | 14.2s
[  700/10000] loss=0.0295 (t=0.0069 r=0.0320 beta=0.70) | val: 2.60deg/1694mm | 16.2s
[  800/10000] loss=0.0257 (t=0.0073 r=0.0273 beta=0.68) | val: 1.74deg/1800mm | 18.1s
[  900/10000] loss=0.0213 (t=0.0052 r=0.0248 beta=0.65) | val: 1.82deg/1439mm | 19.9s
[ 1000/10000] loss=0.0235 (t=0.0067 r=0.0269 beta=0.62) | val: 1.92deg/1560mm | 21.8s
[ 1100/10000] loss=0.0191 (t=0.0043 r=0.0245 beta=0.60) | val: 2.15deg/1605mm | 23.6s
[ 1200/10000] loss=0.0199 (t=0.0049 r=0.0259 beta=0.58) | val: 1.90deg/1666mm | 25.4s
[ 1300/10000] loss=0.0158 (t=0.0032 r=0.0227 beta=0.56) | val: 2.00deg/1519mm | 27.3s
[ 1400/10000] loss=0.0152 (t=0.0034 r=0.0221 beta=0.54) | val: 1.85deg/1495mm | 29.1s
[ 1500/10000] loss=0.0163 (t=0.0041 r=0.0236 beta=0.52) | val: 2.10deg/1561mm | 31.0s
[ 1600/10000] loss=0.0145 (t=0.0032 r=0.0227 beta=0.50) | val: 2.07deg/1469mm | 32.8s
[ 1700/10000] loss=0.0131 (t=0.0027 r=0.0218 beta=0.48) | val: 1.86deg/1492mm | 34.7s
[ 1800/10000] loss=0.0146 (t=0.0048 r=0.0213 beta=0.46) | val: 1.86deg/1503mm | 36.5s
[ 1900/10000] loss=0.0124 (t=0.0026 r=0.0220 beta=0.45) | val: 2.03deg/1647mm | 38.3s
[ 2000/10000] loss=0.0112 (t=0.0028 r=0.0195 beta=0.43) | val: 2.02deg/1479mm | 40.2s
[ 2100/10000] loss=0.0109 (t=0.0031 r=0.0189 beta=0.42) | val: 1.79deg/1556mm | 42.0s
[ 2200/10000] loss=0.0114 (t=0.0029 r=0.0212 beta=0.40) | val: 2.36deg/1711mm | 43.9s
[ 2300/10000] loss=0.0106 (t=0.0028 r=0.0202 beta=0.39) | val: 1.89deg/1596mm | 45.7s
[ 2400/10000] loss=0.0097 (t=0.0023 r=0.0197 beta=0.37) | val: 2.10deg/1575mm | 47.6s
[ 2500/10000] loss=0.0101 (t=0.0030 r=0.0196 beta=0.36) | val: 1.80deg/1584mm | 49.4s
[ 2600/10000] loss=0.0085 (t=0.0027 r=0.0166 beta=0.35) | val: 1.80deg/1595mm | 51.3s
[ 2700/10000] loss=0.0098 (t=0.0031 r=0.0199 beta=0.34) | val: 1.80deg/1480mm | 53.2s
[ 2800/10000] loss=0.0080 (t=0.0023 r=0.0175 beta=0.33) | val: 1.97deg/1392mm | 55.0s
[ 2900/10000] loss=0.0101 (t=0.0033 r=0.0214 beta=0.32) | val: 1.84deg/1501mm | 56.9s
[ 3000/10000] loss=0.0079 (t=0.0023 r=0.0183 beta=0.31) | val: 2.00deg/1350mm | 58.7s
[ 3100/10000] loss=0.0078 (t=0.0021 r=0.0194 beta=0.30) | val: 2.03deg/1466mm | 60.6s
[ 3200/10000] loss=0.0081 (t=0.0027 r=0.0185 beta=0.29) | val: 1.99deg/1614mm | 62.4s
[ 3300/10000] loss=0.0076 (t=0.0023 r=0.0190 beta=0.28) | val: 1.85deg/1622mm | 64.3s
[ 3400/10000] loss=0.0067 (t=0.0020 r=0.0176 beta=0.27) | val: 1.78deg/1596mm | 66.1s
[ 3500/10000] loss=0.0067 (t=0.0022 r=0.0172 beta=0.26) | val: 1.93deg/1555mm | 68.0s
[ 3600/10000] loss=0.0067 (t=0.0021 r=0.0181 beta=0.25) | val: 1.87deg/1553mm | 69.8s
[ 3700/10000] loss=0.0067 (t=0.0023 r=0.0177 beta=0.25) | val: 1.85deg/1514mm | 71.7s
[ 3800/10000] loss=0.0071 (t=0.0023 r=0.0198 beta=0.24) | val: 1.85deg/1613mm | 73.5s
[ 3900/10000] loss=0.0065 (t=0.0020 r=0.0193 beta=0.23) | val: 2.03deg/1552mm | 75.4s
[ 4000/10000] loss=0.0070 (t=0.0022 r=0.0211 beta=0.23) | val: 1.99deg/1616mm | 77.2s
[ 4100/10000] loss=0.0059 (t=0.0020 r=0.0178 beta=0.22) | val: 1.93deg/1708mm | 79.1s
[ 4200/10000] loss=0.0056 (t=0.0018 r=0.0176 beta=0.21) | val: 1.97deg/1567mm | 80.9s
[ 4300/10000] loss=0.0050 (t=0.0018 r=0.0155 beta=0.21) | val: 1.89deg/1515mm | 82.8s
[ 4400/10000] loss=0.0054 (t=0.0016 r=0.0186 beta=0.20) | val: 2.06deg/1576mm | 84.6s
[ 4500/10000] loss=0.0055 (t=0.0022 r=0.0165 beta=0.20) | val: 2.01deg/1557mm | 86.5s
[ 4600/10000] loss=0.0054 (t=0.0020 r=0.0180 beta=0.19) | val: 1.94deg/1497mm | 88.3s
[ 4700/10000] loss=0.0053 (t=0.0016 r=0.0201 beta=0.19) | val: 1.83deg/1483mm | 90.2s
[ 4800/10000] loss=0.0048 (t=0.0017 r=0.0168 beta=0.18) | val: 2.02deg/1477mm | 92.0s
[ 4900/10000] loss=0.0047 (t=0.0017 r=0.0171 beta=0.18) | val: 1.92deg/1471mm | 93.9s
[ 5000/10000] loss=0.0048 (t=0.0018 r=0.0174 beta=0.17) | val: 1.99deg/1491mm | 95.7s
[ 5100/10000] loss=0.0046 (t=0.0015 r=0.0182 beta=0.17) | val: 2.12deg/1523mm | 97.6s
[ 5200/10000] loss=0.0049 (t=0.0018 r=0.0186 beta=0.17) | val: 1.92deg/1512mm | 99.4s
[ 5300/10000] loss=0.0046 (t=0.0018 r=0.0174 beta=0.16) | val: 1.97deg/1656mm | 101.3s
[ 5400/10000] loss=0.0041 (t=0.0015 r=0.0162 beta=0.16) | val: 1.88deg/1527mm | 103.1s
[ 5500/10000] loss=0.0044 (t=0.0017 r=0.0172 beta=0.16) | val: 1.97deg/1751mm | 105.0s
[ 5600/10000] loss=0.0042 (t=0.0018 r=0.0161 beta=0.15) | val: 2.00deg/1672mm | 106.8s
[ 5700/10000] loss=0.0040 (t=0.0015 r=0.0171 beta=0.15) | val: 2.01deg/1635mm | 108.7s
[ 5800/10000] loss=0.0040 (t=0.0016 r=0.0165 beta=0.15) | val: 2.02deg/1629mm | 110.5s
[ 5900/10000] loss=0.0038 (t=0.0015 r=0.0160 beta=0.14) | val: 2.04deg/1654mm | 112.4s
[ 6000/10000] loss=0.0040 (t=0.0016 r=0.0170 beta=0.14) | val: 2.08deg/1521mm | 114.2s
[ 6100/10000] loss=0.0041 (t=0.0017 r=0.0174 beta=0.14) | val: 1.97deg/1620mm | 116.1s
[ 6200/10000] loss=0.0038 (t=0.0015 r=0.0168 beta=0.14) | val: 2.01deg/1528mm | 117.9s
[ 6300/10000] loss=0.0038 (t=0.0015 r=0.0171 beta=0.13) | val: 2.07deg/1510mm | 119.8s
[ 6400/10000] loss=0.0038 (t=0.0017 r=0.0162 beta=0.13) | val: 1.98deg/1642mm | 121.6s
[ 6500/10000] loss=0.0034 (t=0.0013 r=0.0164 beta=0.13) | val: 2.02deg/1713mm | 123.5s
[ 6600/10000] loss=0.0033 (t=0.0013 r=0.0162 beta=0.13) | val: 2.00deg/1669mm | 125.3s
[ 6700/10000] loss=0.0036 (t=0.0016 r=0.0163 beta=0.12) | val: 1.97deg/1540mm | 127.2s
[ 6800/10000] loss=0.0036 (t=0.0015 r=0.0168 beta=0.12) | val: 1.94deg/1547mm | 129.0s
[ 6900/10000] loss=0.0033 (t=0.0014 r=0.0158 beta=0.12) | val: 2.03deg/1507mm | 130.8s
[ 7000/10000] loss=0.0032 (t=0.0013 r=0.0161 beta=0.12) | val: 1.98deg/1639mm | 132.7s
[ 7100/10000] loss=0.0031 (t=0.0012 r=0.0163 beta=0.12) | val: 2.03deg/1738mm | 134.5s
[ 7200/10000] loss=0.0031 (t=0.0012 r=0.0157 beta=0.12) | val: 2.02deg/1645mm | 136.4s
[ 7300/10000] loss=0.0035 (t=0.0015 r=0.0171 beta=0.12) | val: 2.05deg/1710mm | 138.2s
[ 7400/10000] loss=0.0033 (t=0.0013 r=0.0169 beta=0.11) | val: 1.97deg/1646mm | 140.1s
[ 7500/10000] loss=0.0031 (t=0.0012 r=0.0166 beta=0.11) | val: 2.00deg/1715mm | 141.9s
[ 7600/10000] loss=0.0033 (t=0.0014 r=0.0163 beta=0.11) | val: 1.98deg/1690mm | 143.8s
[ 7700/10000] loss=0.0031 (t=0.0014 r=0.0155 beta=0.11) | val: 2.05deg/1637mm | 145.6s
[ 7800/10000] loss=0.0030 (t=0.0013 r=0.0158 beta=0.11) | val: 1.93deg/1632mm | 147.5s
[ 7900/10000] loss=0.0029 (t=0.0012 r=0.0160 beta=0.11) | val: 2.03deg/1716mm | 149.3s
[ 8000/10000] loss=0.0030 (t=0.0013 r=0.0157 beta=0.11) | val: 1.91deg/1628mm | 151.1s
[ 8100/10000] loss=0.0031 (t=0.0014 r=0.0156 beta=0.11) | val: 1.95deg/1671mm | 153.0s
[ 8200/10000] loss=0.0030 (t=0.0013 r=0.0157 beta=0.11) | val: 1.96deg/1582mm | 154.8s
[ 8300/10000] loss=0.0030 (t=0.0014 r=0.0149 beta=0.11) | val: 1.95deg/1515mm | 156.7s
[ 8400/10000] loss=0.0027 (t=0.0011 r=0.0156 beta=0.11) | val: 2.03deg/1634mm | 158.5s
[ 8500/10000] loss=0.0031 (t=0.0013 r=0.0162 beta=0.11) | val: 2.04deg/1536mm | 160.4s
[ 8600/10000] loss=0.0027 (t=0.0012 r=0.0143 beta=0.11) | val: 1.96deg/1686mm | 162.2s
[ 8700/10000] loss=0.0026 (t=0.0010 r=0.0153 beta=0.10) | val: 1.98deg/1576mm | 164.1s
[ 8800/10000] loss=0.0031 (t=0.0014 r=0.0162 beta=0.10) | val: 2.00deg/1628mm | 165.9s
[ 8900/10000] loss=0.0033 (t=0.0017 r=0.0158 beta=0.10) | val: 2.00deg/1611mm | 167.8s
[ 9000/10000] loss=0.0026 (t=0.0010 r=0.0158 beta=0.10) | val: 2.01deg/1553mm | 169.6s
[ 9100/10000] loss=0.0028 (t=0.0012 r=0.0154 beta=0.10) | val: 1.95deg/1625mm | 171.5s
[ 9200/10000] loss=0.0026 (t=0.0009 r=0.0159 beta=0.10) | val: 2.00deg/1616mm | 173.3s
[ 9300/10000] loss=0.0025 (t=0.0011 r=0.0137 beta=0.10) | val: 2.00deg/1624mm | 175.2s
[ 9400/10000] loss=0.0024 (t=0.0011 r=0.0135 beta=0.10) | val: 2.02deg/1640mm | 177.1s
[ 9500/10000] loss=0.0030 (t=0.0013 r=0.0169 beta=0.10) | val: 1.99deg/1617mm | 178.9s
[ 9600/10000] loss=0.0029 (t=0.0014 r=0.0145 beta=0.10) | val: 1.99deg/1614mm | 180.8s
[ 9700/10000] loss=0.0029 (t=0.0012 r=0.0159 beta=0.10) | val: 1.98deg/1628mm | 182.6s
[ 9800/10000] loss=0.0026 (t=0.0010 r=0.0151 beta=0.10) | val: 2.00deg/1627mm | 184.5s
[ 9900/10000] loss=0.0026 (t=0.0011 r=0.0152 beta=0.10) | val: 1.98deg/1629mm | 186.3s
[10000/10000] loss=0.0028 (t=0.0013 r=0.0146 beta=0.10) | val: 1.99deg/1609mm | 188.2s

Training done. Best epoch: 690, score: 1.4768

Loaded best model from epoch 690

======================================================================
EVALUATION RESULTS (Direct Regression)
======================================================================
Rotation  (median): 1.68deg
Translation (median): 1320mm

  R@5deg_1m: 33.5%  (rot_pass=94.5%, trans_pass=33.5%)
  R@10deg_2m: 67.0%  (rot_pass=100.0%, trans_pass=67.0%)
  R@15deg_5m: 96.2%  (rot_pass=100.0%, trans_pass=96.2%)
  R@25deg_5m: 96.2%  (rot_pass=100.0%, trans_pass=96.2%)

======================================================================
EVALUATION RESULTS (Retrieval Mode)
======================================================================
Retrieval median: 12.42deg / 2734mm
  R@5deg_1m: 1.6%  (rot=3.8%, trans=19.2%)
  R@10deg_2m: 17.6%  (rot=37.9%, trans=41.8%)
  R@15deg_5m: 55.5%  (rot=67.0%, trans=85.7%)
  R@25deg_5m: 81.3%  (rot=95.6%, trans=85.7%)
======================================================================

Done!
--- seed7 done ---
=== exp24e_attn_h4_wider_seed999 on GPU 3 ===
======================================================================
Experiment: exp24e_attn_h4_wider_seed999
Pool: attn, Features: both+sum
======================================================================
Random seed: 999
Using device: cuda:3

Loading data (fine=True, coarse=True, summary=True)...
  Loaded fine_geo: torch.Size([895, 128, 68, 120])
  Loaded coarse_sem: torch.Size([895, 128, 68, 120])
  Loaded summary: torch.Size([895, 2560])
  [train] 895 samples loaded
  Loaded fine_geo: torch.Size([182, 128, 68, 120])
  Loaded coarse_sem: torch.Size([182, 128, 68, 120])
  Loaded summary: torch.Size([182, 2560])
  [test] 182 samples loaded
Translation norm: mean=[13.19548    -0.64731836 23.103329  ], std=[10.827089    0.94348246  9.766839  ]
  Feature dim after pooling: 3584
Model parameters: 10,001,042
Model parameters: 10,001,042
[    1/10000] loss=2.8098 (t=0.6302 r=2.1795 beta=1.00) | val: 41.33deg/33065mm | 0.6s
[  100/10000] loss=0.1074 (t=0.0363 r=0.0765 beta=0.93) | val: 4.61deg/2983mm | 3.5s
[  200/10000] loss=0.0733 (t=0.0270 r=0.0520 beta=0.89) | val: 4.03deg/2548mm | 6.5s
[  300/10000] loss=0.0535 (t=0.0179 r=0.0417 beta=0.85) | val: 2.83deg/2442mm | 8.8s
[  400/10000] loss=0.0466 (t=0.0195 r=0.0330 beta=0.82) | val: 2.68deg/1532mm | 10.7s
[  500/10000] loss=0.0419 (t=0.0157 r=0.0331 beta=0.79) | val: 2.70deg/1805mm | 12.7s
[  600/10000] loss=0.0334 (t=0.0083 r=0.0329 beta=0.76) | val: 2.01deg/1412mm | 14.7s
[  700/10000] loss=0.0315 (t=0.0086 r=0.0311 beta=0.74) | val: 2.21deg/1830mm | 16.5s
[  800/10000] loss=0.0246 (t=0.0068 r=0.0251 beta=0.71) | val: 1.99deg/1464mm | 18.5s
[  900/10000] loss=0.0227 (t=0.0053 r=0.0254 beta=0.69) | val: 2.39deg/1555mm | 20.4s
[ 1000/10000] loss=0.0248 (t=0.0068 r=0.0272 beta=0.66) | val: 2.39deg/1825mm | 22.4s
[ 1100/10000] loss=0.0211 (t=0.0059 r=0.0236 beta=0.64) | val: 1.84deg/1445mm | 24.2s
[ 1200/10000] loss=0.0198 (t=0.0055 r=0.0230 beta=0.62) | val: 1.90deg/1523mm | 26.1s
[ 1300/10000] loss=0.0172 (t=0.0044 r=0.0214 beta=0.60) | val: 2.03deg/1428mm | 28.1s
[ 1400/10000] loss=0.0168 (t=0.0037 r=0.0227 beta=0.58) | val: 2.11deg/1417mm | 30.1s
[ 1500/10000] loss=0.0173 (t=0.0042 r=0.0234 beta=0.56) | val: 1.87deg/1361mm | 31.9s
[ 1600/10000] loss=0.0157 (t=0.0040 r=0.0218 beta=0.54) | val: 1.86deg/1418mm | 33.8s
[ 1700/10000] loss=0.0148 (t=0.0032 r=0.0223 beta=0.52) | val: 1.85deg/1421mm | 35.6s
[ 1800/10000] loss=0.0148 (t=0.0033 r=0.0230 beta=0.50) | val: 1.96deg/1460mm | 37.5s
[ 1900/10000] loss=0.0132 (t=0.0032 r=0.0207 beta=0.49) | val: 2.03deg/1567mm | 39.3s
[ 2000/10000] loss=0.0119 (t=0.0030 r=0.0189 beta=0.47) | val: 1.86deg/1560mm | 41.2s
[ 2100/10000] loss=0.0125 (t=0.0027 r=0.0217 beta=0.45) | val: 2.03deg/1457mm | 43.0s
[ 2200/10000] loss=0.0126 (t=0.0034 r=0.0211 beta=0.44) | val: 1.98deg/1448mm | 44.9s
[ 2300/10000] loss=0.0113 (t=0.0031 r=0.0193 beta=0.43) | val: 1.94deg/1527mm | 46.7s
[ 2400/10000] loss=0.0101 (t=0.0026 r=0.0182 beta=0.41) | val: 2.05deg/1449mm | 48.5s
[ 2500/10000] loss=0.0110 (t=0.0029 r=0.0203 beta=0.40) | val: 2.11deg/1671mm | 50.4s
[ 2600/10000] loss=0.0103 (t=0.0028 r=0.0196 beta=0.39) | val: 1.83deg/1616mm | 52.4s
[ 2700/10000] loss=0.0109 (t=0.0030 r=0.0210 beta=0.37) | val: 1.92deg/1435mm | 54.2s
[ 2800/10000] loss=0.0092 (t=0.0023 r=0.0190 beta=0.36) | val: 1.83deg/1541mm | 56.1s
[ 2900/10000] loss=0.0092 (t=0.0022 r=0.0200 beta=0.35) | val: 1.83deg/1616mm | 57.9s
[ 3000/10000] loss=0.0088 (t=0.0023 r=0.0191 beta=0.34) | val: 2.00deg/1411mm | 59.7s
[ 3100/10000] loss=0.0085 (t=0.0025 r=0.0182 beta=0.33) | val: 1.84deg/1461mm | 61.6s
[ 3200/10000] loss=0.0082 (t=0.0020 r=0.0193 beta=0.32) | val: 2.11deg/1666mm | 63.4s
[ 3300/10000] loss=0.0082 (t=0.0022 r=0.0191 beta=0.31) | val: 1.99deg/1484mm | 65.3s
[ 3400/10000] loss=0.0082 (t=0.0022 r=0.0196 beta=0.30) | val: 1.99deg/1496mm | 67.2s
[ 3500/10000] loss=0.0072 (t=0.0022 r=0.0170 beta=0.29) | val: 2.28deg/1475mm | 69.1s
[ 3600/10000] loss=0.0083 (t=0.0027 r=0.0199 beta=0.29) | val: 1.95deg/1536mm | 70.9s
[ 3700/10000] loss=0.0074 (t=0.0021 r=0.0190 beta=0.28) | val: 2.15deg/1584mm | 72.8s
[ 3800/10000] loss=0.0070 (t=0.0020 r=0.0186 beta=0.27) | val: 2.11deg/1643mm | 74.6s
[ 3900/10000] loss=0.0071 (t=0.0023 r=0.0184 beta=0.26) | val: 1.91deg/1314mm | 76.5s
[ 4000/10000] loss=0.0067 (t=0.0019 r=0.0188 beta=0.25) | val: 1.96deg/1536mm | 78.5s
[ 4100/10000] loss=0.0059 (t=0.0018 r=0.0166 beta=0.25) | val: 2.06deg/1811mm | 80.3s
[ 4200/10000] loss=0.0067 (t=0.0023 r=0.0183 beta=0.24) | val: 2.03deg/1630mm | 82.1s
[ 4300/10000] loss=0.0060 (t=0.0019 r=0.0174 beta=0.23) | val: 1.80deg/1563mm | 84.0s
[ 4400/10000] loss=0.0069 (t=0.0026 r=0.0190 beta=0.23) | val: 2.12deg/1668mm | 85.8s
[ 4500/10000] loss=0.0064 (t=0.0023 r=0.0181 beta=0.22) | val: 1.87deg/1672mm | 87.7s
[ 4600/10000] loss=0.0053 (t=0.0017 r=0.0163 beta=0.22) | val: 1.86deg/1445mm | 89.5s
[ 4700/10000] loss=0.0060 (t=0.0023 r=0.0175 beta=0.21) | val: 1.91deg/1662mm | 91.4s
[ 4800/10000] loss=0.0053 (t=0.0017 r=0.0177 beta=0.21) | val: 2.07deg/1401mm | 93.2s
[ 4900/10000] loss=0.0054 (t=0.0020 r=0.0165 beta=0.20) | val: 1.99deg/1497mm | 95.1s
[ 5000/10000] loss=0.0057 (t=0.0020 r=0.0188 beta=0.20) | val: 1.86deg/1431mm | 96.9s
[ 5100/10000] loss=0.0050 (t=0.0017 r=0.0168 beta=0.19) | val: 2.00deg/1600mm | 98.7s
[ 5200/10000] loss=0.0053 (t=0.0021 r=0.0172 beta=0.19) | val: 2.05deg/1534mm | 100.6s
[ 5300/10000] loss=0.0050 (t=0.0018 r=0.0173 beta=0.18) | val: 1.95deg/1453mm | 102.4s
[ 5400/10000] loss=0.0042 (t=0.0013 r=0.0161 beta=0.18) | val: 1.95deg/1632mm | 104.3s
[ 5500/10000] loss=0.0048 (t=0.0019 r=0.0168 beta=0.18) | val: 2.09deg/1546mm | 106.1s
[ 5600/10000] loss=0.0042 (t=0.0013 r=0.0171 beta=0.17) | val: 2.03deg/1400mm | 108.0s
[ 5700/10000] loss=0.0045 (t=0.0017 r=0.0166 beta=0.17) | val: 1.88deg/1484mm | 109.8s
[ 5800/10000] loss=0.0045 (t=0.0017 r=0.0169 beta=0.17) | val: 1.97deg/1491mm | 111.7s
[ 5900/10000] loss=0.0040 (t=0.0013 r=0.0164 beta=0.16) | val: 2.12deg/1502mm | 113.5s
[ 6000/10000] loss=0.0039 (t=0.0014 r=0.0151 beta=0.16) | val: 2.03deg/1675mm | 115.4s
[ 6100/10000] loss=0.0042 (t=0.0016 r=0.0169 beta=0.16) | val: 2.08deg/1606mm | 117.2s
[ 6200/10000] loss=0.0038 (t=0.0016 r=0.0146 beta=0.15) | val: 1.95deg/1656mm | 119.1s
[ 6300/10000] loss=0.0040 (t=0.0015 r=0.0170 beta=0.15) | val: 1.92deg/1650mm | 120.9s
[ 6400/10000] loss=0.0036 (t=0.0013 r=0.0152 beta=0.15) | val: 2.10deg/1669mm | 122.8s
[ 6500/10000] loss=0.0042 (t=0.0015 r=0.0183 beta=0.15) | val: 2.01deg/1426mm | 124.6s
[ 6600/10000] loss=0.0041 (t=0.0016 r=0.0177 beta=0.14) | val: 1.96deg/1581mm | 126.4s
[ 6700/10000] loss=0.0040 (t=0.0014 r=0.0181 beta=0.14) | val: 2.02deg/1566mm | 128.3s
[ 6800/10000] loss=0.0034 (t=0.0014 r=0.0144 beta=0.14) | val: 2.11deg/1651mm | 130.1s
[ 6900/10000] loss=0.0037 (t=0.0013 r=0.0173 beta=0.14) | val: 2.05deg/1657mm | 132.0s
[ 7000/10000] loss=0.0035 (t=0.0014 r=0.0156 beta=0.14) | val: 2.02deg/1555mm | 133.8s
[ 7100/10000] loss=0.0038 (t=0.0015 r=0.0169 beta=0.14) | val: 2.03deg/1742mm | 135.7s
[ 7200/10000] loss=0.0038 (t=0.0015 r=0.0172 beta=0.13) | val: 2.02deg/1554mm | 137.5s
[ 7300/10000] loss=0.0032 (t=0.0013 r=0.0146 beta=0.13) | val: 1.97deg/1509mm | 139.4s
[ 7400/10000] loss=0.0032 (t=0.0012 r=0.0160 beta=0.13) | val: 2.02deg/1609mm | 141.2s
[ 7500/10000] loss=0.0037 (t=0.0015 r=0.0168 beta=0.13) | val: 2.12deg/1553mm | 143.1s
[ 7600/10000] loss=0.0036 (t=0.0016 r=0.0156 beta=0.13) | val: 2.00deg/1526mm | 144.9s
[ 7700/10000] loss=0.0033 (t=0.0013 r=0.0160 beta=0.13) | val: 2.01deg/1552mm | 146.8s
[ 7800/10000] loss=0.0031 (t=0.0013 r=0.0146 beta=0.13) | val: 2.00deg/1531mm | 148.6s
[ 7900/10000] loss=0.0028 (t=0.0010 r=0.0143 beta=0.12) | val: 2.05deg/1442mm | 150.5s
[ 8000/10000] loss=0.0032 (t=0.0013 r=0.0157 beta=0.12) | val: 1.94deg/1690mm | 152.3s
[ 8100/10000] loss=0.0035 (t=0.0015 r=0.0160 beta=0.12) | val: 1.99deg/1620mm | 154.2s
[ 8200/10000] loss=0.0032 (t=0.0013 r=0.0151 beta=0.12) | val: 2.02deg/1583mm | 156.0s
[ 8300/10000] loss=0.0031 (t=0.0012 r=0.0154 beta=0.12) | val: 2.00deg/1597mm | 157.9s
[ 8400/10000] loss=0.0031 (t=0.0013 r=0.0146 beta=0.12) | val: 2.00deg/1610mm | 159.7s
[ 8500/10000] loss=0.0036 (t=0.0016 r=0.0162 beta=0.12) | val: 1.96deg/1605mm | 161.6s
[ 8600/10000] loss=0.0031 (t=0.0013 r=0.0155 beta=0.12) | val: 2.00deg/1582mm | 163.4s
[ 8700/10000] loss=0.0031 (t=0.0012 r=0.0157 beta=0.12) | val: 1.99deg/1556mm | 165.2s
[ 8800/10000] loss=0.0029 (t=0.0011 r=0.0151 beta=0.12) | val: 1.94deg/1547mm | 167.1s
[ 8900/10000] loss=0.0031 (t=0.0013 r=0.0154 beta=0.12) | val: 1.93deg/1566mm | 169.0s
[ 9000/10000] loss=0.0030 (t=0.0012 r=0.0153 beta=0.12) | val: 2.01deg/1616mm | 170.8s
[ 9100/10000] loss=0.0033 (t=0.0015 r=0.0158 beta=0.12) | val: 2.02deg/1585mm | 172.6s
[ 9200/10000] loss=0.0032 (t=0.0014 r=0.0151 beta=0.12) | val: 2.01deg/1587mm | 174.5s
[ 9300/10000] loss=0.0028 (t=0.0012 r=0.0136 beta=0.12) | val: 1.98deg/1579mm | 176.3s
[ 9400/10000] loss=0.0029 (t=0.0012 r=0.0151 beta=0.12) | val: 2.01deg/1590mm | 178.2s
[ 9500/10000] loss=0.0032 (t=0.0013 r=0.0155 beta=0.12) | val: 2.03deg/1561mm | 180.0s
[ 9600/10000] loss=0.0030 (t=0.0013 r=0.0145 beta=0.12) | val: 1.98deg/1577mm | 181.9s
[ 9700/10000] loss=0.0028 (t=0.0010 r=0.0150 beta=0.12) | val: 1.99deg/1567mm | 183.7s
[ 9800/10000] loss=0.0028 (t=0.0010 r=0.0153 beta=0.12) | val: 2.00deg/1573mm | 185.6s
[ 9900/10000] loss=0.0028 (t=0.0011 r=0.0143 beta=0.12) | val: 1.99deg/1574mm | 187.4s
[10000/10000] loss=0.0028 (t=0.0011 r=0.0142 beta=0.12) | val: 1.98deg/1567mm | 189.3s

Training done. Best epoch: 3990, score: 1.4321

Loaded best model from epoch 3990

======================================================================
EVALUATION RESULTS (Direct Regression)
======================================================================
Rotation  (median): 2.10deg
Translation (median): 1224mm

  R@5deg_1m: 38.5%  (rot_pass=92.3%, trans_pass=38.5%)
  R@10deg_2m: 66.5%  (rot_pass=100.0%, trans_pass=66.5%)
  R@15deg_5m: 87.9%  (rot_pass=100.0%, trans_pass=87.9%)
  R@25deg_5m: 87.9%  (rot_pass=100.0%, trans_pass=87.9%)

======================================================================
EVALUATION RESULTS (Retrieval Mode)
======================================================================
Retrieval median: 11.82deg / 2458mm
  R@5deg_1m: 1.6%  (rot=3.3%, trans=19.2%)
  R@10deg_2m: 19.2%  (rot=41.2%, trans=44.0%)
  R@15deg_5m: 52.7%  (rot=65.9%, trans=81.3%)
  R@25deg_5m: 79.1%  (rot=97.8%, trans=81.3%)
======================================================================

Done!
--- seed999 done ---
=== GPU3 e ALL DONE ===
