Random seed: 123
Using device: cuda:5
  Feature dim after pooling: 3584

Loading raw data for frozen pooling (fine=True, coarse=True, summary=True)...
  Loaded fine_geo: torch.Size([895, 128, 68, 120])
  Loaded coarse_sem: torch.Size([895, 128, 68, 120])
  Loaded summary: torch.Size([895, 2560])
  [train] 895 samples loaded
  Loaded fine_geo: torch.Size([182, 128, 68, 120])
  Loaded coarse_sem: torch.Size([182, 128, 68, 120])
  Loaded summary: torch.Size([182, 2560])
  [test] 182 samples loaded

Precomputing frozen pooled features...
  Pre-computed pooled features: torch.Size([895, 3584]) (12.8 MB)
  Pre-computed pooled features: torch.Size([182, 3584]) (2.6 MB)
Trainable parameters: 8,672,011
[    1/10000] loss=3.1927 (t=0.3631 rank=5.6593 rot=2.3618 beta=0.00) | val: 153.72deg/19204mm R@10/2=0.0% R@5/1=0.0% attn_top1<2m=26.4% | 0.8s
[  100/10000] loss=1.7441 (t=0.0223 rank=3.4437 rot=2.3808 beta=0.00) | val: 153.64deg/2126mm R@10/2=0.0% R@5/1=0.0% attn_top1<2m=39.0% | 2.9s
[  200/10000] loss=1.6877 (t=0.0110 rank=3.3533 rot=2.3006 beta=0.00) | val: 153.56deg/2297mm R@10/2=0.0% R@5/1=0.0% attn_top1<2m=38.5% | 4.8s
[  300/10000] loss=1.6733 (t=0.0080 rank=3.3305 rot=2.3406 beta=0.00) | val: 153.96deg/2206mm R@10/2=0.0% R@5/1=0.0% attn_top1<2m=37.4% | 6.2s
[  400/10000] loss=1.6599 (t=0.0059 rank=3.3081 rot=2.2849 beta=0.00) | val: 153.56deg/2290mm R@10/2=0.0% R@5/1=0.0% attn_top1<2m=36.3% | 7.4s
[  500/10000] loss=1.6542 (t=0.0044 rank=3.2996 rot=2.3833 beta=0.00) | val: 153.52deg/2006mm R@10/2=0.0% R@5/1=0.0% attn_top1<2m=38.5% | 8.5s
[  600/10000] loss=1.6776 (t=0.0056 rank=3.3439 rot=2.3442 beta=0.00) | val: 153.44deg/2143mm R@10/2=0.0% R@5/1=0.0% attn_top1<2m=37.9% | 9.6s
[  700/10000] loss=1.7013 (t=0.0041 rank=3.3943 rot=2.2952 beta=0.00) | val: 153.28deg/2171mm R@10/2=0.0% R@5/1=0.0% attn_top1<2m=38.5% | 11.1s
[  800/10000] loss=1.6896 (t=0.0026 rank=3.3739 rot=2.4005 beta=0.00) | val: 153.36deg/2145mm R@10/2=0.0% R@5/1=0.0% attn_top1<2m=38.5% | 12.4s
[  900/10000] loss=1.6435 (t=0.0027 rank=3.2817 rot=2.3398 beta=0.00) | val: 153.19deg/2102mm R@10/2=0.0% R@5/1=0.0% attn_top1<2m=39.6% | 14.2s
[ 1000/10000] loss=1.6142 (t=0.0037 rank=3.2210 rot=2.2961 beta=0.00) | val: 153.24deg/2390mm R@10/2=0.0% R@5/1=0.0% attn_top1<2m=39.6% | 15.5s
[ 1100/10000] loss=1.6625 (t=0.0019 rank=3.3212 rot=2.2810 beta=0.00) | val: 153.22deg/2462mm R@10/2=0.0% R@5/1=0.0% attn_top1<2m=39.0% | 16.8s
[ 1200/10000] loss=1.6670 (t=0.0018 rank=3.3303 rot=2.3751 beta=0.00) | val: 153.16deg/2498mm R@10/2=0.0% R@5/1=0.0% attn_top1<2m=39.0% | 18.1s
[ 1300/10000] loss=1.6234 (t=0.0018 rank=3.2433 rot=2.3183 beta=0.00) | val: 153.20deg/2380mm R@10/2=0.0% R@5/1=0.0% attn_top1<2m=37.9% | 19.4s
[ 1400/10000] loss=1.6814 (t=0.0016 rank=3.3598 rot=2.3748 beta=0.00) | val: 153.25deg/2348mm R@10/2=0.0% R@5/1=0.0% attn_top1<2m=37.9% | 20.7s
[ 1500/10000] loss=1.6662 (t=0.0016 rank=3.3293 rot=2.3421 beta=0.00) | val: 152.96deg/2265mm R@10/2=0.0% R@5/1=0.0% attn_top1<2m=39.0% | 22.1s
[ 1600/10000] loss=1.6224 (t=0.0017 rank=3.2415 rot=2.3382 beta=0.00) | val: 152.83deg/2305mm R@10/2=0.0% R@5/1=0.0% attn_top1<2m=38.5% | 23.3s
[ 1700/10000] loss=1.5882 (t=0.0015 rank=3.1734 rot=2.2387 beta=0.00) | val: 152.47deg/2230mm R@10/2=0.0% R@5/1=0.0% attn_top1<2m=38.5% | 24.4s
[ 1800/10000] loss=1.6731 (t=0.0012 rank=3.3438 rot=2.3243 beta=0.00) | val: 152.56deg/2403mm R@10/2=0.0% R@5/1=0.0% attn_top1<2m=37.9% | 25.5s
[ 1900/10000] loss=1.6800 (t=0.0017 rank=3.3566 rot=2.2241 beta=0.00) | val: 152.31deg/2359mm R@10/2=0.0% R@5/1=0.0% attn_top1<2m=36.8% | 26.7s
[ 2000/10000] loss=1.7021 (t=0.0014 rank=3.4015 rot=2.4540 beta=0.00) | val: 152.36deg/2153mm R@10/2=0.0% R@5/1=0.0% attn_top1<2m=36.8% | 27.9s
[ 2100/10000] loss=1.6555 (t=0.0011 rank=3.3087 rot=2.3018 beta=0.00) | val: 152.43deg/2526mm R@10/2=0.0% R@5/1=0.0% attn_top1<2m=37.4% | 29.1s
[ 2200/10000] loss=1.6394 (t=0.0014 rank=3.2762 rot=2.3301 beta=0.00) | val: 152.50deg/2349mm R@10/2=0.0% R@5/1=0.0% attn_top1<2m=37.4% | 30.2s
[ 2300/10000] loss=1.6347 (t=0.0012 rank=3.2669 rot=2.3293 beta=0.00) | val: 152.33deg/2245mm R@10/2=0.0% R@5/1=0.0% attn_top1<2m=37.9% | 31.4s
[ 2400/10000] loss=1.6485 (t=0.0009 rank=3.2953 rot=2.3676 beta=0.00) | val: 152.17deg/2295mm R@10/2=0.0% R@5/1=0.0% attn_top1<2m=36.3% | 32.5s
[ 2500/10000] loss=1.6340 (t=0.0011 rank=3.2658 rot=2.2583 beta=0.00) | val: 151.69deg/2270mm R@10/2=0.0% R@5/1=0.0% attn_top1<2m=36.3% | 33.6s
[ 2600/10000] loss=1.6845 (t=0.0012 rank=3.3667 rot=2.3224 beta=0.00) | val: 150.18deg/2272mm R@10/2=0.0% R@5/1=0.0% attn_top1<2m=36.8% | 34.7s
[ 2700/10000] loss=1.6423 (t=0.0012 rank=3.2822 rot=2.2908 beta=0.00) | val: 150.13deg/2283mm R@10/2=0.0% R@5/1=0.0% attn_top1<2m=37.4% | 36.1s
[ 2800/10000] loss=1.6672 (t=0.0010 rank=3.3324 rot=2.3179 beta=0.00) | val: 149.70deg/2239mm R@10/2=0.0% R@5/1=0.0% attn_top1<2m=36.8% | 37.3s
[ 2900/10000] loss=1.6145 (t=0.0010 rank=3.2270 rot=2.3095 beta=0.00) | val: 149.41deg/2398mm R@10/2=0.0% R@5/1=0.0% attn_top1<2m=36.8% | 38.3s
[ 3000/10000] loss=1.6523 (t=0.0008 rank=3.3031 rot=2.3043 beta=0.00) | val: 148.96deg/2349mm R@10/2=0.0% R@5/1=0.0% attn_top1<2m=37.4% | 39.4s
[ 3100/10000] loss=1.6032 (t=0.0010 rank=3.2043 rot=2.2417 beta=0.00) | val: 148.72deg/2295mm R@10/2=0.0% R@5/1=0.0% attn_top1<2m=35.7% | 40.9s
[ 3200/10000] loss=1.6537 (t=0.0010 rank=3.3055 rot=2.2352 beta=0.00) | val: 148.73deg/2367mm R@10/2=0.0% R@5/1=0.0% attn_top1<2m=36.8% | 42.0s
[ 3300/10000] loss=1.6937 (t=0.0008 rank=3.3856 rot=2.2961 beta=0.00) | val: 148.42deg/2416mm R@10/2=0.0% R@5/1=0.0% attn_top1<2m=36.3% | 43.2s
[ 3400/10000] loss=1.6434 (t=0.0008 rank=3.2852 rot=2.2813 beta=0.00) | val: 148.39deg/2273mm R@10/2=0.0% R@5/1=0.0% attn_top1<2m=36.8% | 44.5s
[ 3500/10000] loss=1.7040 (t=0.0011 rank=3.4059 rot=2.2457 beta=0.00) | val: 148.41deg/2336mm R@10/2=0.0% R@5/1=0.0% attn_top1<2m=36.3% | 45.7s
[ 3600/10000] loss=1.6767 (t=0.0007 rank=3.3519 rot=2.2292 beta=0.00) | val: 147.69deg/2407mm R@10/2=0.0% R@5/1=0.0% attn_top1<2m=35.7% | 46.8s
[ 3700/10000] loss=1.6744 (t=0.0008 rank=3.3472 rot=2.2555 beta=0.00) | val: 147.58deg/2264mm R@10/2=0.0% R@5/1=0.0% attn_top1<2m=35.7% | 48.0s
[ 3800/10000] loss=1.6395 (t=0.0009 rank=3.2772 rot=2.3029 beta=0.00) | val: 147.48deg/2344mm R@10/2=0.0% R@5/1=0.0% attn_top1<2m=36.8% | 49.1s
[ 3900/10000] loss=1.6732 (t=0.0010 rank=3.3445 rot=2.2289 beta=0.00) | val: 147.54deg/2425mm R@10/2=0.0% R@5/1=0.0% attn_top1<2m=36.3% | 50.1s
[ 4000/10000] loss=1.6902 (t=0.0006 rank=3.3791 rot=2.3105 beta=0.00) | val: 147.10deg/2368mm R@10/2=0.0% R@5/1=0.0% attn_top1<2m=35.7% | 51.2s
[ 4100/10000] loss=1.6568 (t=0.0007 rank=3.3122 rot=2.3046 beta=0.00) | val: 146.66deg/2385mm R@10/2=0.0% R@5/1=0.0% attn_top1<2m=36.8% | 52.3s
[ 4200/10000] loss=1.7129 (t=0.0007 rank=3.4244 rot=2.2793 beta=0.00) | val: 146.65deg/2463mm R@10/2=0.0% R@5/1=0.0% attn_top1<2m=36.3% | 53.4s
[ 4300/10000] loss=1.6480 (t=0.0006 rank=3.2948 rot=2.1683 beta=0.00) | val: 146.35deg/2394mm R@10/2=0.0% R@5/1=0.0% attn_top1<2m=34.6% | 54.5s
[ 4400/10000] loss=1.6573 (t=0.0006 rank=3.3132 rot=2.1701 beta=0.00) | val: 146.03deg/2355mm R@10/2=0.0% R@5/1=0.0% attn_top1<2m=36.3% | 55.6s
[ 4500/10000] loss=1.6109 (t=0.0006 rank=3.2206 rot=2.2388 beta=0.00) | val: 145.81deg/2438mm R@10/2=0.0% R@5/1=0.0% attn_top1<2m=36.3% | 56.6s
[ 4600/10000] loss=1.6649 (t=0.0006 rank=3.3286 rot=2.2846 beta=0.00) | val: 145.35deg/2507mm R@10/2=0.0% R@5/1=0.0% attn_top1<2m=35.7% | 57.6s
[ 4700/10000] loss=1.6841 (t=0.0006 rank=3.3671 rot=2.1874 beta=0.00) | val: 145.05deg/2483mm R@10/2=0.0% R@5/1=0.0% attn_top1<2m=36.3% | 58.6s
[ 4800/10000] loss=1.6743 (t=0.0007 rank=3.3474 rot=2.2233 beta=0.00) | val: 144.53deg/2401mm R@10/2=0.0% R@5/1=0.0% attn_top1<2m=35.2% | 59.7s
[ 4900/10000] loss=1.6150 (t=0.0005 rank=3.2290 rot=2.3035 beta=0.00) | val: 144.15deg/2350mm R@10/2=0.0% R@5/1=0.0% attn_top1<2m=35.2% | 60.9s
[ 5000/10000] loss=1.6022 (t=0.0008 rank=3.2027 rot=2.2292 beta=0.00) | val: 143.70deg/2334mm R@10/2=0.0% R@5/1=0.0% attn_top1<2m=35.2% | 62.1s
[ 5100/10000] loss=1.6704 (t=0.0005 rank=3.3397 rot=2.2459 beta=0.00) | val: 142.96deg/2305mm R@10/2=0.0% R@5/1=0.0% attn_top1<2m=35.7% | 63.1s
[ 5200/10000] loss=1.6648 (t=0.0006 rank=3.3283 rot=2.2450 beta=0.00) | val: 143.10deg/2425mm R@10/2=0.0% R@5/1=0.0% attn_top1<2m=35.7% | 64.2s
[ 5300/10000] loss=1.6998 (t=0.0008 rank=3.3980 rot=2.2970 beta=0.00) | val: 142.91deg/2351mm R@10/2=0.0% R@5/1=0.0% attn_top1<2m=35.7% | 65.3s
[ 5400/10000] loss=1.6337 (t=0.0008 rank=3.2658 rot=2.2601 beta=0.00) | val: 142.70deg/2486mm R@10/2=0.0% R@5/1=0.0% attn_top1<2m=36.3% | 66.4s
[ 5500/10000] loss=1.6408 (t=0.0007 rank=3.2800 rot=2.2264 beta=0.00) | val: 142.99deg/2411mm R@10/2=0.0% R@5/1=0.0% attn_top1<2m=34.1% | 67.4s
[ 5600/10000] loss=1.6969 (t=0.0005 rank=3.3928 rot=2.2610 beta=0.00) | val: 143.31deg/2394mm R@10/2=0.0% R@5/1=0.0% attn_top1<2m=36.3% | 68.7s
[ 5700/10000] loss=1.6753 (t=0.0005 rank=3.3495 rot=2.2313 beta=0.00) | val: 143.23deg/2323mm R@10/2=0.0% R@5/1=0.0% attn_top1<2m=35.7% | 69.8s
[ 5800/10000] loss=1.6317 (t=0.0006 rank=3.2623 rot=2.2464 beta=0.00) | val: 143.04deg/2494mm R@10/2=0.0% R@5/1=0.0% attn_top1<2m=35.2% | 70.9s
[ 5900/10000] loss=1.6306 (t=0.0005 rank=3.2601 rot=2.2525 beta=0.00) | val: 143.05deg/2426mm R@10/2=0.0% R@5/1=0.0% attn_top1<2m=35.2% | 72.0s
[ 6000/10000] loss=1.6424 (t=0.0005 rank=3.2839 rot=2.2377 beta=0.00) | val: 142.82deg/2388mm R@10/2=0.0% R@5/1=0.0% attn_top1<2m=36.3% | 73.1s
[ 6100/10000] loss=1.6596 (t=0.0007 rank=3.3179 rot=2.3359 beta=0.00) | val: 142.36deg/2411mm R@10/2=0.0% R@5/1=0.0% attn_top1<2m=34.6% | 74.3s
[ 6200/10000] loss=1.6622 (t=0.0004 rank=3.3235 rot=2.2543 beta=0.00) | val: 142.31deg/2401mm R@10/2=0.0% R@5/1=0.0% attn_top1<2m=35.7% | 75.5s
[ 6300/10000] loss=1.6874 (t=0.0005 rank=3.3737 rot=2.2519 beta=0.00) | val: 142.21deg/2475mm R@10/2=0.0% R@5/1=0.0% attn_top1<2m=34.6% | 76.7s
[ 6400/10000] loss=1.6501 (t=0.0005 rank=3.2993 rot=2.3062 beta=0.00) | val: 142.18deg/2410mm R@10/2=0.0% R@5/1=0.0% attn_top1<2m=35.2% | 77.8s
[ 6500/10000] loss=1.6433 (t=0.0005 rank=3.2855 rot=2.2618 beta=0.00) | val: 142.28deg/2334mm R@10/2=0.0% R@5/1=0.0% attn_top1<2m=35.7% | 78.9s
[ 6600/10000] loss=1.6981 (t=0.0005 rank=3.3953 rot=2.2634 beta=0.00) | val: 142.34deg/2383mm R@10/2=0.0% R@5/1=0.0% attn_top1<2m=34.6% | 80.1s
[ 6700/10000] loss=1.6838 (t=0.0004 rank=3.3667 rot=2.1999 beta=0.00) | val: 142.18deg/2409mm R@10/2=0.0% R@5/1=0.0% attn_top1<2m=35.2% | 81.2s
[ 6800/10000] loss=1.6469 (t=0.0005 rank=3.2927 rot=2.1453 beta=0.00) | val: 142.10deg/2447mm R@10/2=0.0% R@5/1=0.0% attn_top1<2m=35.2% | 82.4s
[ 6900/10000] loss=1.6612 (t=0.0005 rank=3.3215 rot=2.1928 beta=0.00) | val: 142.05deg/2423mm R@10/2=0.0% R@5/1=0.0% attn_top1<2m=35.2% | 83.6s
[ 7000/10000] loss=1.6763 (t=0.0004 rank=3.3517 rot=2.2698 beta=0.00) | val: 141.98deg/2371mm R@10/2=0.0% R@5/1=0.0% attn_top1<2m=35.2% | 84.8s
[ 7100/10000] loss=1.6797 (t=0.0004 rank=3.3586 rot=2.1888 beta=0.00) | val: 142.06deg/2447mm R@10/2=0.0% R@5/1=0.0% attn_top1<2m=35.7% | 86.0s
[ 7200/10000] loss=1.6981 (t=0.0004 rank=3.3954 rot=2.1744 beta=0.00) | val: 142.01deg/2356mm R@10/2=0.0% R@5/1=0.0% attn_top1<2m=35.7% | 87.0s
[ 7300/10000] loss=1.7079 (t=0.0004 rank=3.4149 rot=2.1649 beta=0.00) | val: 142.05deg/2370mm R@10/2=0.0% R@5/1=0.0% attn_top1<2m=35.7% | 88.1s
[ 7400/10000] loss=1.6442 (t=0.0005 rank=3.2873 rot=2.2179 beta=0.00) | val: 142.13deg/2345mm R@10/2=0.0% R@5/1=0.0% attn_top1<2m=34.6% | 89.1s
[ 7500/10000] loss=1.6336 (t=0.0004 rank=3.2664 rot=2.3303 beta=0.00) | val: 142.15deg/2375mm R@10/2=0.0% R@5/1=0.0% attn_top1<2m=34.1% | 90.3s
[ 7600/10000] loss=1.6274 (t=0.0005 rank=3.2537 rot=2.2422 beta=0.00) | val: 142.21deg/2371mm R@10/2=0.0% R@5/1=0.0% attn_top1<2m=35.2% | 91.5s
[ 7700/10000] loss=1.6515 (t=0.0005 rank=3.3020 rot=2.1973 beta=0.00) | val: 142.27deg/2336mm R@10/2=0.0% R@5/1=0.0% attn_top1<2m=35.2% | 92.5s
[ 7800/10000] loss=1.6669 (t=0.0004 rank=3.3329 rot=2.2492 beta=0.00) | val: 142.32deg/2363mm R@10/2=0.0% R@5/1=0.0% attn_top1<2m=36.3% | 93.6s
[ 7900/10000] loss=1.6194 (t=0.0004 rank=3.2379 rot=2.2180 beta=0.00) | val: 142.32deg/2360mm R@10/2=0.0% R@5/1=0.0% attn_top1<2m=36.3% | 94.7s
[ 8000/10000] loss=1.6644 (t=0.0004 rank=3.3280 rot=2.1791 beta=0.00) | val: 142.38deg/2353mm R@10/2=0.0% R@5/1=0.0% attn_top1<2m=34.6% | 95.8s
[ 8100/10000] loss=1.6549 (t=0.0005 rank=3.3089 rot=2.1980 beta=0.00) | val: 142.37deg/2367mm R@10/2=0.0% R@5/1=0.0% attn_top1<2m=35.2% | 96.9s
[ 8200/10000] loss=1.6934 (t=0.0005 rank=3.3860 rot=2.2511 beta=0.00) | val: 142.41deg/2394mm R@10/2=0.0% R@5/1=0.0% attn_top1<2m=35.2% | 98.1s
[ 8300/10000] loss=1.6736 (t=0.0006 rank=3.3460 rot=2.2738 beta=0.00) | val: 142.43deg/2415mm R@10/2=0.0% R@5/1=0.0% attn_top1<2m=34.6% | 99.4s
[ 8400/10000] loss=1.6190 (t=0.0005 rank=3.2370 rot=2.1970 beta=0.00) | val: 142.44deg/2366mm R@10/2=0.0% R@5/1=0.0% attn_top1<2m=34.6% | 100.5s
[ 8500/10000] loss=1.6167 (t=0.0004 rank=3.2325 rot=2.1677 beta=0.00) | val: 142.44deg/2390mm R@10/2=0.0% R@5/1=0.0% attn_top1<2m=35.7% | 101.7s
[ 8600/10000] loss=1.6495 (t=0.0005 rank=3.2980 rot=2.2652 beta=0.00) | val: 142.43deg/2397mm R@10/2=0.0% R@5/1=0.0% attn_top1<2m=35.2% | 102.8s
[ 8700/10000] loss=1.6890 (t=0.0004 rank=3.3772 rot=2.1460 beta=0.00) | val: 142.44deg/2398mm R@10/2=0.0% R@5/1=0.0% attn_top1<2m=35.7% | 104.1s
[ 8800/10000] loss=1.6559 (t=0.0004 rank=3.3108 rot=2.3033 beta=0.00) | val: 142.46deg/2340mm R@10/2=0.0% R@5/1=0.0% attn_top1<2m=35.7% | 105.7s
[ 8900/10000] loss=1.6504 (t=0.0005 rank=3.2998 rot=2.3282 beta=0.00) | val: 142.46deg/2310mm R@10/2=0.0% R@5/1=0.0% attn_top1<2m=35.7% | 107.3s
[ 9000/10000] loss=1.6605 (t=0.0004 rank=3.3202 rot=2.3573 beta=0.00) | val: 142.46deg/2326mm R@10/2=0.0% R@5/1=0.0% attn_top1<2m=35.7% | 108.9s
[ 9100/10000] loss=1.6902 (t=0.0004 rank=3.3796 rot=2.1982 beta=0.00) | val: 142.46deg/2344mm R@10/2=0.0% R@5/1=0.0% attn_top1<2m=35.2% | 110.0s
[ 9200/10000] loss=1.6884 (t=0.0004 rank=3.3760 rot=2.2300 beta=0.00) | val: 142.47deg/2385mm R@10/2=0.0% R@5/1=0.0% attn_top1<2m=35.2% | 111.0s
[ 9300/10000] loss=1.6544 (t=0.0004 rank=3.3080 rot=2.2947 beta=0.00) | val: 142.47deg/2346mm R@10/2=0.0% R@5/1=0.0% attn_top1<2m=35.2% | 112.1s
[ 9400/10000] loss=1.6708 (t=0.0003 rank=3.3410 rot=2.3142 beta=0.00) | val: 142.47deg/2337mm R@10/2=0.0% R@5/1=0.0% attn_top1<2m=35.2% | 113.1s
[ 9500/10000] loss=1.6762 (t=0.0004 rank=3.3517 rot=2.2651 beta=0.00) | val: 142.47deg/2361mm R@10/2=0.0% R@5/1=0.0% attn_top1<2m=35.2% | 114.0s
[ 9600/10000] loss=1.6484 (t=0.0004 rank=3.2961 rot=2.2910 beta=0.00) | val: 142.48deg/2350mm R@10/2=0.0% R@5/1=0.0% attn_top1<2m=35.2% | 115.1s
[ 9700/10000] loss=1.6035 (t=0.0004 rank=3.2062 rot=2.2010 beta=0.00) | val: 142.48deg/2356mm R@10/2=0.0% R@5/1=0.0% attn_top1<2m=35.2% | 116.2s
[ 9800/10000] loss=1.7077 (t=0.0004 rank=3.4145 rot=2.1766 beta=0.00) | val: 142.48deg/2361mm R@10/2=0.0% R@5/1=0.0% attn_top1<2m=35.2% | 117.2s
[ 9900/10000] loss=1.6261 (t=0.0005 rank=3.2511 rot=2.0756 beta=0.00) | val: 142.48deg/2362mm R@10/2=0.0% R@5/1=0.0% attn_top1<2m=35.2% | 118.2s
[10000/10000] loss=1.6893 (t=0.0004 rank=3.3779 rot=2.3770 beta=0.00) | val: 142.48deg/2362mm R@10/2=0.0% R@5/1=0.0% attn_top1<2m=35.2% | 119.2s

Training done. Best epoch: 7250, score: 16.5040

======================================================================
EVALUATION RESULTS (Memory Translation + Rotation Regression)
======================================================================
Rotation  (median): 142.34deg
Translation (median): 2329mm
  R@5deg_1m: 0.0%  (rot_pass=0.0%, trans_pass=15.9%)
  R@10deg_2m: 0.0%  (rot_pass=0.0%, trans_pass=41.2%)
  R@15deg_5m: 0.0%  (rot_pass=0.0%, trans_pass=83.0%)
  R@25deg_5m: 0.0%  (rot_pass=0.0%, trans_pass=83.0%)

======================================================================
EVALUATION RESULTS (Retrieval Mode)
======================================================================
Retrieval median: 9.68deg / 2755mm
  R@5deg_1m: 2.7%  (rot=12.1%, trans=17.0%)
  R@10deg_2m: 19.2%  (rot=50.5%, trans=36.3%)
  R@15deg_5m: 65.4%  (rot=84.1%, trans=78.6%)
  R@25deg_5m: 78.6%  (rot=100.0%, trans=78.6%)

======================================================================
MEMORY
======================================================================
  attn_top1_lt2m: 35.7
  attn_top3_lt2m: 41.2
