=== exp24a_attn_h4_seed314_full on GPU 4 ===
======================================================================
Experiment: exp24a_attn_h4_seed314_full
Pool: attn, Features: both+sum
======================================================================
Random seed: 314
Using device: cuda:4

Loading data (fine=True, coarse=True, summary=True)...
  Loaded fine_geo: torch.Size([895, 128, 68, 120])
  Loaded coarse_sem: torch.Size([895, 128, 68, 120])
  Loaded summary: torch.Size([895, 2560])
  [train] 895 samples loaded
  Loaded fine_geo: torch.Size([182, 128, 68, 120])
  Loaded coarse_sem: torch.Size([182, 128, 68, 120])
  Loaded summary: torch.Size([182, 2560])
  [test] 182 samples loaded
Translation norm: mean=[13.19548    -0.64731836 23.103329  ], std=[10.827089    0.94348246  9.766839  ]
  Feature dim after pooling: 3584
Model parameters: 4,357,266
Model parameters: 4,357,266
[    1/10000] loss=2.7001 (t=0.5298 r=2.1703 beta=1.00) | val: 46.11deg/18737mm | 1.0s
[  100/10000] loss=0.1105 (t=0.0323 r=0.0845 beta=0.92) | val: 4.76deg/2638mm | 3.5s
[  200/10000] loss=0.0794 (t=0.0257 r=0.0617 beta=0.87) | val: 3.95deg/1964mm | 5.7s
[  300/10000] loss=0.0551 (t=0.0182 r=0.0446 beta=0.83) | val: 2.73deg/1811mm | 7.7s
[  400/10000] loss=0.0514 (t=0.0180 r=0.0425 beta=0.79) | val: 2.58deg/1482mm | 9.6s
[  500/10000] loss=0.0461 (t=0.0176 r=0.0379 beta=0.75) | val: 2.47deg/1421mm | 11.5s
[  600/10000] loss=0.0358 (t=0.0115 r=0.0339 beta=0.72) | val: 2.43deg/1504mm | 13.5s
[  700/10000] loss=0.0394 (t=0.0148 r=0.0360 beta=0.68) | val: 2.00deg/1456mm | 15.4s
[  800/10000] loss=0.0300 (t=0.0090 r=0.0322 beta=0.65) | val: 2.31deg/1595mm | 17.3s
[  900/10000] loss=0.0262 (t=0.0073 r=0.0301 beta=0.63) | val: 2.34deg/1438mm | 19.1s
[ 1000/10000] loss=0.0258 (t=0.0070 r=0.0314 beta=0.60) | val: 2.63deg/1493mm | 21.0s
[ 1100/10000] loss=0.0238 (t=0.0063 r=0.0305 beta=0.58) | val: 2.16deg/1620mm | 22.8s
[ 1200/10000] loss=0.0230 (t=0.0065 r=0.0299 beta=0.55) | val: 2.26deg/1636mm | 24.6s
[ 1300/10000] loss=0.0208 (t=0.0054 r=0.0290 beta=0.53) | val: 2.28deg/1570mm | 26.4s
[ 1400/10000] loss=0.0211 (t=0.0055 r=0.0307 beta=0.51) | val: 2.28deg/1594mm | 28.2s
[ 1500/10000] loss=0.0182 (t=0.0040 r=0.0292 beta=0.49) | val: 2.19deg/1552mm | 30.0s
[ 1600/10000] loss=0.0180 (t=0.0053 r=0.0272 beta=0.47) | val: 2.19deg/1825mm | 31.8s
[ 1700/10000] loss=0.0152 (t=0.0040 r=0.0249 beta=0.45) | val: 2.05deg/1516mm | 33.6s
[ 1800/10000] loss=0.0169 (t=0.0043 r=0.0292 beta=0.43) | val: 2.00deg/1654mm | 35.4s
[ 1900/10000] loss=0.0170 (t=0.0051 r=0.0287 beta=0.42) | val: 2.22deg/1611mm | 37.3s
[ 2000/10000] loss=0.0148 (t=0.0044 r=0.0260 beta=0.40) | val: 1.97deg/1655mm | 39.1s
[ 2100/10000] loss=0.0149 (t=0.0050 r=0.0257 beta=0.39) | val: 2.05deg/1503mm | 40.9s
[ 2200/10000] loss=0.0144 (t=0.0048 r=0.0260 beta=0.37) | val: 2.37deg/1984mm | 42.7s
[ 2300/10000] loss=0.0130 (t=0.0037 r=0.0260 beta=0.36) | val: 1.83deg/1700mm | 44.5s
[ 2400/10000] loss=0.0138 (t=0.0048 r=0.0260 beta=0.34) | val: 2.28deg/1561mm | 46.3s
[ 2500/10000] loss=0.0125 (t=0.0043 r=0.0248 beta=0.33) | val: 2.04deg/1678mm | 48.1s
[ 2600/10000] loss=0.0119 (t=0.0036 r=0.0260 beta=0.32) | val: 2.19deg/1653mm | 49.9s
[ 2700/10000] loss=0.0102 (t=0.0030 r=0.0232 beta=0.31) | val: 2.38deg/1677mm | 51.7s
[ 2800/10000] loss=0.0113 (t=0.0038 r=0.0251 beta=0.30) | val: 2.16deg/1529mm | 53.6s
[ 2900/10000] loss=0.0114 (t=0.0042 r=0.0249 beta=0.29) | val: 2.21deg/1580mm | 55.4s
[ 3000/10000] loss=0.0111 (t=0.0041 r=0.0250 beta=0.28) | val: 2.25deg/1613mm | 57.2s
[ 3100/10000] loss=0.0094 (t=0.0035 r=0.0219 beta=0.27) | val: 2.22deg/1645mm | 59.0s
[ 3200/10000] loss=0.0104 (t=0.0036 r=0.0263 beta=0.26) | val: 2.14deg/1579mm | 60.8s
[ 3300/10000] loss=0.0096 (t=0.0034 r=0.0246 beta=0.25) | val: 2.36deg/1629mm | 62.6s
[ 3400/10000] loss=0.0098 (t=0.0039 r=0.0243 beta=0.24) | val: 2.26deg/1513mm | 64.4s
[ 3500/10000] loss=0.0105 (t=0.0039 r=0.0276 beta=0.24) | val: 2.11deg/1630mm | 66.2s
[ 3600/10000] loss=0.0092 (t=0.0032 r=0.0261 beta=0.23) | val: 2.31deg/1668mm | 68.1s
[ 3700/10000] loss=0.0089 (t=0.0036 r=0.0239 beta=0.22) | val: 2.55deg/1719mm | 69.9s
[ 3800/10000] loss=0.0081 (t=0.0030 r=0.0237 beta=0.21) | val: 2.26deg/1635mm | 71.7s
[ 3900/10000] loss=0.0083 (t=0.0031 r=0.0246 beta=0.21) | val: 2.43deg/1694mm | 73.5s
[ 4000/10000] loss=0.0074 (t=0.0026 r=0.0236 beta=0.20) | val: 2.29deg/1676mm | 75.4s
[ 4100/10000] loss=0.0078 (t=0.0031 r=0.0240 beta=0.20) | val: 2.39deg/1694mm | 77.2s
[ 4200/10000] loss=0.0076 (t=0.0031 r=0.0240 beta=0.19) | val: 2.31deg/1531mm | 79.0s
[ 4300/10000] loss=0.0071 (t=0.0030 r=0.0220 beta=0.19) | val: 2.43deg/1736mm | 80.8s
[ 4400/10000] loss=0.0080 (t=0.0035 r=0.0251 beta=0.18) | val: 2.32deg/1794mm | 82.6s
[ 4500/10000] loss=0.0076 (t=0.0032 r=0.0251 beta=0.18) | val: 2.45deg/1770mm | 84.4s
[ 4600/10000] loss=0.0071 (t=0.0032 r=0.0225 beta=0.17) | val: 2.44deg/1566mm | 86.2s
[ 4700/10000] loss=0.0067 (t=0.0029 r=0.0232 beta=0.17) | val: 2.43deg/1801mm | 88.1s
[ 4800/10000] loss=0.0066 (t=0.0025 r=0.0255 beta=0.16) | val: 2.32deg/1758mm | 89.9s
[ 4900/10000] loss=0.0070 (t=0.0033 r=0.0237 beta=0.16) | val: 2.33deg/1607mm | 91.7s
[ 5000/10000] loss=0.0067 (t=0.0033 r=0.0222 beta=0.15) | val: 2.30deg/1712mm | 93.5s
[ 5100/10000] loss=0.0064 (t=0.0027 r=0.0247 beta=0.15) | val: 2.36deg/1555mm | 95.3s
[ 5200/10000] loss=0.0063 (t=0.0027 r=0.0242 beta=0.15) | val: 2.29deg/1813mm | 97.1s
[ 5300/10000] loss=0.0061 (t=0.0028 r=0.0231 beta=0.14) | val: 2.42deg/1569mm | 99.0s
[ 5400/10000] loss=0.0049 (t=0.0018 r=0.0220 beta=0.14) | val: 2.39deg/1711mm | 100.8s
[ 5500/10000] loss=0.0061 (t=0.0028 r=0.0244 beta=0.14) | val: 2.41deg/1720mm | 102.6s
[ 5600/10000] loss=0.0064 (t=0.0032 r=0.0239 beta=0.13) | val: 2.29deg/1707mm | 104.4s
[ 5700/10000] loss=0.0061 (t=0.0028 r=0.0255 beta=0.13) | val: 2.48deg/1728mm | 106.2s
[ 5800/10000] loss=0.0057 (t=0.0028 r=0.0225 beta=0.13) | val: 2.51deg/1645mm | 108.1s
[ 5900/10000] loss=0.0051 (t=0.0022 r=0.0232 beta=0.13) | val: 2.43deg/1628mm | 109.9s
[ 6000/10000] loss=0.0058 (t=0.0031 r=0.0220 beta=0.12) | val: 2.41deg/1675mm | 111.7s
[ 6100/10000] loss=0.0054 (t=0.0026 r=0.0234 beta=0.12) | val: 2.44deg/1639mm | 113.5s
[ 6200/10000] loss=0.0056 (t=0.0029 r=0.0226 beta=0.12) | val: 2.47deg/1742mm | 115.3s
[ 6300/10000] loss=0.0052 (t=0.0026 r=0.0226 beta=0.12) | val: 2.36deg/1749mm | 117.1s
[ 6400/10000] loss=0.0048 (t=0.0022 r=0.0228 beta=0.11) | val: 2.36deg/1602mm | 118.9s
[ 6500/10000] loss=0.0055 (t=0.0030 r=0.0221 beta=0.11) | val: 2.40deg/1654mm | 120.8s
[ 6600/10000] loss=0.0049 (t=0.0024 r=0.0231 beta=0.11) | val: 2.46deg/1639mm | 122.6s
[ 6700/10000] loss=0.0049 (t=0.0023 r=0.0238 beta=0.11) | val: 2.44deg/1717mm | 124.4s
[ 6800/10000] loss=0.0042 (t=0.0019 r=0.0213 beta=0.11) | val: 2.43deg/1716mm | 126.2s
[ 6900/10000] loss=0.0044 (t=0.0022 r=0.0207 beta=0.11) | val: 2.32deg/1765mm | 128.0s
[ 7000/10000] loss=0.0047 (t=0.0024 r=0.0213 beta=0.10) | val: 2.36deg/1702mm | 129.8s
[ 7100/10000] loss=0.0047 (t=0.0022 r=0.0247 beta=0.10) | val: 2.42deg/1648mm | 131.7s
[ 7200/10000] loss=0.0045 (t=0.0025 r=0.0202 beta=0.10) | val: 2.37deg/1694mm | 133.5s
[ 7300/10000] loss=0.0044 (t=0.0023 r=0.0215 beta=0.10) | val: 2.44deg/1652mm | 135.3s
[ 7400/10000] loss=0.0045 (t=0.0023 r=0.0220 beta=0.10) | val: 2.45deg/1693mm | 137.1s
[ 7500/10000] loss=0.0044 (t=0.0024 r=0.0208 beta=0.10) | val: 2.35deg/1690mm | 138.9s
[ 7600/10000] loss=0.0045 (t=0.0022 r=0.0237 beta=0.10) | val: 2.35deg/1659mm | 140.7s
[ 7700/10000] loss=0.0046 (t=0.0025 r=0.0224 beta=0.10) | val: 2.35deg/1744mm | 142.5s
[ 7800/10000] loss=0.0043 (t=0.0023 r=0.0211 beta=0.10) | val: 2.46deg/1714mm | 144.4s
[ 7900/10000] loss=0.0043 (t=0.0021 r=0.0234 beta=0.09) | val: 2.53deg/1647mm | 146.2s
[ 8000/10000] loss=0.0053 (t=0.0032 r=0.0227 beta=0.09) | val: 2.43deg/1756mm | 148.0s
[ 8100/10000] loss=0.0049 (t=0.0026 r=0.0249 beta=0.09) | val: 2.41deg/1766mm | 149.8s
[ 8200/10000] loss=0.0039 (t=0.0019 r=0.0217 beta=0.09) | val: 2.47deg/1677mm | 151.6s
[ 8300/10000] loss=0.0040 (t=0.0019 r=0.0220 beta=0.09) | val: 2.45deg/1637mm | 153.4s
[ 8400/10000] loss=0.0042 (t=0.0021 r=0.0233 beta=0.09) | val: 2.44deg/1645mm | 155.3s
[ 8500/10000] loss=0.0040 (t=0.0020 r=0.0218 beta=0.09) | val: 2.44deg/1769mm | 157.1s
[ 8600/10000] loss=0.0041 (t=0.0020 r=0.0233 beta=0.09) | val: 2.35deg/1716mm | 158.9s
[ 8700/10000] loss=0.0041 (t=0.0022 r=0.0215 beta=0.09) | val: 2.40deg/1689mm | 160.7s
[ 8800/10000] loss=0.0041 (t=0.0023 r=0.0206 beta=0.09) | val: 2.40deg/1764mm | 162.5s
[ 8900/10000] loss=0.0053 (t=0.0033 r=0.0213 beta=0.09) | val: 2.44deg/1684mm | 164.3s
[ 9000/10000] loss=0.0043 (t=0.0024 r=0.0217 beta=0.09) | val: 2.37deg/1730mm | 166.1s
[ 9100/10000] loss=0.0040 (t=0.0020 r=0.0220 beta=0.09) | val: 2.38deg/1695mm | 168.0s
[ 9200/10000] loss=0.0037 (t=0.0018 r=0.0216 beta=0.09) | val: 2.41deg/1734mm | 169.8s
[ 9300/10000] loss=0.0042 (t=0.0022 r=0.0220 beta=0.09) | val: 2.43deg/1722mm | 171.6s
[ 9400/10000] loss=0.0039 (t=0.0021 r=0.0208 beta=0.09) | val: 2.42deg/1735mm | 173.4s
[ 9500/10000] loss=0.0042 (t=0.0023 r=0.0212 beta=0.09) | val: 2.40deg/1755mm | 175.2s
[ 9600/10000] loss=0.0041 (t=0.0022 r=0.0218 beta=0.09) | val: 2.38deg/1717mm | 177.0s
[ 9700/10000] loss=0.0036 (t=0.0018 r=0.0207 beta=0.09) | val: 2.40deg/1743mm | 178.9s
[ 9800/10000] loss=0.0043 (t=0.0023 r=0.0233 beta=0.09) | val: 2.40deg/1716mm | 180.7s
[ 9900/10000] loss=0.0041 (t=0.0020 r=0.0241 beta=0.09) | val: 2.38deg/1735mm | 182.5s
[10000/10000] loss=0.0037 (t=0.0017 r=0.0225 beta=0.09) | val: 2.37deg/1725mm | 184.3s

Training done. Best epoch: 790, score: 1.5261

Loaded best model from epoch 790

======================================================================
EVALUATION RESULTS (Direct Regression)
======================================================================
Rotation  (median): 2.06deg
Translation (median): 1354mm

  R@5deg_1m: 34.1%  (rot_pass=92.3%, trans_pass=34.1%)
  R@10deg_2m: 70.9%  (rot_pass=99.5%, trans_pass=70.9%)
  R@15deg_5m: 96.7%  (rot_pass=100.0%, trans_pass=96.7%)
  R@25deg_5m: 96.7%  (rot_pass=100.0%, trans_pass=96.7%)

======================================================================
EVALUATION RESULTS (Retrieval Mode)
======================================================================
Retrieval median: 10.82deg / 2417mm
  R@5deg_1m: 1.6%  (rot=4.4%, trans=15.9%)
  R@10deg_2m: 19.2%  (rot=41.2%, trans=42.9%)
  R@15deg_5m: 57.1%  (rot=69.8%, trans=86.8%)
  R@25deg_5m: 84.1%  (rot=97.3%, trans=86.8%)
======================================================================

Done!
=== exp24a_attn_h4_seed314_full DONE ===
