=== exp24c_attn_h16_seed123 on GPU 1 ===
======================================================================
Experiment: exp24c_attn_h16_seed123
Pool: attn, Features: both+sum
======================================================================
Random seed: 123
Using device: cuda:1

Loading data (fine=True, coarse=True, summary=True)...
  Loaded fine_geo: torch.Size([895, 128, 68, 120])
  Loaded coarse_sem: torch.Size([895, 128, 68, 120])
  Loaded summary: torch.Size([895, 2560])
  [train] 895 samples loaded
  Loaded fine_geo: torch.Size([182, 128, 68, 120])
  Loaded coarse_sem: torch.Size([182, 128, 68, 120])
  Loaded summary: torch.Size([182, 2560])
  [test] 182 samples loaded
Translation norm: mean=[13.19548    -0.64731836 23.103329  ], std=[10.827089    0.94348246  9.766839  ]
  Feature dim after pooling: 6656
Model parameters: 7,510,698
Model parameters: 7,510,698
[    1/10000] loss=3.0316 (t=0.6158 r=2.4158 beta=1.00) | val: 59.62deg/22510mm | 1.1s
[  100/10000] loss=0.1029 (t=0.0452 r=0.0627 beta=0.92) | val: 4.14deg/1941mm | 4.1s
[  200/10000] loss=0.0646 (t=0.0226 r=0.0484 beta=0.87) | val: 2.84deg/1988mm | 6.5s
[  300/10000] loss=0.0540 (t=0.0193 r=0.0422 beta=0.82) | val: 2.35deg/1369mm | 8.9s
[  400/10000] loss=0.0450 (t=0.0154 r=0.0379 beta=0.78) | val: 2.63deg/1887mm | 11.1s
[  500/10000] loss=0.0374 (t=0.0108 r=0.0360 beta=0.74) | val: 2.17deg/1488mm | 13.2s
[  600/10000] loss=0.0326 (t=0.0082 r=0.0347 beta=0.71) | val: 2.28deg/1664mm | 15.2s
[  700/10000] loss=0.0311 (t=0.0082 r=0.0340 beta=0.67) | val: 1.95deg/1852mm | 17.5s
[  800/10000] loss=0.0290 (t=0.0073 r=0.0338 beta=0.64) | val: 1.69deg/1474mm | 19.7s
[  900/10000] loss=0.0290 (t=0.0089 r=0.0328 beta=0.61) | val: 1.68deg/1372mm | 21.7s
[ 1000/10000] loss=0.0238 (t=0.0059 r=0.0305 beta=0.59) | val: 1.96deg/1628mm | 23.7s
[ 1100/10000] loss=0.0225 (t=0.0063 r=0.0289 beta=0.56) | val: 2.03deg/1615mm | 26.0s
[ 1200/10000] loss=0.0215 (t=0.0056 r=0.0297 beta=0.53) | val: 1.83deg/1473mm | 28.0s
[ 1300/10000] loss=0.0210 (t=0.0062 r=0.0289 beta=0.51) | val: 1.75deg/1597mm | 30.0s
[ 1400/10000] loss=0.0186 (t=0.0049 r=0.0280 beta=0.49) | val: 2.10deg/1485mm | 32.1s
[ 1500/10000] loss=0.0186 (t=0.0046 r=0.0298 beta=0.47) | val: 1.87deg/1618mm | 34.1s
[ 1600/10000] loss=0.0152 (t=0.0034 r=0.0261 beta=0.45) | val: 1.79deg/1515mm | 36.2s
[ 1700/10000] loss=0.0158 (t=0.0051 r=0.0248 beta=0.43) | val: 1.96deg/1570mm | 38.2s
[ 1800/10000] loss=0.0145 (t=0.0038 r=0.0259 beta=0.41) | val: 1.66deg/1481mm | 40.2s
[ 1900/10000] loss=0.0151 (t=0.0046 r=0.0264 beta=0.40) | val: 2.00deg/1500mm | 42.3s
[ 2000/10000] loss=0.0155 (t=0.0048 r=0.0280 beta=0.38) | val: 1.94deg/1498mm | 44.3s
[ 2100/10000] loss=0.0132 (t=0.0042 r=0.0246 beta=0.37) | val: 1.77deg/1583mm | 46.4s
[ 2200/10000] loss=0.0124 (t=0.0038 r=0.0243 beta=0.35) | val: 2.05deg/1538mm | 48.4s
[ 2300/10000] loss=0.0126 (t=0.0039 r=0.0257 beta=0.34) | val: 1.86deg/1525mm | 50.4s
[ 2400/10000] loss=0.0115 (t=0.0033 r=0.0250 beta=0.33) | val: 1.76deg/1432mm | 52.4s
[ 2500/10000] loss=0.0121 (t=0.0040 r=0.0256 beta=0.31) | val: 1.86deg/1577mm | 54.5s
[ 2600/10000] loss=0.0122 (t=0.0044 r=0.0260 beta=0.30) | val: 2.09deg/1617mm | 56.5s
[ 2700/10000] loss=0.0103 (t=0.0031 r=0.0244 beta=0.29) | val: 1.81deg/1519mm | 58.6s
[ 2800/10000] loss=0.0102 (t=0.0032 r=0.0249 beta=0.28) | val: 1.78deg/1552mm | 60.6s
[ 2900/10000] loss=0.0098 (t=0.0032 r=0.0240 beta=0.27) | val: 1.75deg/1413mm | 62.6s
[ 3000/10000] loss=0.0092 (t=0.0031 r=0.0233 beta=0.26) | val: 1.94deg/1529mm | 64.7s
[ 3100/10000] loss=0.0105 (t=0.0041 r=0.0251 beta=0.25) | val: 1.84deg/1499mm | 66.7s
[ 3200/10000] loss=0.0085 (t=0.0029 r=0.0230 beta=0.24) | val: 2.03deg/1652mm | 68.7s
[ 3300/10000] loss=0.0093 (t=0.0037 r=0.0235 beta=0.24) | val: 1.96deg/1467mm | 70.8s
[ 3400/10000] loss=0.0096 (t=0.0037 r=0.0257 beta=0.23) | val: 2.10deg/1533mm | 72.8s
[ 3500/10000] loss=0.0088 (t=0.0033 r=0.0246 beta=0.22) | val: 1.96deg/1455mm | 74.9s
[ 3600/10000] loss=0.0081 (t=0.0027 r=0.0248 beta=0.21) | val: 1.97deg/1557mm | 76.9s
[ 3700/10000] loss=0.0080 (t=0.0029 r=0.0246 beta=0.21) | val: 1.96deg/1539mm | 78.9s
[ 3800/10000] loss=0.0071 (t=0.0028 r=0.0214 beta=0.20) | val: 1.88deg/1666mm | 81.0s
[ 3900/10000] loss=0.0072 (t=0.0029 r=0.0222 beta=0.20) | val: 1.95deg/1462mm | 83.0s
[ 4000/10000] loss=0.0078 (t=0.0033 r=0.0239 beta=0.19) | val: 2.01deg/1461mm | 85.0s
[ 4100/10000] loss=0.0071 (t=0.0030 r=0.0222 beta=0.18) | val: 1.99deg/1693mm | 87.1s
[ 4200/10000] loss=0.0078 (t=0.0034 r=0.0247 beta=0.18) | val: 2.12deg/1797mm | 89.1s
[ 4300/10000] loss=0.0070 (t=0.0029 r=0.0237 beta=0.17) | val: 2.00deg/1540mm | 91.1s
[ 4400/10000] loss=0.0068 (t=0.0032 r=0.0215 beta=0.17) | val: 1.89deg/1458mm | 93.2s
[ 4500/10000] loss=0.0060 (t=0.0024 r=0.0221 beta=0.16) | val: 2.00deg/1694mm | 95.2s
[ 4600/10000] loss=0.0068 (t=0.0031 r=0.0233 beta=0.16) | val: 1.93deg/1443mm | 97.2s
[ 4700/10000] loss=0.0056 (t=0.0021 r=0.0228 beta=0.15) | val: 1.95deg/1464mm | 99.3s
[ 4800/10000] loss=0.0063 (t=0.0030 r=0.0223 beta=0.15) | val: 2.06deg/1514mm | 101.3s
[ 4900/10000] loss=0.0060 (t=0.0027 r=0.0229 beta=0.15) | val: 1.99deg/1526mm | 103.3s
[ 5000/10000] loss=0.0062 (t=0.0029 r=0.0233 beta=0.14) | val: 1.91deg/1545mm | 105.4s
[ 5100/10000] loss=0.0064 (t=0.0028 r=0.0257 beta=0.14) | val: 2.00deg/1573mm | 107.4s
[ 5200/10000] loss=0.0055 (t=0.0025 r=0.0220 beta=0.14) | val: 2.00deg/1601mm | 109.4s
[ 5300/10000] loss=0.0065 (t=0.0032 r=0.0249 beta=0.13) | val: 1.99deg/1548mm | 111.5s
[ 5400/10000] loss=0.0059 (t=0.0026 r=0.0260 beta=0.13) | val: 1.94deg/1619mm | 113.5s
[ 5500/10000] loss=0.0053 (t=0.0025 r=0.0217 beta=0.13) | val: 2.07deg/1582mm | 115.5s
[ 5600/10000] loss=0.0050 (t=0.0023 r=0.0222 beta=0.12) | val: 2.03deg/1663mm | 117.5s
[ 5700/10000] loss=0.0052 (t=0.0024 r=0.0228 beta=0.12) | val: 2.07deg/1468mm | 119.6s
[ 5800/10000] loss=0.0048 (t=0.0022 r=0.0214 beta=0.12) | val: 1.91deg/1462mm | 121.6s
[ 5900/10000] loss=0.0048 (t=0.0022 r=0.0224 beta=0.12) | val: 1.99deg/1603mm | 123.6s
[ 6000/10000] loss=0.0053 (t=0.0025 r=0.0244 beta=0.11) | val: 2.03deg/1473mm | 125.6s
[ 6100/10000] loss=0.0042 (t=0.0018 r=0.0214 beta=0.11) | val: 2.04deg/1535mm | 127.7s
[ 6200/10000] loss=0.0048 (t=0.0024 r=0.0218 beta=0.11) | val: 2.00deg/1559mm | 129.7s
[ 6300/10000] loss=0.0047 (t=0.0024 r=0.0220 beta=0.11) | val: 1.99deg/1542mm | 131.7s
[ 6400/10000] loss=0.0053 (t=0.0026 r=0.0254 beta=0.11) | val: 2.01deg/1598mm | 133.8s
[ 6500/10000] loss=0.0053 (t=0.0028 r=0.0237 beta=0.10) | val: 2.03deg/1600mm | 135.8s
[ 6600/10000] loss=0.0045 (t=0.0023 r=0.0212 beta=0.10) | val: 2.10deg/1573mm | 137.8s
[ 6700/10000] loss=0.0042 (t=0.0021 r=0.0215 beta=0.10) | val: 1.99deg/1671mm | 139.9s
[ 6800/10000] loss=0.0042 (t=0.0021 r=0.0214 beta=0.10) | val: 2.05deg/1553mm | 141.9s
[ 6900/10000] loss=0.0051 (t=0.0027 r=0.0241 beta=0.10) | val: 2.00deg/1506mm | 143.9s
[ 7000/10000] loss=0.0044 (t=0.0022 r=0.0236 beta=0.10) | val: 1.98deg/1583mm | 145.9s
[ 7100/10000] loss=0.0046 (t=0.0024 r=0.0226 beta=0.10) | val: 2.03deg/1629mm | 148.0s
[ 7200/10000] loss=0.0044 (t=0.0024 r=0.0212 beta=0.09) | val: 2.05deg/1610mm | 150.0s
[ 7300/10000] loss=0.0039 (t=0.0020 r=0.0198 beta=0.09) | val: 2.07deg/1541mm | 152.0s
[ 7400/10000] loss=0.0038 (t=0.0019 r=0.0206 beta=0.09) | val: 2.01deg/1539mm | 154.1s
[ 7500/10000] loss=0.0042 (t=0.0022 r=0.0226 beta=0.09) | val: 1.96deg/1613mm | 156.1s
[ 7600/10000] loss=0.0038 (t=0.0018 r=0.0221 beta=0.09) | val: 2.10deg/1627mm | 158.2s
[ 7700/10000] loss=0.0042 (t=0.0021 r=0.0227 beta=0.09) | val: 2.04deg/1520mm | 160.2s
[ 7800/10000] loss=0.0049 (t=0.0027 r=0.0242 beta=0.09) | val: 2.07deg/1579mm | 162.3s
[ 7900/10000] loss=0.0039 (t=0.0019 r=0.0227 beta=0.09) | val: 2.08deg/1715mm | 164.3s
[ 8000/10000] loss=0.0039 (t=0.0021 r=0.0205 beta=0.09) | val: 2.04deg/1552mm | 166.3s
[ 8100/10000] loss=0.0038 (t=0.0019 r=0.0225 beta=0.09) | val: 2.01deg/1603mm | 168.4s
[ 8200/10000] loss=0.0036 (t=0.0017 r=0.0215 beta=0.09) | val: 2.10deg/1672mm | 170.4s
[ 8300/10000] loss=0.0040 (t=0.0021 r=0.0216 beta=0.09) | val: 2.06deg/1625mm | 172.4s
[ 8400/10000] loss=0.0040 (t=0.0022 r=0.0217 beta=0.09) | val: 1.99deg/1545mm | 174.5s
[ 8500/10000] loss=0.0037 (t=0.0019 r=0.0210 beta=0.08) | val: 1.99deg/1580mm | 176.6s
[ 8600/10000] loss=0.0039 (t=0.0021 r=0.0223 beta=0.08) | val: 1.96deg/1545mm | 178.6s
[ 8700/10000] loss=0.0035 (t=0.0017 r=0.0212 beta=0.08) | val: 1.99deg/1570mm | 180.6s
[ 8800/10000] loss=0.0046 (t=0.0027 r=0.0231 beta=0.08) | val: 1.99deg/1519mm | 182.7s
[ 8900/10000] loss=0.0037 (t=0.0019 r=0.0223 beta=0.08) | val: 2.01deg/1568mm | 184.7s
[ 9000/10000] loss=0.0038 (t=0.0019 r=0.0228 beta=0.08) | val: 2.01deg/1579mm | 186.7s
[ 9100/10000] loss=0.0039 (t=0.0021 r=0.0211 beta=0.08) | val: 2.02deg/1638mm | 188.8s
[ 9200/10000] loss=0.0041 (t=0.0024 r=0.0213 beta=0.08) | val: 2.00deg/1669mm | 190.8s
[ 9300/10000] loss=0.0038 (t=0.0021 r=0.0207 beta=0.08) | val: 1.97deg/1571mm | 192.9s
[ 9400/10000] loss=0.0038 (t=0.0019 r=0.0223 beta=0.08) | val: 1.98deg/1614mm | 195.0s
[ 9500/10000] loss=0.0040 (t=0.0022 r=0.0212 beta=0.08) | val: 2.00deg/1642mm | 197.0s
[ 9600/10000] loss=0.0042 (t=0.0024 r=0.0211 beta=0.08) | val: 2.00deg/1588mm | 199.0s
[ 9700/10000] loss=0.0034 (t=0.0018 r=0.0203 beta=0.08) | val: 2.02deg/1578mm | 201.1s
[ 9800/10000] loss=0.0043 (t=0.0025 r=0.0211 beta=0.08) | val: 2.01deg/1588mm | 203.1s
[ 9900/10000] loss=0.0036 (t=0.0019 r=0.0215 beta=0.08) | val: 2.01deg/1573mm | 205.2s
[10000/10000] loss=0.0037 (t=0.0020 r=0.0204 beta=0.08) | val: 2.01deg/1566mm | 207.2s

Training done. Best epoch: 1060, score: 1.4358

Loaded best model from epoch 1060

======================================================================
EVALUATION RESULTS (Direct Regression)
======================================================================
Rotation  (median): 1.88deg
Translation (median): 1264mm

  R@5deg_1m: 32.4%  (rot_pass=95.1%, trans_pass=33.5%)
  R@10deg_2m: 69.2%  (rot_pass=100.0%, trans_pass=69.2%)
  R@15deg_5m: 94.0%  (rot_pass=100.0%, trans_pass=94.0%)
  R@25deg_5m: 94.0%  (rot_pass=100.0%, trans_pass=94.0%)

======================================================================
EVALUATION RESULTS (Retrieval Mode)
======================================================================
Retrieval median: 12.19deg / 2275mm
  R@5deg_1m: 2.7%  (rot=5.5%, trans=20.9%)
  R@10deg_2m: 22.5%  (rot=40.7%, trans=46.2%)
  R@15deg_5m: 59.9%  (rot=71.4%, trans=86.3%)
  R@25deg_5m: 83.5%  (rot=97.3%, trans=86.3%)
======================================================================

Done!
--- seed123 done ---
=== exp24c_attn_h16_seed456 on GPU 1 ===
======================================================================
Experiment: exp24c_attn_h16_seed456
Pool: attn, Features: both+sum
======================================================================
Random seed: 456
Using device: cuda:1

Loading data (fine=True, coarse=True, summary=True)...
  Loaded fine_geo: torch.Size([895, 128, 68, 120])
  Loaded coarse_sem: torch.Size([895, 128, 68, 120])
  Loaded summary: torch.Size([895, 2560])
  [train] 895 samples loaded
  Loaded fine_geo: torch.Size([182, 128, 68, 120])
  Loaded coarse_sem: torch.Size([182, 128, 68, 120])
  Loaded summary: torch.Size([182, 2560])
  [test] 182 samples loaded
Translation norm: mean=[13.19548    -0.64731836 23.103329  ], std=[10.827089    0.94348246  9.766839  ]
  Feature dim after pooling: 6656
Model parameters: 7,510,698
Model parameters: 7,510,698
[    1/10000] loss=3.1688 (t=0.4871 r=2.6817 beta=1.00) | val: 42.09deg/19555mm | 0.6s
[  100/10000] loss=0.1056 (t=0.0322 r=0.0792 beta=0.93) | val: 4.60deg/2573mm | 3.7s
[  200/10000] loss=0.0727 (t=0.0256 r=0.0536 beta=0.88) | val: 2.93deg/2099mm | 6.1s
[  300/10000] loss=0.0575 (t=0.0174 r=0.0480 beta=0.84) | val: 2.71deg/1661mm | 8.2s
[  400/10000] loss=0.0452 (t=0.0152 r=0.0377 beta=0.80) | val: 1.79deg/1464mm | 10.8s
[  500/10000] loss=0.0405 (t=0.0131 r=0.0361 beta=0.76) | val: 2.08deg/1821mm | 13.1s
[  600/10000] loss=0.0350 (t=0.0090 r=0.0359 beta=0.72) | val: 2.21deg/1409mm | 15.2s
[  700/10000] loss=0.0305 (t=0.0084 r=0.0320 beta=0.69) | val: 1.89deg/1463mm | 17.2s
[  800/10000] loss=0.0293 (t=0.0076 r=0.0329 beta=0.66) | val: 1.85deg/1684mm | 19.2s
[  900/10000] loss=0.0249 (t=0.0059 r=0.0300 beta=0.63) | val: 2.06deg/1525mm | 21.2s
[ 1000/10000] loss=0.0256 (t=0.0067 r=0.0311 beta=0.61) | val: 2.02deg/1471mm | 23.6s
[ 1100/10000] loss=0.0234 (t=0.0061 r=0.0298 beta=0.58) | val: 2.10deg/1459mm | 25.6s
[ 1200/10000] loss=0.0248 (t=0.0069 r=0.0323 beta=0.56) | val: 1.92deg/1351mm | 27.7s
[ 1300/10000] loss=0.0201 (t=0.0057 r=0.0270 beta=0.53) | val: 1.95deg/1428mm | 29.7s
[ 1400/10000] loss=0.0202 (t=0.0054 r=0.0288 beta=0.51) | val: 2.18deg/1684mm | 31.7s
[ 1500/10000] loss=0.0191 (t=0.0052 r=0.0283 beta=0.49) | val: 2.22deg/1818mm | 33.8s
[ 1600/10000] loss=0.0163 (t=0.0047 r=0.0245 beta=0.47) | val: 2.17deg/1613mm | 35.8s
[ 1700/10000] loss=0.0168 (t=0.0051 r=0.0258 beta=0.45) | val: 2.18deg/1412mm | 37.8s
[ 1800/10000] loss=0.0152 (t=0.0039 r=0.0259 beta=0.43) | val: 2.18deg/1562mm | 39.9s
[ 1900/10000] loss=0.0150 (t=0.0040 r=0.0262 beta=0.42) | val: 1.99deg/1590mm | 41.9s
[ 2000/10000] loss=0.0140 (t=0.0039 r=0.0252 beta=0.40) | val: 2.24deg/1391mm | 44.1s
[ 2100/10000] loss=0.0137 (t=0.0045 r=0.0238 beta=0.39) | val: 2.14deg/1600mm | 46.1s
[ 2200/10000] loss=0.0140 (t=0.0040 r=0.0269 beta=0.37) | val: 2.12deg/1313mm | 48.1s
[ 2300/10000] loss=0.0130 (t=0.0039 r=0.0255 beta=0.36) | val: 2.04deg/1372mm | 50.2s
[ 2400/10000] loss=0.0129 (t=0.0034 r=0.0273 beta=0.35) | val: 1.83deg/1440mm | 52.2s
[ 2500/10000] loss=0.0125 (t=0.0041 r=0.0251 beta=0.33) | val: 2.04deg/1396mm | 54.3s
[ 2600/10000] loss=0.0118 (t=0.0039 r=0.0248 beta=0.32) | val: 2.12deg/1580mm | 56.3s
[ 2700/10000] loss=0.0116 (t=0.0036 r=0.0258 beta=0.31) | val: 1.89deg/1359mm | 58.3s
[ 2800/10000] loss=0.0107 (t=0.0034 r=0.0245 beta=0.30) | val: 2.15deg/1357mm | 60.3s
[ 2900/10000] loss=0.0107 (t=0.0035 r=0.0249 beta=0.29) | val: 2.09deg/1544mm | 62.4s
[ 3000/10000] loss=0.0093 (t=0.0031 r=0.0222 beta=0.28) | val: 2.15deg/1486mm | 64.4s
[ 3100/10000] loss=0.0095 (t=0.0031 r=0.0241 beta=0.27) | val: 1.95deg/1360mm | 66.5s
[ 3200/10000] loss=0.0097 (t=0.0034 r=0.0244 beta=0.26) | val: 1.99deg/1392mm | 68.5s
[ 3300/10000] loss=0.0102 (t=0.0037 r=0.0256 beta=0.25) | val: 1.99deg/1547mm | 70.5s
[ 3400/10000] loss=0.0090 (t=0.0033 r=0.0235 beta=0.24) | val: 1.99deg/1326mm | 72.5s
[ 3500/10000] loss=0.0086 (t=0.0029 r=0.0242 beta=0.24) | val: 2.06deg/1618mm | 74.6s
[ 3600/10000] loss=0.0087 (t=0.0033 r=0.0237 beta=0.23) | val: 2.11deg/1612mm | 76.6s
[ 3700/10000] loss=0.0079 (t=0.0028 r=0.0230 beta=0.22) | val: 2.04deg/1680mm | 78.6s
[ 3800/10000] loss=0.0088 (t=0.0032 r=0.0266 beta=0.21) | val: 1.95deg/1391mm | 80.7s
[ 3900/10000] loss=0.0084 (t=0.0033 r=0.0245 beta=0.21) | val: 2.07deg/1448mm | 82.7s
[ 4000/10000] loss=0.0078 (t=0.0026 r=0.0258 beta=0.20) | val: 2.11deg/1565mm | 84.7s
[ 4100/10000] loss=0.0076 (t=0.0030 r=0.0237 beta=0.20) | val: 2.09deg/1365mm | 86.8s
[ 4200/10000] loss=0.0079 (t=0.0036 r=0.0227 beta=0.19) | val: 1.91deg/1650mm | 88.8s
[ 4300/10000] loss=0.0066 (t=0.0024 r=0.0228 beta=0.18) | val: 2.14deg/1560mm | 90.8s
[ 4400/10000] loss=0.0060 (t=0.0019 r=0.0228 beta=0.18) | val: 2.01deg/1485mm | 92.9s
[ 4500/10000] loss=0.0062 (t=0.0026 r=0.0210 beta=0.17) | val: 2.09deg/1541mm | 94.9s
[ 4600/10000] loss=0.0066 (t=0.0029 r=0.0218 beta=0.17) | val: 2.10deg/1425mm | 96.9s
[ 4700/10000] loss=0.0066 (t=0.0028 r=0.0235 beta=0.17) | val: 2.13deg/1451mm | 98.9s
[ 4800/10000] loss=0.0068 (t=0.0029 r=0.0241 beta=0.16) | val: 2.21deg/1648mm | 101.0s
[ 4900/10000] loss=0.0060 (t=0.0023 r=0.0234 beta=0.16) | val: 2.13deg/1631mm | 103.0s
[ 5000/10000] loss=0.0067 (t=0.0032 r=0.0225 beta=0.15) | val: 2.11deg/1565mm | 105.0s
[ 5100/10000] loss=0.0061 (t=0.0028 r=0.0226 beta=0.15) | val: 2.27deg/1546mm | 107.1s
[ 5200/10000] loss=0.0052 (t=0.0021 r=0.0217 beta=0.15) | val: 2.16deg/1518mm | 109.1s
[ 5300/10000] loss=0.0054 (t=0.0024 r=0.0209 beta=0.14) | val: 1.95deg/1626mm | 111.2s
[ 5400/10000] loss=0.0055 (t=0.0024 r=0.0228 beta=0.14) | val: 2.02deg/1552mm | 113.2s
[ 5500/10000] loss=0.0058 (t=0.0028 r=0.0225 beta=0.14) | val: 2.07deg/1452mm | 115.2s
[ 5600/10000] loss=0.0057 (t=0.0025 r=0.0239 beta=0.13) | val: 2.11deg/1488mm | 117.3s
[ 5700/10000] loss=0.0058 (t=0.0026 r=0.0241 beta=0.13) | val: 2.16deg/1465mm | 119.3s
[ 5800/10000] loss=0.0056 (t=0.0026 r=0.0230 beta=0.13) | val: 2.10deg/1554mm | 121.3s
[ 5900/10000] loss=0.0054 (t=0.0024 r=0.0236 beta=0.12) | val: 2.18deg/1580mm | 123.4s
[ 6000/10000] loss=0.0053 (t=0.0024 r=0.0234 beta=0.12) | val: 2.11deg/1619mm | 125.4s
[ 6100/10000] loss=0.0050 (t=0.0024 r=0.0216 beta=0.12) | val: 2.28deg/1557mm | 127.4s
[ 6200/10000] loss=0.0050 (t=0.0023 r=0.0233 beta=0.12) | val: 2.14deg/1494mm | 129.5s
[ 6300/10000] loss=0.0050 (t=0.0024 r=0.0227 beta=0.12) | val: 2.17deg/1568mm | 131.5s
[ 6400/10000] loss=0.0050 (t=0.0024 r=0.0230 beta=0.11) | val: 2.19deg/1516mm | 133.5s
[ 6500/10000] loss=0.0049 (t=0.0023 r=0.0234 beta=0.11) | val: 2.16deg/1605mm | 135.6s
[ 6600/10000] loss=0.0055 (t=0.0027 r=0.0252 beta=0.11) | val: 2.13deg/1610mm | 137.6s
[ 6700/10000] loss=0.0051 (t=0.0026 r=0.0234 beta=0.11) | val: 2.15deg/1663mm | 139.6s
[ 6800/10000] loss=0.0051 (t=0.0029 r=0.0211 beta=0.11) | val: 2.16deg/1591mm | 141.6s
[ 6900/10000] loss=0.0046 (t=0.0025 r=0.0202 beta=0.10) | val: 2.19deg/1489mm | 143.7s
[ 7000/10000] loss=0.0049 (t=0.0025 r=0.0231 beta=0.10) | val: 2.21deg/1512mm | 145.7s
[ 7100/10000] loss=0.0041 (t=0.0020 r=0.0210 beta=0.10) | val: 2.26deg/1697mm | 147.7s
[ 7200/10000] loss=0.0045 (t=0.0024 r=0.0211 beta=0.10) | val: 2.13deg/1501mm | 149.8s
[ 7300/10000] loss=0.0041 (t=0.0020 r=0.0212 beta=0.10) | val: 2.13deg/1549mm | 151.9s
[ 7400/10000] loss=0.0046 (t=0.0022 r=0.0236 beta=0.10) | val: 2.14deg/1599mm | 153.9s
[ 7500/10000] loss=0.0045 (t=0.0024 r=0.0215 beta=0.10) | val: 2.16deg/1560mm | 156.0s
[ 7600/10000] loss=0.0048 (t=0.0024 r=0.0245 beta=0.10) | val: 2.17deg/1711mm | 158.0s
[ 7700/10000] loss=0.0039 (t=0.0018 r=0.0221 beta=0.10) | val: 2.24deg/1563mm | 160.1s
[ 7800/10000] loss=0.0044 (t=0.0024 r=0.0209 beta=0.09) | val: 2.19deg/1592mm | 162.1s
[ 7900/10000] loss=0.0038 (t=0.0019 r=0.0207 beta=0.09) | val: 2.26deg/1566mm | 164.2s
[ 8000/10000] loss=0.0040 (t=0.0020 r=0.0204 beta=0.09) | val: 2.24deg/1591mm | 166.2s
[ 8100/10000] loss=0.0043 (t=0.0022 r=0.0219 beta=0.09) | val: 2.26deg/1646mm | 168.3s
[ 8200/10000] loss=0.0043 (t=0.0022 r=0.0225 beta=0.09) | val: 2.18deg/1583mm | 170.3s
[ 8300/10000] loss=0.0046 (t=0.0024 r=0.0241 beta=0.09) | val: 2.21deg/1596mm | 172.4s
[ 8400/10000] loss=0.0047 (t=0.0028 r=0.0203 beta=0.09) | val: 2.20deg/1656mm | 174.5s
[ 8500/10000] loss=0.0048 (t=0.0027 r=0.0226 beta=0.09) | val: 2.08deg/1624mm | 176.6s
[ 8600/10000] loss=0.0036 (t=0.0016 r=0.0213 beta=0.09) | val: 2.18deg/1617mm | 178.6s
[ 8700/10000] loss=0.0040 (t=0.0021 r=0.0215 beta=0.09) | val: 2.23deg/1609mm | 180.7s
[ 8800/10000] loss=0.0040 (t=0.0021 r=0.0207 beta=0.09) | val: 2.14deg/1566mm | 182.7s
[ 8900/10000] loss=0.0045 (t=0.0024 r=0.0235 beta=0.09) | val: 2.17deg/1617mm | 184.8s
[ 9000/10000] loss=0.0037 (t=0.0018 r=0.0213 beta=0.09) | val: 2.16deg/1621mm | 186.8s
[ 9100/10000] loss=0.0041 (t=0.0023 r=0.0207 beta=0.09) | val: 2.21deg/1579mm | 188.9s
[ 9200/10000] loss=0.0045 (t=0.0027 r=0.0211 beta=0.09) | val: 2.22deg/1600mm | 190.9s
[ 9300/10000] loss=0.0039 (t=0.0020 r=0.0212 beta=0.09) | val: 2.23deg/1621mm | 192.9s
[ 9400/10000] loss=0.0037 (t=0.0019 r=0.0201 beta=0.09) | val: 2.19deg/1595mm | 195.0s
[ 9500/10000] loss=0.0039 (t=0.0021 r=0.0208 beta=0.09) | val: 2.23deg/1659mm | 197.0s
[ 9600/10000] loss=0.0038 (t=0.0020 r=0.0205 beta=0.09) | val: 2.21deg/1616mm | 199.0s
[ 9700/10000] loss=0.0040 (t=0.0020 r=0.0220 beta=0.09) | val: 2.19deg/1611mm | 201.1s
[ 9800/10000] loss=0.0040 (t=0.0021 r=0.0218 beta=0.09) | val: 2.18deg/1630mm | 203.1s
[ 9900/10000] loss=0.0036 (t=0.0016 r=0.0222 beta=0.09) | val: 2.17deg/1610mm | 205.1s
[10000/10000] loss=0.0040 (t=0.0022 r=0.0204 beta=0.09) | val: 2.18deg/1620mm | 207.1s

Training done. Best epoch: 1930, score: 1.4144

Loaded best model from epoch 1930

======================================================================
EVALUATION RESULTS (Direct Regression)
======================================================================
Rotation  (median): 1.97deg
Translation (median): 1225mm

  R@5deg_1m: 40.1%  (rot_pass=92.3%, trans_pass=40.1%)
  R@10deg_2m: 68.7%  (rot_pass=100.0%, trans_pass=68.7%)
  R@15deg_5m: 90.7%  (rot_pass=100.0%, trans_pass=90.7%)
  R@25deg_5m: 90.7%  (rot_pass=100.0%, trans_pass=90.7%)

======================================================================
EVALUATION RESULTS (Retrieval Mode)
======================================================================
Retrieval median: 11.50deg / 2378mm
  R@5deg_1m: 2.2%  (rot=4.9%, trans=21.4%)
  R@10deg_2m: 17.6%  (rot=44.0%, trans=44.0%)
  R@15deg_5m: 59.9%  (rot=71.4%, trans=87.9%)
  R@25deg_5m: 86.3%  (rot=98.4%, trans=87.9%)
======================================================================

Done!
--- seed456 done ---
=== exp24c_attn_h16_seed42 on GPU 1 ===
======================================================================
Experiment: exp24c_attn_h16_seed42
Pool: attn, Features: both+sum
======================================================================
Random seed: 42
Using device: cuda:1

Loading data (fine=True, coarse=True, summary=True)...
  Loaded fine_geo: torch.Size([895, 128, 68, 120])
  Loaded coarse_sem: torch.Size([895, 128, 68, 120])
  Loaded summary: torch.Size([895, 2560])
  [train] 895 samples loaded
  Loaded fine_geo: torch.Size([182, 128, 68, 120])
  Loaded coarse_sem: torch.Size([182, 128, 68, 120])
  Loaded summary: torch.Size([182, 2560])
  [test] 182 samples loaded
Translation norm: mean=[13.19548    -0.64731836 23.103329  ], std=[10.827089    0.94348246  9.766839  ]
  Feature dim after pooling: 6656
Model parameters: 7,510,698
Model parameters: 7,510,698
[    1/10000] loss=3.0536 (t=0.5802 r=2.4734 beta=1.00) | val: 50.55deg/16431mm | 0.6s
[  100/10000] loss=0.1044 (t=0.0374 r=0.0724 beta=0.93) | val: 4.06deg/3084mm | 3.6s
[  200/10000] loss=0.0762 (t=0.0301 r=0.0527 beta=0.87) | val: 2.71deg/1767mm | 5.8s
[  300/10000] loss=0.0620 (t=0.0225 r=0.0476 beta=0.83) | val: 2.89deg/1906mm | 8.1s
[  400/10000] loss=0.0460 (t=0.0167 r=0.0372 beta=0.79) | val: 2.59deg/1984mm | 10.5s
[  500/10000] loss=0.0415 (t=0.0141 r=0.0365 beta=0.75) | val: 2.27deg/1856mm | 12.7s
[  600/10000] loss=0.0357 (t=0.0104 r=0.0355 beta=0.71) | val: 2.30deg/1734mm | 14.7s
[  700/10000] loss=0.0292 (t=0.0069 r=0.0326 beta=0.68) | val: 1.80deg/1446mm | 16.7s
[  800/10000] loss=0.0287 (t=0.0083 r=0.0312 beta=0.65) | val: 1.83deg/1669mm | 18.9s
[  900/10000] loss=0.0273 (t=0.0067 r=0.0331 beta=0.62) | val: 1.87deg/1600mm | 20.9s
[ 1000/10000] loss=0.0248 (t=0.0063 r=0.0311 beta=0.60) | val: 2.29deg/1677mm | 23.2s
[ 1100/10000] loss=0.0246 (t=0.0069 r=0.0312 beta=0.57) | val: 1.98deg/1504mm | 25.3s
[ 1200/10000] loss=0.0223 (t=0.0064 r=0.0292 beta=0.55) | val: 1.79deg/1342mm | 27.3s
[ 1300/10000] loss=0.0190 (t=0.0052 r=0.0265 beta=0.52) | val: 1.91deg/1489mm | 29.4s
[ 1400/10000] loss=0.0187 (t=0.0043 r=0.0287 beta=0.50) | val: 2.15deg/1783mm | 31.4s
[ 1500/10000] loss=0.0187 (t=0.0048 r=0.0290 beta=0.48) | val: 1.87deg/1726mm | 33.4s
[ 1600/10000] loss=0.0175 (t=0.0046 r=0.0280 beta=0.46) | val: 1.98deg/1429mm | 35.5s
[ 1700/10000] loss=0.0177 (t=0.0050 r=0.0288 beta=0.44) | val: 1.89deg/1556mm | 37.5s
[ 1800/10000] loss=0.0154 (t=0.0043 r=0.0261 beta=0.43) | val: 1.89deg/1566mm | 39.5s
[ 1900/10000] loss=0.0156 (t=0.0042 r=0.0279 beta=0.41) | val: 1.82deg/1584mm | 41.5s
[ 2000/10000] loss=0.0147 (t=0.0045 r=0.0261 beta=0.39) | val: 1.85deg/1458mm | 43.6s
[ 2100/10000] loss=0.0129 (t=0.0033 r=0.0255 beta=0.38) | val: 1.79deg/1482mm | 45.6s
[ 2200/10000] loss=0.0127 (t=0.0036 r=0.0251 beta=0.36) | val: 1.93deg/1680mm | 47.6s
[ 2300/10000] loss=0.0130 (t=0.0039 r=0.0261 beta=0.35) | val: 1.94deg/1662mm | 49.7s
[ 2400/10000] loss=0.0122 (t=0.0041 r=0.0242 beta=0.34) | val: 1.92deg/1444mm | 51.7s
[ 2500/10000] loss=0.0116 (t=0.0034 r=0.0251 beta=0.32) | val: 2.19deg/1339mm | 53.7s
[ 2600/10000] loss=0.0122 (t=0.0040 r=0.0262 beta=0.31) | val: 1.84deg/1626mm | 55.8s
[ 2700/10000] loss=0.0109 (t=0.0039 r=0.0234 beta=0.30) | val: 1.89deg/1519mm | 57.8s
[ 2800/10000] loss=0.0110 (t=0.0039 r=0.0242 beta=0.29) | val: 1.95deg/1448mm | 59.8s
[ 2900/10000] loss=0.0103 (t=0.0030 r=0.0259 beta=0.28) | val: 2.30deg/1610mm | 61.9s
[ 3000/10000] loss=0.0111 (t=0.0039 r=0.0264 beta=0.27) | val: 2.00deg/1682mm | 63.9s
[ 3100/10000] loss=0.0103 (t=0.0040 r=0.0239 beta=0.26) | val: 1.88deg/1684mm | 65.9s
[ 3200/10000] loss=0.0093 (t=0.0032 r=0.0240 beta=0.25) | val: 2.02deg/1718mm | 67.9s
[ 3300/10000] loss=0.0092 (t=0.0031 r=0.0250 beta=0.24) | val: 1.90deg/1523mm | 70.0s
[ 3400/10000] loss=0.0088 (t=0.0035 r=0.0224 beta=0.24) | val: 1.85deg/1536mm | 72.0s
[ 3500/10000] loss=0.0086 (t=0.0027 r=0.0256 beta=0.23) | val: 1.90deg/1577mm | 74.1s
[ 3600/10000] loss=0.0083 (t=0.0030 r=0.0236 beta=0.22) | val: 1.94deg/1532mm | 76.1s
[ 3700/10000] loss=0.0088 (t=0.0037 r=0.0236 beta=0.22) | val: 2.09deg/1678mm | 78.1s
[ 3800/10000] loss=0.0069 (t=0.0024 r=0.0218 beta=0.21) | val: 1.90deg/1470mm | 80.2s
[ 3900/10000] loss=0.0082 (t=0.0033 r=0.0245 beta=0.20) | val: 1.93deg/1497mm | 82.2s
[ 4000/10000] loss=0.0079 (t=0.0032 r=0.0237 beta=0.20) | val: 1.89deg/1494mm | 84.2s
[ 4100/10000] loss=0.0072 (t=0.0028 r=0.0233 beta=0.19) | val: 1.86deg/1604mm | 86.3s
[ 4200/10000] loss=0.0067 (t=0.0027 r=0.0216 beta=0.18) | val: 2.01deg/1546mm | 88.3s
[ 4300/10000] loss=0.0075 (t=0.0027 r=0.0263 beta=0.18) | val: 1.96deg/1543mm | 90.3s
[ 4400/10000] loss=0.0070 (t=0.0032 r=0.0220 beta=0.17) | val: 1.93deg/1544mm | 92.4s
[ 4500/10000] loss=0.0070 (t=0.0031 r=0.0230 beta=0.17) | val: 1.95deg/1551mm | 94.4s
[ 4600/10000] loss=0.0069 (t=0.0030 r=0.0236 beta=0.17) | val: 1.90deg/1487mm | 96.4s
[ 4700/10000] loss=0.0060 (t=0.0025 r=0.0218 beta=0.16) | val: 1.85deg/1623mm | 98.5s
[ 4800/10000] loss=0.0062 (t=0.0029 r=0.0215 beta=0.16) | val: 1.89deg/1587mm | 100.5s
[ 4900/10000] loss=0.0065 (t=0.0028 r=0.0240 beta=0.15) | val: 1.90deg/1690mm | 102.5s
[ 5000/10000] loss=0.0064 (t=0.0028 r=0.0244 beta=0.15) | val: 1.86deg/1585mm | 104.6s
[ 5100/10000] loss=0.0063 (t=0.0030 r=0.0230 beta=0.14) | val: 2.15deg/1620mm | 106.6s
[ 5200/10000] loss=0.0058 (t=0.0025 r=0.0232 beta=0.14) | val: 2.00deg/1526mm | 108.6s
[ 5300/10000] loss=0.0055 (t=0.0023 r=0.0229 beta=0.14) | val: 1.94deg/1598mm | 110.7s
[ 5400/10000] loss=0.0056 (t=0.0024 r=0.0233 beta=0.13) | val: 1.99deg/1549mm | 112.7s
[ 5500/10000] loss=0.0065 (t=0.0033 r=0.0241 beta=0.13) | val: 1.95deg/1677mm | 114.7s
[ 5600/10000] loss=0.0050 (t=0.0023 r=0.0209 beta=0.13) | val: 1.76deg/1749mm | 116.8s
[ 5700/10000] loss=0.0058 (t=0.0029 r=0.0230 beta=0.13) | val: 1.87deg/1665mm | 118.8s
[ 5800/10000] loss=0.0051 (t=0.0023 r=0.0234 beta=0.12) | val: 1.99deg/1638mm | 120.9s
[ 5900/10000] loss=0.0059 (t=0.0031 r=0.0230 beta=0.12) | val: 1.95deg/1610mm | 122.9s
[ 6000/10000] loss=0.0062 (t=0.0035 r=0.0231 beta=0.12) | val: 1.92deg/1624mm | 124.9s
[ 6100/10000] loss=0.0045 (t=0.0020 r=0.0212 beta=0.12) | val: 1.89deg/1685mm | 126.9s
[ 6200/10000] loss=0.0048 (t=0.0023 r=0.0224 beta=0.11) | val: 1.87deg/1649mm | 129.0s
[ 6300/10000] loss=0.0051 (t=0.0025 r=0.0233 beta=0.11) | val: 1.91deg/1662mm | 131.0s
[ 6400/10000] loss=0.0049 (t=0.0023 r=0.0235 beta=0.11) | val: 1.95deg/1632mm | 133.0s
[ 6500/10000] loss=0.0047 (t=0.0022 r=0.0227 beta=0.11) | val: 1.86deg/1654mm | 135.1s
[ 6600/10000] loss=0.0050 (t=0.0024 r=0.0240 beta=0.11) | val: 2.07deg/1849mm | 137.1s
[ 6700/10000] loss=0.0049 (t=0.0026 r=0.0214 beta=0.10) | val: 1.86deg/1599mm | 139.1s
[ 6800/10000] loss=0.0046 (t=0.0022 r=0.0232 beta=0.10) | val: 1.83deg/1609mm | 141.2s
[ 6900/10000] loss=0.0044 (t=0.0021 r=0.0224 beta=0.10) | val: 1.88deg/1626mm | 143.2s
[ 7000/10000] loss=0.0043 (t=0.0021 r=0.0218 beta=0.10) | val: 1.78deg/1660mm | 145.3s
[ 7100/10000] loss=0.0042 (t=0.0020 r=0.0227 beta=0.10) | val: 1.85deg/1625mm | 147.3s
[ 7200/10000] loss=0.0050 (t=0.0027 r=0.0241 beta=0.10) | val: 1.96deg/1675mm | 149.4s
[ 7300/10000] loss=0.0045 (t=0.0023 r=0.0229 beta=0.10) | val: 1.91deg/1658mm | 151.4s
[ 7400/10000] loss=0.0043 (t=0.0022 r=0.0211 beta=0.10) | val: 1.91deg/1590mm | 153.4s
[ 7500/10000] loss=0.0042 (t=0.0021 r=0.0222 beta=0.09) | val: 1.91deg/1561mm | 155.5s
[ 7600/10000] loss=0.0041 (t=0.0021 r=0.0216 beta=0.09) | val: 1.85deg/1549mm | 157.5s
[ 7700/10000] loss=0.0045 (t=0.0024 r=0.0225 beta=0.09) | val: 1.87deg/1662mm | 159.6s
[ 7800/10000] loss=0.0046 (t=0.0025 r=0.0227 beta=0.09) | val: 1.78deg/1622mm | 161.6s
[ 7900/10000] loss=0.0041 (t=0.0020 r=0.0221 beta=0.09) | val: 1.85deg/1514mm | 163.7s
[ 8000/10000] loss=0.0042 (t=0.0023 r=0.0219 beta=0.09) | val: 1.99deg/1585mm | 165.7s
[ 8100/10000] loss=0.0040 (t=0.0019 r=0.0224 beta=0.09) | val: 1.91deg/1611mm | 167.7s
[ 8200/10000] loss=0.0034 (t=0.0016 r=0.0204 beta=0.09) | val: 1.85deg/1652mm | 169.8s
[ 8300/10000] loss=0.0038 (t=0.0019 r=0.0211 beta=0.09) | val: 1.87deg/1634mm | 171.8s
[ 8400/10000] loss=0.0038 (t=0.0021 r=0.0200 beta=0.09) | val: 1.97deg/1686mm | 173.8s
[ 8500/10000] loss=0.0041 (t=0.0020 r=0.0234 beta=0.09) | val: 1.88deg/1637mm | 175.9s
[ 8600/10000] loss=0.0039 (t=0.0019 r=0.0219 beta=0.09) | val: 1.82deg/1600mm | 177.9s
[ 8700/10000] loss=0.0042 (t=0.0022 r=0.0227 beta=0.09) | val: 1.84deg/1637mm | 179.9s
[ 8800/10000] loss=0.0043 (t=0.0023 r=0.0224 beta=0.09) | val: 1.81deg/1640mm | 182.0s
[ 8900/10000] loss=0.0050 (t=0.0030 r=0.0227 beta=0.09) | val: 1.86deg/1624mm | 184.0s
[ 9000/10000] loss=0.0039 (t=0.0020 r=0.0213 beta=0.09) | val: 1.81deg/1673mm | 186.1s
[ 9100/10000] loss=0.0048 (t=0.0026 r=0.0252 beta=0.09) | val: 1.85deg/1704mm | 188.1s
[ 9200/10000] loss=0.0036 (t=0.0018 r=0.0204 beta=0.09) | val: 1.81deg/1674mm | 190.1s
[ 9300/10000] loss=0.0038 (t=0.0019 r=0.0215 beta=0.09) | val: 1.82deg/1671mm | 192.2s
[ 9400/10000] loss=0.0046 (t=0.0026 r=0.0237 beta=0.09) | val: 1.77deg/1665mm | 194.2s
[ 9500/10000] loss=0.0036 (t=0.0019 r=0.0205 beta=0.09) | val: 1.80deg/1667mm | 196.2s
[ 9600/10000] loss=0.0034 (t=0.0016 r=0.0213 beta=0.09) | val: 1.78deg/1685mm | 198.3s
[ 9700/10000] loss=0.0039 (t=0.0021 r=0.0210 beta=0.09) | val: 1.79deg/1652mm | 200.3s
[ 9800/10000] loss=0.0042 (t=0.0024 r=0.0217 beta=0.09) | val: 1.79deg/1659mm | 202.3s
[ 9900/10000] loss=0.0042 (t=0.0022 r=0.0232 beta=0.09) | val: 1.81deg/1658mm | 204.4s
[10000/10000] loss=0.0037 (t=0.0018 r=0.0218 beta=0.09) | val: 1.80deg/1656mm | 206.4s

Training done. Best epoch: 1020, score: 1.4516

Loaded best model from epoch 1020

======================================================================
EVALUATION RESULTS (Direct Regression)
======================================================================
Rotation  (median): 2.04deg
Translation (median): 1252mm

  R@5deg_1m: 36.3%  (rot_pass=95.1%, trans_pass=36.3%)
  R@10deg_2m: 70.3%  (rot_pass=99.5%, trans_pass=70.3%)
  R@15deg_5m: 94.5%  (rot_pass=100.0%, trans_pass=94.5%)
  R@25deg_5m: 94.5%  (rot_pass=100.0%, trans_pass=94.5%)

======================================================================
EVALUATION RESULTS (Retrieval Mode)
======================================================================
Retrieval median: 10.91deg / 2382mm
  R@5deg_1m: 3.8%  (rot=7.1%, trans=22.0%)
  R@10deg_2m: 22.0%  (rot=44.0%, trans=45.6%)
  R@15deg_5m: 61.0%  (rot=72.5%, trans=88.5%)
  R@25deg_5m: 84.1%  (rot=95.6%, trans=88.5%)
======================================================================

Done!
--- seed42 done ---
=== exp24c_attn_h16_seed7 on GPU 1 ===
======================================================================
Experiment: exp24c_attn_h16_seed7
Pool: attn, Features: both+sum
======================================================================
Random seed: 7
Using device: cuda:1

Loading data (fine=True, coarse=True, summary=True)...
  Loaded fine_geo: torch.Size([895, 128, 68, 120])
  Loaded coarse_sem: torch.Size([895, 128, 68, 120])
  Loaded summary: torch.Size([895, 2560])
  [train] 895 samples loaded
  Loaded fine_geo: torch.Size([182, 128, 68, 120])
  Loaded coarse_sem: torch.Size([182, 128, 68, 120])
  Loaded summary: torch.Size([182, 2560])
  [test] 182 samples loaded
Translation norm: mean=[13.19548    -0.64731836 23.103329  ], std=[10.827089    0.94348246  9.766839  ]
  Feature dim after pooling: 6656
Model parameters: 7,510,698
Model parameters: 7,510,698
[    1/10000] loss=2.7405 (t=0.6239 r=2.1165 beta=1.00) | val: 53.59deg/30063mm | 0.6s
[  100/10000] loss=0.1008 (t=0.0346 r=0.0715 beta=0.93) | val: 3.84deg/2194mm | 3.3s
[  200/10000] loss=0.0678 (t=0.0253 r=0.0486 beta=0.87) | val: 2.57deg/1924mm | 5.7s
[  300/10000] loss=0.0584 (t=0.0197 r=0.0466 beta=0.83) | val: 2.70deg/1818mm | 8.1s
[  400/10000] loss=0.0448 (t=0.0138 r=0.0392 beta=0.79) | val: 2.02deg/1608mm | 10.2s
[  500/10000] loss=0.0416 (t=0.0129 r=0.0381 beta=0.75) | val: 2.77deg/1878mm | 12.4s
[  600/10000] loss=0.0357 (t=0.0112 r=0.0343 beta=0.72) | val: 2.10deg/1257mm | 14.6s
[  700/10000] loss=0.0309 (t=0.0089 r=0.0322 beta=0.68) | val: 2.01deg/1682mm | 16.7s
[  800/10000] loss=0.0302 (t=0.0074 r=0.0350 beta=0.65) | val: 2.55deg/1778mm | 18.8s
[  900/10000] loss=0.0250 (t=0.0065 r=0.0297 beta=0.62) | val: 1.91deg/1616mm | 20.8s
[ 1000/10000] loss=0.0249 (t=0.0069 r=0.0301 beta=0.60) | val: 2.05deg/1499mm | 22.8s
[ 1100/10000] loss=0.0226 (t=0.0057 r=0.0297 beta=0.57) | val: 2.30deg/1754mm | 24.8s
[ 1200/10000] loss=0.0215 (t=0.0062 r=0.0280 beta=0.55) | val: 1.82deg/1447mm | 26.9s
[ 1300/10000] loss=0.0196 (t=0.0047 r=0.0285 beta=0.52) | val: 2.18deg/1424mm | 29.0s
[ 1400/10000] loss=0.0206 (t=0.0049 r=0.0313 beta=0.50) | val: 2.16deg/1491mm | 31.0s
[ 1500/10000] loss=0.0191 (t=0.0048 r=0.0296 beta=0.48) | val: 2.12deg/1545mm | 33.0s
[ 1600/10000] loss=0.0173 (t=0.0053 r=0.0260 beta=0.46) | val: 2.15deg/1558mm | 35.1s
[ 1700/10000] loss=0.0182 (t=0.0052 r=0.0294 beta=0.44) | val: 1.89deg/1372mm | 37.2s
[ 1800/10000] loss=0.0148 (t=0.0046 r=0.0240 beta=0.43) | val: 1.82deg/1395mm | 39.2s
[ 1900/10000] loss=0.0151 (t=0.0043 r=0.0265 beta=0.41) | val: 1.91deg/1389mm | 41.3s
[ 2000/10000] loss=0.0135 (t=0.0039 r=0.0246 beta=0.39) | val: 1.86deg/1427mm | 43.3s
[ 2100/10000] loss=0.0134 (t=0.0044 r=0.0239 beta=0.38) | val: 1.82deg/1525mm | 45.3s
[ 2200/10000] loss=0.0145 (t=0.0046 r=0.0273 beta=0.36) | val: 2.11deg/1369mm | 47.3s
[ 2300/10000] loss=0.0122 (t=0.0035 r=0.0248 beta=0.35) | val: 2.17deg/1398mm | 49.4s
[ 2400/10000] loss=0.0121 (t=0.0036 r=0.0250 beta=0.34) | val: 2.03deg/1440mm | 51.4s
[ 2500/10000] loss=0.0115 (t=0.0031 r=0.0260 beta=0.32) | val: 2.06deg/1740mm | 53.4s
[ 2600/10000] loss=0.0095 (t=0.0026 r=0.0221 beta=0.31) | val: 1.97deg/1565mm | 55.4s
[ 2700/10000] loss=0.0105 (t=0.0032 r=0.0241 beta=0.30) | val: 2.16deg/1545mm | 57.5s
[ 2800/10000] loss=0.0101 (t=0.0034 r=0.0230 beta=0.29) | val: 2.02deg/1550mm | 59.5s
[ 2900/10000] loss=0.0107 (t=0.0033 r=0.0262 beta=0.28) | val: 1.97deg/1611mm | 61.5s
[ 3000/10000] loss=0.0101 (t=0.0033 r=0.0250 beta=0.27) | val: 1.97deg/1614mm | 63.5s
[ 3100/10000] loss=0.0094 (t=0.0029 r=0.0247 beta=0.26) | val: 1.93deg/1540mm | 65.6s
[ 3200/10000] loss=0.0098 (t=0.0037 r=0.0242 beta=0.25) | val: 1.94deg/1518mm | 67.6s
[ 3300/10000] loss=0.0091 (t=0.0030 r=0.0248 beta=0.25) | val: 2.06deg/1471mm | 69.6s
[ 3400/10000] loss=0.0090 (t=0.0033 r=0.0240 beta=0.24) | val: 2.03deg/1757mm | 71.7s
[ 3500/10000] loss=0.0090 (t=0.0032 r=0.0250 beta=0.23) | val: 2.08deg/1669mm | 73.7s
[ 3600/10000] loss=0.0090 (t=0.0034 r=0.0249 beta=0.22) | val: 2.08deg/1517mm | 75.8s
[ 3700/10000] loss=0.0095 (t=0.0042 r=0.0247 beta=0.22) | val: 1.95deg/1400mm | 77.8s
[ 3800/10000] loss=0.0087 (t=0.0037 r=0.0237 beta=0.21) | val: 2.03deg/1350mm | 79.9s
[ 3900/10000] loss=0.0082 (t=0.0033 r=0.0243 beta=0.20) | val: 2.10deg/1431mm | 81.9s
[ 4000/10000] loss=0.0082 (t=0.0036 r=0.0238 beta=0.20) | val: 2.10deg/1564mm | 84.0s
[ 4100/10000] loss=0.0073 (t=0.0026 r=0.0247 beta=0.19) | val: 2.27deg/1589mm | 86.0s
[ 4200/10000] loss=0.0076 (t=0.0034 r=0.0230 beta=0.18) | val: 1.95deg/1573mm | 88.0s
[ 4300/10000] loss=0.0069 (t=0.0029 r=0.0221 beta=0.18) | val: 2.01deg/1397mm | 90.0s
[ 4400/10000] loss=0.0066 (t=0.0026 r=0.0228 beta=0.17) | val: 1.92deg/1398mm | 92.1s
[ 4500/10000] loss=0.0069 (t=0.0030 r=0.0226 beta=0.17) | val: 2.01deg/1661mm | 94.1s
[ 4600/10000] loss=0.0069 (t=0.0029 r=0.0240 beta=0.17) | val: 2.07deg/1775mm | 96.2s
[ 4700/10000] loss=0.0068 (t=0.0028 r=0.0246 beta=0.16) | val: 2.20deg/1635mm | 98.2s
[ 4800/10000] loss=0.0062 (t=0.0027 r=0.0224 beta=0.16) | val: 2.11deg/1572mm | 100.2s
[ 4900/10000] loss=0.0061 (t=0.0027 r=0.0221 beta=0.15) | val: 2.04deg/1538mm | 102.2s
[ 5000/10000] loss=0.0059 (t=0.0024 r=0.0237 beta=0.15) | val: 2.10deg/1440mm | 104.3s
[ 5100/10000] loss=0.0062 (t=0.0028 r=0.0232 beta=0.14) | val: 2.29deg/1717mm | 106.3s
[ 5200/10000] loss=0.0060 (t=0.0029 r=0.0219 beta=0.14) | val: 2.23deg/1846mm | 108.3s
[ 5300/10000] loss=0.0060 (t=0.0028 r=0.0232 beta=0.14) | val: 2.24deg/1564mm | 110.4s
[ 5400/10000] loss=0.0057 (t=0.0027 r=0.0220 beta=0.13) | val: 2.09deg/1618mm | 112.4s
[ 5500/10000] loss=0.0053 (t=0.0022 r=0.0232 beta=0.13) | val: 2.05deg/1717mm | 114.5s
[ 5600/10000] loss=0.0054 (t=0.0025 r=0.0223 beta=0.13) | val: 1.98deg/1524mm | 116.5s
[ 5700/10000] loss=0.0051 (t=0.0023 r=0.0224 beta=0.13) | val: 2.28deg/1569mm | 118.5s
[ 5800/10000] loss=0.0046 (t=0.0020 r=0.0211 beta=0.12) | val: 2.15deg/1519mm | 120.6s
[ 5900/10000] loss=0.0050 (t=0.0023 r=0.0220 beta=0.12) | val: 2.13deg/1588mm | 122.6s
[ 6000/10000] loss=0.0047 (t=0.0020 r=0.0224 beta=0.12) | val: 2.27deg/1703mm | 124.7s
[ 6100/10000] loss=0.0052 (t=0.0025 r=0.0230 beta=0.12) | val: 2.24deg/1574mm | 126.7s
[ 6200/10000] loss=0.0049 (t=0.0023 r=0.0229 beta=0.11) | val: 2.16deg/1666mm | 128.8s
[ 6300/10000] loss=0.0048 (t=0.0023 r=0.0223 beta=0.11) | val: 2.22deg/1664mm | 130.8s
[ 6400/10000] loss=0.0043 (t=0.0020 r=0.0213 beta=0.11) | val: 2.02deg/1585mm | 132.8s
[ 6500/10000] loss=0.0047 (t=0.0023 r=0.0226 beta=0.11) | val: 2.17deg/1556mm | 134.8s
[ 6600/10000] loss=0.0041 (t=0.0018 r=0.0211 beta=0.11) | val: 2.43deg/1584mm | 136.9s
[ 6700/10000] loss=0.0050 (t=0.0026 r=0.0226 beta=0.10) | val: 2.19deg/1593mm | 138.9s
[ 6800/10000] loss=0.0048 (t=0.0022 r=0.0244 beta=0.10) | val: 2.24deg/1691mm | 141.0s
[ 6900/10000] loss=0.0046 (t=0.0022 r=0.0235 beta=0.10) | val: 2.36deg/1628mm | 143.1s
[ 7000/10000] loss=0.0047 (t=0.0025 r=0.0221 beta=0.10) | val: 2.21deg/1643mm | 145.1s
[ 7100/10000] loss=0.0046 (t=0.0023 r=0.0225 beta=0.10) | val: 2.40deg/1623mm | 147.1s
[ 7200/10000] loss=0.0044 (t=0.0023 r=0.0212 beta=0.10) | val: 2.13deg/1673mm | 149.2s
[ 7300/10000] loss=0.0046 (t=0.0025 r=0.0212 beta=0.10) | val: 2.20deg/1534mm | 151.2s
[ 7400/10000] loss=0.0049 (t=0.0026 r=0.0231 beta=0.10) | val: 2.11deg/1553mm | 153.2s
[ 7500/10000] loss=0.0040 (t=0.0020 r=0.0210 beta=0.09) | val: 2.22deg/1698mm | 155.2s
[ 7600/10000] loss=0.0040 (t=0.0021 r=0.0208 beta=0.09) | val: 2.23deg/1617mm | 157.3s
[ 7700/10000] loss=0.0043 (t=0.0023 r=0.0211 beta=0.09) | val: 2.27deg/1683mm | 159.3s
[ 7800/10000] loss=0.0043 (t=0.0025 r=0.0200 beta=0.09) | val: 2.20deg/1612mm | 161.3s
[ 7900/10000] loss=0.0037 (t=0.0018 r=0.0205 beta=0.09) | val: 2.28deg/1728mm | 163.4s
[ 8000/10000] loss=0.0042 (t=0.0022 r=0.0223 beta=0.09) | val: 2.25deg/1748mm | 165.4s
[ 8100/10000] loss=0.0043 (t=0.0024 r=0.0205 beta=0.09) | val: 2.20deg/1776mm | 167.4s
[ 8200/10000] loss=0.0037 (t=0.0018 r=0.0212 beta=0.09) | val: 2.13deg/1627mm | 169.4s
[ 8300/10000] loss=0.0040 (t=0.0020 r=0.0225 beta=0.09) | val: 2.21deg/1714mm | 171.5s
[ 8400/10000] loss=0.0038 (t=0.0019 r=0.0211 beta=0.09) | val: 2.16deg/1585mm | 173.5s
[ 8500/10000] loss=0.0039 (t=0.0021 r=0.0203 beta=0.09) | val: 2.17deg/1687mm | 175.5s
[ 8600/10000] loss=0.0036 (t=0.0018 r=0.0215 beta=0.09) | val: 2.22deg/1653mm | 177.6s
[ 8700/10000] loss=0.0036 (t=0.0018 r=0.0205 beta=0.09) | val: 2.25deg/1599mm | 179.6s
[ 8800/10000] loss=0.0042 (t=0.0021 r=0.0242 beta=0.09) | val: 2.22deg/1695mm | 181.6s
[ 8900/10000] loss=0.0039 (t=0.0019 r=0.0227 beta=0.09) | val: 2.16deg/1621mm | 183.7s
[ 9000/10000] loss=0.0041 (t=0.0020 r=0.0234 beta=0.09) | val: 2.16deg/1623mm | 185.7s
[ 9100/10000] loss=0.0042 (t=0.0021 r=0.0238 beta=0.09) | val: 2.10deg/1703mm | 187.7s
[ 9200/10000] loss=0.0039 (t=0.0021 r=0.0212 beta=0.09) | val: 2.14deg/1666mm | 189.7s
[ 9300/10000] loss=0.0036 (t=0.0017 r=0.0216 beta=0.09) | val: 2.15deg/1711mm | 191.8s
[ 9400/10000] loss=0.0039 (t=0.0019 r=0.0223 beta=0.09) | val: 2.16deg/1642mm | 193.8s
[ 9500/10000] loss=0.0038 (t=0.0020 r=0.0203 beta=0.09) | val: 2.18deg/1652mm | 195.9s
[ 9600/10000] loss=0.0041 (t=0.0023 r=0.0213 beta=0.09) | val: 2.17deg/1621mm | 197.9s
[ 9700/10000] loss=0.0039 (t=0.0020 r=0.0219 beta=0.09) | val: 2.13deg/1620mm | 199.9s
[ 9800/10000] loss=0.0040 (t=0.0021 r=0.0219 beta=0.09) | val: 2.16deg/1614mm | 202.0s
[ 9900/10000] loss=0.0035 (t=0.0018 r=0.0202 beta=0.09) | val: 2.17deg/1628mm | 204.0s
[10000/10000] loss=0.0040 (t=0.0022 r=0.0214 beta=0.09) | val: 2.17deg/1625mm | 206.0s

Training done. Best epoch: 1660, score: 1.4230

Loaded best model from epoch 1660

======================================================================
EVALUATION RESULTS (Direct Regression)
======================================================================
Rotation  (median): 1.90deg
Translation (median): 1239mm

  R@5deg_1m: 31.3%  (rot_pass=94.5%, trans_pass=33.5%)
  R@10deg_2m: 71.4%  (rot_pass=100.0%, trans_pass=71.4%)
  R@15deg_5m: 90.1%  (rot_pass=100.0%, trans_pass=90.1%)
  R@25deg_5m: 90.1%  (rot_pass=100.0%, trans_pass=90.1%)

======================================================================
EVALUATION RESULTS (Retrieval Mode)
======================================================================
Retrieval median: 10.80deg / 2258mm
  R@5deg_1m: 2.2%  (rot=4.9%, trans=20.9%)
  R@10deg_2m: 19.2%  (rot=44.0%, trans=46.2%)
  R@15deg_5m: 58.2%  (rot=73.1%, trans=84.6%)
  R@25deg_5m: 83.5%  (rot=98.9%, trans=84.6%)
======================================================================

Done!
--- seed7 done ---
=== exp24c_attn_h16_seed999 on GPU 1 ===
======================================================================
Experiment: exp24c_attn_h16_seed999
Pool: attn, Features: both+sum
======================================================================
Random seed: 999
Using device: cuda:1

Loading data (fine=True, coarse=True, summary=True)...
  Loaded fine_geo: torch.Size([895, 128, 68, 120])
  Loaded coarse_sem: torch.Size([895, 128, 68, 120])
  Loaded summary: torch.Size([895, 2560])
  [train] 895 samples loaded
  Loaded fine_geo: torch.Size([182, 128, 68, 120])
  Loaded coarse_sem: torch.Size([182, 128, 68, 120])
  Loaded summary: torch.Size([182, 2560])
  [test] 182 samples loaded
Translation norm: mean=[13.19548    -0.64731836 23.103329  ], std=[10.827089    0.94348246  9.766839  ]
  Feature dim after pooling: 6656
Model parameters: 7,510,698
Model parameters: 7,510,698
[    1/10000] loss=3.0585 (t=0.8461 r=2.2124 beta=1.00) | val: 80.07deg/15171mm | 0.7s
[  100/10000] loss=0.1051 (t=0.0341 r=0.0766 beta=0.93) | val: 4.50deg/2202mm | 4.0s
[  200/10000] loss=0.0813 (t=0.0285 r=0.0602 beta=0.88) | val: 3.37deg/2179mm | 6.6s
[  300/10000] loss=0.0536 (t=0.0175 r=0.0432 beta=0.83) | val: 2.23deg/1712mm | 9.0s
[  400/10000] loss=0.0456 (t=0.0138 r=0.0399 beta=0.80) | val: 2.66deg/1760mm | 11.4s
[  500/10000] loss=0.0406 (t=0.0096 r=0.0408 beta=0.76) | val: 2.10deg/1532mm | 13.4s
[  600/10000] loss=0.0352 (t=0.0090 r=0.0361 beta=0.72) | val: 2.01deg/1552mm | 15.5s
[  700/10000] loss=0.0308 (t=0.0086 r=0.0321 beta=0.69) | val: 2.48deg/1761mm | 17.9s
[  800/10000] loss=0.0290 (t=0.0086 r=0.0308 beta=0.66) | val: 2.33deg/2045mm | 20.0s
[  900/10000] loss=0.0264 (t=0.0078 r=0.0294 beta=0.63) | val: 1.87deg/1692mm | 22.0s
[ 1000/10000] loss=0.0232 (t=0.0060 r=0.0284 beta=0.61) | val: 1.98deg/1365mm | 24.1s
[ 1100/10000] loss=0.0250 (t=0.0066 r=0.0317 beta=0.58) | val: 2.19deg/1556mm | 26.4s
[ 1200/10000] loss=0.0219 (t=0.0058 r=0.0288 beta=0.56) | val: 2.13deg/1591mm | 28.4s
[ 1300/10000] loss=0.0201 (t=0.0049 r=0.0284 beta=0.53) | val: 2.03deg/1607mm | 30.4s
[ 1400/10000] loss=0.0191 (t=0.0052 r=0.0272 beta=0.51) | val: 2.21deg/1490mm | 32.5s
[ 1500/10000] loss=0.0172 (t=0.0044 r=0.0260 beta=0.49) | val: 2.16deg/1571mm | 34.6s
[ 1600/10000] loss=0.0177 (t=0.0040 r=0.0290 beta=0.47) | val: 2.05deg/1556mm | 36.6s
[ 1700/10000] loss=0.0169 (t=0.0048 r=0.0267 beta=0.45) | val: 1.84deg/1462mm | 38.7s
[ 1800/10000] loss=0.0176 (t=0.0051 r=0.0287 beta=0.44) | val: 2.05deg/1371mm | 40.8s
[ 1900/10000] loss=0.0143 (t=0.0048 r=0.0227 beta=0.42) | val: 2.44deg/1563mm | 42.9s
[ 2000/10000] loss=0.0137 (t=0.0040 r=0.0241 beta=0.40) | val: 2.36deg/1450mm | 44.9s
[ 2100/10000] loss=0.0129 (t=0.0036 r=0.0241 beta=0.39) | val: 2.23deg/1500mm | 46.9s
[ 2200/10000] loss=0.0145 (t=0.0043 r=0.0274 beta=0.37) | val: 2.31deg/1476mm | 49.0s
[ 2300/10000] loss=0.0128 (t=0.0036 r=0.0258 beta=0.36) | val: 2.27deg/1372mm | 51.1s
[ 2400/10000] loss=0.0137 (t=0.0042 r=0.0275 beta=0.35) | val: 2.08deg/1440mm | 53.2s
[ 2500/10000] loss=0.0137 (t=0.0047 r=0.0271 beta=0.33) | val: 2.14deg/1352mm | 55.2s
[ 2600/10000] loss=0.0107 (t=0.0029 r=0.0245 beta=0.32) | val: 1.96deg/1358mm | 57.2s
[ 2700/10000] loss=0.0115 (t=0.0034 r=0.0264 beta=0.31) | val: 1.94deg/1416mm | 59.2s
[ 2800/10000] loss=0.0110 (t=0.0032 r=0.0261 beta=0.30) | val: 2.01deg/1376mm | 61.3s
[ 2900/10000] loss=0.0110 (t=0.0037 r=0.0253 beta=0.29) | val: 2.17deg/1493mm | 63.3s
[ 3000/10000] loss=0.0100 (t=0.0038 r=0.0221 beta=0.28) | val: 2.16deg/1357mm | 65.4s
[ 3100/10000] loss=0.0100 (t=0.0033 r=0.0250 beta=0.27) | val: 2.35deg/1373mm | 67.4s
[ 3200/10000] loss=0.0092 (t=0.0032 r=0.0231 beta=0.26) | val: 2.29deg/1445mm | 69.4s
[ 3300/10000] loss=0.0099 (t=0.0035 r=0.0253 beta=0.25) | val: 2.35deg/1532mm | 71.5s
[ 3400/10000] loss=0.0089 (t=0.0034 r=0.0226 beta=0.24) | val: 2.19deg/1553mm | 73.5s
[ 3500/10000] loss=0.0087 (t=0.0031 r=0.0238 beta=0.24) | val: 2.31deg/1331mm | 75.5s
[ 3600/10000] loss=0.0089 (t=0.0034 r=0.0243 beta=0.23) | val: 2.19deg/1660mm | 77.6s
[ 3700/10000] loss=0.0083 (t=0.0030 r=0.0240 beta=0.22) | val: 2.12deg/1533mm | 79.6s
[ 3800/10000] loss=0.0078 (t=0.0031 r=0.0223 beta=0.21) | val: 2.32deg/1434mm | 81.6s
[ 3900/10000] loss=0.0075 (t=0.0027 r=0.0231 beta=0.21) | val: 2.33deg/1719mm | 83.7s
[ 4000/10000] loss=0.0073 (t=0.0028 r=0.0225 beta=0.20) | val: 2.38deg/1366mm | 85.7s
[ 4100/10000] loss=0.0070 (t=0.0025 r=0.0233 beta=0.20) | val: 2.34deg/1538mm | 87.7s
[ 4200/10000] loss=0.0068 (t=0.0025 r=0.0225 beta=0.19) | val: 2.34deg/1520mm | 89.8s
[ 4300/10000] loss=0.0066 (t=0.0027 r=0.0210 beta=0.18) | val: 2.31deg/1383mm | 91.8s
[ 4400/10000] loss=0.0069 (t=0.0029 r=0.0227 beta=0.18) | val: 2.24deg/1460mm | 93.8s
[ 4500/10000] loss=0.0072 (t=0.0029 r=0.0244 beta=0.17) | val: 2.25deg/1323mm | 95.8s
[ 4600/10000] loss=0.0069 (t=0.0033 r=0.0210 beta=0.17) | val: 2.26deg/1538mm | 97.9s
[ 4700/10000] loss=0.0066 (t=0.0028 r=0.0234 beta=0.17) | val: 2.23deg/1419mm | 99.9s
[ 4800/10000] loss=0.0065 (t=0.0028 r=0.0231 beta=0.16) | val: 2.38deg/1478mm | 101.9s
[ 4900/10000] loss=0.0061 (t=0.0024 r=0.0234 beta=0.16) | val: 2.34deg/1394mm | 104.0s
[ 5000/10000] loss=0.0063 (t=0.0026 r=0.0242 beta=0.15) | val: 2.28deg/1493mm | 106.0s
[ 5100/10000] loss=0.0063 (t=0.0028 r=0.0232 beta=0.15) | val: 2.45deg/1640mm | 108.0s
[ 5200/10000] loss=0.0061 (t=0.0027 r=0.0234 beta=0.15) | val: 2.39deg/1549mm | 110.0s
[ 5300/10000] loss=0.0062 (t=0.0028 r=0.0235 beta=0.14) | val: 2.35deg/1467mm | 112.1s
[ 5400/10000] loss=0.0053 (t=0.0022 r=0.0227 beta=0.14) | val: 2.18deg/1526mm | 114.1s
[ 5500/10000] loss=0.0053 (t=0.0023 r=0.0221 beta=0.14) | val: 2.16deg/1406mm | 116.1s
[ 5600/10000] loss=0.0055 (t=0.0026 r=0.0217 beta=0.13) | val: 2.27deg/1469mm | 118.2s
[ 5700/10000] loss=0.0056 (t=0.0025 r=0.0239 beta=0.13) | val: 2.42deg/1479mm | 120.2s
[ 5800/10000] loss=0.0058 (t=0.0028 r=0.0233 beta=0.13) | val: 2.28deg/1463mm | 122.2s
[ 5900/10000] loss=0.0053 (t=0.0024 r=0.0232 beta=0.12) | val: 2.38deg/1592mm | 124.3s
[ 6000/10000] loss=0.0051 (t=0.0025 r=0.0214 beta=0.12) | val: 2.32deg/1553mm | 126.3s
[ 6100/10000] loss=0.0048 (t=0.0023 r=0.0212 beta=0.12) | val: 2.42deg/1554mm | 128.3s
[ 6200/10000] loss=0.0052 (t=0.0025 r=0.0230 beta=0.12) | val: 2.33deg/1487mm | 130.3s
[ 6300/10000] loss=0.0052 (t=0.0026 r=0.0222 beta=0.12) | val: 2.25deg/1620mm | 132.4s
[ 6400/10000] loss=0.0048 (t=0.0023 r=0.0224 beta=0.11) | val: 2.33deg/1521mm | 134.4s
[ 6500/10000] loss=0.0048 (t=0.0023 r=0.0225 beta=0.11) | val: 2.38deg/1526mm | 136.4s
[ 6600/10000] loss=0.0045 (t=0.0021 r=0.0222 beta=0.11) | val: 2.37deg/1439mm | 138.5s
[ 6700/10000] loss=0.0047 (t=0.0022 r=0.0235 beta=0.11) | val: 2.33deg/1410mm | 140.5s
[ 6800/10000] loss=0.0043 (t=0.0021 r=0.0213 beta=0.11) | val: 2.36deg/1453mm | 142.5s
[ 6900/10000] loss=0.0044 (t=0.0020 r=0.0224 beta=0.10) | val: 2.27deg/1540mm | 144.5s
[ 7000/10000] loss=0.0044 (t=0.0022 r=0.0221 beta=0.10) | val: 2.27deg/1510mm | 146.6s
[ 7100/10000] loss=0.0047 (t=0.0025 r=0.0212 beta=0.10) | val: 2.37deg/1512mm | 148.6s
[ 7200/10000] loss=0.0044 (t=0.0022 r=0.0225 beta=0.10) | val: 2.41deg/1521mm | 150.6s
[ 7300/10000] loss=0.0042 (t=0.0021 r=0.0216 beta=0.10) | val: 2.35deg/1575mm | 152.6s
[ 7400/10000] loss=0.0043 (t=0.0021 r=0.0230 beta=0.10) | val: 2.37deg/1439mm | 154.7s
[ 7500/10000] loss=0.0043 (t=0.0021 r=0.0225 beta=0.10) | val: 2.47deg/1589mm | 156.7s
[ 7600/10000] loss=0.0037 (t=0.0016 r=0.0215 beta=0.10) | val: 2.42deg/1445mm | 158.7s
[ 7700/10000] loss=0.0038 (t=0.0018 r=0.0210 beta=0.10) | val: 2.39deg/1434mm | 160.8s
[ 7800/10000] loss=0.0038 (t=0.0018 r=0.0216 beta=0.09) | val: 2.37deg/1526mm | 162.8s
[ 7900/10000] loss=0.0040 (t=0.0021 r=0.0206 beta=0.09) | val: 2.45deg/1533mm | 164.8s
[ 8000/10000] loss=0.0038 (t=0.0019 r=0.0212 beta=0.09) | val: 2.44deg/1442mm | 166.8s
[ 8100/10000] loss=0.0043 (t=0.0023 r=0.0215 beta=0.09) | val: 2.44deg/1518mm | 168.9s
[ 8200/10000] loss=0.0042 (t=0.0021 r=0.0231 beta=0.09) | val: 2.45deg/1564mm | 170.9s
[ 8300/10000] loss=0.0048 (t=0.0026 r=0.0239 beta=0.09) | val: 2.42deg/1542mm | 172.9s
[ 8400/10000] loss=0.0042 (t=0.0020 r=0.0240 beta=0.09) | val: 2.41deg/1544mm | 175.0s
[ 8500/10000] loss=0.0042 (t=0.0023 r=0.0208 beta=0.09) | val: 2.36deg/1477mm | 177.0s
[ 8600/10000] loss=0.0035 (t=0.0016 r=0.0221 beta=0.09) | val: 2.36deg/1460mm | 179.0s
[ 8700/10000] loss=0.0038 (t=0.0018 r=0.0218 beta=0.09) | val: 2.35deg/1480mm | 181.0s
[ 8800/10000] loss=0.0039 (t=0.0018 r=0.0234 beta=0.09) | val: 2.40deg/1600mm | 183.1s
[ 8900/10000] loss=0.0039 (t=0.0021 r=0.0198 beta=0.09) | val: 2.29deg/1554mm | 185.1s
[ 9000/10000] loss=0.0045 (t=0.0025 r=0.0223 beta=0.09) | val: 2.41deg/1500mm | 187.1s
[ 9100/10000] loss=0.0038 (t=0.0020 r=0.0207 beta=0.09) | val: 2.32deg/1545mm | 189.2s
[ 9200/10000] loss=0.0040 (t=0.0022 r=0.0205 beta=0.09) | val: 2.40deg/1555mm | 191.2s
[ 9300/10000] loss=0.0034 (t=0.0017 r=0.0197 beta=0.09) | val: 2.38deg/1517mm | 193.2s
[ 9400/10000] loss=0.0036 (t=0.0018 r=0.0209 beta=0.09) | val: 2.38deg/1502mm | 195.2s
[ 9500/10000] loss=0.0043 (t=0.0025 r=0.0207 beta=0.09) | val: 2.40deg/1515mm | 197.3s
[ 9600/10000] loss=0.0037 (t=0.0018 r=0.0215 beta=0.09) | val: 2.34deg/1500mm | 199.3s
[ 9700/10000] loss=0.0042 (t=0.0024 r=0.0208 beta=0.09) | val: 2.34deg/1454mm | 201.3s
[ 9800/10000] loss=0.0037 (t=0.0018 r=0.0214 beta=0.09) | val: 2.35deg/1474mm | 203.4s
[ 9900/10000] loss=0.0042 (t=0.0022 r=0.0224 beta=0.09) | val: 2.35deg/1481mm | 205.4s
[10000/10000] loss=0.0038 (t=0.0019 r=0.0211 beta=0.09) | val: 2.34deg/1500mm | 207.4s

Training done. Best epoch: 2260, score: 1.4339

Loaded best model from epoch 2260

======================================================================
EVALUATION RESULTS (Direct Regression)
======================================================================
Rotation  (median): 2.22deg
Translation (median): 1246mm

  R@5deg_1m: 36.3%  (rot_pass=90.1%, trans_pass=38.5%)
  R@10deg_2m: 68.1%  (rot_pass=100.0%, trans_pass=68.1%)
  R@15deg_5m: 92.3%  (rot_pass=100.0%, trans_pass=92.3%)
  R@25deg_5m: 92.3%  (rot_pass=100.0%, trans_pass=92.3%)

======================================================================
EVALUATION RESULTS (Retrieval Mode)
======================================================================
Retrieval median: 11.39deg / 2215mm
  R@5deg_1m: 2.7%  (rot=3.8%, trans=23.6%)
  R@10deg_2m: 19.8%  (rot=42.3%, trans=44.5%)
  R@15deg_5m: 62.6%  (rot=74.2%, trans=87.4%)
  R@25deg_5m: 85.2%  (rot=97.3%, trans=87.4%)
======================================================================

Done!
--- seed999 done ---
=== GPU1 c ALL DONE ===
