[Mon 20 Apr 2026 06:06:00 AM CST] Starting config=f on GPU=1, seeds=(10 11 12 13 14 15 16 17)
[Mon 20 Apr 2026 06:06:00 AM CST] Training exp24f_attn_h8_wider_seed10 on GPU 1 ...
  R@15deg_5m: 57.7%  (rot=68.7%, trans=87.9%)
  R@25deg_5m: 84.6%  (rot=96.7%, trans=87.9%)
======================================================================

Done!
[Mon 20 Apr 2026 06:09:31 AM CST] Done exp24f_attn_h8_wider_seed10
[Mon 20 Apr 2026 06:09:31 AM CST] Training exp24f_attn_h8_wider_seed11 on GPU 1 ...
  R@15deg_5m: 57.7%  (rot=70.3%, trans=85.2%)
  R@25deg_5m: 84.6%  (rot=99.5%, trans=85.2%)
======================================================================

Done!
[Mon 20 Apr 2026 06:13:00 AM CST] Done exp24f_attn_h8_wider_seed11
[Mon 20 Apr 2026 06:13:00 AM CST] Training exp24f_attn_h8_wider_seed12 on GPU 1 ...
  R@15deg_5m: 57.1%  (rot=68.7%, trans=87.9%)
  R@25deg_5m: 84.1%  (rot=96.2%, trans=87.9%)
======================================================================

Done!
[Mon 20 Apr 2026 06:16:29 AM CST] Done exp24f_attn_h8_wider_seed12
[Mon 20 Apr 2026 06:16:29 AM CST] Training exp24f_attn_h8_wider_seed13 on GPU 1 ...
  R@15deg_5m: 54.4%  (rot=66.5%, trans=86.8%)
  R@25deg_5m: 84.6%  (rot=97.8%, trans=86.8%)
======================================================================

Done!
[Mon 20 Apr 2026 06:19:58 AM CST] Done exp24f_attn_h8_wider_seed13
[Mon 20 Apr 2026 06:19:58 AM CST] Training exp24f_attn_h8_wider_seed14 on GPU 1 ...
  R@15deg_5m: 58.2%  (rot=70.3%, trans=86.8%)
  R@25deg_5m: 84.1%  (rot=96.2%, trans=86.8%)
======================================================================

Done!
[Mon 20 Apr 2026 06:23:27 AM CST] Done exp24f_attn_h8_wider_seed14
[Mon 20 Apr 2026 06:23:27 AM CST] Training exp24f_attn_h8_wider_seed15 on GPU 1 ...
  R@15deg_5m: 52.7%  (rot=64.8%, trans=85.7%)
  R@25deg_5m: 80.8%  (rot=95.1%, trans=85.7%)
======================================================================

Done!
[Mon 20 Apr 2026 06:26:56 AM CST] Done exp24f_attn_h8_wider_seed15
[Mon 20 Apr 2026 06:26:56 AM CST] Training exp24f_attn_h8_wider_seed16 on GPU 1 ...
  R@15deg_5m: 58.8%  (rot=69.2%, trans=88.5%)
  R@25deg_5m: 85.7%  (rot=97.3%, trans=88.5%)
======================================================================

Done!
[Mon 20 Apr 2026 06:30:24 AM CST] Done exp24f_attn_h8_wider_seed16
[Mon 20 Apr 2026 06:30:24 AM CST] Training exp24f_attn_h8_wider_seed17 on GPU 1 ...
  R@15deg_5m: 59.9%  (rot=74.7%, trans=83.0%)
  R@25deg_5m: 80.8%  (rot=97.8%, trans=83.0%)
======================================================================

Done!
[Mon 20 Apr 2026 06:33:52 AM CST] Done exp24f_attn_h8_wider_seed17
[Mon 20 Apr 2026 06:33:52 AM CST] All done for config=f on GPU=1
