Random seed: 123
Using device: cuda:5

Loading data (fine=True, coarse=True, summary=False)...
  Loaded fine_geo: torch.Size([895, 128, 68, 120])
  Loaded coarse_sem: torch.Size([895, 128, 68, 120])
  [train] 895 samples loaded
  Loaded fine_geo: torch.Size([182, 128, 68, 120])
  Loaded coarse_sem: torch.Size([182, 128, 68, 120])
  [test] 182 samples loaded

Building center anchors...
  Anchor KMeans: K=64, inertia=2106.9
  Samples per anchor: min=6, mean=14.0, median=13, max=32
  Residual std: [1.0352123  0.30186546 1.0926783 ]
  Feature dim after pooling: 1024
Model parameters: 6,460,303
[    1/10000] loss=6.2201 (cls=4.4679 res=0.7791 f=0.9649 u=0.9813) | val: 20.37deg/7255mm R@10/2=0.0% R@5/1=0.0% a@1=10.4% a@3=36.3% a@5=42.9% oracle2m=12.6% | 0.5s
[  100/10000] loss=1.0298 (cls=0.8214 res=0.2070 f=0.0017 u=0.0012) | val: 3.72deg/2933mm R@10/2=37.4% R@5/1=15.9% a@1=52.2% a@3=82.4% a@5=92.3% oracle2m=45.1% | 3.2s
[  200/10000] loss=0.9774 (cls=0.8330 res=0.1437 f=0.0007 u=0.0005) | val: 2.95deg/2309mm R@10/2=44.0% R@5/1=26.9% a@1=54.4% a@3=81.3% a@5=91.8% oracle2m=45.6% | 5.7s
[  300/10000] loss=0.9322 (cls=0.8256 res=0.1062 f=0.0006 u=0.0004) | val: 2.94deg/2391mm R@10/2=40.7% R@5/1=19.2% a@1=53.8% a@3=86.3% a@5=93.4% oracle2m=45.1% | 8.2s
[  400/10000] loss=0.8860 (cls=0.8002 res=0.0854 f=0.0004 u=0.0003) | val: 2.82deg/2682mm R@10/2=37.9% R@5/1=18.7% a@1=51.6% a@3=83.5% a@5=92.9% oracle2m=44.5% | 10.7s
[  500/10000] loss=0.8616 (cls=0.7923 res=0.0689 f=0.0004 u=0.0003) | val: 2.91deg/2672mm R@10/2=37.4% R@5/1=17.6% a@1=50.5% a@3=83.5% a@5=94.0% oracle2m=44.5% | 13.2s
[  600/10000] loss=0.8130 (cls=0.7531 res=0.0596 f=0.0004 u=0.0003) | val: 3.02deg/2658mm R@10/2=36.8% R@5/1=17.6% a@1=54.4% a@3=86.3% a@5=92.9% oracle2m=43.4% | 15.7s
[  700/10000] loss=0.8667 (cls=0.8151 res=0.0513 f=0.0003 u=0.0002) | val: 2.63deg/2711mm R@10/2=42.3% R@5/1=20.9% a@1=54.4% a@3=84.6% a@5=92.9% oracle2m=45.6% | 18.3s
[  800/10000] loss=0.8258 (cls=0.7798 res=0.0457 f=0.0003 u=0.0002) | val: 2.70deg/2768mm R@10/2=37.4% R@5/1=18.7% a@1=53.3% a@3=84.6% a@5=92.3% oracle2m=45.6% | 20.8s
[  900/10000] loss=0.8264 (cls=0.7850 res=0.0411 f=0.0003 u=0.0002) | val: 2.84deg/2695mm R@10/2=39.6% R@5/1=19.8% a@1=49.5% a@3=85.7% a@5=92.9% oracle2m=42.9% | 23.1s
[ 1000/10000] loss=0.8155 (cls=0.7801 res=0.0352 f=0.0003 u=0.0002) | val: 2.60deg/2744mm R@10/2=39.0% R@5/1=19.8% a@1=53.8% a@3=85.7% a@5=91.2% oracle2m=45.1% | 25.5s
[ 1100/10000] loss=0.8032 (cls=0.7710 res=0.0319 f=0.0003 u=0.0002) | val: 2.67deg/2824mm R@10/2=35.7% R@5/1=18.1% a@1=49.5% a@3=83.5% a@5=91.2% oracle2m=46.7% | 27.9s
[ 1200/10000] loss=0.8000 (cls=0.7667 res=0.0331 f=0.0002 u=0.0002) | val: 2.71deg/2798mm R@10/2=39.6% R@5/1=17.0% a@1=48.9% a@3=85.7% a@5=92.9% oracle2m=45.1% | 30.3s
[ 1300/10000] loss=0.7703 (cls=0.7400 res=0.0301 f=0.0002 u=0.0002) | val: 2.66deg/2644mm R@10/2=39.6% R@5/1=18.1% a@1=56.0% a@3=85.7% a@5=92.9% oracle2m=45.1% | 32.8s
[ 1400/10000] loss=0.8349 (cls=0.8072 res=0.0275 f=0.0002 u=0.0001) | val: 2.77deg/2690mm R@10/2=41.8% R@5/1=16.5% a@1=50.5% a@3=84.6% a@5=92.9% oracle2m=44.0% | 35.3s
[ 1500/10000] loss=0.7905 (cls=0.7654 res=0.0249 f=0.0002 u=0.0002) | val: 2.67deg/2655mm R@10/2=41.8% R@5/1=20.3% a@1=54.4% a@3=83.5% a@5=91.2% oracle2m=44.0% | 37.7s
[ 1600/10000] loss=0.7920 (cls=0.7641 res=0.0277 f=0.0002 u=0.0002) | val: 2.74deg/2696mm R@10/2=39.6% R@5/1=17.0% a@1=53.3% a@3=83.5% a@5=91.2% oracle2m=44.5% | 40.1s
[ 1700/10000] loss=0.8101 (cls=0.7861 res=0.0238 f=0.0002 u=0.0001) | val: 2.69deg/2743mm R@10/2=40.1% R@5/1=19.2% a@1=53.3% a@3=84.6% a@5=90.7% oracle2m=44.5% | 42.5s
[ 1800/10000] loss=0.8057 (cls=0.7826 res=0.0229 f=0.0002 u=0.0001) | val: 2.74deg/2867mm R@10/2=37.9% R@5/1=17.6% a@1=53.8% a@3=86.3% a@5=90.7% oracle2m=43.4% | 45.0s
[ 1900/10000] loss=0.7654 (cls=0.7420 res=0.0232 f=0.0002 u=0.0002) | val: 2.64deg/2610mm R@10/2=41.2% R@5/1=14.8% a@1=54.9% a@3=84.6% a@5=91.8% oracle2m=45.6% | 47.5s
[ 2000/10000] loss=0.7677 (cls=0.7481 res=0.0194 f=0.0002 u=0.0001) | val: 2.49deg/2593mm R@10/2=40.1% R@5/1=20.3% a@1=53.3% a@3=85.2% a@5=90.7% oracle2m=44.0% | 50.0s
[ 2100/10000] loss=0.7877 (cls=0.7696 res=0.0179 f=0.0002 u=0.0001) | val: 2.56deg/2720mm R@10/2=37.9% R@5/1=18.7% a@1=50.5% a@3=85.2% a@5=90.7% oracle2m=44.5% | 52.5s
[ 2200/10000] loss=0.7977 (cls=0.7775 res=0.0201 f=0.0002 u=0.0001) | val: 2.71deg/2735mm R@10/2=40.7% R@5/1=15.9% a@1=52.7% a@3=83.5% a@5=90.7% oracle2m=42.9% | 55.0s
[ 2300/10000] loss=0.7810 (cls=0.7639 res=0.0170 f=0.0002 u=0.0001) | val: 2.62deg/2794mm R@10/2=41.2% R@5/1=21.4% a@1=54.4% a@3=83.5% a@5=90.1% oracle2m=44.5% | 57.5s
[ 2400/10000] loss=0.7786 (cls=0.7580 res=0.0205 f=0.0002 u=0.0001) | val: 2.60deg/2838mm R@10/2=35.7% R@5/1=16.5% a@1=51.1% a@3=83.5% a@5=89.0% oracle2m=45.6% | 60.0s
[ 2500/10000] loss=0.7702 (cls=0.7522 res=0.0179 f=0.0002 u=0.0001) | val: 2.57deg/2903mm R@10/2=35.2% R@5/1=17.0% a@1=52.2% a@3=85.2% a@5=88.5% oracle2m=40.7% | 62.5s
[ 2600/10000] loss=0.8228 (cls=0.8076 res=0.0150 f=0.0001 u=0.0001) | val: 2.55deg/2851mm R@10/2=37.9% R@5/1=19.2% a@1=51.6% a@3=84.1% a@5=88.5% oracle2m=45.1% | 64.9s
[ 2700/10000] loss=0.7993 (cls=0.7835 res=0.0156 f=0.0002 u=0.0001) | val: 2.61deg/2725mm R@10/2=39.6% R@5/1=16.5% a@1=51.1% a@3=83.5% a@5=89.6% oracle2m=44.0% | 67.3s
[ 2800/10000] loss=0.7264 (cls=0.7108 res=0.0155 f=0.0002 u=0.0001) | val: 2.52deg/2703mm R@10/2=39.0% R@5/1=17.6% a@1=54.4% a@3=83.0% a@5=91.2% oracle2m=45.1% | 69.7s
[ 2900/10000] loss=0.8062 (cls=0.7894 res=0.0167 f=0.0002 u=0.0001) | val: 2.54deg/2871mm R@10/2=37.9% R@5/1=16.5% a@1=52.7% a@3=84.1% a@5=88.5% oracle2m=42.9% | 72.0s
[ 3000/10000] loss=0.7432 (cls=0.7280 res=0.0151 f=0.0002 u=0.0001) | val: 2.56deg/2870mm R@10/2=38.5% R@5/1=15.4% a@1=54.4% a@3=83.5% a@5=88.5% oracle2m=42.9% | 74.5s
[ 3100/10000] loss=0.7715 (cls=0.7573 res=0.0142 f=0.0001 u=0.0001) | val: 2.58deg/2869mm R@10/2=36.3% R@5/1=17.6% a@1=54.4% a@3=84.6% a@5=89.6% oracle2m=42.9% | 76.9s
[ 3200/10000] loss=0.7903 (cls=0.7752 res=0.0149 f=0.0002 u=0.0001) | val: 2.58deg/2933mm R@10/2=37.4% R@5/1=17.0% a@1=53.3% a@3=84.6% a@5=88.5% oracle2m=42.3% | 79.3s
[ 3300/10000] loss=0.7709 (cls=0.7542 res=0.0166 f=0.0002 u=0.0001) | val: 2.67deg/2779mm R@10/2=36.3% R@5/1=18.1% a@1=53.8% a@3=83.0% a@5=89.6% oracle2m=42.3% | 81.7s
[ 3400/10000] loss=0.7714 (cls=0.7573 res=0.0140 f=0.0002 u=0.0001) | val: 2.63deg/2981mm R@10/2=35.7% R@5/1=17.6% a@1=54.9% a@3=83.5% a@5=87.9% oracle2m=42.3% | 84.1s
[ 3500/10000] loss=0.7955 (cls=0.7807 res=0.0147 f=0.0001 u=0.0001) | val: 2.59deg/2749mm R@10/2=35.7% R@5/1=15.9% a@1=54.4% a@3=84.1% a@5=88.5% oracle2m=45.6% | 86.5s
[ 3600/10000] loss=0.8072 (cls=0.7944 res=0.0127 f=0.0001 u=0.0001) | val: 2.71deg/3140mm R@10/2=35.2% R@5/1=17.0% a@1=52.7% a@3=82.4% a@5=87.9% oracle2m=41.8% | 89.0s
[ 3700/10000] loss=0.7486 (cls=0.7356 res=0.0129 f=0.0002 u=0.0001) | val: 2.61deg/2985mm R@10/2=35.2% R@5/1=18.1% a@1=57.1% a@3=83.0% a@5=88.5% oracle2m=43.4% | 91.4s
[ 3800/10000] loss=0.7748 (cls=0.7608 res=0.0139 f=0.0001 u=0.0001) | val: 2.58deg/3078mm R@10/2=34.1% R@5/1=16.5% a@1=54.4% a@3=83.0% a@5=89.0% oracle2m=42.3% | 93.8s
[ 3900/10000] loss=0.7676 (cls=0.7527 res=0.0148 f=0.0001 u=0.0001) | val: 2.61deg/3083mm R@10/2=34.1% R@5/1=16.5% a@1=52.2% a@3=83.5% a@5=87.4% oracle2m=40.1% | 96.2s
[ 4000/10000] loss=0.8165 (cls=0.8034 res=0.0129 f=0.0001 u=0.0001) | val: 2.58deg/3056mm R@10/2=35.7% R@5/1=17.6% a@1=53.3% a@3=81.3% a@5=88.5% oracle2m=41.2% | 98.7s
[ 4100/10000] loss=0.7733 (cls=0.7589 res=0.0143 f=0.0002 u=0.0001) | val: 2.46deg/3106mm R@10/2=34.6% R@5/1=14.8% a@1=52.7% a@3=80.8% a@5=87.9% oracle2m=39.6% | 101.1s
[ 4200/10000] loss=0.7928 (cls=0.7794 res=0.0133 f=0.0001 u=0.0001) | val: 2.64deg/3167mm R@10/2=34.6% R@5/1=17.0% a@1=53.3% a@3=83.0% a@5=88.5% oracle2m=39.0% | 103.6s
[ 4300/10000] loss=0.7917 (cls=0.7775 res=0.0142 f=0.0001 u=0.0001) | val: 2.56deg/3073mm R@10/2=35.7% R@5/1=15.9% a@1=56.0% a@3=81.9% a@5=88.5% oracle2m=41.2% | 106.0s
[ 4400/10000] loss=0.8219 (cls=0.8106 res=0.0112 f=0.0001 u=0.0001) | val: 2.57deg/2989mm R@10/2=35.2% R@5/1=18.1% a@1=53.8% a@3=83.0% a@5=87.4% oracle2m=39.6% | 108.4s
[ 4500/10000] loss=0.7705 (cls=0.7596 res=0.0108 f=0.0001 u=0.0001) | val: 2.69deg/3160mm R@10/2=34.6% R@5/1=18.1% a@1=54.9% a@3=81.9% a@5=89.0% oracle2m=39.6% | 110.8s
[ 4600/10000] loss=0.7553 (cls=0.7439 res=0.0113 f=0.0001 u=0.0001) | val: 2.67deg/3114mm R@10/2=33.0% R@5/1=17.6% a@1=56.0% a@3=81.9% a@5=88.5% oracle2m=40.1% | 113.2s
[ 4700/10000] loss=0.7977 (cls=0.7854 res=0.0122 f=0.0001 u=0.0001) | val: 2.62deg/3175mm R@10/2=35.2% R@5/1=17.0% a@1=53.8% a@3=81.9% a@5=87.4% oracle2m=40.1% | 115.7s
[ 4800/10000] loss=0.7962 (cls=0.7838 res=0.0123 f=0.0001 u=0.0001) | val: 2.67deg/3030mm R@10/2=33.5% R@5/1=16.5% a@1=54.9% a@3=82.4% a@5=88.5% oracle2m=42.3% | 118.2s
[ 4900/10000] loss=0.7853 (cls=0.7753 res=0.0098 f=0.0001 u=0.0001) | val: 2.58deg/3117mm R@10/2=35.2% R@5/1=14.8% a@1=54.4% a@3=79.1% a@5=87.9% oracle2m=41.8% | 120.7s
[ 5000/10000] loss=0.7580 (cls=0.7477 res=0.0102 f=0.0002 u=0.0001) | val: 2.58deg/3097mm R@10/2=33.5% R@5/1=14.3% a@1=53.8% a@3=81.9% a@5=88.5% oracle2m=40.7% | 123.3s
[ 5100/10000] loss=0.7815 (cls=0.7687 res=0.0127 f=0.0001 u=0.0001) | val: 2.71deg/3314mm R@10/2=31.9% R@5/1=17.0% a@1=50.5% a@3=80.2% a@5=87.4% oracle2m=41.2% | 125.6s
[ 5200/10000] loss=0.7539 (cls=0.7432 res=0.0106 f=0.0001 u=0.0001) | val: 2.68deg/3132mm R@10/2=35.7% R@5/1=16.5% a@1=54.9% a@3=80.2% a@5=87.4% oracle2m=40.7% | 128.1s
[ 5300/10000] loss=0.7445 (cls=0.7334 res=0.0110 f=0.0001 u=0.0001) | val: 2.55deg/3165mm R@10/2=33.0% R@5/1=17.6% a@1=54.4% a@3=81.3% a@5=87.4% oracle2m=40.1% | 130.5s
[ 5400/10000] loss=0.7691 (cls=0.7590 res=0.0100 f=0.0001 u=0.0000) | val: 2.59deg/3118mm R@10/2=33.0% R@5/1=15.9% a@1=54.4% a@3=81.3% a@5=88.5% oracle2m=41.8% | 133.0s
[ 5500/10000] loss=0.7327 (cls=0.7223 res=0.0103 f=0.0001 u=0.0001) | val: 2.66deg/3136mm R@10/2=31.9% R@5/1=14.8% a@1=56.0% a@3=80.8% a@5=87.4% oracle2m=41.2% | 135.4s
[ 5600/10000] loss=0.7568 (cls=0.7466 res=0.0101 f=0.0001 u=0.0001) | val: 2.69deg/3107mm R@10/2=33.5% R@5/1=15.4% a@1=54.9% a@3=80.8% a@5=86.3% oracle2m=40.7% | 137.8s
[ 5700/10000] loss=0.7631 (cls=0.7534 res=0.0096 f=0.0001 u=0.0001) | val: 2.72deg/3221mm R@10/2=34.1% R@5/1=13.2% a@1=53.3% a@3=81.3% a@5=86.8% oracle2m=40.7% | 140.2s
[ 5800/10000] loss=0.7863 (cls=0.7768 res=0.0094 f=0.0001 u=0.0001) | val: 2.75deg/3228mm R@10/2=34.6% R@5/1=15.9% a@1=54.4% a@3=81.3% a@5=87.9% oracle2m=41.8% | 142.5s
[ 5900/10000] loss=0.7899 (cls=0.7803 res=0.0096 f=0.0001 u=0.0001) | val: 2.62deg/3157mm R@10/2=31.3% R@5/1=17.0% a@1=56.6% a@3=81.3% a@5=87.9% oracle2m=40.1% | 145.0s
[ 6000/10000] loss=0.7807 (cls=0.7716 res=0.0090 f=0.0001 u=0.0001) | val: 2.59deg/3193mm R@10/2=34.6% R@5/1=16.5% a@1=55.5% a@3=81.3% a@5=88.5% oracle2m=40.7% | 147.5s
[ 6100/10000] loss=0.7642 (cls=0.7558 res=0.0083 f=0.0001 u=0.0001) | val: 2.66deg/3106mm R@10/2=32.4% R@5/1=14.8% a@1=56.0% a@3=80.8% a@5=87.9% oracle2m=40.1% | 149.7s
[ 6200/10000] loss=0.7684 (cls=0.7608 res=0.0075 f=0.0001 u=0.0001) | val: 2.62deg/3196mm R@10/2=33.5% R@5/1=16.5% a@1=56.0% a@3=81.3% a@5=88.5% oracle2m=41.8% | 152.0s
[ 6300/10000] loss=0.7654 (cls=0.7563 res=0.0091 f=0.0001 u=0.0001) | val: 2.68deg/3312mm R@10/2=34.1% R@5/1=15.4% a@1=57.7% a@3=80.2% a@5=87.9% oracle2m=40.7% | 154.3s
[ 6400/10000] loss=0.7845 (cls=0.7752 res=0.0092 f=0.0001 u=0.0001) | val: 2.70deg/3237mm R@10/2=34.1% R@5/1=15.9% a@1=56.0% a@3=81.9% a@5=88.5% oracle2m=40.7% | 156.6s
[ 6500/10000] loss=0.7531 (cls=0.7454 res=0.0075 f=0.0001 u=0.0001) | val: 2.68deg/3229mm R@10/2=33.0% R@5/1=16.5% a@1=56.6% a@3=81.9% a@5=88.5% oracle2m=41.8% | 159.0s
[ 6600/10000] loss=0.7763 (cls=0.7673 res=0.0089 f=0.0001 u=0.0000) | val: 2.58deg/3225mm R@10/2=31.9% R@5/1=15.4% a@1=56.6% a@3=81.3% a@5=87.9% oracle2m=41.2% | 161.3s
[ 6700/10000] loss=0.7596 (cls=0.7513 res=0.0081 f=0.0001 u=0.0001) | val: 2.66deg/3310mm R@10/2=31.9% R@5/1=14.8% a@1=54.4% a@3=81.3% a@5=87.9% oracle2m=39.0% | 163.7s
[ 6800/10000] loss=0.7573 (cls=0.7490 res=0.0082 f=0.0001 u=0.0001) | val: 2.65deg/3265mm R@10/2=33.0% R@5/1=13.7% a@1=56.0% a@3=81.9% a@5=87.9% oracle2m=40.1% | 166.0s
[ 6900/10000] loss=0.7581 (cls=0.7507 res=0.0074 f=0.0001 u=0.0000) | val: 2.60deg/3209mm R@10/2=31.9% R@5/1=15.4% a@1=54.9% a@3=81.9% a@5=87.4% oracle2m=41.2% | 168.3s
[ 7000/10000] loss=0.7490 (cls=0.7403 res=0.0086 f=0.0001 u=0.0001) | val: 2.61deg/3229mm R@10/2=31.3% R@5/1=15.9% a@1=55.5% a@3=81.9% a@5=87.9% oracle2m=40.7% | 170.7s
[ 7100/10000] loss=0.7771 (cls=0.7698 res=0.0072 f=0.0001 u=0.0001) | val: 2.66deg/3191mm R@10/2=31.3% R@5/1=15.9% a@1=56.6% a@3=81.9% a@5=87.9% oracle2m=41.8% | 173.0s
[ 7200/10000] loss=0.7519 (cls=0.7443 res=0.0075 f=0.0001 u=0.0001) | val: 2.64deg/3238mm R@10/2=33.5% R@5/1=16.5% a@1=56.0% a@3=81.3% a@5=87.9% oracle2m=42.3% | 175.3s
[ 7300/10000] loss=0.7240 (cls=0.7166 res=0.0074 f=0.0001 u=0.0001) | val: 2.71deg/3227mm R@10/2=31.3% R@5/1=14.8% a@1=57.1% a@3=81.9% a@5=87.9% oracle2m=41.8% | 177.6s
[ 7400/10000] loss=0.7657 (cls=0.7592 res=0.0065 f=0.0001 u=0.0001) | val: 2.66deg/3216mm R@10/2=31.3% R@5/1=14.8% a@1=56.6% a@3=81.3% a@5=87.4% oracle2m=42.3% | 179.9s
[ 7500/10000] loss=0.7479 (cls=0.7407 res=0.0072 f=0.0001 u=0.0001) | val: 2.66deg/3236mm R@10/2=31.9% R@5/1=15.4% a@1=56.6% a@3=80.8% a@5=87.9% oracle2m=40.7% | 182.2s
[ 7600/10000] loss=0.7927 (cls=0.7857 res=0.0070 f=0.0001 u=0.0001) | val: 2.64deg/3176mm R@10/2=31.3% R@5/1=14.3% a@1=56.0% a@3=82.4% a@5=88.5% oracle2m=41.2% | 184.5s
[ 7700/10000] loss=0.7601 (cls=0.7535 res=0.0065 f=0.0001 u=0.0001) | val: 2.68deg/3214mm R@10/2=33.0% R@5/1=15.4% a@1=56.0% a@3=81.9% a@5=87.9% oracle2m=41.2% | 186.7s
[ 7800/10000] loss=0.7479 (cls=0.7400 res=0.0078 f=0.0001 u=0.0000) | val: 2.64deg/3204mm R@10/2=31.3% R@5/1=14.3% a@1=56.6% a@3=80.8% a@5=87.9% oracle2m=40.1% | 189.0s
[ 7900/10000] loss=0.7766 (cls=0.7703 res=0.0062 f=0.0001 u=0.0000) | val: 2.63deg/3233mm R@10/2=30.8% R@5/1=14.8% a@1=56.0% a@3=81.3% a@5=88.5% oracle2m=41.8% | 191.3s
[ 8000/10000] loss=0.7608 (cls=0.7538 res=0.0070 f=0.0001 u=0.0000) | val: 2.60deg/3217mm R@10/2=32.4% R@5/1=15.9% a@1=56.6% a@3=82.4% a@5=87.9% oracle2m=41.2% | 193.6s
[ 8100/10000] loss=0.7920 (cls=0.7852 res=0.0067 f=0.0001 u=0.0001) | val: 2.66deg/3234mm R@10/2=32.4% R@5/1=14.8% a@1=56.0% a@3=81.9% a@5=87.9% oracle2m=41.2% | 195.8s
[ 8200/10000] loss=0.7896 (cls=0.7831 res=0.0065 f=0.0001 u=0.0001) | val: 2.67deg/3136mm R@10/2=33.0% R@5/1=15.9% a@1=55.5% a@3=81.9% a@5=86.8% oracle2m=40.1% | 198.0s
[ 8300/10000] loss=0.7773 (cls=0.7707 res=0.0066 f=0.0001 u=0.0001) | val: 2.67deg/3222mm R@10/2=31.9% R@5/1=15.9% a@1=56.6% a@3=82.4% a@5=87.9% oracle2m=41.8% | 200.3s
[ 8400/10000] loss=0.7605 (cls=0.7532 res=0.0072 f=0.0001 u=0.0000) | val: 2.65deg/3215mm R@10/2=33.0% R@5/1=14.8% a@1=56.0% a@3=81.3% a@5=88.5% oracle2m=41.2% | 202.5s
[ 8500/10000] loss=0.7733 (cls=0.7670 res=0.0062 f=0.0001 u=0.0000) | val: 2.64deg/3228mm R@10/2=33.5% R@5/1=15.4% a@1=56.0% a@3=80.8% a@5=87.9% oracle2m=40.7% | 204.8s
[ 8600/10000] loss=0.7609 (cls=0.7538 res=0.0070 f=0.0001 u=0.0001) | val: 2.63deg/3239mm R@10/2=32.4% R@5/1=15.9% a@1=56.0% a@3=80.8% a@5=87.9% oracle2m=40.7% | 207.1s
[ 8700/10000] loss=0.8100 (cls=0.8030 res=0.0069 f=0.0001 u=0.0001) | val: 2.68deg/3229mm R@10/2=31.9% R@5/1=15.4% a@1=56.6% a@3=81.3% a@5=88.5% oracle2m=41.2% | 209.3s
[ 8800/10000] loss=0.7593 (cls=0.7536 res=0.0056 f=0.0001 u=0.0000) | val: 2.68deg/3225mm R@10/2=31.9% R@5/1=14.8% a@1=56.0% a@3=81.9% a@5=87.4% oracle2m=40.7% | 211.6s
[ 8900/10000] loss=0.7780 (cls=0.7722 res=0.0057 f=0.0001 u=0.0001) | val: 2.65deg/3198mm R@10/2=33.0% R@5/1=15.4% a@1=56.6% a@3=81.3% a@5=87.9% oracle2m=41.8% | 213.9s
[ 9000/10000] loss=0.7263 (cls=0.7204 res=0.0059 f=0.0001 u=0.0000) | val: 2.61deg/3210mm R@10/2=32.4% R@5/1=14.8% a@1=56.0% a@3=81.9% a@5=87.4% oracle2m=40.7% | 216.2s
[ 9100/10000] loss=0.7560 (cls=0.7499 res=0.0061 f=0.0001 u=0.0000) | val: 2.64deg/3220mm R@10/2=33.5% R@5/1=15.4% a@1=56.0% a@3=81.3% a@5=87.4% oracle2m=41.8% | 218.5s
[ 9200/10000] loss=0.7832 (cls=0.7773 res=0.0059 f=0.0001 u=0.0000) | val: 2.63deg/3237mm R@10/2=31.3% R@5/1=14.3% a@1=56.0% a@3=81.3% a@5=87.9% oracle2m=41.2% | 220.8s
[ 9300/10000] loss=0.7467 (cls=0.7410 res=0.0056 f=0.0001 u=0.0001) | val: 2.63deg/3241mm R@10/2=32.4% R@5/1=14.3% a@1=56.0% a@3=81.3% a@5=87.4% oracle2m=41.2% | 223.0s
[ 9400/10000] loss=0.7459 (cls=0.7404 res=0.0054 f=0.0001 u=0.0000) | val: 2.66deg/3224mm R@10/2=32.4% R@5/1=14.8% a@1=56.0% a@3=81.3% a@5=87.4% oracle2m=41.2% | 225.3s
[ 9500/10000] loss=0.7665 (cls=0.7609 res=0.0056 f=0.0001 u=0.0001) | val: 2.64deg/3223mm R@10/2=32.4% R@5/1=15.4% a@1=56.6% a@3=81.3% a@5=87.4% oracle2m=40.7% | 227.5s
[ 9600/10000] loss=0.7528 (cls=0.7475 res=0.0052 f=0.0001 u=0.0000) | val: 2.64deg/3231mm R@10/2=32.4% R@5/1=15.4% a@1=56.0% a@3=81.3% a@5=87.4% oracle2m=40.7% | 229.8s
[ 9700/10000] loss=0.7642 (cls=0.7580 res=0.0062 f=0.0001 u=0.0000) | val: 2.64deg/3235mm R@10/2=33.0% R@5/1=15.4% a@1=56.0% a@3=81.3% a@5=87.4% oracle2m=41.2% | 232.1s
[ 9800/10000] loss=0.7207 (cls=0.7142 res=0.0065 f=0.0001 u=0.0000) | val: 2.63deg/3234mm R@10/2=33.0% R@5/1=14.8% a@1=56.0% a@3=81.3% a@5=87.4% oracle2m=41.2% | 234.4s
[ 9900/10000] loss=0.7783 (cls=0.7723 res=0.0059 f=0.0001 u=0.0000) | val: 2.64deg/3234mm R@10/2=33.0% R@5/1=15.4% a@1=56.0% a@3=81.3% a@5=87.4% oracle2m=41.2% | 236.6s
[10000/10000] loss=0.7767 (cls=0.7702 res=0.0064 f=0.0001 u=0.0000) | val: 2.63deg/3237mm R@10/2=33.0% R@5/1=15.4% a@1=56.0% a@3=81.3% a@5=87.4% oracle2m=41.2% | 238.9s

Training done. Best epoch: 1, score=-12.5444

======================================================================
EVALUATION RESULTS (Center + Frustum)
======================================================================
Rotation  (median): 20.45deg
Translation (median): 7264mm
  R@5deg_1m: 0.0%  (rot_pass=0.0%, trans_pass=2.2%)
  R@10deg_2m: 0.0%  (rot_pass=3.3%, trans_pass=8.2%)
  R@15deg_5m: 2.7%  (rot_pass=14.8%, trans_pass=32.4%)
  R@25deg_5m: 24.7%  (rot_pass=74.2%, trans_pass=32.4%)

======================================================================
EVALUATION RESULTS (Retrieval Mode)
======================================================================
Retrieval median: 12.58deg / 7806mm
  R@5deg_1m: 0.0%  (rot=7.1%, trans=0.0%)
  R@10deg_2m: 2.7%  (rot=36.8%, trans=2.7%)
  R@15deg_5m: 20.3%  (rot=59.9%, trans=24.7%)
  R@25deg_5m: 23.6%  (rot=78.6%, trans=24.7%)
