============================================================
Spatial Feature Interpolation Experiments
============================================================

=== exp18a_128d_spatiaug_k5_a03_seed314 ===
======================================================================
Experiment: exp18a_128d_spatiaug_k5_a03_seed314
Pool: spp, Features: both+sum
======================================================================
Random seed: 314
Using device: cuda:5

Loading data (fine=True, coarse=True, summary=True)...
  Loaded fine_geo: torch.Size([895, 128, 68, 120])
  Loaded coarse_sem: torch.Size([895, 128, 68, 120])
  Loaded summary: torch.Size([895, 2560])
  [train] 895 samples loaded
  Loaded fine_geo: torch.Size([182, 128, 68, 120])
  Loaded coarse_sem: torch.Size([182, 128, 68, 120])
  Loaded summary: torch.Size([182, 2560])
  [test] 182 samples loaded
Translation norm: mean=[13.19548    -0.64731836 23.103329  ], std=[10.827089    0.94348246  9.766839  ]
  Feature dim after pooling: 7936
Model parameters: 18,905,610

Pre-computing pooled features (OOM-safe mode)...
  Pre-computed pooled features: torch.Size([895, 7936]) (28.4 MB)
  Pre-computed pooled features: torch.Size([182, 7936]) (5.8 MB)
  GPU memory freed. Training with pre-pooled features (7936d)
Model parameters: 18,905,610

Spatial augmentation: k=5, max_dist=5.0m
  Avg valid neighbors per sample: 5.0
  Samples with 0 valid neighbors: 0
[    1/5000] loss=2.7127 (t=0.5482 r=2.1646 beta=1.00) | val: 42.87deg/15420mm | 0.8s
[  100/5000] loss=0.0600 (t=0.0198 r=0.0434 beta=0.93) | val: 2.44deg/1852mm | 5.1s
[  200/5000] loss=0.0379 (t=0.0111 r=0.0304 beta=0.88) | val: 1.89deg/1663mm | 7.4s
[  300/5000] loss=0.0295 (t=0.0076 r=0.0261 beta=0.84) | val: 1.90deg/1842mm | 8.6s
[  400/5000] loss=0.0245 (t=0.0057 r=0.0234 beta=0.80) | val: 1.74deg/1561mm | 9.5s
[  500/5000] loss=0.0228 (t=0.0047 r=0.0237 beta=0.77) | val: 1.90deg/1570mm | 10.7s
[  600/5000] loss=0.0200 (t=0.0041 r=0.0217 beta=0.73) | val: 2.07deg/1666mm | 11.5s
[  700/5000] loss=0.0187 (t=0.0038 r=0.0213 beta=0.70) | val: 1.74deg/1582mm | 12.4s
[  800/5000] loss=0.0169 (t=0.0032 r=0.0204 beta=0.67) | val: 1.82deg/1710mm | 13.9s
[  900/5000] loss=0.0153 (t=0.0030 r=0.0191 beta=0.64) | val: 1.83deg/1591mm | 15.1s
[ 1000/5000] loss=0.0145 (t=0.0028 r=0.0190 beta=0.62) | val: 1.82deg/1590mm | 16.0s
[ 1100/5000] loss=0.0133 (t=0.0026 r=0.0179 beta=0.59) | val: 1.91deg/1627mm | 16.8s
[ 1200/5000] loss=0.0127 (t=0.0027 r=0.0176 beta=0.57) | val: 1.77deg/1540mm | 17.7s
[ 1300/5000] loss=0.0123 (t=0.0024 r=0.0180 beta=0.55) | val: 1.86deg/1572mm | 18.6s
[ 1400/5000] loss=0.0116 (t=0.0023 r=0.0175 beta=0.53) | val: 1.86deg/1485mm | 19.5s
[ 1500/5000] loss=0.0110 (t=0.0024 r=0.0170 beta=0.51) | val: 1.74deg/1603mm | 20.3s
[ 1600/5000] loss=0.0105 (t=0.0021 r=0.0169 beta=0.49) | val: 1.79deg/1480mm | 21.2s
[ 1700/5000] loss=0.0103 (t=0.0021 r=0.0172 beta=0.48) | val: 1.83deg/1456mm | 22.1s
[ 1800/5000] loss=0.0095 (t=0.0020 r=0.0162 beta=0.46) | val: 1.82deg/1608mm | 23.0s
[ 1900/5000] loss=0.0090 (t=0.0020 r=0.0157 beta=0.45) | val: 1.70deg/1585mm | 23.8s
[ 2000/5000] loss=0.0093 (t=0.0022 r=0.0163 beta=0.43) | val: 1.82deg/1659mm | 24.7s
[ 2100/5000] loss=0.0088 (t=0.0020 r=0.0161 beta=0.42) | val: 1.76deg/1651mm | 25.5s
[ 2200/5000] loss=0.0084 (t=0.0019 r=0.0157 beta=0.41) | val: 1.81deg/1681mm | 26.4s
[ 2300/5000] loss=0.0084 (t=0.0019 r=0.0161 beta=0.40) | val: 1.91deg/1729mm | 27.3s
[ 2400/5000] loss=0.0080 (t=0.0018 r=0.0159 beta=0.39) | val: 2.01deg/1652mm | 28.1s
[ 2500/5000] loss=0.0076 (t=0.0019 r=0.0152 beta=0.38) | val: 1.75deg/1677mm | 29.0s
[ 2600/5000] loss=0.0078 (t=0.0019 r=0.0158 beta=0.37) | val: 1.94deg/1608mm | 29.9s
[ 2700/5000] loss=0.0074 (t=0.0019 r=0.0153 beta=0.36) | val: 1.80deg/1596mm | 30.7s
[ 2800/5000] loss=0.0071 (t=0.0018 r=0.0151 beta=0.36) | val: 1.78deg/1610mm | 31.5s
[ 2900/5000] loss=0.0069 (t=0.0018 r=0.0149 beta=0.35) | val: 1.93deg/1697mm | 32.3s
[ 3000/5000] loss=0.0067 (t=0.0017 r=0.0148 beta=0.34) | val: 1.78deg/1600mm | 33.2s
[ 3100/5000] loss=0.0068 (t=0.0018 r=0.0149 beta=0.34) | val: 1.81deg/1747mm | 34.1s
[ 3200/5000] loss=0.0066 (t=0.0017 r=0.0149 beta=0.33) | val: 1.84deg/1774mm | 34.9s
[ 3300/5000] loss=0.0066 (t=0.0017 r=0.0151 beta=0.33) | val: 1.83deg/1676mm | 35.8s
[ 3400/5000] loss=0.0063 (t=0.0016 r=0.0146 beta=0.32) | val: 1.83deg/1793mm | 36.6s
[ 3500/5000] loss=0.0063 (t=0.0016 r=0.0146 beta=0.32) | val: 1.92deg/1710mm | 37.4s
[ 3600/5000] loss=0.0063 (t=0.0017 r=0.0146 beta=0.31) | val: 1.86deg/1758mm | 38.3s
[ 3700/5000] loss=0.0061 (t=0.0016 r=0.0145 beta=0.31) | val: 1.80deg/1735mm | 39.1s
[ 3800/5000] loss=0.0061 (t=0.0015 r=0.0147 beta=0.31) | val: 1.95deg/1753mm | 40.0s
[ 3900/5000] loss=0.0061 (t=0.0016 r=0.0144 beta=0.31) | val: 1.88deg/1775mm | 40.8s
[ 4000/5000] loss=0.0058 (t=0.0015 r=0.0143 beta=0.30) | val: 1.91deg/1734mm | 41.7s
[ 4100/5000] loss=0.0059 (t=0.0016 r=0.0142 beta=0.30) | val: 1.83deg/1772mm | 42.6s
[ 4200/5000] loss=0.0060 (t=0.0016 r=0.0148 beta=0.30) | val: 1.89deg/1831mm | 43.6s
[ 4300/5000] loss=0.0057 (t=0.0015 r=0.0140 beta=0.30) | val: 1.86deg/1751mm | 44.4s
[ 4400/5000] loss=0.0057 (t=0.0015 r=0.0140 beta=0.30) | val: 1.85deg/1761mm | 45.3s
[ 4500/5000] loss=0.0057 (t=0.0015 r=0.0138 beta=0.30) | val: 1.85deg/1785mm | 46.1s
[ 4600/5000] loss=0.0057 (t=0.0015 r=0.0143 beta=0.30) | val: 1.81deg/1779mm | 47.1s
[ 4700/5000] loss=0.0058 (t=0.0015 r=0.0143 beta=0.30) | val: 1.85deg/1788mm | 47.9s
[ 4800/5000] loss=0.0055 (t=0.0013 r=0.0138 beta=0.30) | val: 1.87deg/1777mm | 48.8s
[ 4900/5000] loss=0.0058 (t=0.0016 r=0.0140 beta=0.30) | val: 1.86deg/1764mm | 49.7s
[ 5000/5000] loss=0.0057 (t=0.0015 r=0.0141 beta=0.30) | val: 1.86deg/1772mm | 50.5s

Training done. Best epoch: 870, score: 1.4931

Loaded best model from epoch 870

======================================================================
EVALUATION RESULTS (Direct Regression)
======================================================================
Rotation  (median): 1.75deg
Translation (median): 1322mm

  R@5deg_1m: 35.2%  (rot_pass=89.0%, trans_pass=36.3%)
  R@10deg_2m: 67.0%  (rot_pass=99.5%, trans_pass=67.6%)
  R@15deg_5m: 91.2%  (rot_pass=100.0%, trans_pass=91.2%)
  R@25deg_5m: 91.2%  (rot_pass=100.0%, trans_pass=91.2%)

======================================================================
EVALUATION RESULTS (Retrieval Mode)
======================================================================
Retrieval median: 11.26deg / 2447mm
  R@5deg_1m: 2.7%  (rot=4.9%, trans=22.5%)
  R@10deg_2m: 19.8%  (rot=42.9%, trans=44.5%)
  R@15deg_5m: 56.0%  (rot=70.3%, trans=84.6%)
  R@25deg_5m: 81.3%  (rot=96.2%, trans=84.6%)
======================================================================

Done!
--- exp18a_128d_spatiaug_k5_a03_seed314 done ---

=== exp18a_128d_spatiaug_k5_a03_seed123 ===
======================================================================
Experiment: exp18a_128d_spatiaug_k5_a03_seed123
Pool: spp, Features: both+sum
======================================================================
Random seed: 123
Using device: cuda:5

Loading data (fine=True, coarse=True, summary=True)...
  Loaded fine_geo: torch.Size([895, 128, 68, 120])
  Loaded coarse_sem: torch.Size([895, 128, 68, 120])
  Loaded summary: torch.Size([895, 2560])
  [train] 895 samples loaded
  Loaded fine_geo: torch.Size([182, 128, 68, 120])
  Loaded coarse_sem: torch.Size([182, 128, 68, 120])
  Loaded summary: torch.Size([182, 2560])
  [test] 182 samples loaded
Translation norm: mean=[13.19548    -0.64731836 23.103329  ], std=[10.827089    0.94348246  9.766839  ]
  Feature dim after pooling: 7936
Model parameters: 18,905,610

Pre-computing pooled features (OOM-safe mode)...
  Pre-computed pooled features: torch.Size([895, 7936]) (28.4 MB)
  Pre-computed pooled features: torch.Size([182, 7936]) (5.8 MB)
  GPU memory freed. Training with pre-pooled features (7936d)
Model parameters: 18,905,610

Spatial augmentation: k=5, max_dist=5.0m
  Avg valid neighbors per sample: 5.0
  Samples with 0 valid neighbors: 0
[    1/5000] loss=2.2106 (t=0.5323 r=1.6783 beta=1.00) | val: 29.57deg/20188mm | 0.4s
[  100/5000] loss=0.0623 (t=0.0213 r=0.0443 beta=0.92) | val: 2.64deg/1915mm | 4.5s
[  200/5000] loss=0.0422 (t=0.0135 r=0.0327 beta=0.88) | val: 2.12deg/1591mm | 6.4s
[  300/5000] loss=0.0295 (t=0.0074 r=0.0264 beta=0.84) | val: 1.86deg/1691mm | 7.9s
[  400/5000] loss=0.0253 (t=0.0056 r=0.0245 beta=0.80) | val: 1.82deg/1500mm | 8.7s
[  500/5000] loss=0.0220 (t=0.0044 r=0.0229 beta=0.77) | val: 1.78deg/1529mm | 10.6s
[  600/5000] loss=0.0194 (t=0.0043 r=0.0205 beta=0.73) | val: 1.65deg/1377mm | 11.4s
[  700/5000] loss=0.0176 (t=0.0036 r=0.0199 beta=0.70) | val: 1.66deg/1516mm | 12.6s
[  800/5000] loss=0.0175 (t=0.0036 r=0.0207 beta=0.67) | val: 1.80deg/1445mm | 13.4s
[  900/5000] loss=0.0158 (t=0.0030 r=0.0198 beta=0.65) | val: 1.97deg/1634mm | 14.2s
[ 1000/5000] loss=0.0140 (t=0.0028 r=0.0180 beta=0.62) | val: 1.71deg/1571mm | 15.0s
[ 1100/5000] loss=0.0139 (t=0.0027 r=0.0188 beta=0.60) | val: 1.73deg/1397mm | 15.9s
[ 1200/5000] loss=0.0130 (t=0.0027 r=0.0180 beta=0.57) | val: 1.76deg/1588mm | 16.7s
[ 1300/5000] loss=0.0124 (t=0.0026 r=0.0176 beta=0.55) | val: 1.85deg/1420mm | 17.9s
[ 1400/5000] loss=0.0115 (t=0.0025 r=0.0170 beta=0.53) | val: 1.83deg/1496mm | 18.7s
[ 1500/5000] loss=0.0113 (t=0.0024 r=0.0171 beta=0.51) | val: 1.70deg/1451mm | 19.5s
[ 1600/5000] loss=0.0109 (t=0.0024 r=0.0171 beta=0.50) | val: 1.85deg/1556mm | 20.4s
[ 1700/5000] loss=0.0102 (t=0.0021 r=0.0169 beta=0.48) | val: 1.74deg/1519mm | 21.2s
[ 1800/5000] loss=0.0100 (t=0.0021 r=0.0170 beta=0.46) | val: 1.70deg/1587mm | 22.0s
[ 1900/5000] loss=0.0098 (t=0.0022 r=0.0169 beta=0.45) | val: 1.74deg/1482mm | 22.8s
[ 2000/5000] loss=0.0094 (t=0.0021 r=0.0168 beta=0.44) | val: 1.78deg/1600mm | 23.6s
[ 2100/5000] loss=0.0088 (t=0.0019 r=0.0161 beta=0.42) | val: 1.87deg/1492mm | 24.5s
[ 2200/5000] loss=0.0087 (t=0.0019 r=0.0164 beta=0.41) | val: 1.84deg/1668mm | 25.4s
[ 2300/5000] loss=0.0083 (t=0.0019 r=0.0160 beta=0.40) | val: 1.78deg/1504mm | 26.3s
[ 2400/5000] loss=0.0080 (t=0.0020 r=0.0154 beta=0.39) | val: 1.76deg/1577mm | 27.2s
[ 2500/5000] loss=0.0081 (t=0.0019 r=0.0162 beta=0.38) | val: 1.75deg/1568mm | 28.1s
[ 2600/5000] loss=0.0076 (t=0.0018 r=0.0157 beta=0.37) | val: 1.80deg/1625mm | 28.9s
[ 2700/5000] loss=0.0073 (t=0.0017 r=0.0154 beta=0.36) | val: 1.80deg/1561mm | 29.7s
[ 2800/5000] loss=0.0073 (t=0.0017 r=0.0157 beta=0.36) | val: 1.81deg/1646mm | 30.5s
[ 2900/5000] loss=0.0070 (t=0.0017 r=0.0152 beta=0.35) | val: 1.87deg/1685mm | 31.4s
[ 3000/5000] loss=0.0070 (t=0.0017 r=0.0152 beta=0.34) | val: 1.91deg/1671mm | 32.2s
[ 3100/5000] loss=0.0068 (t=0.0017 r=0.0151 beta=0.34) | val: 1.90deg/1587mm | 33.0s
[ 3200/5000] loss=0.0067 (t=0.0017 r=0.0149 beta=0.33) | val: 1.79deg/1660mm | 33.9s
[ 3300/5000] loss=0.0066 (t=0.0017 r=0.0149 beta=0.33) | val: 1.82deg/1678mm | 34.7s
[ 3400/5000] loss=0.0063 (t=0.0016 r=0.0145 beta=0.32) | val: 1.85deg/1609mm | 35.5s
[ 3500/5000] loss=0.0063 (t=0.0016 r=0.0147 beta=0.32) | val: 1.89deg/1724mm | 36.3s
[ 3600/5000] loss=0.0063 (t=0.0016 r=0.0147 beta=0.32) | val: 1.86deg/1603mm | 37.2s
[ 3700/5000] loss=0.0062 (t=0.0016 r=0.0148 beta=0.31) | val: 1.81deg/1687mm | 38.0s
[ 3800/5000] loss=0.0059 (t=0.0015 r=0.0141 beta=0.31) | val: 1.81deg/1624mm | 38.8s
[ 3900/5000] loss=0.0060 (t=0.0015 r=0.0144 beta=0.31) | val: 1.78deg/1693mm | 39.6s
[ 4000/5000] loss=0.0059 (t=0.0016 r=0.0140 beta=0.31) | val: 1.81deg/1635mm | 40.5s
[ 4100/5000] loss=0.0060 (t=0.0016 r=0.0143 beta=0.30) | val: 1.78deg/1705mm | 41.4s
[ 4200/5000] loss=0.0059 (t=0.0015 r=0.0144 beta=0.30) | val: 1.78deg/1693mm | 42.2s
[ 4300/5000] loss=0.0061 (t=0.0016 r=0.0146 beta=0.30) | val: 1.80deg/1722mm | 43.0s
[ 4400/5000] loss=0.0057 (t=0.0015 r=0.0141 beta=0.30) | val: 1.84deg/1714mm | 43.9s
[ 4500/5000] loss=0.0057 (t=0.0015 r=0.0141 beta=0.30) | val: 1.83deg/1702mm | 44.8s
[ 4600/5000] loss=0.0058 (t=0.0015 r=0.0143 beta=0.30) | val: 1.83deg/1734mm | 45.6s
[ 4700/5000] loss=0.0058 (t=0.0015 r=0.0141 beta=0.30) | val: 1.80deg/1660mm | 46.5s
[ 4800/5000] loss=0.0056 (t=0.0014 r=0.0140 beta=0.30) | val: 1.78deg/1732mm | 47.3s
[ 4900/5000] loss=0.0059 (t=0.0015 r=0.0146 beta=0.30) | val: 1.79deg/1743mm | 48.1s
[ 5000/5000] loss=0.0059 (t=0.0016 r=0.0143 beta=0.30) | val: 1.79deg/1737mm | 49.0s

Training done. Best epoch: 1230, score: 1.4629

Loaded best model from epoch 1230

======================================================================
EVALUATION RESULTS (Direct Regression)
======================================================================
Rotation  (median): 1.84deg
Translation (median): 1282mm

  R@5deg_1m: 31.9%  (rot_pass=91.2%, trans_pass=31.9%)
  R@10deg_2m: 68.7%  (rot_pass=98.9%, trans_pass=69.8%)
  R@15deg_5m: 93.4%  (rot_pass=100.0%, trans_pass=93.4%)
  R@25deg_5m: 93.4%  (rot_pass=100.0%, trans_pass=93.4%)

======================================================================
EVALUATION RESULTS (Retrieval Mode)
======================================================================
Retrieval median: 11.69deg / 2356mm
  R@5deg_1m: 2.2%  (rot=6.0%, trans=18.1%)
  R@10deg_2m: 19.2%  (rot=41.2%, trans=44.0%)
  R@15deg_5m: 56.6%  (rot=70.3%, trans=85.7%)
  R@25deg_5m: 81.3%  (rot=95.1%, trans=85.7%)
======================================================================

Done!
--- exp18a_128d_spatiaug_k5_a03_seed123 done ---

=== exp18a_128d_spatiaug_k5_a03_seed456 ===
======================================================================
Experiment: exp18a_128d_spatiaug_k5_a03_seed456
Pool: spp, Features: both+sum
======================================================================
Random seed: 456
Using device: cuda:5

Loading data (fine=True, coarse=True, summary=True)...
  Loaded fine_geo: torch.Size([895, 128, 68, 120])
  Loaded coarse_sem: torch.Size([895, 128, 68, 120])
  Loaded summary: torch.Size([895, 2560])
  [train] 895 samples loaded
  Loaded fine_geo: torch.Size([182, 128, 68, 120])
  Loaded coarse_sem: torch.Size([182, 128, 68, 120])
  Loaded summary: torch.Size([182, 2560])
  [test] 182 samples loaded
Translation norm: mean=[13.19548    -0.64731836 23.103329  ], std=[10.827089    0.94348246  9.766839  ]
  Feature dim after pooling: 7936
Model parameters: 18,905,610

Pre-computing pooled features (OOM-safe mode)...
  Pre-computed pooled features: torch.Size([895, 7936]) (28.4 MB)
  Pre-computed pooled features: torch.Size([182, 7936]) (5.8 MB)
  GPU memory freed. Training with pre-pooled features (7936d)
Model parameters: 18,905,610

Spatial augmentation: k=5, max_dist=5.0m
  Avg valid neighbors per sample: 5.0
  Samples with 0 valid neighbors: 0
[    1/5000] loss=2.6508 (t=0.5489 r=2.1018 beta=1.00) | val: 36.13deg/15275mm | 0.2s
[  100/5000] loss=0.0631 (t=0.0209 r=0.0457 beta=0.92) | val: 2.80deg/2111mm | 3.4s
[  200/5000] loss=0.0402 (t=0.0125 r=0.0314 beta=0.88) | val: 2.00deg/1508mm | 4.9s
[  300/5000] loss=0.0301 (t=0.0076 r=0.0268 beta=0.84) | val: 1.78deg/1677mm | 6.0s
[  400/5000] loss=0.0287 (t=0.0061 r=0.0279 beta=0.81) | val: 1.84deg/1712mm | 6.9s
[  500/5000] loss=0.0215 (t=0.0042 r=0.0224 beta=0.78) | val: 1.51deg/1606mm | 8.4s
[  600/5000] loss=0.0202 (t=0.0039 r=0.0219 beta=0.74) | val: 1.80deg/1568mm | 9.6s
[  700/5000] loss=0.0184 (t=0.0039 r=0.0203 beta=0.72) | val: 1.66deg/1592mm | 10.5s
[  800/5000] loss=0.0170 (t=0.0032 r=0.0201 beta=0.69) | val: 1.81deg/1678mm | 11.3s
[  900/5000] loss=0.0159 (t=0.0030 r=0.0195 beta=0.66) | val: 1.79deg/1470mm | 12.1s
[ 1000/5000] loss=0.0147 (t=0.0030 r=0.0185 beta=0.64) | val: 1.61deg/1398mm | 12.9s
[ 1100/5000] loss=0.0146 (t=0.0028 r=0.0193 beta=0.61) | val: 1.88deg/1673mm | 13.7s
[ 1200/5000] loss=0.0138 (t=0.0029 r=0.0186 beta=0.59) | val: 1.73deg/1546mm | 14.5s
[ 1300/5000] loss=0.0126 (t=0.0026 r=0.0177 beta=0.57) | val: 1.73deg/1572mm | 15.4s
[ 1400/5000] loss=0.0122 (t=0.0025 r=0.0177 beta=0.55) | val: 1.71deg/1491mm | 16.3s
[ 1500/5000] loss=0.0112 (t=0.0024 r=0.0168 beta=0.53) | val: 1.74deg/1509mm | 17.1s
[ 1600/5000] loss=0.0110 (t=0.0023 r=0.0168 beta=0.51) | val: 1.66deg/1578mm | 17.9s
[ 1700/5000] loss=0.0105 (t=0.0021 r=0.0171 beta=0.50) | val: 1.71deg/1664mm | 18.8s
[ 1800/5000] loss=0.0099 (t=0.0020 r=0.0164 beta=0.48) | val: 1.72deg/1622mm | 19.6s
[ 1900/5000] loss=0.0099 (t=0.0022 r=0.0166 beta=0.47) | val: 1.74deg/1500mm | 20.5s
[ 2000/5000] loss=0.0094 (t=0.0021 r=0.0162 beta=0.45) | val: 1.75deg/1585mm | 21.3s
[ 2100/5000] loss=0.0094 (t=0.0021 r=0.0166 beta=0.44) | val: 1.77deg/1513mm | 22.2s
[ 2200/5000] loss=0.0088 (t=0.0020 r=0.0159 beta=0.43) | val: 1.83deg/1586mm | 23.0s
[ 2300/5000] loss=0.0084 (t=0.0020 r=0.0155 beta=0.42) | val: 1.82deg/1657mm | 23.9s
[ 2400/5000] loss=0.0082 (t=0.0019 r=0.0155 beta=0.41) | val: 1.89deg/1538mm | 24.7s
[ 2500/5000] loss=0.0081 (t=0.0019 r=0.0157 beta=0.40) | val: 1.79deg/1689mm | 25.6s
[ 2600/5000] loss=0.0079 (t=0.0019 r=0.0154 beta=0.39) | val: 1.84deg/1684mm | 26.4s
[ 2700/5000] loss=0.0076 (t=0.0018 r=0.0153 beta=0.38) | val: 1.83deg/1741mm | 27.2s
[ 2800/5000] loss=0.0071 (t=0.0016 r=0.0146 beta=0.37) | val: 1.79deg/1752mm | 28.0s
[ 2900/5000] loss=0.0074 (t=0.0017 r=0.0155 beta=0.36) | val: 1.89deg/1785mm | 28.8s
[ 3000/5000] loss=0.0071 (t=0.0018 r=0.0149 beta=0.36) | val: 1.85deg/1711mm | 29.7s
[ 3100/5000] loss=0.0068 (t=0.0016 r=0.0147 beta=0.35) | val: 1.77deg/1723mm | 30.5s
[ 3200/5000] loss=0.0071 (t=0.0018 r=0.0154 beta=0.35) | val: 1.78deg/1785mm | 31.4s
[ 3300/5000] loss=0.0068 (t=0.0017 r=0.0149 beta=0.34) | val: 1.78deg/1784mm | 32.2s
[ 3400/5000] loss=0.0067 (t=0.0017 r=0.0148 beta=0.34) | val: 1.87deg/1720mm | 33.0s
[ 3500/5000] loss=0.0067 (t=0.0017 r=0.0151 beta=0.33) | val: 1.75deg/1802mm | 33.9s
[ 3600/5000] loss=0.0064 (t=0.0017 r=0.0144 beta=0.33) | val: 1.88deg/1779mm | 34.7s
[ 3700/5000] loss=0.0062 (t=0.0016 r=0.0142 beta=0.33) | val: 1.87deg/1759mm | 35.5s
[ 3800/5000] loss=0.0062 (t=0.0016 r=0.0140 beta=0.32) | val: 1.81deg/1764mm | 36.3s
[ 3900/5000] loss=0.0062 (t=0.0017 r=0.0141 beta=0.32) | val: 1.86deg/1833mm | 37.2s
[ 4000/5000] loss=0.0064 (t=0.0018 r=0.0144 beta=0.32) | val: 1.77deg/1821mm | 38.1s
[ 4100/5000] loss=0.0061 (t=0.0015 r=0.0146 beta=0.32) | val: 1.87deg/1838mm | 38.9s
[ 4200/5000] loss=0.0061 (t=0.0015 r=0.0144 beta=0.32) | val: 1.85deg/1754mm | 39.7s
[ 4300/5000] loss=0.0060 (t=0.0016 r=0.0140 beta=0.32) | val: 1.86deg/1809mm | 40.6s
[ 4400/5000] loss=0.0060 (t=0.0016 r=0.0140 beta=0.31) | val: 1.83deg/1801mm | 41.4s
[ 4500/5000] loss=0.0060 (t=0.0016 r=0.0142 beta=0.31) | val: 1.89deg/1791mm | 42.3s
[ 4600/5000] loss=0.0060 (t=0.0016 r=0.0143 beta=0.31) | val: 1.83deg/1823mm | 43.1s
[ 4700/5000] loss=0.0059 (t=0.0015 r=0.0140 beta=0.31) | val: 1.86deg/1804mm | 43.9s
[ 4800/5000] loss=0.0059 (t=0.0016 r=0.0139 beta=0.31) | val: 1.84deg/1791mm | 44.8s
[ 4900/5000] loss=0.0059 (t=0.0015 r=0.0139 beta=0.31) | val: 1.85deg/1818mm | 45.6s
[ 5000/5000] loss=0.0058 (t=0.0015 r=0.0139 beta=0.31) | val: 1.84deg/1814mm | 46.5s

Training done. Best epoch: 520, score: 1.5527

Loaded best model from epoch 520

======================================================================
EVALUATION RESULTS (Direct Regression)
======================================================================
Rotation  (median): 1.65deg
Translation (median): 1394mm

  R@5deg_1m: 30.8%  (rot_pass=94.5%, trans_pass=31.9%)
  R@10deg_2m: 65.4%  (rot_pass=99.5%, trans_pass=65.4%)
  R@15deg_5m: 91.2%  (rot_pass=100.0%, trans_pass=91.2%)
  R@25deg_5m: 91.2%  (rot_pass=100.0%, trans_pass=91.2%)

======================================================================
EVALUATION RESULTS (Retrieval Mode)
======================================================================
Retrieval median: 12.02deg / 2440mm
  R@5deg_1m: 2.2%  (rot=5.5%, trans=19.2%)
  R@10deg_2m: 19.2%  (rot=39.6%, trans=42.3%)
  R@15deg_5m: 51.6%  (rot=64.8%, trans=83.5%)
  R@25deg_5m: 79.7%  (rot=95.6%, trans=83.5%)
======================================================================

Done!
--- exp18a_128d_spatiaug_k5_a03_seed456 done ---

=== exp18b_128d_spatiaug_k5_a03_d10_seed314 ===
======================================================================
Experiment: exp18b_128d_spatiaug_k5_a03_d10_seed314
Pool: spp, Features: both+sum
======================================================================
Random seed: 314
Using device: cuda:5

Loading data (fine=True, coarse=True, summary=True)...
  Loaded fine_geo: torch.Size([895, 128, 68, 120])
  Loaded coarse_sem: torch.Size([895, 128, 68, 120])
  Loaded summary: torch.Size([895, 2560])
  [train] 895 samples loaded
  Loaded fine_geo: torch.Size([182, 128, 68, 120])
  Loaded coarse_sem: torch.Size([182, 128, 68, 120])
  Loaded summary: torch.Size([182, 2560])
  [test] 182 samples loaded
Translation norm: mean=[13.19548    -0.64731836 23.103329  ], std=[10.827089    0.94348246  9.766839  ]
  Feature dim after pooling: 7936
Model parameters: 18,905,610

Pre-computing pooled features (OOM-safe mode)...
  Pre-computed pooled features: torch.Size([895, 7936]) (28.4 MB)
  Pre-computed pooled features: torch.Size([182, 7936]) (5.8 MB)
  GPU memory freed. Training with pre-pooled features (7936d)
Model parameters: 18,905,610

Spatial augmentation: k=5, max_dist=10.0m
  Avg valid neighbors per sample: 5.0
  Samples with 0 valid neighbors: 0
[    1/5000] loss=2.7127 (t=0.5482 r=2.1646 beta=1.00) | val: 42.87deg/15420mm | 0.3s
[  100/5000] loss=0.0600 (t=0.0198 r=0.0434 beta=0.93) | val: 2.44deg/1852mm | 4.0s
[  200/5000] loss=0.0379 (t=0.0111 r=0.0304 beta=0.88) | val: 1.89deg/1663mm | 5.9s
[  300/5000] loss=0.0295 (t=0.0076 r=0.0261 beta=0.84) | val: 1.90deg/1842mm | 7.0s
[  400/5000] loss=0.0245 (t=0.0057 r=0.0234 beta=0.80) | val: 1.74deg/1561mm | 7.9s
[  500/5000] loss=0.0228 (t=0.0047 r=0.0237 beta=0.77) | val: 1.90deg/1570mm | 9.0s
[  600/5000] loss=0.0200 (t=0.0041 r=0.0217 beta=0.73) | val: 2.07deg/1666mm | 9.8s
[  700/5000] loss=0.0187 (t=0.0038 r=0.0213 beta=0.70) | val: 1.74deg/1582mm | 10.6s
[  800/5000] loss=0.0169 (t=0.0032 r=0.0204 beta=0.67) | val: 1.82deg/1710mm | 12.1s
[  900/5000] loss=0.0153 (t=0.0030 r=0.0191 beta=0.64) | val: 1.83deg/1591mm | 13.3s
[ 1000/5000] loss=0.0145 (t=0.0028 r=0.0190 beta=0.62) | val: 1.82deg/1590mm | 14.2s
[ 1100/5000] loss=0.0133 (t=0.0026 r=0.0179 beta=0.59) | val: 1.91deg/1627mm | 15.0s
[ 1200/5000] loss=0.0127 (t=0.0027 r=0.0176 beta=0.57) | val: 1.77deg/1540mm | 15.8s
[ 1300/5000] loss=0.0123 (t=0.0024 r=0.0180 beta=0.55) | val: 1.86deg/1572mm | 16.7s
[ 1400/5000] loss=0.0116 (t=0.0023 r=0.0175 beta=0.53) | val: 1.86deg/1485mm | 17.5s
[ 1500/5000] loss=0.0110 (t=0.0024 r=0.0170 beta=0.51) | val: 1.74deg/1603mm | 18.3s
[ 1600/5000] loss=0.0105 (t=0.0021 r=0.0169 beta=0.49) | val: 1.79deg/1480mm | 19.1s
[ 1700/5000] loss=0.0103 (t=0.0021 r=0.0172 beta=0.48) | val: 1.83deg/1456mm | 20.0s
[ 1800/5000] loss=0.0095 (t=0.0020 r=0.0162 beta=0.46) | val: 1.82deg/1608mm | 20.8s
[ 1900/5000] loss=0.0090 (t=0.0020 r=0.0157 beta=0.45) | val: 1.70deg/1585mm | 21.6s
[ 2000/5000] loss=0.0093 (t=0.0022 r=0.0163 beta=0.43) | val: 1.82deg/1659mm | 22.5s
[ 2100/5000] loss=0.0088 (t=0.0020 r=0.0161 beta=0.42) | val: 1.76deg/1651mm | 23.3s
[ 2200/5000] loss=0.0084 (t=0.0019 r=0.0157 beta=0.41) | val: 1.81deg/1681mm | 24.1s
[ 2300/5000] loss=0.0084 (t=0.0019 r=0.0161 beta=0.40) | val: 1.91deg/1729mm | 25.0s
[ 2400/5000] loss=0.0080 (t=0.0018 r=0.0159 beta=0.39) | val: 2.01deg/1652mm | 25.8s
[ 2500/5000] loss=0.0076 (t=0.0019 r=0.0152 beta=0.38) | val: 1.75deg/1677mm | 26.7s
[ 2600/5000] loss=0.0078 (t=0.0019 r=0.0158 beta=0.37) | val: 1.94deg/1608mm | 27.5s
[ 2700/5000] loss=0.0074 (t=0.0019 r=0.0153 beta=0.36) | val: 1.80deg/1596mm | 28.3s
[ 2800/5000] loss=0.0071 (t=0.0018 r=0.0151 beta=0.36) | val: 1.78deg/1610mm | 29.1s
[ 2900/5000] loss=0.0069 (t=0.0018 r=0.0149 beta=0.35) | val: 1.93deg/1697mm | 30.0s
[ 3000/5000] loss=0.0067 (t=0.0017 r=0.0148 beta=0.34) | val: 1.78deg/1600mm | 30.8s
[ 3100/5000] loss=0.0068 (t=0.0018 r=0.0149 beta=0.34) | val: 1.81deg/1747mm | 31.6s
[ 3200/5000] loss=0.0066 (t=0.0017 r=0.0149 beta=0.33) | val: 1.84deg/1774mm | 32.4s
[ 3300/5000] loss=0.0066 (t=0.0017 r=0.0151 beta=0.33) | val: 1.83deg/1676mm | 33.2s
[ 3400/5000] loss=0.0063 (t=0.0016 r=0.0146 beta=0.32) | val: 1.83deg/1793mm | 34.1s
[ 3500/5000] loss=0.0063 (t=0.0016 r=0.0146 beta=0.32) | val: 1.92deg/1710mm | 34.9s
[ 3600/5000] loss=0.0063 (t=0.0017 r=0.0146 beta=0.31) | val: 1.86deg/1758mm | 35.7s
[ 3700/5000] loss=0.0061 (t=0.0016 r=0.0145 beta=0.31) | val: 1.80deg/1735mm | 36.6s
[ 3800/5000] loss=0.0061 (t=0.0015 r=0.0147 beta=0.31) | val: 1.95deg/1753mm | 37.4s
[ 3900/5000] loss=0.0061 (t=0.0016 r=0.0144 beta=0.31) | val: 1.88deg/1775mm | 38.2s
[ 4000/5000] loss=0.0058 (t=0.0015 r=0.0143 beta=0.30) | val: 1.91deg/1734mm | 39.0s
[ 4100/5000] loss=0.0059 (t=0.0016 r=0.0142 beta=0.30) | val: 1.83deg/1772mm | 39.9s
[ 4200/5000] loss=0.0060 (t=0.0016 r=0.0148 beta=0.30) | val: 1.89deg/1831mm | 40.6s
[ 4300/5000] loss=0.0057 (t=0.0015 r=0.0140 beta=0.30) | val: 1.86deg/1751mm | 41.4s
[ 4400/5000] loss=0.0057 (t=0.0015 r=0.0140 beta=0.30) | val: 1.85deg/1761mm | 42.3s
[ 4500/5000] loss=0.0057 (t=0.0015 r=0.0138 beta=0.30) | val: 1.85deg/1785mm | 43.1s
[ 4600/5000] loss=0.0057 (t=0.0015 r=0.0143 beta=0.30) | val: 1.81deg/1779mm | 43.9s
[ 4700/5000] loss=0.0058 (t=0.0015 r=0.0143 beta=0.30) | val: 1.85deg/1788mm | 44.8s
[ 4800/5000] loss=0.0055 (t=0.0013 r=0.0138 beta=0.30) | val: 1.87deg/1777mm | 45.6s
[ 4900/5000] loss=0.0058 (t=0.0016 r=0.0140 beta=0.30) | val: 1.86deg/1764mm | 46.4s
[ 5000/5000] loss=0.0057 (t=0.0015 r=0.0141 beta=0.30) | val: 1.86deg/1772mm | 47.2s

Training done. Best epoch: 870, score: 1.4931

Loaded best model from epoch 870

======================================================================
EVALUATION RESULTS (Direct Regression)
======================================================================
Rotation  (median): 1.75deg
Translation (median): 1322mm

  R@5deg_1m: 35.2%  (rot_pass=89.0%, trans_pass=36.3%)
  R@10deg_2m: 67.0%  (rot_pass=99.5%, trans_pass=67.6%)
  R@15deg_5m: 91.2%  (rot_pass=100.0%, trans_pass=91.2%)
  R@25deg_5m: 91.2%  (rot_pass=100.0%, trans_pass=91.2%)

======================================================================
EVALUATION RESULTS (Retrieval Mode)
======================================================================
Retrieval median: 11.26deg / 2447mm
  R@5deg_1m: 2.7%  (rot=4.9%, trans=22.5%)
  R@10deg_2m: 19.8%  (rot=42.9%, trans=44.5%)
  R@15deg_5m: 56.0%  (rot=70.3%, trans=84.6%)
  R@25deg_5m: 81.3%  (rot=96.2%, trans=84.6%)
======================================================================

Done!
--- exp18b_128d_spatiaug_k5_a03_d10_seed314 done ---

=== exp18b_128d_spatiaug_k5_a03_d10_seed123 ===
======================================================================
Experiment: exp18b_128d_spatiaug_k5_a03_d10_seed123
Pool: spp, Features: both+sum
======================================================================
Random seed: 123
Using device: cuda:5

Loading data (fine=True, coarse=True, summary=True)...
  Loaded fine_geo: torch.Size([895, 128, 68, 120])
  Loaded coarse_sem: torch.Size([895, 128, 68, 120])
  Loaded summary: torch.Size([895, 2560])
  [train] 895 samples loaded
  Loaded fine_geo: torch.Size([182, 128, 68, 120])
  Loaded coarse_sem: torch.Size([182, 128, 68, 120])
  Loaded summary: torch.Size([182, 2560])
  [test] 182 samples loaded
Translation norm: mean=[13.19548    -0.64731836 23.103329  ], std=[10.827089    0.94348246  9.766839  ]
  Feature dim after pooling: 7936
Model parameters: 18,905,610

Pre-computing pooled features (OOM-safe mode)...
  Pre-computed pooled features: torch.Size([895, 7936]) (28.4 MB)
  Pre-computed pooled features: torch.Size([182, 7936]) (5.8 MB)
  GPU memory freed. Training with pre-pooled features (7936d)
Model parameters: 18,905,610

Spatial augmentation: k=5, max_dist=10.0m
  Avg valid neighbors per sample: 5.0
  Samples with 0 valid neighbors: 0
[    1/5000] loss=2.2106 (t=0.5323 r=1.6783 beta=1.00) | val: 29.57deg/20188mm | 0.3s
[  100/5000] loss=0.0623 (t=0.0213 r=0.0443 beta=0.92) | val: 2.64deg/1915mm | 4.4s
[  200/5000] loss=0.0422 (t=0.0135 r=0.0327 beta=0.88) | val: 2.12deg/1591mm | 6.2s
[  300/5000] loss=0.0295 (t=0.0074 r=0.0264 beta=0.84) | val: 1.86deg/1691mm | 7.7s
[  400/5000] loss=0.0253 (t=0.0056 r=0.0245 beta=0.80) | val: 1.82deg/1500mm | 8.6s
[  500/5000] loss=0.0220 (t=0.0044 r=0.0229 beta=0.77) | val: 1.78deg/1529mm | 10.4s
[  600/5000] loss=0.0194 (t=0.0043 r=0.0205 beta=0.73) | val: 1.65deg/1377mm | 11.2s
[  700/5000] loss=0.0176 (t=0.0036 r=0.0199 beta=0.70) | val: 1.66deg/1516mm | 12.4s
[  800/5000] loss=0.0175 (t=0.0036 r=0.0207 beta=0.67) | val: 1.80deg/1445mm | 13.2s
[  900/5000] loss=0.0158 (t=0.0030 r=0.0198 beta=0.65) | val: 1.97deg/1634mm | 14.1s
[ 1000/5000] loss=0.0140 (t=0.0028 r=0.0180 beta=0.62) | val: 1.71deg/1571mm | 14.9s
[ 1100/5000] loss=0.0139 (t=0.0027 r=0.0188 beta=0.60) | val: 1.73deg/1397mm | 15.8s
[ 1200/5000] loss=0.0130 (t=0.0027 r=0.0180 beta=0.57) | val: 1.76deg/1588mm | 16.6s
[ 1300/5000] loss=0.0124 (t=0.0026 r=0.0176 beta=0.55) | val: 1.85deg/1420mm | 17.8s
[ 1400/5000] loss=0.0115 (t=0.0025 r=0.0170 beta=0.53) | val: 1.83deg/1496mm | 18.7s
[ 1500/5000] loss=0.0113 (t=0.0024 r=0.0171 beta=0.51) | val: 1.70deg/1451mm | 19.5s
[ 1600/5000] loss=0.0109 (t=0.0024 r=0.0171 beta=0.50) | val: 1.85deg/1556mm | 20.3s
[ 1700/5000] loss=0.0102 (t=0.0021 r=0.0169 beta=0.48) | val: 1.74deg/1519mm | 21.1s
[ 1800/5000] loss=0.0100 (t=0.0021 r=0.0170 beta=0.46) | val: 1.70deg/1587mm | 21.9s
[ 1900/5000] loss=0.0098 (t=0.0022 r=0.0169 beta=0.45) | val: 1.74deg/1482mm | 22.7s
[ 2000/5000] loss=0.0094 (t=0.0021 r=0.0168 beta=0.44) | val: 1.78deg/1600mm | 23.6s
[ 2100/5000] loss=0.0088 (t=0.0019 r=0.0161 beta=0.42) | val: 1.87deg/1492mm | 24.4s
[ 2200/5000] loss=0.0087 (t=0.0019 r=0.0164 beta=0.41) | val: 1.84deg/1668mm | 25.2s
[ 2300/5000] loss=0.0083 (t=0.0019 r=0.0160 beta=0.40) | val: 1.78deg/1504mm | 26.0s
[ 2400/5000] loss=0.0080 (t=0.0020 r=0.0154 beta=0.39) | val: 1.76deg/1577mm | 26.8s
[ 2500/5000] loss=0.0081 (t=0.0019 r=0.0162 beta=0.38) | val: 1.75deg/1568mm | 27.7s
[ 2600/5000] loss=0.0076 (t=0.0018 r=0.0157 beta=0.37) | val: 1.80deg/1625mm | 28.5s
[ 2700/5000] loss=0.0073 (t=0.0017 r=0.0154 beta=0.36) | val: 1.80deg/1561mm | 29.3s
[ 2800/5000] loss=0.0073 (t=0.0017 r=0.0157 beta=0.36) | val: 1.81deg/1646mm | 30.1s
[ 2900/5000] loss=0.0070 (t=0.0017 r=0.0152 beta=0.35) | val: 1.87deg/1685mm | 30.9s
[ 3000/5000] loss=0.0070 (t=0.0017 r=0.0152 beta=0.34) | val: 1.91deg/1671mm | 31.8s
[ 3100/5000] loss=0.0068 (t=0.0017 r=0.0151 beta=0.34) | val: 1.90deg/1587mm | 32.6s
[ 3200/5000] loss=0.0067 (t=0.0017 r=0.0149 beta=0.33) | val: 1.79deg/1660mm | 33.4s
[ 3300/5000] loss=0.0066 (t=0.0017 r=0.0149 beta=0.33) | val: 1.82deg/1678mm | 34.2s
[ 3400/5000] loss=0.0063 (t=0.0016 r=0.0145 beta=0.32) | val: 1.85deg/1609mm | 35.0s
[ 3500/5000] loss=0.0063 (t=0.0016 r=0.0147 beta=0.32) | val: 1.89deg/1724mm | 35.9s
[ 3600/5000] loss=0.0063 (t=0.0016 r=0.0147 beta=0.32) | val: 1.86deg/1603mm | 36.7s
[ 3700/5000] loss=0.0062 (t=0.0016 r=0.0148 beta=0.31) | val: 1.81deg/1687mm | 37.5s
[ 3800/5000] loss=0.0059 (t=0.0015 r=0.0141 beta=0.31) | val: 1.81deg/1624mm | 38.3s
[ 3900/5000] loss=0.0060 (t=0.0015 r=0.0144 beta=0.31) | val: 1.78deg/1693mm | 39.1s
[ 4000/5000] loss=0.0059 (t=0.0016 r=0.0140 beta=0.31) | val: 1.81deg/1635mm | 39.9s
[ 4100/5000] loss=0.0060 (t=0.0016 r=0.0143 beta=0.30) | val: 1.78deg/1705mm | 40.8s
[ 4200/5000] loss=0.0059 (t=0.0015 r=0.0144 beta=0.30) | val: 1.78deg/1693mm | 41.6s
[ 4300/5000] loss=0.0061 (t=0.0016 r=0.0146 beta=0.30) | val: 1.80deg/1722mm | 42.4s
[ 4400/5000] loss=0.0057 (t=0.0015 r=0.0141 beta=0.30) | val: 1.84deg/1714mm | 43.2s
[ 4500/5000] loss=0.0057 (t=0.0015 r=0.0141 beta=0.30) | val: 1.83deg/1702mm | 44.0s
[ 4600/5000] loss=0.0058 (t=0.0015 r=0.0143 beta=0.30) | val: 1.83deg/1734mm | 44.9s
[ 4700/5000] loss=0.0058 (t=0.0015 r=0.0141 beta=0.30) | val: 1.80deg/1660mm | 45.7s
[ 4800/5000] loss=0.0056 (t=0.0014 r=0.0140 beta=0.30) | val: 1.78deg/1732mm | 46.5s
[ 4900/5000] loss=0.0059 (t=0.0015 r=0.0146 beta=0.30) | val: 1.79deg/1743mm | 47.3s
[ 5000/5000] loss=0.0059 (t=0.0016 r=0.0143 beta=0.30) | val: 1.79deg/1737mm | 48.2s

Training done. Best epoch: 1230, score: 1.4629

Loaded best model from epoch 1230

======================================================================
EVALUATION RESULTS (Direct Regression)
======================================================================
Rotation  (median): 1.84deg
Translation (median): 1282mm

  R@5deg_1m: 31.9%  (rot_pass=91.2%, trans_pass=31.9%)
  R@10deg_2m: 68.7%  (rot_pass=98.9%, trans_pass=69.8%)
  R@15deg_5m: 93.4%  (rot_pass=100.0%, trans_pass=93.4%)
  R@25deg_5m: 93.4%  (rot_pass=100.0%, trans_pass=93.4%)

======================================================================
EVALUATION RESULTS (Retrieval Mode)
======================================================================
Retrieval median: 11.69deg / 2356mm
  R@5deg_1m: 2.2%  (rot=6.0%, trans=18.1%)
  R@10deg_2m: 19.2%  (rot=41.2%, trans=44.0%)
  R@15deg_5m: 56.6%  (rot=70.3%, trans=85.7%)
  R@25deg_5m: 81.3%  (rot=95.1%, trans=85.7%)
======================================================================

Done!
--- exp18b_128d_spatiaug_k5_a03_d10_seed123 done ---

=== exp18c_128d_spatiaug_k5_a01_seed314 ===
======================================================================
Experiment: exp18c_128d_spatiaug_k5_a01_seed314
Pool: spp, Features: both+sum
======================================================================
Random seed: 314
Using device: cuda:5

Loading data (fine=True, coarse=True, summary=True)...
  Loaded fine_geo: torch.Size([895, 128, 68, 120])
  Loaded coarse_sem: torch.Size([895, 128, 68, 120])
  Loaded summary: torch.Size([895, 2560])
  [train] 895 samples loaded
  Loaded fine_geo: torch.Size([182, 128, 68, 120])
  Loaded coarse_sem: torch.Size([182, 128, 68, 120])
  Loaded summary: torch.Size([182, 2560])
  [test] 182 samples loaded
Translation norm: mean=[13.19548    -0.64731836 23.103329  ], std=[10.827089    0.94348246  9.766839  ]
  Feature dim after pooling: 7936
Model parameters: 18,905,610

Pre-computing pooled features (OOM-safe mode)...
  Pre-computed pooled features: torch.Size([895, 7936]) (28.4 MB)
  Pre-computed pooled features: torch.Size([182, 7936]) (5.8 MB)
  GPU memory freed. Training with pre-pooled features (7936d)
Model parameters: 18,905,610

Spatial augmentation: k=5, max_dist=5.0m
  Avg valid neighbors per sample: 5.0
  Samples with 0 valid neighbors: 0
[    1/5000] loss=2.7142 (t=0.5487 r=2.1654 beta=1.00) | val: 43.48deg/15817mm | 0.3s
[  100/5000] loss=0.0628 (t=0.0206 r=0.0454 beta=0.93) | val: 2.50deg/1808mm | 3.5s
[  200/5000] loss=0.0385 (t=0.0109 r=0.0313 beta=0.88) | val: 1.82deg/1598mm | 5.0s
[  300/5000] loss=0.0301 (t=0.0079 r=0.0264 beta=0.84) | val: 1.92deg/1753mm | 6.5s
[  400/5000] loss=0.0248 (t=0.0056 r=0.0238 beta=0.80) | val: 1.76deg/1465mm | 7.3s
[  500/5000] loss=0.0226 (t=0.0046 r=0.0235 beta=0.77) | val: 1.89deg/1522mm | 8.4s
[  600/5000] loss=0.0200 (t=0.0041 r=0.0215 beta=0.74) | val: 2.06deg/1663mm | 9.6s
[  700/5000] loss=0.0184 (t=0.0038 r=0.0206 beta=0.71) | val: 1.59deg/1589mm | 10.4s
[  800/5000] loss=0.0169 (t=0.0031 r=0.0204 beta=0.68) | val: 1.75deg/1601mm | 12.2s
[  900/5000] loss=0.0152 (t=0.0030 r=0.0187 beta=0.65) | val: 1.73deg/1598mm | 13.4s
[ 1000/5000] loss=0.0145 (t=0.0028 r=0.0188 beta=0.62) | val: 1.76deg/1507mm | 14.2s
[ 1100/5000] loss=0.0135 (t=0.0027 r=0.0180 beta=0.60) | val: 1.75deg/1554mm | 15.0s
[ 1200/5000] loss=0.0132 (t=0.0029 r=0.0178 beta=0.58) | val: 1.79deg/1540mm | 15.8s
[ 1300/5000] loss=0.0120 (t=0.0024 r=0.0173 beta=0.56) | val: 1.77deg/1537mm | 16.7s
[ 1400/5000] loss=0.0117 (t=0.0024 r=0.0174 beta=0.54) | val: 1.81deg/1454mm | 17.5s
[ 1500/5000] loss=0.0108 (t=0.0024 r=0.0163 beta=0.52) | val: 1.79deg/1583mm | 18.3s
[ 1600/5000] loss=0.0104 (t=0.0021 r=0.0167 beta=0.50) | val: 1.79deg/1479mm | 19.2s
[ 1700/5000] loss=0.0100 (t=0.0020 r=0.0165 beta=0.48) | val: 1.87deg/1476mm | 20.0s
[ 1800/5000] loss=0.0096 (t=0.0020 r=0.0162 beta=0.47) | val: 1.77deg/1585mm | 20.8s
[ 1900/5000] loss=0.0092 (t=0.0020 r=0.0160 beta=0.45) | val: 1.78deg/1525mm | 21.7s
[ 2000/5000] loss=0.0092 (t=0.0020 r=0.0164 beta=0.44) | val: 1.85deg/1745mm | 22.5s
[ 2100/5000] loss=0.0090 (t=0.0020 r=0.0163 beta=0.43) | val: 1.89deg/1648mm | 23.4s
[ 2200/5000] loss=0.0084 (t=0.0019 r=0.0154 beta=0.42) | val: 1.90deg/1635mm | 24.2s
[ 2300/5000] loss=0.0082 (t=0.0018 r=0.0158 beta=0.40) | val: 1.87deg/1714mm | 25.1s
[ 2400/5000] loss=0.0080 (t=0.0018 r=0.0157 beta=0.39) | val: 2.12deg/1692mm | 25.9s
[ 2500/5000] loss=0.0078 (t=0.0019 r=0.0153 beta=0.38) | val: 1.76deg/1663mm | 26.7s
[ 2600/5000] loss=0.0077 (t=0.0019 r=0.0154 beta=0.38) | val: 1.92deg/1685mm | 27.5s
[ 2700/5000] loss=0.0075 (t=0.0019 r=0.0152 beta=0.37) | val: 1.91deg/1631mm | 28.4s
[ 2800/5000] loss=0.0072 (t=0.0017 r=0.0152 beta=0.36) | val: 1.92deg/1567mm | 29.2s
[ 2900/5000] loss=0.0069 (t=0.0018 r=0.0146 beta=0.35) | val: 2.02deg/1707mm | 30.0s
[ 3000/5000] loss=0.0067 (t=0.0017 r=0.0146 beta=0.35) | val: 1.86deg/1660mm | 30.9s
[ 3100/5000] loss=0.0069 (t=0.0018 r=0.0149 beta=0.34) | val: 1.86deg/1744mm | 31.7s
[ 3200/5000] loss=0.0068 (t=0.0017 r=0.0150 beta=0.34) | val: 1.91deg/1780mm | 32.5s
[ 3300/5000] loss=0.0065 (t=0.0017 r=0.0147 beta=0.33) | val: 1.92deg/1714mm | 33.3s
[ 3400/5000] loss=0.0064 (t=0.0016 r=0.0146 beta=0.33) | val: 1.93deg/1927mm | 34.1s
[ 3500/5000] loss=0.0063 (t=0.0016 r=0.0144 beta=0.32) | val: 1.98deg/1767mm | 34.9s
[ 3600/5000] loss=0.0064 (t=0.0017 r=0.0147 beta=0.32) | val: 1.92deg/1827mm | 35.8s
[ 3700/5000] loss=0.0060 (t=0.0016 r=0.0142 beta=0.32) | val: 1.89deg/1763mm | 36.7s
[ 3800/5000] loss=0.0061 (t=0.0015 r=0.0145 beta=0.31) | val: 1.99deg/1846mm | 37.5s
[ 3900/5000] loss=0.0061 (t=0.0016 r=0.0143 beta=0.31) | val: 2.04deg/1803mm | 38.3s
[ 4000/5000] loss=0.0058 (t=0.0015 r=0.0140 beta=0.31) | val: 1.91deg/1800mm | 39.1s
[ 4100/5000] loss=0.0060 (t=0.0015 r=0.0143 beta=0.31) | val: 1.90deg/1797mm | 40.0s
[ 4200/5000] loss=0.0061 (t=0.0016 r=0.0147 beta=0.31) | val: 1.96deg/1836mm | 40.8s
[ 4300/5000] loss=0.0058 (t=0.0015 r=0.0141 beta=0.31) | val: 1.91deg/1794mm | 41.7s
[ 4400/5000] loss=0.0057 (t=0.0015 r=0.0140 beta=0.30) | val: 1.92deg/1782mm | 42.5s
[ 4500/5000] loss=0.0057 (t=0.0015 r=0.0138 beta=0.30) | val: 1.95deg/1816mm | 43.3s
[ 4600/5000] loss=0.0057 (t=0.0015 r=0.0139 beta=0.30) | val: 1.92deg/1836mm | 44.2s
[ 4700/5000] loss=0.0059 (t=0.0015 r=0.0144 beta=0.30) | val: 1.92deg/1855mm | 45.1s
[ 4800/5000] loss=0.0055 (t=0.0013 r=0.0136 beta=0.30) | val: 1.94deg/1845mm | 45.9s
[ 4900/5000] loss=0.0058 (t=0.0016 r=0.0139 beta=0.30) | val: 1.92deg/1832mm | 46.8s
[ 5000/5000] loss=0.0057 (t=0.0014 r=0.0140 beta=0.30) | val: 1.92deg/1829mm | 47.7s

Training done. Best epoch: 870, score: 1.5035

Loaded best model from epoch 870

======================================================================
EVALUATION RESULTS (Direct Regression)
======================================================================
Rotation  (median): 1.77deg
Translation (median): 1333mm

  R@5deg_1m: 36.3%  (rot_pass=87.9%, trans_pass=36.8%)
  R@10deg_2m: 67.0%  (rot_pass=99.5%, trans_pass=67.6%)
  R@15deg_5m: 91.2%  (rot_pass=100.0%, trans_pass=91.2%)
  R@25deg_5m: 91.2%  (rot_pass=100.0%, trans_pass=91.2%)

======================================================================
EVALUATION RESULTS (Retrieval Mode)
======================================================================
Retrieval median: 11.35deg / 2347mm
  R@5deg_1m: 2.7%  (rot=6.0%, trans=20.9%)
  R@10deg_2m: 19.8%  (rot=44.0%, trans=44.0%)
  R@15deg_5m: 54.9%  (rot=70.3%, trans=83.0%)
  R@25deg_5m: 79.7%  (rot=96.2%, trans=83.0%)
======================================================================

Done!
--- exp18c_128d_spatiaug_k5_a01_seed314 done ---

=== exp18c_128d_spatiaug_k5_a01_seed123 ===
======================================================================
Experiment: exp18c_128d_spatiaug_k5_a01_seed123
Pool: spp, Features: both+sum
======================================================================
Random seed: 123
Using device: cuda:5

Loading data (fine=True, coarse=True, summary=True)...
  Loaded fine_geo: torch.Size([895, 128, 68, 120])
  Loaded coarse_sem: torch.Size([895, 128, 68, 120])
  Loaded summary: torch.Size([895, 2560])
  [train] 895 samples loaded
  Loaded fine_geo: torch.Size([182, 128, 68, 120])
  Loaded coarse_sem: torch.Size([182, 128, 68, 120])
  Loaded summary: torch.Size([182, 2560])
  [test] 182 samples loaded
Translation norm: mean=[13.19548    -0.64731836 23.103329  ], std=[10.827089    0.94348246  9.766839  ]
  Feature dim after pooling: 7936
Model parameters: 18,905,610

Pre-computing pooled features (OOM-safe mode)...
  Pre-computed pooled features: torch.Size([895, 7936]) (28.4 MB)
  Pre-computed pooled features: torch.Size([182, 7936]) (5.8 MB)
  GPU memory freed. Training with pre-pooled features (7936d)
Model parameters: 18,905,610

Spatial augmentation: k=5, max_dist=5.0m
  Avg valid neighbors per sample: 5.0
  Samples with 0 valid neighbors: 0
[    1/5000] loss=2.2178 (t=0.5344 r=1.6833 beta=1.00) | val: 32.60deg/20260mm | 0.4s
[  100/5000] loss=0.0635 (t=0.0222 r=0.0447 beta=0.92) | val: 2.50deg/1904mm | 4.5s
[  200/5000] loss=0.0417 (t=0.0125 r=0.0331 beta=0.88) | val: 2.08deg/1670mm | 6.5s
[  300/5000] loss=0.0292 (t=0.0075 r=0.0258 beta=0.84) | val: 1.79deg/1672mm | 8.1s
[  400/5000] loss=0.0254 (t=0.0056 r=0.0246 beta=0.80) | val: 1.82deg/1469mm | 8.9s
[  500/5000] loss=0.0214 (t=0.0042 r=0.0223 beta=0.77) | val: 1.72deg/1355mm | 10.4s
[  600/5000] loss=0.0195 (t=0.0043 r=0.0207 beta=0.74) | val: 1.54deg/1430mm | 11.6s
[  700/5000] loss=0.0178 (t=0.0035 r=0.0202 beta=0.71) | val: 1.45deg/1433mm | 12.5s
[  800/5000] loss=0.0171 (t=0.0036 r=0.0199 beta=0.68) | val: 1.65deg/1357mm | 13.8s
[  900/5000] loss=0.0161 (t=0.0030 r=0.0202 beta=0.65) | val: 1.81deg/1519mm | 14.6s
[ 1000/5000] loss=0.0140 (t=0.0028 r=0.0179 beta=0.63) | val: 1.59deg/1589mm | 15.5s
[ 1100/5000] loss=0.0141 (t=0.0027 r=0.0190 beta=0.60) | val: 1.68deg/1417mm | 16.4s
[ 1200/5000] loss=0.0130 (t=0.0026 r=0.0180 beta=0.58) | val: 1.71deg/1571mm | 17.2s
[ 1300/5000] loss=0.0122 (t=0.0025 r=0.0175 beta=0.56) | val: 1.69deg/1366mm | 18.1s
[ 1400/5000] loss=0.0117 (t=0.0026 r=0.0170 beta=0.54) | val: 1.76deg/1564mm | 18.9s
[ 1500/5000] loss=0.0113 (t=0.0024 r=0.0172 beta=0.52) | val: 1.63deg/1590mm | 19.8s
[ 1600/5000] loss=0.0108 (t=0.0023 r=0.0169 beta=0.50) | val: 1.72deg/1508mm | 20.6s
[ 1700/5000] loss=0.0103 (t=0.0021 r=0.0168 beta=0.48) | val: 1.72deg/1532mm | 21.5s
[ 1800/5000] loss=0.0101 (t=0.0021 r=0.0171 beta=0.47) | val: 1.67deg/1622mm | 22.3s
[ 1900/5000] loss=0.0097 (t=0.0021 r=0.0168 beta=0.45) | val: 1.66deg/1435mm | 23.1s
[ 2000/5000] loss=0.0094 (t=0.0021 r=0.0166 beta=0.44) | val: 1.69deg/1627mm | 24.0s
[ 2100/5000] loss=0.0086 (t=0.0019 r=0.0157 beta=0.43) | val: 1.82deg/1657mm | 24.8s
[ 2200/5000] loss=0.0087 (t=0.0019 r=0.0164 beta=0.42) | val: 1.87deg/1786mm | 25.7s
[ 2300/5000] loss=0.0081 (t=0.0018 r=0.0155 beta=0.41) | val: 1.72deg/1578mm | 26.5s
[ 2400/5000] loss=0.0081 (t=0.0020 r=0.0154 beta=0.40) | val: 1.79deg/1679mm | 27.3s
[ 2500/5000] loss=0.0080 (t=0.0018 r=0.0159 beta=0.39) | val: 1.77deg/1648mm | 28.2s
[ 2600/5000] loss=0.0077 (t=0.0018 r=0.0157 beta=0.38) | val: 1.77deg/1689mm | 29.0s
[ 2700/5000] loss=0.0073 (t=0.0017 r=0.0152 beta=0.37) | val: 1.75deg/1644mm | 29.9s
[ 2800/5000] loss=0.0073 (t=0.0017 r=0.0154 beta=0.36) | val: 1.72deg/1671mm | 30.7s
[ 2900/5000] loss=0.0070 (t=0.0017 r=0.0150 beta=0.35) | val: 1.95deg/1797mm | 31.5s
[ 3000/5000] loss=0.0069 (t=0.0017 r=0.0151 beta=0.35) | val: 1.87deg/1714mm | 32.3s
[ 3100/5000] loss=0.0068 (t=0.0017 r=0.0149 beta=0.34) | val: 1.87deg/1627mm | 33.1s
[ 3200/5000] loss=0.0067 (t=0.0018 r=0.0145 beta=0.34) | val: 1.81deg/1688mm | 34.0s
[ 3300/5000] loss=0.0066 (t=0.0016 r=0.0149 beta=0.33) | val: 1.80deg/1718mm | 34.8s
[ 3400/5000] loss=0.0064 (t=0.0016 r=0.0145 beta=0.33) | val: 1.84deg/1645mm | 35.6s
[ 3500/5000] loss=0.0065 (t=0.0016 r=0.0151 beta=0.32) | val: 1.87deg/1728mm | 36.5s
[ 3600/5000] loss=0.0064 (t=0.0017 r=0.0148 beta=0.32) | val: 1.87deg/1731mm | 37.3s
[ 3700/5000] loss=0.0063 (t=0.0016 r=0.0147 beta=0.32) | val: 1.80deg/1672mm | 38.1s
[ 3800/5000] loss=0.0060 (t=0.0015 r=0.0143 beta=0.31) | val: 1.86deg/1695mm | 38.9s
[ 3900/5000] loss=0.0060 (t=0.0015 r=0.0143 beta=0.31) | val: 1.80deg/1704mm | 39.8s
[ 4000/5000] loss=0.0059 (t=0.0015 r=0.0140 beta=0.31) | val: 1.84deg/1690mm | 40.6s
[ 4100/5000] loss=0.0060 (t=0.0016 r=0.0142 beta=0.31) | val: 1.87deg/1710mm | 41.4s
[ 4200/5000] loss=0.0059 (t=0.0015 r=0.0144 beta=0.31) | val: 1.83deg/1722mm | 42.3s
[ 4300/5000] loss=0.0061 (t=0.0016 r=0.0147 beta=0.31) | val: 1.82deg/1702mm | 43.2s
[ 4400/5000] loss=0.0057 (t=0.0014 r=0.0140 beta=0.31) | val: 1.83deg/1776mm | 44.0s
[ 4500/5000] loss=0.0058 (t=0.0015 r=0.0142 beta=0.30) | val: 1.83deg/1781mm | 44.9s
[ 4600/5000] loss=0.0058 (t=0.0015 r=0.0142 beta=0.30) | val: 1.85deg/1788mm | 45.7s
[ 4700/5000] loss=0.0059 (t=0.0016 r=0.0143 beta=0.30) | val: 1.85deg/1722mm | 46.5s
[ 4800/5000] loss=0.0056 (t=0.0014 r=0.0139 beta=0.30) | val: 1.83deg/1757mm | 47.4s
[ 4900/5000] loss=0.0059 (t=0.0016 r=0.0144 beta=0.30) | val: 1.80deg/1740mm | 48.2s
[ 5000/5000] loss=0.0058 (t=0.0016 r=0.0141 beta=0.30) | val: 1.82deg/1760mm | 49.1s

Training done. Best epoch: 710, score: 1.4536

Loaded best model from epoch 710

======================================================================
EVALUATION RESULTS (Direct Regression)
======================================================================
Rotation  (median): 1.55deg
Translation (median): 1303mm

  R@5deg_1m: 34.6%  (rot_pass=94.0%, trans_pass=35.2%)
  R@10deg_2m: 68.7%  (rot_pass=99.5%, trans_pass=69.2%)
  R@15deg_5m: 94.5%  (rot_pass=100.0%, trans_pass=94.5%)
  R@25deg_5m: 94.5%  (rot_pass=100.0%, trans_pass=94.5%)

======================================================================
EVALUATION RESULTS (Retrieval Mode)
======================================================================
Retrieval median: 11.27deg / 2240mm
  R@5deg_1m: 1.1%  (rot=3.8%, trans=15.9%)
  R@10deg_2m: 18.7%  (rot=41.8%, trans=45.1%)
  R@15deg_5m: 57.1%  (rot=72.0%, trans=85.2%)
  R@25deg_5m: 81.9%  (rot=96.7%, trans=85.2%)
======================================================================

Done!
--- exp18c_128d_spatiaug_k5_a01_seed123 done ---

=== exp18d_128d_spatiaug_k5_a03_p08_seed314 ===
======================================================================
Experiment: exp18d_128d_spatiaug_k5_a03_p08_seed314
Pool: spp, Features: both+sum
======================================================================
Random seed: 314
Using device: cuda:5

Loading data (fine=True, coarse=True, summary=True)...
  Loaded fine_geo: torch.Size([895, 128, 68, 120])
  Loaded coarse_sem: torch.Size([895, 128, 68, 120])
  Loaded summary: torch.Size([895, 2560])
  [train] 895 samples loaded
  Loaded fine_geo: torch.Size([182, 128, 68, 120])
  Loaded coarse_sem: torch.Size([182, 128, 68, 120])
  Loaded summary: torch.Size([182, 2560])
  [test] 182 samples loaded
Translation norm: mean=[13.19548    -0.64731836 23.103329  ], std=[10.827089    0.94348246  9.766839  ]
  Feature dim after pooling: 7936
Model parameters: 18,905,610

Pre-computing pooled features (OOM-safe mode)...
  Pre-computed pooled features: torch.Size([895, 7936]) (28.4 MB)
  Pre-computed pooled features: torch.Size([182, 7936]) (5.8 MB)
  GPU memory freed. Training with pre-pooled features (7936d)
Model parameters: 18,905,610

Spatial augmentation: k=5, max_dist=5.0m
  Avg valid neighbors per sample: 5.0
  Samples with 0 valid neighbors: 0
[    1/5000] loss=2.7155 (t=0.5479 r=2.1676 beta=1.00) | val: 40.22deg/17066mm | 0.3s
[  100/5000] loss=0.0625 (t=0.0191 r=0.0471 beta=0.92) | val: 2.59deg/1917mm | 4.1s
[  200/5000] loss=0.0393 (t=0.0113 r=0.0320 beta=0.88) | val: 1.90deg/1690mm | 6.6s
[  300/5000] loss=0.0309 (t=0.0071 r=0.0284 beta=0.84) | val: 1.80deg/1633mm | 8.1s
[  400/5000] loss=0.0254 (t=0.0056 r=0.0247 beta=0.80) | val: 1.81deg/1485mm | 9.4s
[  500/5000] loss=0.0229 (t=0.0047 r=0.0239 beta=0.76) | val: 1.93deg/1467mm | 10.2s
[  600/5000] loss=0.0197 (t=0.0041 r=0.0214 beta=0.73) | val: 1.94deg/1650mm | 11.1s
[  700/5000] loss=0.0182 (t=0.0037 r=0.0207 beta=0.70) | val: 1.72deg/1705mm | 11.9s
[  800/5000] loss=0.0167 (t=0.0033 r=0.0199 beta=0.67) | val: 1.74deg/1587mm | 12.8s
[  900/5000] loss=0.0157 (t=0.0032 r=0.0195 beta=0.64) | val: 1.73deg/1572mm | 14.0s
[ 1000/5000] loss=0.0143 (t=0.0027 r=0.0189 beta=0.62) | val: 1.86deg/1655mm | 14.8s
[ 1100/5000] loss=0.0134 (t=0.0026 r=0.0181 beta=0.59) | val: 1.72deg/1690mm | 15.6s
[ 1200/5000] loss=0.0127 (t=0.0027 r=0.0176 beta=0.57) | val: 1.79deg/1605mm | 16.5s
[ 1300/5000] loss=0.0121 (t=0.0024 r=0.0176 beta=0.55) | val: 1.80deg/1635mm | 17.3s
[ 1400/5000] loss=0.0114 (t=0.0022 r=0.0174 beta=0.53) | val: 1.79deg/1538mm | 18.1s
[ 1500/5000] loss=0.0114 (t=0.0025 r=0.0173 beta=0.51) | val: 1.75deg/1654mm | 19.0s
[ 1600/5000] loss=0.0102 (t=0.0021 r=0.0164 beta=0.49) | val: 1.73deg/1592mm | 19.8s
[ 1700/5000] loss=0.0102 (t=0.0021 r=0.0171 beta=0.48) | val: 1.70deg/1559mm | 20.6s
[ 1800/5000] loss=0.0093 (t=0.0020 r=0.0159 beta=0.46) | val: 1.75deg/1550mm | 21.5s
[ 1900/5000] loss=0.0092 (t=0.0020 r=0.0161 beta=0.45) | val: 1.74deg/1525mm | 22.3s
[ 2000/5000] loss=0.0095 (t=0.0023 r=0.0165 beta=0.43) | val: 1.75deg/1723mm | 23.2s
[ 2100/5000] loss=0.0088 (t=0.0020 r=0.0162 beta=0.42) | val: 1.78deg/1636mm | 24.0s
[ 2200/5000] loss=0.0086 (t=0.0020 r=0.0160 beta=0.41) | val: 1.74deg/1583mm | 24.9s
[ 2300/5000] loss=0.0085 (t=0.0020 r=0.0162 beta=0.40) | val: 1.72deg/1593mm | 25.7s
[ 2400/5000] loss=0.0081 (t=0.0019 r=0.0160 beta=0.39) | val: 1.96deg/1566mm | 26.5s
[ 2500/5000] loss=0.0076 (t=0.0019 r=0.0150 beta=0.38) | val: 1.76deg/1688mm | 27.4s
[ 2600/5000] loss=0.0076 (t=0.0018 r=0.0155 beta=0.37) | val: 1.84deg/1659mm | 28.3s
[ 2700/5000] loss=0.0073 (t=0.0018 r=0.0152 beta=0.36) | val: 1.74deg/1609mm | 29.1s
[ 2800/5000] loss=0.0072 (t=0.0018 r=0.0154 beta=0.36) | val: 1.79deg/1569mm | 29.9s
[ 2900/5000] loss=0.0070 (t=0.0018 r=0.0149 beta=0.35) | val: 1.84deg/1693mm | 30.7s
[ 3000/5000] loss=0.0067 (t=0.0017 r=0.0146 beta=0.34) | val: 1.83deg/1614mm | 31.5s
[ 3100/5000] loss=0.0068 (t=0.0018 r=0.0147 beta=0.34) | val: 1.83deg/1624mm | 32.4s
[ 3200/5000] loss=0.0066 (t=0.0017 r=0.0148 beta=0.33) | val: 1.74deg/1754mm | 33.2s
[ 3300/5000] loss=0.0066 (t=0.0017 r=0.0151 beta=0.33) | val: 1.85deg/1641mm | 34.0s
[ 3400/5000] loss=0.0063 (t=0.0016 r=0.0147 beta=0.32) | val: 1.90deg/1750mm | 34.8s
[ 3500/5000] loss=0.0061 (t=0.0015 r=0.0145 beta=0.32) | val: 1.87deg/1652mm | 35.7s
[ 3600/5000] loss=0.0063 (t=0.0017 r=0.0146 beta=0.31) | val: 1.87deg/1680mm | 36.5s
[ 3700/5000] loss=0.0059 (t=0.0015 r=0.0142 beta=0.31) | val: 1.82deg/1764mm | 37.4s
[ 3800/5000] loss=0.0060 (t=0.0016 r=0.0143 beta=0.31) | val: 1.84deg/1746mm | 38.2s
[ 3900/5000] loss=0.0061 (t=0.0016 r=0.0146 beta=0.31) | val: 1.87deg/1749mm | 39.1s
[ 4000/5000] loss=0.0058 (t=0.0015 r=0.0140 beta=0.30) | val: 1.82deg/1749mm | 39.9s
[ 4100/5000] loss=0.0060 (t=0.0016 r=0.0147 beta=0.30) | val: 1.81deg/1754mm | 40.8s
[ 4200/5000] loss=0.0059 (t=0.0016 r=0.0143 beta=0.30) | val: 1.86deg/1794mm | 41.6s
[ 4300/5000] loss=0.0057 (t=0.0015 r=0.0140 beta=0.30) | val: 1.87deg/1758mm | 42.5s
[ 4400/5000] loss=0.0057 (t=0.0015 r=0.0140 beta=0.30) | val: 1.84deg/1748mm | 43.4s
[ 4500/5000] loss=0.0058 (t=0.0016 r=0.0141 beta=0.30) | val: 1.80deg/1757mm | 44.2s
[ 4600/5000] loss=0.0056 (t=0.0015 r=0.0140 beta=0.30) | val: 1.82deg/1752mm | 45.0s
[ 4700/5000] loss=0.0058 (t=0.0015 r=0.0143 beta=0.30) | val: 1.84deg/1744mm | 45.9s
[ 4800/5000] loss=0.0054 (t=0.0013 r=0.0136 beta=0.30) | val: 1.86deg/1761mm | 46.7s
[ 4900/5000] loss=0.0058 (t=0.0016 r=0.0139 beta=0.30) | val: 1.84deg/1750mm | 47.6s
[ 5000/5000] loss=0.0057 (t=0.0015 r=0.0141 beta=0.30) | val: 1.84deg/1737mm | 48.5s

Training done. Best epoch: 810, score: 1.4737

Loaded best model from epoch 810

======================================================================
EVALUATION RESULTS (Direct Regression)
======================================================================
Rotation  (median): 1.74deg
Translation (median): 1306mm

  R@5deg_1m: 38.5%  (rot_pass=92.3%, trans_pass=39.6%)
  R@10deg_2m: 67.6%  (rot_pass=99.5%, trans_pass=68.1%)
  R@15deg_5m: 90.7%  (rot_pass=100.0%, trans_pass=90.7%)
  R@25deg_5m: 90.7%  (rot_pass=100.0%, trans_pass=90.7%)

======================================================================
EVALUATION RESULTS (Retrieval Mode)
======================================================================
Retrieval median: 11.26deg / 2338mm
  R@5deg_1m: 3.3%  (rot=7.7%, trans=22.5%)
  R@10deg_2m: 20.3%  (rot=44.0%, trans=46.2%)
  R@15deg_5m: 56.0%  (rot=72.0%, trans=83.0%)
  R@25deg_5m: 80.8%  (rot=97.3%, trans=83.0%)
======================================================================

Done!
--- exp18d_128d_spatiaug_k5_a03_p08_seed314 done ---

=== exp18d_128d_spatiaug_k5_a03_p08_seed123 ===
======================================================================
Experiment: exp18d_128d_spatiaug_k5_a03_p08_seed123
Pool: spp, Features: both+sum
======================================================================
Random seed: 123
Using device: cuda:5

Loading data (fine=True, coarse=True, summary=True)...
  Loaded fine_geo: torch.Size([895, 128, 68, 120])
  Loaded coarse_sem: torch.Size([895, 128, 68, 120])
  Loaded summary: torch.Size([895, 2560])
  [train] 895 samples loaded
  Loaded fine_geo: torch.Size([182, 128, 68, 120])
  Loaded coarse_sem: torch.Size([182, 128, 68, 120])
  Loaded summary: torch.Size([182, 2560])
  [test] 182 samples loaded
Translation norm: mean=[13.19548    -0.64731836 23.103329  ], std=[10.827089    0.94348246  9.766839  ]
  Feature dim after pooling: 7936
Model parameters: 18,905,610

Pre-computing pooled features (OOM-safe mode)...
  Pre-computed pooled features: torch.Size([895, 7936]) (28.4 MB)
  Pre-computed pooled features: torch.Size([182, 7936]) (5.8 MB)
  GPU memory freed. Training with pre-pooled features (7936d)
Model parameters: 18,905,610

Spatial augmentation: k=5, max_dist=5.0m
  Avg valid neighbors per sample: 5.0
  Samples with 0 valid neighbors: 0
[    1/5000] loss=2.2057 (t=0.5301 r=1.6755 beta=1.00) | val: 30.93deg/20202mm | 0.8s
[  100/5000] loss=0.0614 (t=0.0205 r=0.0443 beta=0.92) | val: 2.66deg/2035mm | 4.9s
[  200/5000] loss=0.0411 (t=0.0122 r=0.0328 beta=0.88) | val: 2.14deg/1721mm | 6.8s
[  300/5000] loss=0.0296 (t=0.0076 r=0.0262 beta=0.84) | val: 1.92deg/1809mm | 8.6s
[  400/5000] loss=0.0256 (t=0.0057 r=0.0248 beta=0.80) | val: 1.89deg/1522mm | 9.5s
[  500/5000] loss=0.0218 (t=0.0045 r=0.0226 beta=0.77) | val: 1.83deg/1579mm | 10.7s
[  600/5000] loss=0.0198 (t=0.0041 r=0.0214 beta=0.74) | val: 1.73deg/1557mm | 11.6s
[  700/5000] loss=0.0183 (t=0.0038 r=0.0207 beta=0.70) | val: 1.65deg/1594mm | 12.4s
[  800/5000] loss=0.0171 (t=0.0034 r=0.0203 beta=0.68) | val: 1.77deg/1385mm | 13.6s
[  900/5000] loss=0.0153 (t=0.0031 r=0.0189 beta=0.65) | val: 1.85deg/1733mm | 14.8s
[ 1000/5000] loss=0.0143 (t=0.0029 r=0.0183 beta=0.62) | val: 1.74deg/1624mm | 15.7s
[ 1100/5000] loss=0.0138 (t=0.0025 r=0.0189 beta=0.60) | val: 1.89deg/1441mm | 16.5s
[ 1200/5000] loss=0.0128 (t=0.0025 r=0.0178 beta=0.57) | val: 1.82deg/1594mm | 17.3s
[ 1300/5000] loss=0.0121 (t=0.0026 r=0.0171 beta=0.55) | val: 1.70deg/1481mm | 18.2s
[ 1400/5000] loss=0.0120 (t=0.0025 r=0.0178 beta=0.53) | val: 1.84deg/1482mm | 19.3s
[ 1500/5000] loss=0.0112 (t=0.0024 r=0.0171 beta=0.51) | val: 1.78deg/1498mm | 20.2s
[ 1600/5000] loss=0.0108 (t=0.0023 r=0.0171 beta=0.50) | val: 1.91deg/1618mm | 21.0s
[ 1700/5000] loss=0.0103 (t=0.0022 r=0.0169 beta=0.48) | val: 1.86deg/1529mm | 21.9s
[ 1800/5000] loss=0.0100 (t=0.0021 r=0.0170 beta=0.47) | val: 1.76deg/1571mm | 22.7s
[ 1900/5000] loss=0.0096 (t=0.0022 r=0.0165 beta=0.45) | val: 1.81deg/1402mm | 23.6s
[ 2000/5000] loss=0.0093 (t=0.0021 r=0.0164 beta=0.44) | val: 1.79deg/1674mm | 24.4s
[ 2100/5000] loss=0.0087 (t=0.0019 r=0.0160 beta=0.42) | val: 1.86deg/1570mm | 25.3s
[ 2200/5000] loss=0.0087 (t=0.0020 r=0.0162 beta=0.41) | val: 1.94deg/1677mm | 26.1s
[ 2300/5000] loss=0.0081 (t=0.0019 r=0.0155 beta=0.40) | val: 1.83deg/1505mm | 27.0s
[ 2400/5000] loss=0.0079 (t=0.0019 r=0.0154 beta=0.39) | val: 1.83deg/1757mm | 27.9s
[ 2500/5000] loss=0.0081 (t=0.0019 r=0.0162 beta=0.38) | val: 1.84deg/1585mm | 28.7s
[ 2600/5000] loss=0.0077 (t=0.0018 r=0.0156 beta=0.37) | val: 1.85deg/1638mm | 29.5s
[ 2700/5000] loss=0.0073 (t=0.0018 r=0.0150 beta=0.37) | val: 1.76deg/1637mm | 30.4s
[ 2800/5000] loss=0.0072 (t=0.0017 r=0.0155 beta=0.36) | val: 1.75deg/1666mm | 31.3s
[ 2900/5000] loss=0.0069 (t=0.0017 r=0.0148 beta=0.35) | val: 1.97deg/1688mm | 32.1s
[ 3000/5000] loss=0.0070 (t=0.0018 r=0.0150 beta=0.34) | val: 1.90deg/1618mm | 33.0s
[ 3100/5000] loss=0.0067 (t=0.0017 r=0.0147 beta=0.34) | val: 1.81deg/1672mm | 33.8s
[ 3200/5000] loss=0.0068 (t=0.0018 r=0.0150 beta=0.33) | val: 1.87deg/1695mm | 34.7s
[ 3300/5000] loss=0.0066 (t=0.0017 r=0.0149 beta=0.33) | val: 1.84deg/1871mm | 35.5s
[ 3400/5000] loss=0.0063 (t=0.0016 r=0.0145 beta=0.32) | val: 1.85deg/1758mm | 36.4s
[ 3500/5000] loss=0.0063 (t=0.0015 r=0.0147 beta=0.32) | val: 1.87deg/1753mm | 37.2s
[ 3600/5000] loss=0.0062 (t=0.0016 r=0.0143 beta=0.32) | val: 1.86deg/1735mm | 38.0s
[ 3700/5000] loss=0.0063 (t=0.0016 r=0.0149 beta=0.31) | val: 1.82deg/1751mm | 38.9s
[ 3800/5000] loss=0.0060 (t=0.0016 r=0.0143 beta=0.31) | val: 1.88deg/1775mm | 39.7s
[ 3900/5000] loss=0.0059 (t=0.0015 r=0.0142 beta=0.31) | val: 1.79deg/1744mm | 40.6s
[ 4000/5000] loss=0.0058 (t=0.0015 r=0.0140 beta=0.31) | val: 1.86deg/1785mm | 41.4s
[ 4100/5000] loss=0.0059 (t=0.0017 r=0.0139 beta=0.31) | val: 1.87deg/1751mm | 42.3s
[ 4200/5000] loss=0.0058 (t=0.0015 r=0.0143 beta=0.30) | val: 1.85deg/1769mm | 43.1s
[ 4300/5000] loss=0.0059 (t=0.0016 r=0.0141 beta=0.30) | val: 1.82deg/1801mm | 44.0s
[ 4400/5000] loss=0.0057 (t=0.0015 r=0.0141 beta=0.30) | val: 1.89deg/1787mm | 44.8s
[ 4500/5000] loss=0.0057 (t=0.0015 r=0.0140 beta=0.30) | val: 1.83deg/1759mm | 45.7s
[ 4600/5000] loss=0.0057 (t=0.0014 r=0.0140 beta=0.30) | val: 1.84deg/1768mm | 46.5s
[ 4700/5000] loss=0.0058 (t=0.0015 r=0.0144 beta=0.30) | val: 1.85deg/1770mm | 47.4s
[ 4800/5000] loss=0.0057 (t=0.0015 r=0.0142 beta=0.30) | val: 1.85deg/1787mm | 48.3s
[ 4900/5000] loss=0.0057 (t=0.0015 r=0.0141 beta=0.30) | val: 1.82deg/1776mm | 49.1s
[ 5000/5000] loss=0.0057 (t=0.0015 r=0.0140 beta=0.30) | val: 1.83deg/1774mm | 50.0s

Training done. Best epoch: 1370, score: 1.5550

Loaded best model from epoch 1370

======================================================================
EVALUATION RESULTS (Direct Regression)
======================================================================
Rotation  (median): 1.70deg
Translation (median): 1394mm

  R@5deg_1m: 30.2%  (rot_pass=92.3%, trans_pass=31.3%)
  R@10deg_2m: 64.8%  (rot_pass=99.5%, trans_pass=65.4%)
  R@15deg_5m: 90.7%  (rot_pass=100.0%, trans_pass=90.7%)
  R@25deg_5m: 90.7%  (rot_pass=100.0%, trans_pass=90.7%)

======================================================================
EVALUATION RESULTS (Retrieval Mode)
======================================================================
Retrieval median: 11.31deg / 2534mm
  R@5deg_1m: 2.7%  (rot=6.0%, trans=22.0%)
  R@10deg_2m: 19.2%  (rot=43.4%, trans=42.3%)
  R@15deg_5m: 56.0%  (rot=70.3%, trans=84.6%)
  R@25deg_5m: 82.4%  (rot=96.7%, trans=84.6%)
======================================================================

Done!
--- exp18d_128d_spatiaug_k5_a03_p08_seed123 done ---

=== exp18e_128d_spatiaug_k10_a03_seed314 ===
======================================================================
Experiment: exp18e_128d_spatiaug_k10_a03_seed314
Pool: spp, Features: both+sum
======================================================================
Random seed: 314
Using device: cuda:5

Loading data (fine=True, coarse=True, summary=True)...
  Loaded fine_geo: torch.Size([895, 128, 68, 120])
  Loaded coarse_sem: torch.Size([895, 128, 68, 120])
  Loaded summary: torch.Size([895, 2560])
  [train] 895 samples loaded
  Loaded fine_geo: torch.Size([182, 128, 68, 120])
  Loaded coarse_sem: torch.Size([182, 128, 68, 120])
  Loaded summary: torch.Size([182, 2560])
  [test] 182 samples loaded
Translation norm: mean=[13.19548    -0.64731836 23.103329  ], std=[10.827089    0.94348246  9.766839  ]
  Feature dim after pooling: 7936
Model parameters: 18,905,610

Pre-computing pooled features (OOM-safe mode)...
  Pre-computed pooled features: torch.Size([895, 7936]) (28.4 MB)
  Pre-computed pooled features: torch.Size([182, 7936]) (5.8 MB)
  GPU memory freed. Training with pre-pooled features (7936d)
Model parameters: 18,905,610

Spatial augmentation: k=10, max_dist=5.0m
  Avg valid neighbors per sample: 10.0
  Samples with 0 valid neighbors: 0
[    1/5000] loss=2.7111 (t=0.5483 r=2.1627 beta=1.00) | val: 43.72deg/15197mm | 0.2s
[  100/5000] loss=0.0631 (t=0.0199 r=0.0467 beta=0.93) | val: 2.45deg/1767mm | 4.0s
[  200/5000] loss=0.0382 (t=0.0109 r=0.0310 beta=0.88) | val: 1.94deg/1686mm | 6.5s
[  300/5000] loss=0.0308 (t=0.0083 r=0.0268 beta=0.84) | val: 1.98deg/1782mm | 7.7s
[  400/5000] loss=0.0250 (t=0.0053 r=0.0246 beta=0.80) | val: 1.97deg/1495mm | 8.5s
[  500/5000] loss=0.0235 (t=0.0047 r=0.0246 beta=0.77) | val: 1.91deg/1555mm | 9.7s
[  600/5000] loss=0.0200 (t=0.0042 r=0.0215 beta=0.73) | val: 2.08deg/1701mm | 10.6s
[  700/5000] loss=0.0184 (t=0.0038 r=0.0209 beta=0.70) | val: 1.79deg/1628mm | 11.4s
[  800/5000] loss=0.0164 (t=0.0031 r=0.0199 beta=0.67) | val: 1.78deg/1535mm | 12.6s
[  900/5000] loss=0.0149 (t=0.0030 r=0.0184 beta=0.64) | val: 1.87deg/1600mm | 13.7s
[ 1000/5000] loss=0.0144 (t=0.0028 r=0.0186 beta=0.62) | val: 1.96deg/1612mm | 14.9s
[ 1100/5000] loss=0.0134 (t=0.0027 r=0.0180 beta=0.59) | val: 1.88deg/1682mm | 15.8s
[ 1200/5000] loss=0.0129 (t=0.0028 r=0.0177 beta=0.57) | val: 1.83deg/1621mm | 16.7s
[ 1300/5000] loss=0.0123 (t=0.0025 r=0.0178 beta=0.55) | val: 1.72deg/1657mm | 17.9s
[ 1400/5000] loss=0.0113 (t=0.0023 r=0.0170 beta=0.53) | val: 1.78deg/1445mm | 18.8s
[ 1500/5000] loss=0.0112 (t=0.0025 r=0.0170 beta=0.51) | val: 1.77deg/1638mm | 19.7s
[ 1600/5000] loss=0.0105 (t=0.0022 r=0.0169 beta=0.49) | val: 1.72deg/1516mm | 20.6s
[ 1700/5000] loss=0.0104 (t=0.0021 r=0.0174 beta=0.48) | val: 1.77deg/1496mm | 21.4s
[ 1800/5000] loss=0.0095 (t=0.0020 r=0.0163 beta=0.46) | val: 1.76deg/1574mm | 22.3s
[ 1900/5000] loss=0.0092 (t=0.0021 r=0.0158 beta=0.45) | val: 1.64deg/1596mm | 23.2s
[ 2000/5000] loss=0.0094 (t=0.0022 r=0.0166 beta=0.43) | val: 1.80deg/1679mm | 24.1s
[ 2100/5000] loss=0.0088 (t=0.0020 r=0.0161 beta=0.42) | val: 1.72deg/1624mm | 24.9s
[ 2200/5000] loss=0.0083 (t=0.0019 r=0.0155 beta=0.41) | val: 1.78deg/1705mm | 25.8s
[ 2300/5000] loss=0.0084 (t=0.0020 r=0.0161 beta=0.40) | val: 1.76deg/1656mm | 26.6s
[ 2400/5000] loss=0.0080 (t=0.0018 r=0.0160 beta=0.39) | val: 1.92deg/1656mm | 27.5s
[ 2500/5000] loss=0.0078 (t=0.0020 r=0.0152 beta=0.38) | val: 1.73deg/1670mm | 28.3s
[ 2600/5000] loss=0.0079 (t=0.0020 r=0.0160 beta=0.37) | val: 1.82deg/1725mm | 29.2s
[ 2700/5000] loss=0.0074 (t=0.0019 r=0.0151 beta=0.36) | val: 1.82deg/1688mm | 30.0s
[ 2800/5000] loss=0.0071 (t=0.0018 r=0.0152 beta=0.35) | val: 1.80deg/1621mm | 30.8s
[ 2900/5000] loss=0.0069 (t=0.0018 r=0.0148 beta=0.35) | val: 1.85deg/1716mm | 31.7s
[ 3000/5000] loss=0.0067 (t=0.0017 r=0.0149 beta=0.34) | val: 1.75deg/1662mm | 32.6s
[ 3100/5000] loss=0.0069 (t=0.0019 r=0.0151 beta=0.34) | val: 1.75deg/1711mm | 33.5s
[ 3200/5000] loss=0.0067 (t=0.0017 r=0.0150 beta=0.33) | val: 1.78deg/1751mm | 34.3s
[ 3300/5000] loss=0.0066 (t=0.0017 r=0.0150 beta=0.33) | val: 1.86deg/1736mm | 35.2s
[ 3400/5000] loss=0.0064 (t=0.0016 r=0.0149 beta=0.32) | val: 1.79deg/1833mm | 36.0s
[ 3500/5000] loss=0.0063 (t=0.0016 r=0.0146 beta=0.32) | val: 1.89deg/1736mm | 36.8s
[ 3600/5000] loss=0.0063 (t=0.0017 r=0.0147 beta=0.31) | val: 1.81deg/1814mm | 37.6s
[ 3700/5000] loss=0.0062 (t=0.0016 r=0.0146 beta=0.31) | val: 1.77deg/1750mm | 38.5s
[ 3800/5000] loss=0.0061 (t=0.0016 r=0.0145 beta=0.31) | val: 1.87deg/1792mm | 39.3s
[ 3900/5000] loss=0.0061 (t=0.0016 r=0.0147 beta=0.31) | val: 1.87deg/1763mm | 40.1s
[ 4000/5000] loss=0.0059 (t=0.0016 r=0.0143 beta=0.30) | val: 1.82deg/1734mm | 40.9s
[ 4100/5000] loss=0.0060 (t=0.0016 r=0.0146 beta=0.30) | val: 1.77deg/1731mm | 41.8s
[ 4200/5000] loss=0.0061 (t=0.0016 r=0.0148 beta=0.30) | val: 1.90deg/1822mm | 42.6s
[ 4300/5000] loss=0.0058 (t=0.0015 r=0.0143 beta=0.30) | val: 1.84deg/1798mm | 43.5s
[ 4400/5000] loss=0.0057 (t=0.0015 r=0.0139 beta=0.30) | val: 1.89deg/1793mm | 44.3s
[ 4500/5000] loss=0.0057 (t=0.0015 r=0.0141 beta=0.30) | val: 1.82deg/1800mm | 45.2s
[ 4600/5000] loss=0.0058 (t=0.0015 r=0.0144 beta=0.30) | val: 1.85deg/1784mm | 46.0s
[ 4700/5000] loss=0.0058 (t=0.0015 r=0.0143 beta=0.30) | val: 1.83deg/1821mm | 46.9s
[ 4800/5000] loss=0.0055 (t=0.0014 r=0.0139 beta=0.30) | val: 1.82deg/1808mm | 47.7s
[ 4900/5000] loss=0.0057 (t=0.0015 r=0.0141 beta=0.30) | val: 1.81deg/1793mm | 48.6s
[ 5000/5000] loss=0.0057 (t=0.0015 r=0.0143 beta=0.30) | val: 1.81deg/1787mm | 49.5s

Training done. Best epoch: 1280, score: 1.4931

Loaded best model from epoch 1280

======================================================================
EVALUATION RESULTS (Direct Regression)
======================================================================
Rotation  (median): 1.74deg
Translation (median): 1339mm

  R@5deg_1m: 34.1%  (rot_pass=90.1%, trans_pass=34.1%)
  R@10deg_2m: 64.8%  (rot_pass=98.9%, trans_pass=65.9%)
  R@15deg_5m: 92.3%  (rot_pass=100.0%, trans_pass=92.3%)
  R@25deg_5m: 92.3%  (rot_pass=100.0%, trans_pass=92.3%)

======================================================================
EVALUATION RESULTS (Retrieval Mode)
======================================================================
Retrieval median: 11.82deg / 2447mm
  R@5deg_1m: 2.2%  (rot=6.0%, trans=19.8%)
  R@10deg_2m: 18.1%  (rot=40.7%, trans=42.3%)
  R@15deg_5m: 54.4%  (rot=67.0%, trans=86.3%)
  R@25deg_5m: 83.5%  (rot=96.7%, trans=86.3%)
======================================================================

Done!
--- exp18e_128d_spatiaug_k10_a03_seed314 done ---

=== exp18e_128d_spatiaug_k10_a03_seed123 ===
======================================================================
Experiment: exp18e_128d_spatiaug_k10_a03_seed123
Pool: spp, Features: both+sum
======================================================================
Random seed: 123
Using device: cuda:5

Loading data (fine=True, coarse=True, summary=True)...
  Loaded fine_geo: torch.Size([895, 128, 68, 120])
  Loaded coarse_sem: torch.Size([895, 128, 68, 120])
  Loaded summary: torch.Size([895, 2560])
  [train] 895 samples loaded
  Loaded fine_geo: torch.Size([182, 128, 68, 120])
  Loaded coarse_sem: torch.Size([182, 128, 68, 120])
  Loaded summary: torch.Size([182, 2560])
  [test] 182 samples loaded
Translation norm: mean=[13.19548    -0.64731836 23.103329  ], std=[10.827089    0.94348246  9.766839  ]
  Feature dim after pooling: 7936
Model parameters: 18,905,610

Pre-computing pooled features (OOM-safe mode)...
  Pre-computed pooled features: torch.Size([895, 7936]) (28.4 MB)
  Pre-computed pooled features: torch.Size([182, 7936]) (5.8 MB)
  GPU memory freed. Training with pre-pooled features (7936d)
Model parameters: 18,905,610

Spatial augmentation: k=10, max_dist=5.0m
  Avg valid neighbors per sample: 10.0
  Samples with 0 valid neighbors: 0
[    1/5000] loss=2.2087 (t=0.5316 r=1.6771 beta=1.00) | val: 33.02deg/19353mm | 0.3s
[  100/5000] loss=0.0644 (t=0.0213 r=0.0465 beta=0.93) | val: 2.78deg/2011mm | 4.5s
[  200/5000] loss=0.0430 (t=0.0138 r=0.0329 beta=0.88) | val: 2.18deg/1665mm | 6.3s
[  300/5000] loss=0.0301 (t=0.0073 r=0.0269 beta=0.85) | val: 1.86deg/1655mm | 8.4s
[  400/5000] loss=0.0255 (t=0.0055 r=0.0247 beta=0.81) | val: 1.84deg/1448mm | 9.3s
[  500/5000] loss=0.0222 (t=0.0044 r=0.0229 beta=0.78) | val: 1.94deg/1509mm | 10.7s
[  600/5000] loss=0.0198 (t=0.0044 r=0.0207 beta=0.75) | val: 1.63deg/1451mm | 11.9s
[  700/5000] loss=0.0185 (t=0.0036 r=0.0208 beta=0.71) | val: 1.62deg/1487mm | 12.7s
[  800/5000] loss=0.0181 (t=0.0037 r=0.0209 beta=0.69) | val: 1.68deg/1451mm | 13.5s
[  900/5000] loss=0.0157 (t=0.0030 r=0.0192 beta=0.66) | val: 1.89deg/1599mm | 14.7s
[ 1000/5000] loss=0.0143 (t=0.0027 r=0.0183 beta=0.63) | val: 1.80deg/1571mm | 15.5s
[ 1100/5000] loss=0.0139 (t=0.0026 r=0.0185 beta=0.61) | val: 1.69deg/1434mm | 16.4s
[ 1200/5000] loss=0.0134 (t=0.0027 r=0.0182 beta=0.59) | val: 1.72deg/1570mm | 17.2s
[ 1300/5000] loss=0.0127 (t=0.0026 r=0.0179 beta=0.57) | val: 1.64deg/1481mm | 18.0s
[ 1400/5000] loss=0.0122 (t=0.0026 r=0.0176 beta=0.55) | val: 1.80deg/1563mm | 18.9s
[ 1500/5000] loss=0.0114 (t=0.0023 r=0.0172 beta=0.53) | val: 1.66deg/1526mm | 19.7s
[ 1600/5000] loss=0.0109 (t=0.0024 r=0.0168 beta=0.51) | val: 1.77deg/1541mm | 20.5s
[ 1700/5000] loss=0.0106 (t=0.0022 r=0.0171 beta=0.49) | val: 1.76deg/1557mm | 21.3s
[ 1800/5000] loss=0.0104 (t=0.0022 r=0.0172 beta=0.48) | val: 1.63deg/1497mm | 22.1s
[ 1900/5000] loss=0.0099 (t=0.0022 r=0.0168 beta=0.46) | val: 1.69deg/1484mm | 23.0s
[ 2000/5000] loss=0.0096 (t=0.0021 r=0.0167 beta=0.45) | val: 1.74deg/1672mm | 23.8s
[ 2100/5000] loss=0.0091 (t=0.0020 r=0.0163 beta=0.44) | val: 1.87deg/1534mm | 24.6s
[ 2200/5000] loss=0.0090 (t=0.0020 r=0.0165 beta=0.42) | val: 1.74deg/1635mm | 25.4s
[ 2300/5000] loss=0.0084 (t=0.0018 r=0.0159 beta=0.41) | val: 1.75deg/1525mm | 26.2s
[ 2400/5000] loss=0.0083 (t=0.0020 r=0.0157 beta=0.40) | val: 1.74deg/1625mm | 27.1s
[ 2500/5000] loss=0.0082 (t=0.0019 r=0.0160 beta=0.39) | val: 1.68deg/1631mm | 27.9s
[ 2600/5000] loss=0.0077 (t=0.0018 r=0.0155 beta=0.38) | val: 1.73deg/1610mm | 28.7s
[ 2700/5000] loss=0.0075 (t=0.0017 r=0.0155 beta=0.38) | val: 1.70deg/1519mm | 29.5s
[ 2800/5000] loss=0.0076 (t=0.0018 r=0.0156 beta=0.37) | val: 1.73deg/1661mm | 30.3s
[ 2900/5000] loss=0.0073 (t=0.0017 r=0.0154 beta=0.36) | val: 1.74deg/1691mm | 31.2s
[ 3000/5000] loss=0.0071 (t=0.0017 r=0.0155 beta=0.35) | val: 1.72deg/1627mm | 32.0s
[ 3100/5000] loss=0.0070 (t=0.0018 r=0.0150 beta=0.35) | val: 1.76deg/1597mm | 32.8s
[ 3200/5000] loss=0.0069 (t=0.0018 r=0.0149 beta=0.34) | val: 1.68deg/1670mm | 33.6s
[ 3300/5000] loss=0.0067 (t=0.0016 r=0.0150 beta=0.34) | val: 1.70deg/1746mm | 34.4s
[ 3400/5000] loss=0.0066 (t=0.0017 r=0.0147 beta=0.33) | val: 1.72deg/1663mm | 35.3s
[ 3500/5000] loss=0.0067 (t=0.0016 r=0.0153 beta=0.33) | val: 1.70deg/1631mm | 36.1s
[ 3600/5000] loss=0.0065 (t=0.0017 r=0.0149 beta=0.33) | val: 1.74deg/1622mm | 37.0s
[ 3700/5000] loss=0.0065 (t=0.0016 r=0.0151 beta=0.32) | val: 1.76deg/1627mm | 37.9s
[ 3800/5000] loss=0.0061 (t=0.0015 r=0.0143 beta=0.32) | val: 1.71deg/1643mm | 38.7s
[ 3900/5000] loss=0.0061 (t=0.0015 r=0.0145 beta=0.32) | val: 1.70deg/1654mm | 39.5s
[ 4000/5000] loss=0.0060 (t=0.0015 r=0.0142 beta=0.32) | val: 1.71deg/1620mm | 40.3s
[ 4100/5000] loss=0.0061 (t=0.0016 r=0.0143 beta=0.31) | val: 1.80deg/1656mm | 41.2s
[ 4200/5000] loss=0.0061 (t=0.0015 r=0.0144 beta=0.31) | val: 1.75deg/1641mm | 42.0s
[ 4300/5000] loss=0.0064 (t=0.0017 r=0.0151 beta=0.31) | val: 1.71deg/1645mm | 42.9s
[ 4400/5000] loss=0.0060 (t=0.0015 r=0.0144 beta=0.31) | val: 1.77deg/1726mm | 43.8s
[ 4500/5000] loss=0.0059 (t=0.0015 r=0.0142 beta=0.31) | val: 1.76deg/1698mm | 44.8s
[ 4600/5000] loss=0.0059 (t=0.0015 r=0.0143 beta=0.31) | val: 1.77deg/1715mm | 45.7s
[ 4700/5000] loss=0.0060 (t=0.0016 r=0.0144 beta=0.31) | val: 1.75deg/1647mm | 46.6s
[ 4800/5000] loss=0.0059 (t=0.0015 r=0.0143 beta=0.31) | val: 1.73deg/1661mm | 47.5s
[ 4900/5000] loss=0.0060 (t=0.0015 r=0.0145 beta=0.31) | val: 1.72deg/1673mm | 48.4s
[ 5000/5000] loss=0.0061 (t=0.0016 r=0.0144 beta=0.31) | val: 1.71deg/1683mm | 49.3s

Training done. Best epoch: 860, score: 1.4789

Loaded best model from epoch 860

======================================================================
EVALUATION RESULTS (Direct Regression)
======================================================================
Rotation  (median): 1.58deg
Translation (median): 1351mm

  R@5deg_1m: 32.4%  (rot_pass=94.5%, trans_pass=33.5%)
  R@10deg_2m: 67.0%  (rot_pass=99.5%, trans_pass=67.6%)
  R@15deg_5m: 91.8%  (rot_pass=100.0%, trans_pass=91.8%)
  R@25deg_5m: 91.8%  (rot_pass=100.0%, trans_pass=91.8%)

======================================================================
EVALUATION RESULTS (Retrieval Mode)
======================================================================
Retrieval median: 11.77deg / 2384mm
  R@5deg_1m: 2.2%  (rot=6.0%, trans=20.9%)
  R@10deg_2m: 19.8%  (rot=42.3%, trans=44.5%)
  R@15deg_5m: 54.4%  (rot=68.7%, trans=85.2%)
  R@25deg_5m: 80.8%  (rot=95.1%, trans=85.2%)
======================================================================

Done!
--- exp18e_128d_spatiaug_k10_a03_seed123 done ---


=== ALL SPATIAL AUGMENTATION EXPERIMENTS DONE ===
