Random seed: 123
Using device: cuda:1
  Feature dim after pooling: 4608

Loading raw data for frozen pooling (fine=True, coarse=True, summary=True)...
  Loaded fine_geo: torch.Size([895, 128, 68, 120])
  Loaded coarse_sem: torch.Size([895, 128, 68, 120])
  Loaded summary: torch.Size([895, 2560])
  [train] 895 samples loaded
  Loaded fine_geo: torch.Size([182, 128, 68, 120])
  Loaded coarse_sem: torch.Size([182, 128, 68, 120])
  Loaded summary: torch.Size([182, 2560])
  [test] 182 samples loaded

Precomputing frozen pooled features...
  Pre-computed pooled features: torch.Size([895, 4608]) (16.5 MB)
  Pre-computed pooled features: torch.Size([182, 4608]) (3.4 MB)
Trainable parameters: 10,771,211
[    1/10000] loss=4.8190 (t=0.3643 rank=5.5061 rot=1.7016 beta=1.00) | val: 27.34deg/24966mm R@10/2=0.0% R@5/1=0.0% attn_top1<2m=29.1% | 0.5s
[  100/10000] loss=1.7652 (t=0.0188 rank=3.4081 rot=0.0455 beta=0.93) | val: 2.60deg/2297mm R@10/2=42.9% R@5/1=19.2% attn_top1<2m=41.8% | 2.7s
[  200/10000] loss=1.7079 (t=0.0103 rank=3.3339 rot=0.0346 beta=0.88) | val: 2.01deg/2159mm R@10/2=46.7% R@5/1=24.2% attn_top1<2m=40.1% | 5.0s
[  300/10000] loss=1.6959 (t=0.0090 rank=3.3223 rot=0.0306 beta=0.84) | val: 1.68deg/2172mm R@10/2=46.7% R@5/1=25.3% attn_top1<2m=39.6% | 6.2s
[  400/10000] loss=1.6792 (t=0.0043 rank=3.3088 rot=0.0256 beta=0.80) | val: 2.39deg/2262mm R@10/2=45.1% R@5/1=24.7% attn_top1<2m=40.7% | 7.5s
[  500/10000] loss=1.6715 (t=0.0044 rank=3.2959 rot=0.0251 beta=0.77) | val: 1.69deg/2200mm R@10/2=47.3% R@5/1=23.1% attn_top1<2m=40.7% | 8.7s
[  600/10000] loss=1.6919 (t=0.0029 rank=3.3420 rot=0.0247 beta=0.73) | val: 1.89deg/2071mm R@10/2=49.5% R@5/1=23.1% attn_top1<2m=40.7% | 10.0s
[  700/10000] loss=1.7135 (t=0.0028 rank=3.3862 rot=0.0253 beta=0.70) | val: 1.63deg/2219mm R@10/2=47.3% R@5/1=24.7% attn_top1<2m=39.0% | 11.4s
[  800/10000] loss=1.7007 (t=0.0022 rank=3.3692 rot=0.0207 beta=0.67) | val: 1.65deg/2163mm R@10/2=47.3% R@5/1=23.6% attn_top1<2m=39.0% | 12.9s
[  900/10000] loss=1.6554 (t=0.0029 rank=3.2772 rot=0.0218 beta=0.64) | val: 1.92deg/2268mm R@10/2=46.7% R@5/1=22.5% attn_top1<2m=39.6% | 14.3s
[ 1000/10000] loss=1.6247 (t=0.0026 rank=3.2171 rot=0.0222 beta=0.61) | val: 1.83deg/2115mm R@10/2=48.4% R@5/1=24.7% attn_top1<2m=40.1% | 15.4s
[ 1100/10000] loss=1.6703 (t=0.0023 rank=3.3150 rot=0.0181 beta=0.58) | val: 1.62deg/2094mm R@10/2=47.8% R@5/1=22.5% attn_top1<2m=40.7% | 16.5s
[ 1200/10000] loss=1.6755 (t=0.0014 rank=3.3264 rot=0.0194 beta=0.56) | val: 1.84deg/2324mm R@10/2=46.2% R@5/1=23.6% attn_top1<2m=40.1% | 17.6s
[ 1300/10000] loss=1.6329 (t=0.0017 rank=3.2417 rot=0.0193 beta=0.54) | val: 1.81deg/2200mm R@10/2=47.3% R@5/1=23.6% attn_top1<2m=39.6% | 18.8s
[ 1400/10000] loss=1.6888 (t=0.0013 rank=3.3567 rot=0.0179 beta=0.52) | val: 1.76deg/2160mm R@10/2=48.4% R@5/1=24.2% attn_top1<2m=40.1% | 20.1s
[ 1500/10000] loss=1.6739 (t=0.0014 rank=3.3279 rot=0.0173 beta=0.50) | val: 1.84deg/2369mm R@10/2=47.3% R@5/1=19.8% attn_top1<2m=40.1% | 21.4s
[ 1600/10000] loss=1.6290 (t=0.0013 rank=3.2394 rot=0.0168 beta=0.48) | val: 1.69deg/2237mm R@10/2=47.8% R@5/1=21.4% attn_top1<2m=40.7% | 22.9s
[ 1700/10000] loss=1.5963 (t=0.0011 rank=3.1729 rot=0.0191 beta=0.46) | val: 1.58deg/2284mm R@10/2=47.3% R@5/1=20.3% attn_top1<2m=39.6% | 24.1s
[ 1800/10000] loss=1.6790 (t=0.0012 rank=3.3408 rot=0.0168 beta=0.44) | val: 1.75deg/2197mm R@10/2=47.8% R@5/1=22.5% attn_top1<2m=39.6% | 25.1s
[ 1900/10000] loss=1.6847 (t=0.0011 rank=3.3536 rot=0.0162 beta=0.42) | val: 1.65deg/2281mm R@10/2=46.7% R@5/1=20.9% attn_top1<2m=41.2% | 26.2s
[ 2000/10000] loss=1.7084 (t=0.0013 rank=3.4017 rot=0.0154 beta=0.41) | val: 1.67deg/2327mm R@10/2=46.2% R@5/1=20.9% attn_top1<2m=40.7% | 27.2s
[ 2100/10000] loss=1.6613 (t=0.0009 rank=3.3076 rot=0.0168 beta=0.39) | val: 1.64deg/2427mm R@10/2=43.4% R@5/1=23.6% attn_top1<2m=39.6% | 28.4s
[ 2200/10000] loss=1.6442 (t=0.0008 rank=3.2741 rot=0.0168 beta=0.38) | val: 1.68deg/2414mm R@10/2=44.5% R@5/1=23.6% attn_top1<2m=40.1% | 29.5s
[ 2300/10000] loss=1.6397 (t=0.0013 rank=3.2644 rot=0.0169 beta=0.36) | val: 1.58deg/2351mm R@10/2=45.6% R@5/1=21.4% attn_top1<2m=40.1% | 30.8s
[ 2400/10000] loss=1.6523 (t=0.0009 rank=3.2924 rot=0.0149 beta=0.35) | val: 1.67deg/2430mm R@10/2=45.1% R@5/1=19.8% attn_top1<2m=40.7% | 32.0s
[ 2500/10000] loss=1.6377 (t=0.0009 rank=3.2630 rot=0.0157 beta=0.34) | val: 1.69deg/2334mm R@10/2=44.5% R@5/1=21.4% attn_top1<2m=40.1% | 33.2s
[ 2600/10000] loss=1.6889 (t=0.0009 rank=3.3660 rot=0.0153 beta=0.33) | val: 1.64deg/2511mm R@10/2=42.9% R@5/1=20.9% attn_top1<2m=39.6% | 34.3s
[ 2700/10000] loss=1.6466 (t=0.0012 rank=3.2812 rot=0.0150 beta=0.32) | val: 1.64deg/2243mm R@10/2=44.5% R@5/1=23.1% attn_top1<2m=39.6% | 35.4s
[ 2800/10000] loss=1.6723 (t=0.0011 rank=3.3331 rot=0.0153 beta=0.31) | val: 1.62deg/2166mm R@10/2=45.1% R@5/1=21.4% attn_top1<2m=40.7% | 36.5s
[ 2900/10000] loss=1.6196 (t=0.0008 rank=3.2279 rot=0.0165 beta=0.30) | val: 1.66deg/2308mm R@10/2=46.2% R@5/1=20.3% attn_top1<2m=39.6% | 37.6s
[ 3000/10000] loss=1.6571 (t=0.0010 rank=3.3038 rot=0.0148 beta=0.29) | val: 1.68deg/2270mm R@10/2=46.2% R@5/1=25.3% attn_top1<2m=40.1% | 38.6s
[ 3100/10000] loss=1.6072 (t=0.0008 rank=3.2037 rot=0.0162 beta=0.28) | val: 1.67deg/2408mm R@10/2=45.1% R@5/1=20.9% attn_top1<2m=40.1% | 39.8s
[ 3200/10000] loss=1.6582 (t=0.0008 rank=3.3071 rot=0.0146 beta=0.27) | val: 1.56deg/2336mm R@10/2=45.1% R@5/1=23.1% attn_top1<2m=40.1% | 40.9s
[ 3300/10000] loss=1.6967 (t=0.0009 rank=3.3843 rot=0.0139 beta=0.26) | val: 1.67deg/2319mm R@10/2=45.1% R@5/1=23.6% attn_top1<2m=40.1% | 41.9s
[ 3400/10000] loss=1.6479 (t=0.0008 rank=3.2865 rot=0.0155 beta=0.25) | val: 1.60deg/2558mm R@10/2=43.4% R@5/1=22.5% attn_top1<2m=40.7% | 43.0s
[ 3500/10000] loss=1.7063 (t=0.0008 rank=3.4042 rot=0.0140 beta=0.24) | val: 1.68deg/2459mm R@10/2=44.5% R@5/1=21.4% attn_top1<2m=40.1% | 44.0s
[ 3600/10000] loss=1.6803 (t=0.0008 rank=3.3515 rot=0.0155 beta=0.24) | val: 1.66deg/2386mm R@10/2=44.0% R@5/1=20.9% attn_top1<2m=39.0% | 45.2s
[ 3700/10000] loss=1.6769 (t=0.0006 rank=3.3466 rot=0.0129 beta=0.23) | val: 1.59deg/2577mm R@10/2=43.4% R@5/1=22.5% attn_top1<2m=39.6% | 46.2s
[ 3800/10000] loss=1.6423 (t=0.0007 rank=3.2767 rot=0.0145 beta=0.22) | val: 1.52deg/2508mm R@10/2=42.9% R@5/1=23.6% attn_top1<2m=40.1% | 47.3s
[ 3900/10000] loss=1.6758 (t=0.0008 rank=3.3441 rot=0.0135 beta=0.22) | val: 1.68deg/2393mm R@10/2=44.5% R@5/1=23.6% attn_top1<2m=40.7% | 48.4s
[ 4000/10000] loss=1.6925 (t=0.0007 rank=3.3780 rot=0.0131 beta=0.21) | val: 1.60deg/2445mm R@10/2=44.5% R@5/1=23.1% attn_top1<2m=40.1% | 49.6s
[ 4100/10000] loss=1.6595 (t=0.0005 rank=3.3123 rot=0.0136 beta=0.21) | val: 1.64deg/2346mm R@10/2=45.1% R@5/1=24.7% attn_top1<2m=39.0% | 51.3s
[ 4200/10000] loss=1.7146 (t=0.0005 rank=3.4231 rot=0.0128 beta=0.20) | val: 1.69deg/2384mm R@10/2=44.0% R@5/1=20.9% attn_top1<2m=39.6% | 52.4s
[ 4300/10000] loss=1.6499 (t=0.0005 rank=3.2937 rot=0.0131 beta=0.19) | val: 1.60deg/2335mm R@10/2=42.9% R@5/1=20.9% attn_top1<2m=40.7% | 53.4s
[ 4400/10000] loss=1.6598 (t=0.0008 rank=3.3128 rot=0.0139 beta=0.19) | val: 1.63deg/2379mm R@10/2=43.4% R@5/1=24.2% attn_top1<2m=40.1% | 54.6s
[ 4500/10000] loss=1.6133 (t=0.0006 rank=3.2202 rot=0.0137 beta=0.18) | val: 1.55deg/2529mm R@10/2=42.9% R@5/1=23.6% attn_top1<2m=40.1% | 55.9s
[ 4600/10000] loss=1.6671 (t=0.0006 rank=3.3280 rot=0.0138 beta=0.18) | val: 1.64deg/2367mm R@10/2=44.0% R@5/1=22.5% attn_top1<2m=40.1% | 57.0s
[ 4700/10000] loss=1.6864 (t=0.0007 rank=3.3672 rot=0.0122 beta=0.18) | val: 1.70deg/2293mm R@10/2=44.0% R@5/1=22.0% attn_top1<2m=40.7% | 58.0s
[ 4800/10000] loss=1.6760 (t=0.0006 rank=3.3460 rot=0.0137 beta=0.17) | val: 1.71deg/2296mm R@10/2=44.5% R@5/1=22.5% attn_top1<2m=40.1% | 59.1s
[ 4900/10000] loss=1.6167 (t=0.0007 rank=3.2278 rot=0.0129 beta=0.17) | val: 1.74deg/2193mm R@10/2=44.5% R@5/1=22.5% attn_top1<2m=40.7% | 60.3s
[ 5000/10000] loss=1.6038 (t=0.0007 rank=3.2017 rot=0.0141 beta=0.16) | val: 1.56deg/2332mm R@10/2=43.4% R@5/1=23.6% attn_top1<2m=39.6% | 61.3s
[ 5100/10000] loss=1.6723 (t=0.0005 rank=3.3396 rot=0.0127 beta=0.16) | val: 1.65deg/2361mm R@10/2=43.4% R@5/1=20.9% attn_top1<2m=39.6% | 62.3s
[ 5200/10000] loss=1.6663 (t=0.0005 rank=3.3277 rot=0.0127 beta=0.16) | val: 1.61deg/2447mm R@10/2=43.4% R@5/1=23.6% attn_top1<2m=39.6% | 63.1s
[ 5300/10000] loss=1.7011 (t=0.0006 rank=3.3971 rot=0.0125 beta=0.15) | val: 1.64deg/2341mm R@10/2=42.9% R@5/1=22.0% attn_top1<2m=39.0% | 64.2s
[ 5400/10000] loss=1.6348 (t=0.0006 rank=3.2645 rot=0.0125 beta=0.15) | val: 1.64deg/2297mm R@10/2=46.2% R@5/1=23.1% attn_top1<2m=40.1% | 65.4s
[ 5500/10000] loss=1.6423 (t=0.0006 rank=3.2796 rot=0.0125 beta=0.15) | val: 1.56deg/2506mm R@10/2=44.5% R@5/1=20.9% attn_top1<2m=40.1% | 66.6s
[ 5600/10000] loss=1.6985 (t=0.0007 rank=3.3921 rot=0.0123 beta=0.14) | val: 1.71deg/2427mm R@10/2=43.4% R@5/1=23.6% attn_top1<2m=40.1% | 68.0s
[ 5700/10000] loss=1.6773 (t=0.0004 rank=3.3503 rot=0.0122 beta=0.14) | val: 1.56deg/2486mm R@10/2=42.9% R@5/1=21.4% attn_top1<2m=40.1% | 69.7s
[ 5800/10000] loss=1.6338 (t=0.0005 rank=3.2627 rot=0.0137 beta=0.14) | val: 1.76deg/2427mm R@10/2=44.0% R@5/1=22.0% attn_top1<2m=40.1% | 70.9s
[ 5900/10000] loss=1.6314 (t=0.0006 rank=3.2583 rot=0.0122 beta=0.13) | val: 1.69deg/2443mm R@10/2=42.9% R@5/1=22.0% attn_top1<2m=40.7% | 72.0s
[ 6000/10000] loss=1.6441 (t=0.0006 rank=3.2838 rot=0.0125 beta=0.13) | val: 1.64deg/2348mm R@10/2=43.4% R@5/1=21.4% attn_top1<2m=40.1% | 73.4s
[ 6100/10000] loss=1.6608 (t=0.0005 rank=3.3174 rot=0.0124 beta=0.13) | val: 1.62deg/2376mm R@10/2=44.0% R@5/1=22.5% attn_top1<2m=39.6% | 74.5s
[ 6200/10000] loss=1.6636 (t=0.0004 rank=3.3234 rot=0.0120 beta=0.13) | val: 1.63deg/2356mm R@10/2=41.8% R@5/1=21.4% attn_top1<2m=39.6% | 75.7s
[ 6300/10000] loss=1.6879 (t=0.0004 rank=3.3723 rot=0.0110 beta=0.13) | val: 1.69deg/2440mm R@10/2=43.4% R@5/1=22.5% attn_top1<2m=39.6% | 76.8s
[ 6400/10000] loss=1.6512 (t=0.0005 rank=3.2985 rot=0.0116 beta=0.12) | val: 1.69deg/2405mm R@10/2=42.9% R@5/1=21.4% attn_top1<2m=39.6% | 78.9s
[ 6500/10000] loss=1.6449 (t=0.0006 rank=3.2856 rot=0.0117 beta=0.12) | val: 1.57deg/2440mm R@10/2=43.4% R@5/1=22.5% attn_top1<2m=39.6% | 80.2s
[ 6600/10000] loss=1.6997 (t=0.0005 rank=3.3956 rot=0.0121 beta=0.12) | val: 1.60deg/2386mm R@10/2=44.0% R@5/1=22.5% attn_top1<2m=39.6% | 81.3s
[ 6700/10000] loss=1.6849 (t=0.0004 rank=3.3661 rot=0.0128 beta=0.12) | val: 1.62deg/2463mm R@10/2=44.0% R@5/1=20.9% attn_top1<2m=40.1% | 82.5s
[ 6800/10000] loss=1.6477 (t=0.0005 rank=3.2916 rot=0.0114 beta=0.12) | val: 1.65deg/2510mm R@10/2=44.0% R@5/1=22.0% attn_top1<2m=39.0% | 83.6s
[ 6900/10000] loss=1.6628 (t=0.0005 rank=3.3217 rot=0.0132 beta=0.11) | val: 1.61deg/2396mm R@10/2=42.9% R@5/1=23.6% attn_top1<2m=39.6% | 84.9s
[ 7000/10000] loss=1.6775 (t=0.0004 rank=3.3515 rot=0.0118 beta=0.11) | val: 1.59deg/2346mm R@10/2=44.0% R@5/1=23.1% attn_top1<2m=39.6% | 86.1s
[ 7100/10000] loss=1.6810 (t=0.0005 rank=3.3586 rot=0.0105 beta=0.11) | val: 1.62deg/2257mm R@10/2=44.0% R@5/1=22.0% attn_top1<2m=39.6% | 87.3s
[ 7200/10000] loss=1.6985 (t=0.0005 rank=3.3935 rot=0.0113 beta=0.11) | val: 1.63deg/2364mm R@10/2=44.5% R@5/1=22.0% attn_top1<2m=39.6% | 88.4s
[ 7300/10000] loss=1.7092 (t=0.0004 rank=3.4154 rot=0.0109 beta=0.11) | val: 1.63deg/2281mm R@10/2=44.5% R@5/1=22.5% attn_top1<2m=39.0% | 89.5s
[ 7400/10000] loss=1.6451 (t=0.0005 rank=3.2865 rot=0.0128 beta=0.11) | val: 1.56deg/2422mm R@10/2=44.0% R@5/1=23.1% attn_top1<2m=39.6% | 90.5s
[ 7500/10000] loss=1.6349 (t=0.0005 rank=3.2662 rot=0.0118 beta=0.11) | val: 1.55deg/2360mm R@10/2=44.0% R@5/1=22.0% attn_top1<2m=39.6% | 91.6s
[ 7600/10000] loss=1.6287 (t=0.0004 rank=3.2538 rot=0.0128 beta=0.11) | val: 1.64deg/2481mm R@10/2=44.5% R@5/1=23.1% attn_top1<2m=40.1% | 92.7s
[ 7700/10000] loss=1.6528 (t=0.0005 rank=3.3024 rot=0.0105 beta=0.11) | val: 1.59deg/2290mm R@10/2=44.0% R@5/1=22.5% attn_top1<2m=39.0% | 94.0s
[ 7800/10000] loss=1.6676 (t=0.0005 rank=3.3318 rot=0.0118 beta=0.10) | val: 1.59deg/2248mm R@10/2=44.0% R@5/1=22.0% attn_top1<2m=39.0% | 95.2s
[ 7900/10000] loss=1.6199 (t=0.0005 rank=3.2366 rot=0.0109 beta=0.10) | val: 1.59deg/2273mm R@10/2=44.5% R@5/1=20.3% attn_top1<2m=40.1% | 96.4s
[ 8000/10000] loss=1.6657 (t=0.0006 rank=3.3279 rot=0.0114 beta=0.10) | val: 1.65deg/2281mm R@10/2=44.5% R@5/1=22.5% attn_top1<2m=39.0% | 97.6s
[ 8100/10000] loss=1.6555 (t=0.0005 rank=3.3077 rot=0.0106 beta=0.10) | val: 1.61deg/2399mm R@10/2=43.4% R@5/1=22.0% attn_top1<2m=39.6% | 98.7s
[ 8200/10000] loss=1.6944 (t=0.0004 rank=3.3857 rot=0.0103 beta=0.10) | val: 1.62deg/2466mm R@10/2=44.0% R@5/1=22.5% attn_top1<2m=39.6% | 99.9s
[ 8300/10000] loss=1.6738 (t=0.0005 rank=3.3446 rot=0.0100 beta=0.10) | val: 1.61deg/2454mm R@10/2=44.0% R@5/1=23.1% attn_top1<2m=39.0% | 101.1s
[ 8400/10000] loss=1.6197 (t=0.0004 rank=3.2364 rot=0.0111 beta=0.10) | val: 1.61deg/2420mm R@10/2=43.4% R@5/1=23.1% attn_top1<2m=39.0% | 102.3s
[ 8500/10000] loss=1.6178 (t=0.0004 rank=3.2322 rot=0.0124 beta=0.10) | val: 1.62deg/2369mm R@10/2=42.9% R@5/1=22.0% attn_top1<2m=39.0% | 103.5s
[ 8600/10000] loss=1.6497 (t=0.0004 rank=3.2964 rot=0.0108 beta=0.10) | val: 1.62deg/2433mm R@10/2=44.0% R@5/1=23.6% attn_top1<2m=39.0% | 105.0s
[ 8700/10000] loss=1.6898 (t=0.0004 rank=3.3766 rot=0.0111 beta=0.10) | val: 1.59deg/2356mm R@10/2=44.0% R@5/1=23.6% attn_top1<2m=39.0% | 106.5s
[ 8800/10000] loss=1.6564 (t=0.0005 rank=3.3096 rot=0.0112 beta=0.10) | val: 1.59deg/2437mm R@10/2=43.4% R@5/1=23.1% attn_top1<2m=39.0% | 108.1s
[ 8900/10000] loss=1.6512 (t=0.0004 rank=3.2995 rot=0.0113 beta=0.10) | val: 1.58deg/2392mm R@10/2=44.5% R@5/1=23.1% attn_top1<2m=39.0% | 109.9s
[ 9000/10000] loss=1.6620 (t=0.0004 rank=3.3210 rot=0.0113 beta=0.10) | val: 1.60deg/2320mm R@10/2=44.5% R@5/1=22.0% attn_top1<2m=39.0% | 111.2s
[ 9100/10000] loss=1.6910 (t=0.0004 rank=3.3792 rot=0.0103 beta=0.10) | val: 1.57deg/2367mm R@10/2=44.0% R@5/1=22.5% attn_top1<2m=39.0% | 112.5s
[ 9200/10000] loss=1.6891 (t=0.0004 rank=3.3752 rot=0.0116 beta=0.10) | val: 1.58deg/2289mm R@10/2=44.0% R@5/1=22.5% attn_top1<2m=39.0% | 113.2s
[ 9300/10000] loss=1.6557 (t=0.0004 rank=3.3084 rot=0.0115 beta=0.10) | val: 1.59deg/2370mm R@10/2=44.0% R@5/1=22.5% attn_top1<2m=39.6% | 114.0s
[ 9400/10000] loss=1.6719 (t=0.0005 rank=3.3407 rot=0.0106 beta=0.10) | val: 1.60deg/2276mm R@10/2=44.0% R@5/1=23.6% attn_top1<2m=39.6% | 114.9s
[ 9500/10000] loss=1.6774 (t=0.0003 rank=3.3519 rot=0.0109 beta=0.10) | val: 1.60deg/2295mm R@10/2=44.0% R@5/1=23.6% attn_top1<2m=39.6% | 115.7s
[ 9600/10000] loss=1.6493 (t=0.0003 rank=3.2958 rot=0.0107 beta=0.10) | val: 1.61deg/2362mm R@10/2=44.0% R@5/1=23.1% attn_top1<2m=39.6% | 116.6s
[ 9700/10000] loss=1.6049 (t=0.0003 rank=3.2068 rot=0.0115 beta=0.10) | val: 1.60deg/2394mm R@10/2=44.0% R@5/1=23.1% attn_top1<2m=39.0% | 117.4s
[ 9800/10000] loss=1.7089 (t=0.0003 rank=3.4150 rot=0.0112 beta=0.10) | val: 1.59deg/2394mm R@10/2=44.0% R@5/1=23.6% attn_top1<2m=39.0% | 118.3s
[ 9900/10000] loss=1.6271 (t=0.0004 rank=3.2514 rot=0.0103 beta=0.10) | val: 1.60deg/2388mm R@10/2=44.0% R@5/1=23.6% attn_top1<2m=39.0% | 119.6s
[10000/10000] loss=1.6902 (t=0.0005 rank=3.3774 rot=0.0110 beta=0.10) | val: 1.60deg/2402mm R@10/2=44.0% R@5/1=23.6% attn_top1<2m=39.0% | 120.6s

Training done. Best epoch: 60, score: 2.1546

======================================================================
EVALUATION RESULTS (Memory Translation + Rotation Regression)
======================================================================
Rotation  (median): 2.95deg
Translation (median): 1863mm
  R@5deg_1m: 18.7%  (rot_pass=80.2%, trans_pass=22.0%)
  R@10deg_2m: 51.1%  (rot_pass=98.4%, trans_pass=52.2%)
  R@15deg_5m: 86.3%  (rot_pass=100.0%, trans_pass=86.3%)
  R@25deg_5m: 86.3%  (rot_pass=100.0%, trans_pass=86.3%)

======================================================================
EVALUATION RESULTS (Retrieval Mode)
======================================================================
Retrieval median: 10.21deg / 2516mm
  R@5deg_1m: 1.1%  (rot=5.5%, trans=17.6%)
  R@10deg_2m: 15.4%  (rot=47.3%, trans=41.8%)
  R@15deg_5m: 59.3%  (rot=81.9%, trans=76.4%)
  R@25deg_5m: 74.2%  (rot=97.8%, trans=76.4%)

======================================================================
MEMORY
======================================================================
  attn_top1_lt2m: 41.8
  attn_top3_lt2m: 44.0
