=== 256d Training with Pre-computed Pooling ===
=== exp14q_256d_wider_seed123 (GPU 5) ===
[ 3800/5000] loss=0.0059 (t=0.0015 r=0.0140 beta=0.31) | val: 1.96deg/1713mm | 39.8s
[ 3900/5000] loss=0.0058 (t=0.0014 r=0.0142 beta=0.31) | val: 1.87deg/1738mm | 40.5s
[ 4000/5000] loss=0.0058 (t=0.0015 r=0.0140 beta=0.31) | val: 1.84deg/1758mm | 41.3s
[ 4100/5000] loss=0.0058 (t=0.0015 r=0.0141 beta=0.31) | val: 1.85deg/1705mm | 42.1s
[ 4200/5000] loss=0.0057 (t=0.0015 r=0.0140 beta=0.30) | val: 1.88deg/1718mm | 42.9s
[ 4300/5000] loss=0.0057 (t=0.0015 r=0.0140 beta=0.30) | val: 1.92deg/1758mm | 43.7s
[ 4400/5000] loss=0.0057 (t=0.0015 r=0.0141 beta=0.30) | val: 1.89deg/1731mm | 44.5s
[ 4500/5000] loss=0.0055 (t=0.0014 r=0.0136 beta=0.30) | val: 1.89deg/1707mm | 45.3s
[ 4600/5000] loss=0.0055 (t=0.0014 r=0.0134 beta=0.30) | val: 1.90deg/1761mm | 46.1s
[ 4700/5000] loss=0.0055 (t=0.0014 r=0.0136 beta=0.30) | val: 1.90deg/1712mm | 46.9s
[ 4800/5000] loss=0.0057 (t=0.0016 r=0.0139 beta=0.30) | val: 1.87deg/1733mm | 47.7s
[ 4900/5000] loss=0.0054 (t=0.0014 r=0.0134 beta=0.30) | val: 1.88deg/1726mm | 48.5s
[ 5000/5000] loss=0.0056 (t=0.0015 r=0.0135 beta=0.30) | val: 1.87deg/1723mm | 49.3s

Training done. Best epoch: 730, score: 1.5059

Loaded best model from epoch 730

======================================================================
EVALUATION RESULTS (Direct Regression)
======================================================================
Rotation  (median): 1.56deg
Translation (median): 1359mm

  R@5deg_1m: 34.1%  (rot_pass=94.0%, trans_pass=35.2%)
  R@10deg_2m: 70.3%  (rot_pass=99.5%, trans_pass=70.9%)
  R@15deg_5m: 91.8%  (rot_pass=100.0%, trans_pass=91.8%)
  R@25deg_5m: 91.8%  (rot_pass=100.0%, trans_pass=91.8%)

======================================================================
EVALUATION RESULTS (Retrieval Mode)
======================================================================
Retrieval median: 10.83deg / 2408mm
  R@5deg_1m: 2.7%  (rot=7.1%, trans=22.0%)
  R@10deg_2m: 19.2%  (rot=42.3%, trans=45.6%)
  R@15deg_5m: 56.6%  (rot=70.9%, trans=83.5%)
  R@25deg_5m: 80.8%  (rot=96.7%, trans=83.5%)
======================================================================

Done!
--- exp14q_256d_wider_seed123 done ---

=== exp14q_256d_wider_seed456 (GPU 5) ===
