  Loaded summary: torch.Size([895, 2560])
  [train] 895 samples loaded
  Loaded summary: torch.Size([182, 2560])
  [test] 182 samples loaded
  Loaded fine_geo: torch.Size([895, 128, 68, 120])
  Loaded coarse_sem: torch.Size([895, 128, 68, 120])
  Loaded summary: torch.Size([895, 2560])
  [train] 895 samples loaded
  Loaded fine_geo: torch.Size([182, 128, 68, 120])
  Loaded coarse_sem: torch.Size([182, 128, 68, 120])
  Loaded summary: torch.Size([182, 2560])
  [test] 182 samples loaded
  Feature dim after pooling: 3584
  Loaded fine_geo: torch.Size([182, 128, 68, 120])
  Loaded coarse_sem: torch.Size([182, 128, 68, 120])
  Loaded summary: torch.Size([182, 2560])
  [test] 182 samples loaded
  Pre-computed pooled features: torch.Size([182, 3584]) (2.6 MB)
  Loaded e123
  Loaded fine_geo: torch.Size([895, 128, 68, 120])
  Loaded coarse_sem: torch.Size([895, 128, 68, 120])
  Loaded summary: torch.Size([895, 2560])
  [train] 895 samples loaded
  Loaded fine_geo: torch.Size([182, 128, 68, 120])
  Loaded coarse_sem: torch.Size([182, 128, 68, 120])
  Loaded summary: torch.Size([182, 2560])
  [test] 182 samples loaded
  Feature dim after pooling: 3584
  Loaded fine_geo: torch.Size([182, 128, 68, 120])
  Loaded coarse_sem: torch.Size([182, 128, 68, 120])
  Loaded summary: torch.Size([182, 2560])
  [test] 182 samples loaded
  Pre-computed pooled features: torch.Size([182, 3584]) (2.6 MB)
  Loaded e38
  Loaded fine_geo: torch.Size([895, 128, 68, 120])
  Loaded coarse_sem: torch.Size([895, 128, 68, 120])
  Loaded summary: torch.Size([895, 2560])
  [train] 895 samples loaded
  Loaded fine_geo: torch.Size([182, 128, 68, 120])
  Loaded coarse_sem: torch.Size([182, 128, 68, 120])
  Loaded summary: torch.Size([182, 2560])
  [test] 182 samples loaded
  Feature dim after pooling: 3584
  Loaded fine_geo: torch.Size([182, 128, 68, 120])
  Loaded coarse_sem: torch.Size([182, 128, 68, 120])
  Loaded summary: torch.Size([182, 2560])
  [test] 182 samples loaded
  Pre-computed pooled features: torch.Size([182, 3584]) (2.6 MB)
  Loaded e47
  Loaded fine_geo: torch.Size([895, 128, 68, 120])
  Loaded coarse_sem: torch.Size([895, 128, 68, 120])
  Loaded summary: torch.Size([895, 2560])
  [train] 895 samples loaded
  Loaded fine_geo: torch.Size([182, 128, 68, 120])
  Loaded coarse_sem: torch.Size([182, 128, 68, 120])
  Loaded summary: torch.Size([182, 2560])
  [test] 182 samples loaded
  Feature dim after pooling: 3584
  Loaded fine_geo: torch.Size([182, 128, 68, 120])
  Loaded coarse_sem: torch.Size([182, 128, 68, 120])
  Loaded summary: torch.Size([182, 2560])
  [test] 182 samples loaded
  Pre-computed pooled features: torch.Size([182, 3584]) (2.6 MB)
  Loaded e40
  Loaded fine_geo: torch.Size([895, 128, 68, 120])
  Loaded coarse_sem: torch.Size([895, 128, 68, 120])
  Loaded summary: torch.Size([895, 2560])
  [train] 895 samples loaded
  Loaded fine_geo: torch.Size([182, 128, 68, 120])
  Loaded coarse_sem: torch.Size([182, 128, 68, 120])
  Loaded summary: torch.Size([182, 2560])
  [test] 182 samples loaded
  Feature dim after pooling: 3584
  Loaded fine_geo: torch.Size([182, 128, 68, 120])
  Loaded coarse_sem: torch.Size([182, 128, 68, 120])
  Loaded summary: torch.Size([182, 2560])
  [test] 182 samples loaded
  Pre-computed pooled features: torch.Size([182, 3584]) (2.6 MB)
  Loaded e60
  Loaded fine_geo: torch.Size([895, 128, 68, 120])
  Loaded coarse_sem: torch.Size([895, 128, 68, 120])
  Loaded summary: torch.Size([895, 2560])
  [train] 895 samples loaded
  Loaded fine_geo: torch.Size([182, 128, 68, 120])
  Loaded coarse_sem: torch.Size([182, 128, 68, 120])
  Loaded summary: torch.Size([182, 2560])
  [test] 182 samples loaded
  Feature dim after pooling: 3584
  Loaded fine_geo: torch.Size([182, 128, 68, 120])
  Loaded coarse_sem: torch.Size([182, 128, 68, 120])
  Loaded summary: torch.Size([182, 2560])
  [test] 182 samples loaded
  Pre-computed pooled features: torch.Size([182, 3584]) (2.6 MB)
  Loaded e51
  Loaded fine_geo: torch.Size([895, 128, 68, 120])
  Loaded coarse_sem: torch.Size([895, 128, 68, 120])
  Loaded summary: torch.Size([895, 2560])
  [train] 895 samples loaded
  Loaded fine_geo: torch.Size([182, 128, 68, 120])
  Loaded coarse_sem: torch.Size([182, 128, 68, 120])
  Loaded summary: torch.Size([182, 2560])
  [test] 182 samples loaded
  Feature dim after pooling: 3584
  Loaded fine_geo: torch.Size([182, 128, 68, 120])
  Loaded coarse_sem: torch.Size([182, 128, 68, 120])
  Loaded summary: torch.Size([182, 2560])
  [test] 182 samples loaded
  Pre-computed pooled features: torch.Size([182, 3584]) (2.6 MB)
  Loaded e24
  Loaded fine_geo: torch.Size([895, 128, 68, 120])
  Loaded coarse_sem: torch.Size([895, 128, 68, 120])
  Loaded summary: torch.Size([895, 2560])
  [train] 895 samples loaded
  Loaded fine_geo: torch.Size([182, 128, 68, 120])
  Loaded coarse_sem: torch.Size([182, 128, 68, 120])
  Loaded summary: torch.Size([182, 2560])
  [test] 182 samples loaded
  Feature dim after pooling: 3584
  Loaded fine_geo: torch.Size([182, 128, 68, 120])
  Loaded coarse_sem: torch.Size([182, 128, 68, 120])
  Loaded summary: torch.Size([182, 2560])
  [test] 182 samples loaded
  Pre-computed pooled features: torch.Size([182, 3584]) (2.6 MB)
  Loaded e26
  Loaded fine_geo: torch.Size([895, 128, 68, 120])
  Loaded coarse_sem: torch.Size([895, 128, 68, 120])
  Loaded summary: torch.Size([895, 2560])
  [train] 895 samples loaded
  Loaded fine_geo: torch.Size([182, 128, 68, 120])
  Loaded coarse_sem: torch.Size([182, 128, 68, 120])
  Loaded summary: torch.Size([182, 2560])
  [test] 182 samples loaded
  Feature dim after pooling: 4608
  Loaded fine_geo: torch.Size([182, 128, 68, 120])
  Loaded coarse_sem: torch.Size([182, 128, 68, 120])
  Loaded summary: torch.Size([182, 2560])
  [test] 182 samples loaded
  Pre-computed pooled features: torch.Size([182, 4608]) (3.4 MB)
  Loaded f15
  Loaded fine_geo: torch.Size([895, 128, 68, 120])
  Loaded coarse_sem: torch.Size([895, 128, 68, 120])
  Loaded summary: torch.Size([895, 2560])
  [train] 895 samples loaded
  Loaded fine_geo: torch.Size([182, 128, 68, 120])
  Loaded coarse_sem: torch.Size([182, 128, 68, 120])
  Loaded summary: torch.Size([182, 2560])
  [test] 182 samples loaded
  Feature dim after pooling: 4608
  Loaded fine_geo: torch.Size([182, 128, 68, 120])
  Loaded coarse_sem: torch.Size([182, 128, 68, 120])
  Loaded summary: torch.Size([182, 2560])
  [test] 182 samples loaded
  Pre-computed pooled features: torch.Size([182, 4608]) (3.4 MB)
  Loaded f42
  Loaded fine_geo: torch.Size([895, 128, 68, 120])
  Loaded coarse_sem: torch.Size([895, 128, 68, 120])
  Loaded summary: torch.Size([895, 2560])
  [train] 895 samples loaded
  Loaded fine_geo: torch.Size([182, 128, 68, 120])
  Loaded coarse_sem: torch.Size([182, 128, 68, 120])
  Loaded summary: torch.Size([182, 2560])
  [test] 182 samples loaded
  Feature dim after pooling: 4608
  Loaded fine_geo: torch.Size([182, 128, 68, 120])
  Loaded coarse_sem: torch.Size([182, 128, 68, 120])
  Loaded summary: torch.Size([182, 2560])
  [test] 182 samples loaded
  Pre-computed pooled features: torch.Size([182, 4608]) (3.4 MB)
  Loaded f7
  Loaded fine_geo: torch.Size([895, 128, 68, 120])
  Loaded coarse_sem: torch.Size([895, 128, 68, 120])
  Loaded summary: torch.Size([895, 2560])
  [train] 895 samples loaded
  Loaded fine_geo: torch.Size([182, 128, 68, 120])
  Loaded coarse_sem: torch.Size([182, 128, 68, 120])
  Loaded summary: torch.Size([182, 2560])
  [test] 182 samples loaded
  Feature dim after pooling: 4608
  Loaded fine_geo: torch.Size([182, 128, 68, 120])
  Loaded coarse_sem: torch.Size([182, 128, 68, 120])
  Loaded summary: torch.Size([182, 2560])
  [test] 182 samples loaded
  Pre-computed pooled features: torch.Size([182, 4608]) (3.4 MB)
  Loaded f999
  Loaded fine_geo: torch.Size([895, 128, 68, 120])
  Loaded coarse_sem: torch.Size([895, 128, 68, 120])
  Loaded summary: torch.Size([895, 2560])
  [train] 895 samples loaded
  Loaded fine_geo: torch.Size([182, 128, 68, 120])
  Loaded coarse_sem: torch.Size([182, 128, 68, 120])
  Loaded summary: torch.Size([182, 2560])
  [test] 182 samples loaded
  Feature dim after pooling: 4608
  Loaded fine_geo: torch.Size([182, 128, 68, 120])
  Loaded coarse_sem: torch.Size([182, 128, 68, 120])
  Loaded summary: torch.Size([182, 2560])
  [test] 182 samples loaded
  Pre-computed pooled features: torch.Size([182, 4608]) (3.4 MB)
  Loaded f10
  Loaded fine_geo: torch.Size([895, 128, 68, 120])
  Loaded coarse_sem: torch.Size([895, 128, 68, 120])
  Loaded summary: torch.Size([895, 2560])
  [train] 895 samples loaded
  Loaded fine_geo: torch.Size([182, 128, 68, 120])
  Loaded coarse_sem: torch.Size([182, 128, 68, 120])
  Loaded summary: torch.Size([182, 2560])
  [test] 182 samples loaded
  Feature dim after pooling: 4608
  Loaded fine_geo: torch.Size([182, 128, 68, 120])
  Loaded coarse_sem: torch.Size([182, 128, 68, 120])
  Loaded summary: torch.Size([182, 2560])
  [test] 182 samples loaded
  Pre-computed pooled features: torch.Size([182, 4608]) (3.4 MB)
  Loaded f11
  Loaded fine_geo: torch.Size([895, 128, 68, 120])
  Loaded coarse_sem: torch.Size([895, 128, 68, 120])
  Loaded summary: torch.Size([895, 2560])
  [train] 895 samples loaded
  Loaded fine_geo: torch.Size([182, 128, 68, 120])
  Loaded coarse_sem: torch.Size([182, 128, 68, 120])
  Loaded summary: torch.Size([182, 2560])
  [test] 182 samples loaded
  Feature dim after pooling: 4608
  Loaded fine_geo: torch.Size([182, 128, 68, 120])
  Loaded coarse_sem: torch.Size([182, 128, 68, 120])
  Loaded summary: torch.Size([182, 2560])
  [test] 182 samples loaded
  Pre-computed pooled features: torch.Size([182, 4608]) (3.4 MB)
  Loaded f12
  Loaded fine_geo: torch.Size([895, 128, 68, 120])
  Loaded coarse_sem: torch.Size([895, 128, 68, 120])
  Loaded summary: torch.Size([895, 2560])
  [train] 895 samples loaded
  Loaded fine_geo: torch.Size([182, 128, 68, 120])
  Loaded coarse_sem: torch.Size([182, 128, 68, 120])
  Loaded summary: torch.Size([182, 2560])
  [test] 182 samples loaded
  Feature dim after pooling: 4608
  Loaded fine_geo: torch.Size([182, 128, 68, 120])
  Loaded coarse_sem: torch.Size([182, 128, 68, 120])
  Loaded summary: torch.Size([182, 2560])
  [test] 182 samples loaded
  Pre-computed pooled features: torch.Size([182, 4608]) (3.4 MB)
  Loaded f13

======================================================================
ULTRA-FINE 2-MODEL: e123 + e38
======================================================================
  Best: w=0.400:0.150 → R@10=79.7%, R@5=43.4%

======================================================================
ULTRA-FINE 2-MODEL: e123 + e47
======================================================================
  Best: w=0.100:0.100 → R@10=79.1%, R@5=42.3%

======================================================================
ULTRA-FINE 3-MODEL: e123 + e38 + f42
======================================================================
  Best R@10: w=0.92:0.26:0.26 → R@10=80.8%, R@5=45.6%
  Best R@5:  w=0.10:0.46:0.26 → R@10=75.3%, R@5=47.3%

======================================================================
ULTRA-FINE 4-MODEL: e123 + e38 + f42 + e40
======================================================================
  Best: w=2.2:1.5:0.5:0.5 → R@10=81.3%, R@5=44.5%

======================================================================
EXHAUSTIVE 3-MODEL SEARCH (top-16)
======================================================================
  New best R@10: e123+e38+e47 w=1:1:1 → R@10=77.5%, R@5=42.9%
  New best R@10: e123+e38+e47 w=1:2:1 → R@10=78.0%, R@5=44.5%
  New best R@10: e123+e38+e47 w=2:1:1 → R@10=78.6%, R@5=41.8%
  New best R@10: e123+e38+e47 w=4:1:1 → R@10=79.1%, R@5=42.3%
  New best R@10: e123+e38+e40 w=3:2:1 → R@10=80.2%, R@5=44.5%

  Searched 560 3-model combos
  ⭐ Best R@10: (('e123', 'e38', 'e40'), [3, 2, 1], 80.21978021978022, 44.505494505494504)
  ⭐ Best R@5:  (('e47', 'f42', 'f7'), [1, 2, 2], 76.37362637362637, 50.54945054945055)

======================================================================
EXHAUSTIVE 2-MODEL FINE WEIGHT (all pairs)
======================================================================
  ⭐ Best 2-model: e123+e38 w=1.95:0.72 → R@10=79.7%, R@5=42.9%

======================================================================
5-MODEL EXHAUSTIVE SEARCH (top combinations)
======================================================================
  5-model ['e123', 'e38', 'f42', 'e40', 'e47']
  ⭐ Best: w=[2.266666666666667, 1.4000000000000001, 0.9666666666666667, 0.1, 0.5333333333333333] → R@10=81.9%, R@5=44.5%
