nohup: ignoring input
[Tue Mar 10 17:12:05 CST 2026] Waiting for OldHospital AE compression to finish...
[Tue Mar 10 17:12:05 CST 2026] fine_dino: 0/1084 files compressed...
[Tue Mar 10 17:13:05 CST 2026] fine_dino: 0/1084 files compressed...
[Tue Mar 10 17:14:05 CST 2026] fine_dino: 0/1084 files compressed...
[Tue Mar 10 17:15:05 CST 2026] fine_dino: 0/1084 files compressed...
[Tue Mar 10 17:16:05 CST 2026] fine_dino: 0/1084 files compressed...
[Tue Mar 10 17:17:05 CST 2026] fine_dino: 0/1084 files compressed...
[Tue Mar 10 17:18:05 CST 2026] fine_dino: 0/1084 files compressed...
[Tue Mar 10 17:19:05 CST 2026] fine_dino: 0/1084 files compressed...
[Tue Mar 10 17:20:05 CST 2026] fine_dino: 0/1084 files compressed...
[Tue Mar 10 17:21:05 CST 2026] fine_dino: 0/1084 files compressed...
[Tue Mar 10 17:22:05 CST 2026] mid: 0/1084 files compressed...
[Tue Mar 10 17:23:05 CST 2026] mid: 0/1084 files compressed...
[Tue Mar 10 17:24:06 CST 2026] mid: 0/1084 files compressed...
[Tue Mar 10 17:25:06 CST 2026] mid: 0/1084 files compressed...
[Tue Mar 10 17:26:06 CST 2026] mid: 0/1084 files compressed...
[Tue Mar 10 17:27:06 CST 2026] mid: 0/1084 files compressed...
[Tue Mar 10 17:28:06 CST 2026] mid: 0/1084 files compressed...
[Tue Mar 10 17:29:06 CST 2026] mid: 0/1084 files compressed...
[Tue Mar 10 17:30:06 CST 2026] mid: 0/1084 files compressed...
[Tue Mar 10 17:31:06 CST 2026] mid: 0/1084 files compressed...
[Tue Mar 10 17:32:06 CST 2026] mid: 0/1084 files compressed...
[Tue Mar 10 17:33:06 CST 2026] mid: 0/1084 files compressed...
[Tue Mar 10 17:34:06 CST 2026] coarse: 0/1084 files compressed...
[Tue Mar 10 17:35:06 CST 2026] coarse: 0/1084 files compressed...
[Tue Mar 10 17:36:06 CST 2026] coarse: 0/1084 files compressed...
[Tue Mar 10 17:37:06 CST 2026] coarse: 0/1084 files compressed...
[Tue Mar 10 17:38:06 CST 2026] coarse: 0/1084 files compressed...
[Tue Mar 10 17:39:07 CST 2026] coarse: 0/1084 files compressed...
[Tue Mar 10 17:40:07 CST 2026] coarse: 0/1084 files compressed...
[Tue Mar 10 17:41:07 CST 2026] coarse: 0/1084 files compressed...
[Tue Mar 10 17:42:07 CST 2026] coarse: 0/1084 files compressed...
[Tue Mar 10 17:43:07 CST 2026] coarse: 0/1084 files compressed...
[Tue Mar 10 17:44:07 CST 2026] All 4 scales compressed! Launching OldHospital embedding training...
[Wed Mar 11 01:04:47 CST 2026] OldHospital embedding training done.
