[Tue Mar 10 17:40:57 CST 2026] Waiting for room_0 v8 geometry training to complete...
[Tue Mar 10 17:40:57 CST 2026] Still training room_0 v8 (waiting for /root/ICLPose/output/2dgs_models/room_0/v8_fixed_poses/point_cloud/iteration_30000/point_cloud.ply)...
[Tue Mar 10 17:45:57 CST 2026] Still training room_0 v8 (waiting for /root/ICLPose/output/2dgs_models/room_0/v8_fixed_poses/point_cloud/iteration_30000/point_cloud.ply)...
[Tue Mar 10 17:50:57 CST 2026] Still training room_0 v8 (waiting for /root/ICLPose/output/2dgs_models/room_0/v8_fixed_poses/point_cloud/iteration_30000/point_cloud.ply)...
[Tue Mar 10 17:55:57 CST 2026] Still training room_0 v8 (waiting for /root/ICLPose/output/2dgs_models/room_0/v8_fixed_poses/point_cloud/iteration_30000/point_cloud.ply)...
[Tue Mar 10 18:00:57 CST 2026] Still training room_0 v8 (waiting for /root/ICLPose/output/2dgs_models/room_0/v8_fixed_poses/point_cloud/iteration_30000/point_cloud.ply)...
[Tue Mar 10 18:05:57 CST 2026] Still training room_0 v8 (waiting for /root/ICLPose/output/2dgs_models/room_0/v8_fixed_poses/point_cloud/iteration_30000/point_cloud.ply)...
[Tue Mar 10 18:10:57 CST 2026] Still training room_0 v8 (waiting for /root/ICLPose/output/2dgs_models/room_0/v8_fixed_poses/point_cloud/iteration_30000/point_cloud.ply)...
[Tue Mar 10 18:15:57 CST 2026] Still training room_0 v8 (waiting for /root/ICLPose/output/2dgs_models/room_0/v8_fixed_poses/point_cloud/iteration_30000/point_cloud.ply)...
[Tue Mar 10 18:20:57 CST 2026] Still training room_0 v8 (waiting for /root/ICLPose/output/2dgs_models/room_0/v8_fixed_poses/point_cloud/iteration_30000/point_cloud.ply)...
[Tue Mar 10 18:25:57 CST 2026] Still training room_0 v8 (waiting for /root/ICLPose/output/2dgs_models/room_0/v8_fixed_poses/point_cloud/iteration_30000/point_cloud.ply)...
[Tue Mar 10 18:30:57 CST 2026] Still training room_0 v8 (waiting for /root/ICLPose/output/2dgs_models/room_0/v8_fixed_poses/point_cloud/iteration_30000/point_cloud.ply)...
[Tue Mar 10 18:35:57 CST 2026] Still training room_0 v8 (waiting for /root/ICLPose/output/2dgs_models/room_0/v8_fixed_poses/point_cloud/iteration_30000/point_cloud.ply)...
[Tue Mar 10 18:40:57 CST 2026] Still training room_0 v8 (waiting for /root/ICLPose/output/2dgs_models/room_0/v8_fixed_poses/point_cloud/iteration_30000/point_cloud.ply)...
[Tue Mar 10 18:45:57 CST 2026] Still training room_0 v8 (waiting for /root/ICLPose/output/2dgs_models/room_0/v8_fixed_poses/point_cloud/iteration_30000/point_cloud.ply)...
[Tue Mar 10 18:50:57 CST 2026] Still training room_0 v8 (waiting for /root/ICLPose/output/2dgs_models/room_0/v8_fixed_poses/point_cloud/iteration_30000/point_cloud.ply)...
[Tue Mar 10 18:55:57 CST 2026] Still training room_0 v8 (waiting for /root/ICLPose/output/2dgs_models/room_0/v8_fixed_poses/point_cloud/iteration_30000/point_cloud.ply)...
[Tue Mar 10 19:00:57 CST 2026] Still training room_0 v8 (waiting for /root/ICLPose/output/2dgs_models/room_0/v8_fixed_poses/point_cloud/iteration_30000/point_cloud.ply)...
[Tue Mar 10 19:05:57 CST 2026] Still training room_0 v8 (waiting for /root/ICLPose/output/2dgs_models/room_0/v8_fixed_poses/point_cloud/iteration_30000/point_cloud.ply)...
[Tue Mar 10 19:10:57 CST 2026] Still training room_0 v8 (waiting for /root/ICLPose/output/2dgs_models/room_0/v8_fixed_poses/point_cloud/iteration_30000/point_cloud.ply)...
[Tue Mar 10 19:15:57 CST 2026] Still training room_0 v8 (waiting for /root/ICLPose/output/2dgs_models/room_0/v8_fixed_poses/point_cloud/iteration_30000/point_cloud.ply)...
[Tue Mar 10 19:20:57 CST 2026] Still training room_0 v8 (waiting for /root/ICLPose/output/2dgs_models/room_0/v8_fixed_poses/point_cloud/iteration_30000/point_cloud.ply)...
[Tue Mar 10 19:25:57 CST 2026] Still training room_0 v8 (waiting for /root/ICLPose/output/2dgs_models/room_0/v8_fixed_poses/point_cloud/iteration_30000/point_cloud.ply)...
[Tue Mar 10 19:30:58 CST 2026] Still training room_0 v8 (waiting for /root/ICLPose/output/2dgs_models/room_0/v8_fixed_poses/point_cloud/iteration_30000/point_cloud.ply)...
[Tue Mar 10 19:35:58 CST 2026] Still training room_0 v8 (waiting for /root/ICLPose/output/2dgs_models/room_0/v8_fixed_poses/point_cloud/iteration_30000/point_cloud.ply)...
[Tue Mar 10 19:40:58 CST 2026] Still training room_0 v8 (waiting for /root/ICLPose/output/2dgs_models/room_0/v8_fixed_poses/point_cloud/iteration_30000/point_cloud.ply)...
[Tue Mar 10 19:45:58 CST 2026] Still training room_0 v8 (waiting for /root/ICLPose/output/2dgs_models/room_0/v8_fixed_poses/point_cloud/iteration_30000/point_cloud.ply)...
[Tue Mar 10 19:50:58 CST 2026] Still training room_0 v8 (waiting for /root/ICLPose/output/2dgs_models/room_0/v8_fixed_poses/point_cloud/iteration_30000/point_cloud.ply)...
[Tue Mar 10 19:55:58 CST 2026] Still training room_0 v8 (waiting for /root/ICLPose/output/2dgs_models/room_0/v8_fixed_poses/point_cloud/iteration_30000/point_cloud.ply)...
[Tue Mar 10 20:00:58 CST 2026] Still training room_0 v8 (waiting for /root/ICLPose/output/2dgs_models/room_0/v8_fixed_poses/point_cloud/iteration_30000/point_cloud.ply)...
[Tue Mar 10 20:05:58 CST 2026] Still training room_0 v8 (waiting for /root/ICLPose/output/2dgs_models/room_0/v8_fixed_poses/point_cloud/iteration_30000/point_cloud.ply)...
[Tue Mar 10 20:10:58 CST 2026] Still training room_0 v8 (waiting for /root/ICLPose/output/2dgs_models/room_0/v8_fixed_poses/point_cloud/iteration_30000/point_cloud.ply)...
[Tue Mar 10 20:15:58 CST 2026] Still training room_0 v8 (waiting for /root/ICLPose/output/2dgs_models/room_0/v8_fixed_poses/point_cloud/iteration_30000/point_cloud.ply)...
[Tue Mar 10 20:20:58 CST 2026] Still training room_0 v8 (waiting for /root/ICLPose/output/2dgs_models/room_0/v8_fixed_poses/point_cloud/iteration_30000/point_cloud.ply)...
[Tue Mar 10 20:25:58 CST 2026] Still training room_0 v8 (waiting for /root/ICLPose/output/2dgs_models/room_0/v8_fixed_poses/point_cloud/iteration_30000/point_cloud.ply)...
[Tue Mar 10 20:30:58 CST 2026] Still training room_0 v8 (waiting for /root/ICLPose/output/2dgs_models/room_0/v8_fixed_poses/point_cloud/iteration_30000/point_cloud.ply)...
[Tue Mar 10 20:35:58 CST 2026] Still training room_0 v8 (waiting for /root/ICLPose/output/2dgs_models/room_0/v8_fixed_poses/point_cloud/iteration_30000/point_cloud.ply)...
[Tue Mar 10 20:40:58 CST 2026] Still training room_0 v8 (waiting for /root/ICLPose/output/2dgs_models/room_0/v8_fixed_poses/point_cloud/iteration_30000/point_cloud.ply)...
[Tue Mar 10 20:45:58 CST 2026] Still training room_0 v8 (waiting for /root/ICLPose/output/2dgs_models/room_0/v8_fixed_poses/point_cloud/iteration_30000/point_cloud.ply)...
[Tue Mar 10 20:50:58 CST 2026] Still training room_0 v8 (waiting for /root/ICLPose/output/2dgs_models/room_0/v8_fixed_poses/point_cloud/iteration_30000/point_cloud.ply)...
[Tue Mar 10 20:55:58 CST 2026] Still training room_0 v8 (waiting for /root/ICLPose/output/2dgs_models/room_0/v8_fixed_poses/point_cloud/iteration_30000/point_cloud.ply)...
[Tue Mar 10 21:00:58 CST 2026] Still training room_0 v8 (waiting for /root/ICLPose/output/2dgs_models/room_0/v8_fixed_poses/point_cloud/iteration_30000/point_cloud.ply)...
[Tue Mar 10 21:05:58 CST 2026] Still training room_0 v8 (waiting for /root/ICLPose/output/2dgs_models/room_0/v8_fixed_poses/point_cloud/iteration_30000/point_cloud.ply)...
[Tue Mar 10 21:10:58 CST 2026] Still training room_0 v8 (waiting for /root/ICLPose/output/2dgs_models/room_0/v8_fixed_poses/point_cloud/iteration_30000/point_cloud.ply)...
[Tue Mar 10 21:15:58 CST 2026] Still training room_0 v8 (waiting for /root/ICLPose/output/2dgs_models/room_0/v8_fixed_poses/point_cloud/iteration_30000/point_cloud.ply)...
[Tue Mar 10 21:20:58 CST 2026] Still training room_0 v8 (waiting for /root/ICLPose/output/2dgs_models/room_0/v8_fixed_poses/point_cloud/iteration_30000/point_cloud.ply)...
[Tue Mar 10 21:25:58 CST 2026] Still training room_0 v8 (waiting for /root/ICLPose/output/2dgs_models/room_0/v8_fixed_poses/point_cloud/iteration_30000/point_cloud.ply)...
[Tue Mar 10 21:30:59 CST 2026] Still training room_0 v8 (waiting for /root/ICLPose/output/2dgs_models/room_0/v8_fixed_poses/point_cloud/iteration_30000/point_cloud.ply)...
[Tue Mar 10 21:35:59 CST 2026] Still training room_0 v8 (waiting for /root/ICLPose/output/2dgs_models/room_0/v8_fixed_poses/point_cloud/iteration_30000/point_cloud.ply)...
[Tue Mar 10 21:40:59 CST 2026] Still training room_0 v8 (waiting for /root/ICLPose/output/2dgs_models/room_0/v8_fixed_poses/point_cloud/iteration_30000/point_cloud.ply)...
[Tue Mar 10 21:45:59 CST 2026] Still training room_0 v8 (waiting for /root/ICLPose/output/2dgs_models/room_0/v8_fixed_poses/point_cloud/iteration_30000/point_cloud.ply)...
[Tue Mar 10 21:50:59 CST 2026] Still training room_0 v8 (waiting for /root/ICLPose/output/2dgs_models/room_0/v8_fixed_poses/point_cloud/iteration_30000/point_cloud.ply)...
[Tue Mar 10 21:55:59 CST 2026] Still training room_0 v8 (waiting for /root/ICLPose/output/2dgs_models/room_0/v8_fixed_poses/point_cloud/iteration_30000/point_cloud.ply)...
[Tue Mar 10 22:00:59 CST 2026] Still training room_0 v8 (waiting for /root/ICLPose/output/2dgs_models/room_0/v8_fixed_poses/point_cloud/iteration_30000/point_cloud.ply)...
[Tue Mar 10 22:05:59 CST 2026] Still training room_0 v8 (waiting for /root/ICLPose/output/2dgs_models/room_0/v8_fixed_poses/point_cloud/iteration_30000/point_cloud.ply)...
[Tue Mar 10 22:10:59 CST 2026] Still training room_0 v8 (waiting for /root/ICLPose/output/2dgs_models/room_0/v8_fixed_poses/point_cloud/iteration_30000/point_cloud.ply)...
[Tue Mar 10 22:15:59 CST 2026] Still training room_0 v8 (waiting for /root/ICLPose/output/2dgs_models/room_0/v8_fixed_poses/point_cloud/iteration_30000/point_cloud.ply)...
[Tue Mar 10 22:20:59 CST 2026] Still training room_0 v8 (waiting for /root/ICLPose/output/2dgs_models/room_0/v8_fixed_poses/point_cloud/iteration_30000/point_cloud.ply)...
[Tue Mar 10 22:25:59 CST 2026] Still training room_0 v8 (waiting for /root/ICLPose/output/2dgs_models/room_0/v8_fixed_poses/point_cloud/iteration_30000/point_cloud.ply)...
[Tue Mar 10 22:30:59 CST 2026] Still training room_0 v8 (waiting for /root/ICLPose/output/2dgs_models/room_0/v8_fixed_poses/point_cloud/iteration_30000/point_cloud.ply)...
[Tue Mar 10 22:35:59 CST 2026] Still training room_0 v8 (waiting for /root/ICLPose/output/2dgs_models/room_0/v8_fixed_poses/point_cloud/iteration_30000/point_cloud.ply)...
[Tue Mar 10 22:41:00 CST 2026] Still training room_0 v8 (waiting for /root/ICLPose/output/2dgs_models/room_0/v8_fixed_poses/point_cloud/iteration_30000/point_cloud.ply)...
[Tue Mar 10 22:46:00 CST 2026] Still training room_0 v8 (waiting for /root/ICLPose/output/2dgs_models/room_0/v8_fixed_poses/point_cloud/iteration_30000/point_cloud.ply)...
[Tue Mar 10 22:51:00 CST 2026] Still training room_0 v8 (waiting for /root/ICLPose/output/2dgs_models/room_0/v8_fixed_poses/point_cloud/iteration_30000/point_cloud.ply)...
[Tue Mar 10 22:56:00 CST 2026] Still training room_0 v8 (waiting for /root/ICLPose/output/2dgs_models/room_0/v8_fixed_poses/point_cloud/iteration_30000/point_cloud.ply)...
[Tue Mar 10 23:01:00 CST 2026] Still training room_0 v8 (waiting for /root/ICLPose/output/2dgs_models/room_0/v8_fixed_poses/point_cloud/iteration_30000/point_cloud.ply)...
[Tue Mar 10 23:06:00 CST 2026] Still training room_0 v8 (waiting for /root/ICLPose/output/2dgs_models/room_0/v8_fixed_poses/point_cloud/iteration_30000/point_cloud.ply)...
[Tue Mar 10 23:11:00 CST 2026] Still training room_0 v8 (waiting for /root/ICLPose/output/2dgs_models/room_0/v8_fixed_poses/point_cloud/iteration_30000/point_cloud.ply)...
[Tue Mar 10 23:16:00 CST 2026] Still training room_0 v8 (waiting for /root/ICLPose/output/2dgs_models/room_0/v8_fixed_poses/point_cloud/iteration_30000/point_cloud.ply)...
[Tue Mar 10 23:21:00 CST 2026] Still training room_0 v8 (waiting for /root/ICLPose/output/2dgs_models/room_0/v8_fixed_poses/point_cloud/iteration_30000/point_cloud.ply)...
[Tue Mar 10 23:26:00 CST 2026] Still training room_0 v8 (waiting for /root/ICLPose/output/2dgs_models/room_0/v8_fixed_poses/point_cloud/iteration_30000/point_cloud.ply)...
[Tue Mar 10 23:31:00 CST 2026] Still training room_0 v8 (waiting for /root/ICLPose/output/2dgs_models/room_0/v8_fixed_poses/point_cloud/iteration_30000/point_cloud.ply)...
[Tue Mar 10 23:36:00 CST 2026] Still training room_0 v8 (waiting for /root/ICLPose/output/2dgs_models/room_0/v8_fixed_poses/point_cloud/iteration_30000/point_cloud.ply)...
[Tue Mar 10 23:41:00 CST 2026] Still training room_0 v8 (waiting for /root/ICLPose/output/2dgs_models/room_0/v8_fixed_poses/point_cloud/iteration_30000/point_cloud.ply)...
[Tue Mar 10 23:46:00 CST 2026] Still training room_0 v8 (waiting for /root/ICLPose/output/2dgs_models/room_0/v8_fixed_poses/point_cloud/iteration_30000/point_cloud.ply)...
[Tue Mar 10 23:51:01 CST 2026] Still training room_0 v8 (waiting for /root/ICLPose/output/2dgs_models/room_0/v8_fixed_poses/point_cloud/iteration_30000/point_cloud.ply)...
[Tue Mar 10 23:56:01 CST 2026] Still training room_0 v8 (waiting for /root/ICLPose/output/2dgs_models/room_0/v8_fixed_poses/point_cloud/iteration_30000/point_cloud.ply)...
[Wed Mar 11 00:01:01 CST 2026] Still training room_0 v8 (waiting for /root/ICLPose/output/2dgs_models/room_0/v8_fixed_poses/point_cloud/iteration_30000/point_cloud.ply)...
[Wed Mar 11 00:06:01 CST 2026] Still training room_0 v8 (waiting for /root/ICLPose/output/2dgs_models/room_0/v8_fixed_poses/point_cloud/iteration_30000/point_cloud.ply)...
[Wed Mar 11 00:11:01 CST 2026] Still training room_0 v8 (waiting for /root/ICLPose/output/2dgs_models/room_0/v8_fixed_poses/point_cloud/iteration_30000/point_cloud.ply)...
[Wed Mar 11 00:16:01 CST 2026] Still training room_0 v8 (waiting for /root/ICLPose/output/2dgs_models/room_0/v8_fixed_poses/point_cloud/iteration_30000/point_cloud.ply)...
[Wed Mar 11 00:21:01 CST 2026] Still training room_0 v8 (waiting for /root/ICLPose/output/2dgs_models/room_0/v8_fixed_poses/point_cloud/iteration_30000/point_cloud.ply)...
[Wed Mar 11 00:26:01 CST 2026] Still training room_0 v8 (waiting for /root/ICLPose/output/2dgs_models/room_0/v8_fixed_poses/point_cloud/iteration_30000/point_cloud.ply)...
[Wed Mar 11 00:31:01 CST 2026] Still training room_0 v8 (waiting for /root/ICLPose/output/2dgs_models/room_0/v8_fixed_poses/point_cloud/iteration_30000/point_cloud.ply)...
[Wed Mar 11 00:36:01 CST 2026] Still training room_0 v8 (waiting for /root/ICLPose/output/2dgs_models/room_0/v8_fixed_poses/point_cloud/iteration_30000/point_cloud.ply)...
[Wed Mar 11 00:41:01 CST 2026] Still training room_0 v8 (waiting for /root/ICLPose/output/2dgs_models/room_0/v8_fixed_poses/point_cloud/iteration_30000/point_cloud.ply)...
[Wed Mar 11 00:46:01 CST 2026] Still training room_0 v8 (waiting for /root/ICLPose/output/2dgs_models/room_0/v8_fixed_poses/point_cloud/iteration_30000/point_cloud.ply)...
[Wed Mar 11 00:51:01 CST 2026] Still training room_0 v8 (waiting for /root/ICLPose/output/2dgs_models/room_0/v8_fixed_poses/point_cloud/iteration_30000/point_cloud.ply)...
[Wed Mar 11 00:56:01 CST 2026] Still training room_0 v8 (waiting for /root/ICLPose/output/2dgs_models/room_0/v8_fixed_poses/point_cloud/iteration_30000/point_cloud.ply)...
[Wed Mar 11 01:01:01 CST 2026] Still training room_0 v8 (waiting for /root/ICLPose/output/2dgs_models/room_0/v8_fixed_poses/point_cloud/iteration_30000/point_cloud.ply)...
[Wed Mar 11 01:06:01 CST 2026] Still training room_0 v8 (waiting for /root/ICLPose/output/2dgs_models/room_0/v8_fixed_poses/point_cloud/iteration_30000/point_cloud.ply)...
[Wed Mar 11 01:11:01 CST 2026] Still training room_0 v8 (waiting for /root/ICLPose/output/2dgs_models/room_0/v8_fixed_poses/point_cloud/iteration_30000/point_cloud.ply)...
[Wed Mar 11 01:16:01 CST 2026] Still training room_0 v8 (waiting for /root/ICLPose/output/2dgs_models/room_0/v8_fixed_poses/point_cloud/iteration_30000/point_cloud.ply)...
[Wed Mar 11 01:21:01 CST 2026] Still training room_0 v8 (waiting for /root/ICLPose/output/2dgs_models/room_0/v8_fixed_poses/point_cloud/iteration_30000/point_cloud.ply)...
[Wed Mar 11 01:26:02 CST 2026] Still training room_0 v8 (waiting for /root/ICLPose/output/2dgs_models/room_0/v8_fixed_poses/point_cloud/iteration_30000/point_cloud.ply)...
[Wed Mar 11 01:31:02 CST 2026] Still training room_0 v8 (waiting for /root/ICLPose/output/2dgs_models/room_0/v8_fixed_poses/point_cloud/iteration_30000/point_cloud.ply)...
[Wed Mar 11 01:36:02 CST 2026] Still training room_0 v8 (waiting for /root/ICLPose/output/2dgs_models/room_0/v8_fixed_poses/point_cloud/iteration_30000/point_cloud.ply)...
[Wed Mar 11 01:41:02 CST 2026] Still training room_0 v8 (waiting for /root/ICLPose/output/2dgs_models/room_0/v8_fixed_poses/point_cloud/iteration_30000/point_cloud.ply)...
[Wed Mar 11 01:46:02 CST 2026] Still training room_0 v8 (waiting for /root/ICLPose/output/2dgs_models/room_0/v8_fixed_poses/point_cloud/iteration_30000/point_cloud.ply)...
[Wed Mar 11 01:51:02 CST 2026] Still training room_0 v8 (waiting for /root/ICLPose/output/2dgs_models/room_0/v8_fixed_poses/point_cloud/iteration_30000/point_cloud.ply)...
[Wed Mar 11 01:56:02 CST 2026] Still training room_0 v8 (waiting for /root/ICLPose/output/2dgs_models/room_0/v8_fixed_poses/point_cloud/iteration_30000/point_cloud.ply)...
[Wed Mar 11 02:01:02 CST 2026] Still training room_0 v8 (waiting for /root/ICLPose/output/2dgs_models/room_0/v8_fixed_poses/point_cloud/iteration_30000/point_cloud.ply)...
[Wed Mar 11 02:06:02 CST 2026] Still training room_0 v8 (waiting for /root/ICLPose/output/2dgs_models/room_0/v8_fixed_poses/point_cloud/iteration_30000/point_cloud.ply)...
[Wed Mar 11 02:11:02 CST 2026] Still training room_0 v8 (waiting for /root/ICLPose/output/2dgs_models/room_0/v8_fixed_poses/point_cloud/iteration_30000/point_cloud.ply)...
[Wed Mar 11 02:16:02 CST 2026] Still training room_0 v8 (waiting for /root/ICLPose/output/2dgs_models/room_0/v8_fixed_poses/point_cloud/iteration_30000/point_cloud.ply)...
[Wed Mar 11 02:21:02 CST 2026] Still training room_0 v8 (waiting for /root/ICLPose/output/2dgs_models/room_0/v8_fixed_poses/point_cloud/iteration_30000/point_cloud.ply)...
[Wed Mar 11 02:26:02 CST 2026] Still training room_0 v8 (waiting for /root/ICLPose/output/2dgs_models/room_0/v8_fixed_poses/point_cloud/iteration_30000/point_cloud.ply)...
[Wed Mar 11 02:31:02 CST 2026] Still training room_0 v8 (waiting for /root/ICLPose/output/2dgs_models/room_0/v8_fixed_poses/point_cloud/iteration_30000/point_cloud.ply)...
[Wed Mar 11 02:36:02 CST 2026] Still training room_0 v8 (waiting for /root/ICLPose/output/2dgs_models/room_0/v8_fixed_poses/point_cloud/iteration_30000/point_cloud.ply)...
[Wed Mar 11 02:41:02 CST 2026] Still training room_0 v8 (waiting for /root/ICLPose/output/2dgs_models/room_0/v8_fixed_poses/point_cloud/iteration_30000/point_cloud.ply)...
[Wed Mar 11 02:46:02 CST 2026] Still training room_0 v8 (waiting for /root/ICLPose/output/2dgs_models/room_0/v8_fixed_poses/point_cloud/iteration_30000/point_cloud.ply)...
[Wed Mar 11 02:51:03 CST 2026] Still training room_0 v8 (waiting for /root/ICLPose/output/2dgs_models/room_0/v8_fixed_poses/point_cloud/iteration_30000/point_cloud.ply)...
[Wed Mar 11 02:56:03 CST 2026] Still training room_0 v8 (waiting for /root/ICLPose/output/2dgs_models/room_0/v8_fixed_poses/point_cloud/iteration_30000/point_cloud.ply)...
[Wed Mar 11 03:01:03 CST 2026] Still training room_0 v8 (waiting for /root/ICLPose/output/2dgs_models/room_0/v8_fixed_poses/point_cloud/iteration_30000/point_cloud.ply)...
[Wed Mar 11 03:06:03 CST 2026] Still training room_0 v8 (waiting for /root/ICLPose/output/2dgs_models/room_0/v8_fixed_poses/point_cloud/iteration_30000/point_cloud.ply)...
[Wed Mar 11 03:11:03 CST 2026] Still training room_0 v8 (waiting for /root/ICLPose/output/2dgs_models/room_0/v8_fixed_poses/point_cloud/iteration_30000/point_cloud.ply)...
[Wed Mar 11 03:16:03 CST 2026] Still training room_0 v8 (waiting for /root/ICLPose/output/2dgs_models/room_0/v8_fixed_poses/point_cloud/iteration_30000/point_cloud.ply)...
[Wed Mar 11 03:21:03 CST 2026] Still training room_0 v8 (waiting for /root/ICLPose/output/2dgs_models/room_0/v8_fixed_poses/point_cloud/iteration_30000/point_cloud.ply)...
[Wed Mar 11 03:26:03 CST 2026] Still training room_0 v8 (waiting for /root/ICLPose/output/2dgs_models/room_0/v8_fixed_poses/point_cloud/iteration_30000/point_cloud.ply)...
[Wed Mar 11 03:31:03 CST 2026] Still training room_0 v8 (waiting for /root/ICLPose/output/2dgs_models/room_0/v8_fixed_poses/point_cloud/iteration_30000/point_cloud.ply)...
[Wed Mar 11 03:36:03 CST 2026] Still training room_0 v8 (waiting for /root/ICLPose/output/2dgs_models/room_0/v8_fixed_poses/point_cloud/iteration_30000/point_cloud.ply)...
[Wed Mar 11 03:41:03 CST 2026] Still training room_0 v8 (waiting for /root/ICLPose/output/2dgs_models/room_0/v8_fixed_poses/point_cloud/iteration_30000/point_cloud.ply)...
[Wed Mar 11 03:46:03 CST 2026] Still training room_0 v8 (waiting for /root/ICLPose/output/2dgs_models/room_0/v8_fixed_poses/point_cloud/iteration_30000/point_cloud.ply)...
[Wed Mar 11 03:51:03 CST 2026] Still training room_0 v8 (waiting for /root/ICLPose/output/2dgs_models/room_0/v8_fixed_poses/point_cloud/iteration_30000/point_cloud.ply)...
[Wed Mar 11 03:56:03 CST 2026] Still training room_0 v8 (waiting for /root/ICLPose/output/2dgs_models/room_0/v8_fixed_poses/point_cloud/iteration_30000/point_cloud.ply)...
[Wed Mar 11 04:01:03 CST 2026] Still training room_0 v8 (waiting for /root/ICLPose/output/2dgs_models/room_0/v8_fixed_poses/point_cloud/iteration_30000/point_cloud.ply)...
[Wed Mar 11 04:06:03 CST 2026] Still training room_0 v8 (waiting for /root/ICLPose/output/2dgs_models/room_0/v8_fixed_poses/point_cloud/iteration_30000/point_cloud.ply)...
[Wed Mar 11 04:11:03 CST 2026] Still training room_0 v8 (waiting for /root/ICLPose/output/2dgs_models/room_0/v8_fixed_poses/point_cloud/iteration_30000/point_cloud.ply)...
[Wed Mar 11 04:16:04 CST 2026] Still training room_0 v8 (waiting for /root/ICLPose/output/2dgs_models/room_0/v8_fixed_poses/point_cloud/iteration_30000/point_cloud.ply)...
[Wed Mar 11 04:21:04 CST 2026] Still training room_0 v8 (waiting for /root/ICLPose/output/2dgs_models/room_0/v8_fixed_poses/point_cloud/iteration_30000/point_cloud.ply)...
[Wed Mar 11 04:26:04 CST 2026] Still training room_0 v8 (waiting for /root/ICLPose/output/2dgs_models/room_0/v8_fixed_poses/point_cloud/iteration_30000/point_cloud.ply)...
[Wed Mar 11 04:31:04 CST 2026] Still training room_0 v8 (waiting for /root/ICLPose/output/2dgs_models/room_0/v8_fixed_poses/point_cloud/iteration_30000/point_cloud.ply)...
[Wed Mar 11 04:36:04 CST 2026] Still training room_0 v8 (waiting for /root/ICLPose/output/2dgs_models/room_0/v8_fixed_poses/point_cloud/iteration_30000/point_cloud.ply)...
[Wed Mar 11 04:41:04 CST 2026] Still training room_0 v8 (waiting for /root/ICLPose/output/2dgs_models/room_0/v8_fixed_poses/point_cloud/iteration_30000/point_cloud.ply)...
[Wed Mar 11 04:46:04 CST 2026] Still training room_0 v8 (waiting for /root/ICLPose/output/2dgs_models/room_0/v8_fixed_poses/point_cloud/iteration_30000/point_cloud.ply)...
[Wed Mar 11 04:51:04 CST 2026] Still training room_0 v8 (waiting for /root/ICLPose/output/2dgs_models/room_0/v8_fixed_poses/point_cloud/iteration_30000/point_cloud.ply)...
[Wed Mar 11 04:56:04 CST 2026] Still training room_0 v8 (waiting for /root/ICLPose/output/2dgs_models/room_0/v8_fixed_poses/point_cloud/iteration_30000/point_cloud.ply)...
[Wed Mar 11 05:01:04 CST 2026] Still training room_0 v8 (waiting for /root/ICLPose/output/2dgs_models/room_0/v8_fixed_poses/point_cloud/iteration_30000/point_cloud.ply)...
[Wed Mar 11 05:06:04 CST 2026] Still training room_0 v8 (waiting for /root/ICLPose/output/2dgs_models/room_0/v8_fixed_poses/point_cloud/iteration_30000/point_cloud.ply)...
[Wed Mar 11 05:11:04 CST 2026] Still training room_0 v8 (waiting for /root/ICLPose/output/2dgs_models/room_0/v8_fixed_poses/point_cloud/iteration_30000/point_cloud.ply)...
[Wed Mar 11 05:16:04 CST 2026] Still training room_0 v8 (waiting for /root/ICLPose/output/2dgs_models/room_0/v8_fixed_poses/point_cloud/iteration_30000/point_cloud.ply)...
[Wed Mar 11 05:21:04 CST 2026] Still training room_0 v8 (waiting for /root/ICLPose/output/2dgs_models/room_0/v8_fixed_poses/point_cloud/iteration_30000/point_cloud.ply)...
[Wed Mar 11 05:26:04 CST 2026] room_0 v8 point_cloud.ply found - training complete!
[Wed Mar 11 05:26:04 CST 2026] Step 1: Extracting room_0 multiscale features (GPU 3)...
[Wed Mar 11 05:36:26 CST 2026] Feature extraction done.
[Wed Mar 11 05:36:26 CST 2026] Step 2: Training room_0 AE and compressing (GPU 3)...
[Wed Mar 11 06:06:51 CST 2026] AE training and compression done.
[Wed Mar 11 06:06:51 CST 2026] Step 3: Training room_0 feature embedding (GPU 3)...
[Wed Mar 11 07:36:40 CST 2026] room_0 embedding training done!
[Wed Mar 11 07:36:40 CST 2026] Step 4: Splitting per-scale checkpoints...
[Wed Mar 11 07:36:42 CST 2026] All steps complete for room_0!
